

================================================================
== Synthesis Summary Report of 'hilbert_envelope_axis'
================================================================
+ General Information: 
    * Date:           Tue Apr 14 18:39:52 2026
    * Version:        2024.1 (Build 5069499 on May 21 2024)
    * Project:        Envelope_Detector
    * Solution:       hls (Vivado IP Flow Target)
    * Product family: zynquplus
    * Target device:  xczu3eg-sfvc784-2-e
    

+ Performance & Resource Estimates: 
    
    PS: '+' for module; 'o' for loop; '*' for dataflow
    +----------------------------+------+------+---------+--------+----------+---------+------+----------+------+--------+-----------+-----------+-----+
    |           Modules          | Issue|      | Latency | Latency| Iteration|         | Trip |          |      |        |           |           |     |
    |           & Loops          | Type | Slack| (cycles)|  (ns)  |  Latency | Interval| Count| Pipelined| BRAM |   DSP  |     FF    |    LUT    | URAM|
    +----------------------------+------+------+---------+--------+----------+---------+------+----------+------+--------+-----------+-----------+-----+
    |+ hilbert_envelope_axis     |     -|  0.72|        -|       -|         -|        0|     -|    rewind|     -|  8 (2%)|  3894 (2%)|  6940 (9%)|    -|
    | o VITIS_LOOP_69_1          |     -|  7.30|        -|       -|        16|        1|     -|       yes|     -|       -|          -|          -|    -|
    |  + p_hls_fptosi_float_i32  |     -|  2.83|        0|   0.000|         -|        1|     -|       yes|     -|       -|          -|  623 (~0%)|    -|
    +----------------------------+------+------+---------+--------+----------+---------+------+----------+------+--------+-----------+-----------+-----+


================================================================
== HW Interfaces
================================================================
* AXIS
+------------+-----------+---------------+-------+-------+-----+-------+-------+--------+-------+-------+--------+
| Interface  | Direction | Register Mode | TDATA | TDEST | TID | TKEEP | TLAST | TREADY | TSTRB | TUSER | TVALID |
+------------+-----------+---------------+-------+-------+-----+-------+-------+--------+-------+-------+--------+
| in_stream  | in        | both          | 32    | 6     | 5   | 4     | 1     | 1      | 4     | 2     | 1      |
| out_stream | out       | both          | 32    | 6     | 5   | 4     | 1     | 1      | 4     | 2     | 1      |
+------------+-----------+---------------+-------+-------+-----+-------+-------+--------+-------+-------+--------+

* TOP LEVEL CONTROL
+-----------+--------------+----------+
| Interface | Type         | Ports    |
+-----------+--------------+----------+
| ap_clk    | clock        | ap_clk   |
| ap_rst_n  | reset        | ap_rst_n |
| ap_ctrl   | ap_ctrl_none |          |
+-----------+--------------+----------+


================================================================
== SW I/O Information
================================================================
* Top Function Arguments
+------------+-----------+--------------------------------------------------------+
| Argument   | Direction | Datatype                                               |
+------------+-----------+--------------------------------------------------------+
| in_stream  | in        | stream<hls::axis<ap_int<32>, 2, 5, 6, '8', false>, 0>& |
| out_stream | out       | stream<hls::axis<ap_int<32>, 2, 5, 6, '8', false>, 0>& |
+------------+-----------+--------------------------------------------------------+

* SW-to-HW Mapping
+------------+--------------+-----------+
| Argument   | HW Interface | HW Type   |
+------------+--------------+-----------+
| in_stream  | in_stream    | interface |
| out_stream | out_stream   | interface |
+------------+--------------+-----------+


================================================================
== M_AXI Burst Information
================================================================
 Note: All burst requests might be further partitioned into multiple requests during RTL generation based on max_read_burst_length or max_write_burst_length settings.


================================================================
== Bind Op Report
================================================================
+------------------------------------+-----+--------+-------------+--------+-----------+---------+
| Name                               | DSP | Pragma | Variable    | Op     | Impl      | Latency |
+------------------------------------+-----+--------+-------------+--------+-----------+---------+
| + hilbert_envelope_axis            | 8   |        |             |        |           |         |
|   sub_ln50_fu_1429_p2              |     |        | sub_ln50    | sub    | fabric    | 0       |
|   sub_ln50_1_fu_1447_p2            |     |        | sub_ln50_1  | sub    | fabric    | 0       |
|   sub_ln50_2_fu_1461_p2            |     |        | sub_ln50_2  | sub    | fabric    | 0       |
|   sub_ln50_3_fu_1475_p2            |     |        | sub_ln50_3  | sub    | fabric    | 0       |
|   sub_ln50_4_fu_1489_p2            |     |        | sub_ln50_4  | sub    | fabric    | 0       |
|   sub_ln50_5_fu_1503_p2            |     |        | sub_ln50_5  | sub    | fabric    | 0       |
|   sub_ln50_6_fu_1517_p2            |     |        | sub_ln50_6  | sub    | fabric    | 0       |
|   sub_ln50_7_fu_1535_p2            |     |        | sub_ln50_7  | sub    | fabric    | 0       |
|   sub_ln50_8_fu_1553_p2            |     |        | sub_ln50_8  | sub    | fabric    | 0       |
|   sub_ln50_9_fu_1571_p2            |     |        | sub_ln50_9  | sub    | fabric    | 0       |
|   sub_ln50_10_fu_1585_p2           |     |        | sub_ln50_10 | sub    | fabric    | 0       |
|   sub_ln50_11_fu_1603_p2           |     |        | sub_ln50_11 | sub    | fabric    | 0       |
|   sub_ln50_12_fu_1621_p2           |     |        | sub_ln50_12 | sub    | fabric    | 0       |
|   sub_ln50_13_fu_1635_p2           |     |        | sub_ln50_13 | sub    | fabric    | 0       |
|   sub_ln50_14_fu_1653_p2           |     |        | sub_ln50_14 | sub    | fabric    | 0       |
|   sub_ln50_15_fu_1671_p2           |     |        | sub_ln50_15 | sub    | fabric    | 0       |
|   sub_ln50_16_fu_1689_p2           |     |        | sub_ln50_16 | sub    | fabric    | 0       |
|   sub_ln50_17_fu_1703_p2           |     |        | sub_ln50_17 | sub    | fabric    | 0       |
|   sub_ln50_18_fu_1717_p2           |     |        | sub_ln50_18 | sub    | fabric    | 0       |
|   sub_ln50_19_fu_1731_p2           |     |        | sub_ln50_19 | sub    | fabric    | 0       |
|   sub_ln50_20_fu_1749_p2           |     |        | sub_ln50_20 | sub    | fabric    | 0       |
|   sub_ln50_21_fu_1767_p2           |     |        | sub_ln50_21 | sub    | fabric    | 0       |
|   sub_ln50_22_fu_1785_p2           |     |        | sub_ln50_22 | sub    | fabric    | 0       |
|   sub_ln50_23_fu_1799_p2           |     |        | sub_ln50_23 | sub    | fabric    | 0       |
|   sub_ln50_24_fu_1813_p2           |     |        | sub_ln50_24 | sub    | fabric    | 0       |
|   sub_ln50_26_fu_1909_p2           |     |        | sub_ln50_26 | sub    | fabric    | 0       |
|   sub_ln50_29_fu_1993_p2           |     |        | sub_ln50_29 | sub    | fabric    | 0       |
|   sub_ln50_33_fu_2131_p2           |     |        | sub_ln50_33 | sub    | fabric    | 0       |
|   sub_ln50_34_fu_2201_p2           |     |        | sub_ln50_34 | sub    | fabric    | 0       |
|   sub_ln50_36_fu_2271_p2           |     |        | sub_ln50_36 | sub    | fabric    | 0       |
|   add_ln50_35_fu_2377_p2           |     |        | add_ln50_35 | add    | fabric    | 0       |
|   add_ln50_37_fu_2447_p2           |     |        | add_ln50_37 | add    | fabric    | 0       |
|   sub_ln50_46_fu_2763_p2           |     |        | sub_ln50_46 | sub    | fabric    | 0       |
|   add_ln50_56_fu_3167_p2           |     |        | add_ln50_56 | add    | fabric    | 0       |
|   add_ln50_1_fu_3493_p2            |     |        | add_ln50_1  | add    | fabric    | 0       |
|   add_ln50_4_fu_3519_p2            |     |        | add_ln50_4  | add    | fabric    | 0       |
|   add_ln50_6_fu_3539_p2            |     |        | add_ln50_6  | add    | fabric    | 0       |
|   add_ln50_15_fu_3613_p2           |     |        | add_ln50_15 | add    | fabric    | 0       |
|   add_ln50_20_fu_3655_p2           |     |        | add_ln50_20 | add    | fabric    | 0       |
|   sub_ln53_fu_3713_p2              |     |        | sub_ln53    | sub    | fabric    | 0       |
|   sub_ln53_1_fu_3728_p2            |     |        | sub_ln53_1  | sub    | fabric    | 0       |
|   Q_path_fu_3734_p3                |     |        | Q_path      | select | auto_sel  | 0       |
|   mul_32s_32s_64_1_1_U4            | 4   |        | mul_ln56    | mul    | auto      | 0       |
|   mul_32s_32s_64_1_1_U5            | 4   |        | mul_ln56_1  | mul    | auto      | 0       |
|   grp_fu_387_p0                    |     |        | mag_sq      | add    | fabric    | 0       |
|   sitofp_64ns_32_4_no_dsp_1_U2     |     |        | x_assign    | sitofp | auto      | 3       |
|   fsqrt_32ns_32ns_32_8_no_dsp_1_U3 |     |        | tmp         | fsqrt  | fabric    | 7       |
|  + p_hls_fptosi_float_i32          | 0   |        |             |        |           |         |
|    add_ln317_fu_86_p2              |     |        | add_ln317   | add    | fabric    | 0       |
|    sub_ln18_fu_100_p2              |     |        | sub_ln18    | sub    | fabric    | 0       |
|    select_ln18_fu_110_p3           |     |        | select_ln18 | select | auto_sel  | 0       |
|    lshr_ln18_fu_126_p2             |     |        | lshr_ln18   | lshr   | auto_pipe | 0       |
|    shl_ln18_fu_132_p2              |     |        | shl_ln18    | shl    | auto_pipe | 0       |
|    val_fu_158_p3                   |     |        | val         | select | auto_sel  | 0       |
|    result_1_fu_166_p2              |     |        | result_1    | sub    | fabric    | 0       |
|    ap_return                       |     |        | result_2    | select | auto_sel  | 0       |
+------------------------------------+-----+--------+-------------+--------+-----------+---------+


================================================================
== Storage Report
================================================================
  No bind storage info in design

================================================================
== Pragma Report
================================================================
* Valid Pragma Syntax
+-----------+--------------------------+-----------------------------------------------------+
| Type      | Options                  | Location                                            |
+-----------+--------------------------+-----------------------------------------------------+
| inline    |                          | hilbert.cpp:24 in hilbert                           |
| unroll    |                          | hilbert.cpp:28 in hilbert                           |
| unroll    |                          | hilbert.cpp:41 in hilbert                           |
| interface | axis port=in_stream      | hilbert.cpp:63 in hilbert_envelope_axis, in_stream  |
| interface | axis port=out_stream     | hilbert.cpp:64 in hilbert_envelope_axis, out_stream |
| interface | ap_ctrl_none port=return | hilbert.cpp:65 in hilbert_envelope_axis, return     |
| pipeline  | II=1                     | hilbert.cpp:70 in hilbert_envelope_axis             |
+-----------+--------------------------+-----------------------------------------------------+

* Inferred Pragmas
+-------------------------+-----------------+-------------------------------------+-------------------------------------+
| Source Pragma           | Inferred Pragma | Options                             | Location                            |
+-------------------------+-----------------+-------------------------------------+-------------------------------------+
| pipeline hilbert.cpp:70 | array_partition | dim=1 type=complete  variable=_ZL1x | variable x in hilbert_envelope_axis |
+-------------------------+-----------------+-------------------------------------+-------------------------------------+


