

================================================================
== Synthesis Summary Report of 'hilbert_envelope_axis'
================================================================
+ General Information: 
    * Date:           Thu Apr 16 19:55:08 2026
    * Version:        2024.1 (Build 5069499 on May 21 2024)
    * Project:        Envelope_Detector
    * Solution:       hls (Vivado IP Flow Target)
    * Product family: zynquplus
    * Target device:  xczu3eg-sfvc784-2-e
    

+ Performance & Resource Estimates: 
    
    PS: '+' for module; 'o' for loop; '*' for dataflow
    +---------------------------------------------------+------+------+---------+--------+----------+---------+------+----------+------+--------+------------+-------------+-----+
    |                      Modules                      | Issue|      | Latency | Latency| Iteration|         | Trip |          |      |        |            |             |     |
    |                      & Loops                      | Type | Slack| (cycles)|  (ns)  |  Latency | Interval| Count| Pipelined| BRAM |   DSP  |     FF     |     LUT     | URAM|
    +---------------------------------------------------+------+------+---------+--------+----------+---------+------+----------+------+--------+------------+-------------+-----+
    |+ hilbert_envelope_axis                            |     -|  0.56|        -|       -|         -|        -|     -|        no|     -|  8 (2%)|  11117 (7%)|  22140 (31%)|    -|
    | + hilbert_envelope_axis_Pipeline_VITIS_LOOP_69_1  |     -|  0.56|        -|       -|         -|        -|     -|        no|     -|  8 (2%)|  10662 (7%)|  19703 (27%)|    -|
    |  o VITIS_LOOP_69_1                                |     -|  7.30|        -|       -|        16|        1|     -|       yes|     -|       -|           -|            -|    -|
    |   + p_hls_fptosi_float_i32                        |     -|  2.83|        0|   0.000|         -|        1|     -|       yes|     -|       -|           -|    623 (~0%)|    -|
    +---------------------------------------------------+------+------+---------+--------+----------+---------+------+----------+------+--------+------------+-------------+-----+


================================================================
== HW Interfaces
================================================================
* AXIS
+------------+-----------+---------------+-------+-------+-----+-------+-------+--------+-------+-------+--------+
| Interface  | Direction | Register Mode | TDATA | TDEST | TID | TKEEP | TLAST | TREADY | TSTRB | TUSER | TVALID |
+------------+-----------+---------------+-------+-------+-----+-------+-------+--------+-------+-------+--------+
| in_stream  | in        | both          | 32    | 6     | 5   | 4     | 1     | 1      | 4     | 2     | 1      |
| out_stream | out       | both          | 32    | 6     | 5   | 4     | 1     | 1      | 4     | 2     | 1      |
+------------+-----------+---------------+-------+-------+-----+-------+-------+--------+-------+-------+--------+

* TOP LEVEL CONTROL
+-----------+--------------+----------+
| Interface | Type         | Ports    |
+-----------+--------------+----------+
| ap_clk    | clock        | ap_clk   |
| ap_rst_n  | reset        | ap_rst_n |
| ap_ctrl   | ap_ctrl_none |          |
+-----------+--------------+----------+


================================================================
== SW I/O Information
================================================================
* Top Function Arguments
+------------+-----------+--------------------------------------------------------+
| Argument   | Direction | Datatype                                               |
+------------+-----------+--------------------------------------------------------+
| in_stream  | in        | stream<hls::axis<ap_int<32>, 2, 5, 6, '8', false>, 0>& |
| out_stream | out       | stream<hls::axis<ap_int<32>, 2, 5, 6, '8', false>, 0>& |
+------------+-----------+--------------------------------------------------------+

* SW-to-HW Mapping
+------------+--------------+-----------+
| Argument   | HW Interface | HW Type   |
+------------+--------------+-----------+
| in_stream  | in_stream    | interface |
| out_stream | out_stream   | interface |
+------------+--------------+-----------+


================================================================
== M_AXI Burst Information
================================================================
 Note: All burst requests might be further partitioned into multiple requests during RTL generation based on max_read_burst_length or max_write_burst_length settings.


================================================================
== Bind Op Report
================================================================
+---------------------------------------------------+-----+--------+--------------+--------+-----------+---------+
| Name                                              | DSP | Pragma | Variable     | Op     | Impl      | Latency |
+---------------------------------------------------+-----+--------+--------------+--------+-----------+---------+
| + hilbert_envelope_axis                           | 8   |        |              |        |           |         |
|  + hilbert_envelope_axis_Pipeline_VITIS_LOOP_69_1 | 8   |        |              |        |           |         |
|    sub_ln50_fu_7411_p2                            |     |        | sub_ln50     | sub    | fabric    | 0       |
|    sub_ln50_1_fu_7429_p2                          |     |        | sub_ln50_1   | sub    | fabric    | 0       |
|    sub_ln50_2_fu_7443_p2                          |     |        | sub_ln50_2   | sub    | fabric    | 0       |
|    sub_ln50_3_fu_7457_p2                          |     |        | sub_ln50_3   | sub    | fabric    | 0       |
|    sub_ln50_4_fu_7471_p2                          |     |        | sub_ln50_4   | sub    | fabric    | 0       |
|    sub_ln50_5_fu_7485_p2                          |     |        | sub_ln50_5   | sub    | fabric    | 0       |
|    sub_ln50_6_fu_7499_p2                          |     |        | sub_ln50_6   | sub    | fabric    | 0       |
|    sub_ln50_7_fu_7517_p2                          |     |        | sub_ln50_7   | sub    | fabric    | 0       |
|    sub_ln50_8_fu_7535_p2                          |     |        | sub_ln50_8   | sub    | fabric    | 0       |
|    sub_ln50_9_fu_7553_p2                          |     |        | sub_ln50_9   | sub    | fabric    | 0       |
|    sub_ln50_10_fu_7567_p2                         |     |        | sub_ln50_10  | sub    | fabric    | 0       |
|    sub_ln50_11_fu_7585_p2                         |     |        | sub_ln50_11  | sub    | fabric    | 0       |
|    sub_ln50_12_fu_7603_p2                         |     |        | sub_ln50_12  | sub    | fabric    | 0       |
|    sub_ln50_13_fu_7617_p2                         |     |        | sub_ln50_13  | sub    | fabric    | 0       |
|    sub_ln50_14_fu_7635_p2                         |     |        | sub_ln50_14  | sub    | fabric    | 0       |
|    sub_ln50_15_fu_7653_p2                         |     |        | sub_ln50_15  | sub    | fabric    | 0       |
|    sub_ln50_16_fu_7671_p2                         |     |        | sub_ln50_16  | sub    | fabric    | 0       |
|    sub_ln50_17_fu_7685_p2                         |     |        | sub_ln50_17  | sub    | fabric    | 0       |
|    sub_ln50_18_fu_7699_p2                         |     |        | sub_ln50_18  | sub    | fabric    | 0       |
|    sub_ln50_19_fu_7713_p2                         |     |        | sub_ln50_19  | sub    | fabric    | 0       |
|    sub_ln50_20_fu_7731_p2                         |     |        | sub_ln50_20  | sub    | fabric    | 0       |
|    sub_ln50_21_fu_7749_p2                         |     |        | sub_ln50_21  | sub    | fabric    | 0       |
|    sub_ln50_22_fu_7767_p2                         |     |        | sub_ln50_22  | sub    | fabric    | 0       |
|    sub_ln50_23_fu_7781_p2                         |     |        | sub_ln50_23  | sub    | fabric    | 0       |
|    sub_ln50_24_fu_7795_p2                         |     |        | sub_ln50_24  | sub    | fabric    | 0       |
|    sub_ln50_25_fu_7809_p2                         |     |        | sub_ln50_25  | sub    | fabric    | 0       |
|    sub_ln50_26_fu_7827_p2                         |     |        | sub_ln50_26  | sub    | fabric    | 0       |
|    sub_ln50_27_fu_7841_p2                         |     |        | sub_ln50_27  | sub    | fabric    | 0       |
|    sub_ln50_28_fu_7859_p2                         |     |        | sub_ln50_28  | sub    | fabric    | 0       |
|    sub_ln50_29_fu_7873_p2                         |     |        | sub_ln50_29  | sub    | fabric    | 0       |
|    sub_ln50_30_fu_7887_p2                         |     |        | sub_ln50_30  | sub    | fabric    | 0       |
|    sub_ln50_31_fu_7901_p2                         |     |        | sub_ln50_31  | sub    | fabric    | 0       |
|    sub_ln50_32_fu_7919_p2                         |     |        | sub_ln50_32  | sub    | fabric    | 0       |
|    sub_ln50_33_fu_7937_p2                         |     |        | sub_ln50_33  | sub    | fabric    | 0       |
|    sub_ln50_34_fu_7955_p2                         |     |        | sub_ln50_34  | sub    | fabric    | 0       |
|    sub_ln50_35_fu_7969_p2                         |     |        | sub_ln50_35  | sub    | fabric    | 0       |
|    sub_ln50_36_fu_7983_p2                         |     |        | sub_ln50_36  | sub    | fabric    | 0       |
|    sub_ln50_37_fu_7997_p2                         |     |        | sub_ln50_37  | sub    | fabric    | 0       |
|    sub_ln50_38_fu_8011_p2                         |     |        | sub_ln50_38  | sub    | fabric    | 0       |
|    sub_ln50_39_fu_8029_p2                         |     |        | sub_ln50_39  | sub    | fabric    | 0       |
|    sub_ln50_40_fu_8043_p2                         |     |        | sub_ln50_40  | sub    | fabric    | 0       |
|    sub_ln50_41_fu_8057_p2                         |     |        | sub_ln50_41  | sub    | fabric    | 0       |
|    sub_ln50_42_fu_8075_p2                         |     |        | sub_ln50_42  | sub    | fabric    | 0       |
|    sub_ln50_43_fu_8093_p2                         |     |        | sub_ln50_43  | sub    | fabric    | 0       |
|    sub_ln50_44_fu_8107_p2                         |     |        | sub_ln50_44  | sub    | fabric    | 0       |
|    sub_ln50_45_fu_8121_p2                         |     |        | sub_ln50_45  | sub    | fabric    | 0       |
|    sub_ln50_46_fu_8139_p2                         |     |        | sub_ln50_46  | sub    | fabric    | 0       |
|    sub_ln50_47_fu_8153_p2                         |     |        | sub_ln50_47  | sub    | fabric    | 0       |
|    sub_ln50_48_fu_8167_p2                         |     |        | sub_ln50_48  | sub    | fabric    | 0       |
|    sub_ln50_49_fu_8185_p2                         |     |        | sub_ln50_49  | sub    | fabric    | 0       |
|    sub_ln50_50_fu_8203_p2                         |     |        | sub_ln50_50  | sub    | fabric    | 0       |
|    sub_ln50_51_fu_8221_p2                         |     |        | sub_ln50_51  | sub    | fabric    | 0       |
|    sub_ln50_52_fu_8239_p2                         |     |        | sub_ln50_52  | sub    | fabric    | 0       |
|    sub_ln50_53_fu_8257_p2                         |     |        | sub_ln50_53  | sub    | fabric    | 0       |
|    sub_ln50_54_fu_8275_p2                         |     |        | sub_ln50_54  | sub    | fabric    | 0       |
|    sub_ln50_55_fu_8293_p2                         |     |        | sub_ln50_55  | sub    | fabric    | 0       |
|    sub_ln50_56_fu_8307_p2                         |     |        | sub_ln50_56  | sub    | fabric    | 0       |
|    sub_ln50_57_fu_8325_p2                         |     |        | sub_ln50_57  | sub    | fabric    | 0       |
|    sub_ln50_58_fu_8343_p2                         |     |        | sub_ln50_58  | sub    | fabric    | 0       |
|    sub_ln50_59_fu_8357_p2                         |     |        | sub_ln50_59  | sub    | fabric    | 0       |
|    sub_ln50_60_fu_8375_p2                         |     |        | sub_ln50_60  | sub    | fabric    | 0       |
|    sub_ln50_61_fu_8389_p2                         |     |        | sub_ln50_61  | sub    | fabric    | 0       |
|    sub_ln50_62_fu_8403_p2                         |     |        | sub_ln50_62  | sub    | fabric    | 0       |
|    sub_ln50_63_fu_8421_p2                         |     |        | sub_ln50_63  | sub    | fabric    | 0       |
|    sub_ln50_64_fu_8435_p2                         |     |        | sub_ln50_64  | sub    | fabric    | 0       |
|    sub_ln50_65_fu_8449_p2                         |     |        | sub_ln50_65  | sub    | fabric    | 0       |
|    sub_ln50_66_fu_8467_p2                         |     |        | sub_ln50_66  | sub    | fabric    | 0       |
|    sub_ln50_67_fu_8485_p2                         |     |        | sub_ln50_67  | sub    | fabric    | 0       |
|    sub_ln50_68_fu_8503_p2                         |     |        | sub_ln50_68  | sub    | fabric    | 0       |
|    sub_ln50_69_fu_8517_p2                         |     |        | sub_ln50_69  | sub    | fabric    | 0       |
|    sub_ln50_70_fu_8531_p2                         |     |        | sub_ln50_70  | sub    | fabric    | 0       |
|    sub_ln50_71_fu_8545_p2                         |     |        | sub_ln50_71  | sub    | fabric    | 0       |
|    sub_ln50_72_fu_8559_p2                         |     |        | sub_ln50_72  | sub    | fabric    | 0       |
|    sub_ln50_73_fu_8573_p2                         |     |        | sub_ln50_73  | sub    | fabric    | 0       |
|    sub_ln50_74_fu_8587_p2                         |     |        | sub_ln50_74  | sub    | fabric    | 0       |
|    sub_ln50_76_fu_8665_p2                         |     |        | sub_ln50_76  | sub    | fabric    | 0       |
|    add_ln50_76_fu_8791_p2                         |     |        | add_ln50_76  | add    | fabric    | 0       |
|    sub_ln50_81_fu_8839_p2                         |     |        | sub_ln50_81  | sub    | fabric    | 0       |
|    add_ln50_78_fu_8905_p2                         |     |        | add_ln50_78  | add    | fabric    | 0       |
|    sub_ln50_86_fu_9047_p2                         |     |        | sub_ln50_86  | sub    | fabric    | 0       |
|    add_ln50_85_fu_9101_p2                         |     |        | add_ln50_85  | add    | fabric    | 0       |
|    sub_ln50_87_fu_9131_p2                         |     |        | sub_ln50_87  | sub    | fabric    | 0       |
|    sub_ln50_88_fu_9189_p2                         |     |        | sub_ln50_88  | sub    | fabric    | 0       |
|    add_ln50_90_fu_9357_p2                         |     |        | add_ln50_90  | add    | fabric    | 0       |
|    add_ln50_100_fu_9845_p2                        |     |        | add_ln50_100 | add    | fabric    | 0       |
|    add_ln50_102_fu_9911_p2                        |     |        | add_ln50_102 | add    | fabric    | 0       |
|    sub_ln50_112_fu_10067_p2                       |     |        | sub_ln50_112 | sub    | fabric    | 0       |
|    add_ln50_107_fu_10121_p2                       |     |        | add_ln50_107 | add    | fabric    | 0       |
|    add_ln50_112_fu_10277_p2                       |     |        | add_ln50_112 | add    | fabric    | 0       |
|    sub_ln50_119_fu_10313_p2                       |     |        | sub_ln50_119 | sub    | fabric    | 0       |
|    add_ln50_118_fu_10587_p2                       |     |        | add_ln50_118 | add    | fabric    | 0       |
|    add_ln50_123_fu_10785_p2                       |     |        | add_ln50_123 | add    | fabric    | 0       |
|    add_ln50_124_fu_10851_p2                       |     |        | add_ln50_124 | add    | fabric    | 0       |
|    sub_ln50_137_fu_10953_p2                       |     |        | sub_ln50_137 | sub    | fabric    | 0       |
|    sub_ln50_138_fu_10983_p2                       |     |        | sub_ln50_138 | sub    | fabric    | 0       |
|    sub_ln50_140_fu_11055_p2                       |     |        | sub_ln50_140 | sub    | fabric    | 0       |
|    sub_ln50_143_fu_11193_p2                       |     |        | sub_ln50_143 | sub    | fabric    | 0       |
|    sub_ln50_147_fu_11331_p2                       |     |        | sub_ln50_147 | sub    | fabric    | 0       |
|    sub_ln50_148_fu_11401_p2                       |     |        | sub_ln50_148 | sub    | fabric    | 0       |
|    sub_ln50_151_fu_11507_p2                       |     |        | sub_ln50_151 | sub    | fabric    | 0       |
|    sub_ln50_154_fu_11631_p2                       |     |        | sub_ln50_154 | sub    | fabric    | 0       |
|    add_ln50_146_fu_11803_p2                       |     |        | add_ln50_146 | add    | fabric    | 0       |
|    add_ln50_148_fu_11869_p2                       |     |        | add_ln50_148 | add    | fabric    | 0       |
|    add_ln50_149_fu_11935_p2                       |     |        | add_ln50_149 | add    | fabric    | 0       |
|    add_ln50_151_fu_12025_p2                       |     |        | add_ln50_151 | add    | fabric    | 0       |
|    add_ln50_154_fu_12157_p2                       |     |        | add_ln50_154 | add    | fabric    | 0       |
|    add_ln50_158_fu_12253_p2                       |     |        | add_ln50_158 | add    | fabric    | 0       |
|    sub_ln50_167_fu_12289_p2                       |     |        | sub_ln50_167 | sub    | fabric    | 0       |
|    add_ln50_161_fu_12361_p2                       |     |        | add_ln50_161 | add    | fabric    | 0       |
|    add_ln50_168_fu_12595_p2                       |     |        | add_ln50_168 | add    | fabric    | 0       |
|    sub_ln50_175_fu_12661_p2                       |     |        | sub_ln50_175 | sub    | fabric    | 0       |
|    sub_ln50_179_fu_12733_p2                       |     |        | sub_ln50_179 | sub    | fabric    | 0       |
|    add_ln50_172_fu_12815_p2                       |     |        | add_ln50_172 | add    | fabric    | 0       |
|    sub_ln50_183_fu_12869_p2                       |     |        | sub_ln50_183 | sub    | fabric    | 0       |
|    sub_ln50_186_fu_12935_p2                       |     |        | sub_ln50_186 | sub    | fabric    | 0       |
|    add_ln50_2_fu_12967_p2                         |     |        | add_ln50_2   | add    | fabric    | 0       |
|    add_ln50_6_fu_13003_p2                         |     |        | add_ln50_6   | add    | fabric    | 0       |
|    add_ln50_7_fu_13013_p2                         |     |        | add_ln50_7   | add    | fabric    | 0       |
|    add_ln50_10_fu_13043_p2                        |     |        | add_ln50_10  | add    | fabric    | 0       |
|    add_ln50_14_fu_13079_p2                        |     |        | add_ln50_14  | add    | fabric    | 0       |
|    add_ln50_15_fu_13089_p2                        |     |        | add_ln50_15  | add    | fabric    | 0       |
|    add_ln50_16_fu_13099_p2                        |     |        | add_ln50_16  | add    | fabric    | 0       |
|    add_ln50_22_fu_13151_p2                        |     |        | add_ln50_22  | add    | fabric    | 0       |
|    add_ln50_23_fu_13161_p2                        |     |        | add_ln50_23  | add    | fabric    | 0       |
|    add_ln50_24_fu_13171_p2                        |     |        | add_ln50_24  | add    | fabric    | 0       |
|    add_ln50_27_fu_13197_p2                        |     |        | add_ln50_27  | add    | fabric    | 0       |
|    add_ln50_28_fu_13207_p2                        |     |        | add_ln50_28  | add    | fabric    | 0       |
|    add_ln50_33_fu_13253_p2                        |     |        | add_ln50_33  | add    | fabric    | 0       |
|    add_ln50_38_fu_13279_p2                        |     |        | add_ln50_38  | add    | fabric    | 0       |
|    add_ln50_41_fu_13305_p2                        |     |        | add_ln50_41  | add    | fabric    | 0       |
|    add_ln50_42_fu_13315_p2                        |     |        | add_ln50_42  | add    | fabric    | 0       |
|    add_ln50_46_fu_13341_p2                        |     |        | add_ln50_46  | add    | fabric    | 0       |
|    add_ln50_51_fu_13383_p2                        |     |        | add_ln50_51  | add    | fabric    | 0       |
|    add_ln50_59_fu_13445_p2                        |     |        | add_ln50_59  | add    | fabric    | 0       |
|    add_ln50_65_fu_13493_p2                        |     |        | add_ln50_65  | add    | fabric    | 0       |
|    add_ln50_69_fu_13533_p2                        |     |        | add_ln50_69  | add    | fabric    | 0       |
|    add_ln50_70_fu_13543_p2                        |     |        | add_ln50_70  | add    | fabric    | 0       |
|    add_ln50_71_fu_15092_p2                        |     |        | add_ln50_71  | add    | fabric    | 0       |
|    sub_ln53_fu_15130_p2                           |     |        | sub_ln53     | sub    | fabric    | 0       |
|    sub_ln53_1_fu_15146_p2                         |     |        | sub_ln53_1   | sub    | fabric    | 0       |
|    Q_path_fu_15162_p3                             |     |        | Q_path       | select | auto_sel  | 0       |
|    mul_32s_32s_64_1_1_U4                          | 4   |        | mul_ln56     | mul    | auto      | 0       |
|    mul_32s_32s_64_1_1_U5                          | 4   |        | mul_ln56_1   | mul    | auto      | 0       |
|    grp_fu_3771_p0                                 |     |        | mag_sq       | add    | fabric    | 0       |
|    sitofp_64ns_32_4_no_dsp_1_U2                   |     |        | x_assign     | sitofp | auto      | 3       |
|    fsqrt_32ns_32ns_32_8_no_dsp_1_U3               |     |        | tmp          | fsqrt  | fabric    | 7       |
|   + p_hls_fptosi_float_i32                        | 0   |        |              |        |           |         |
|     add_ln317_fu_86_p2                            |     |        | add_ln317    | add    | fabric    | 0       |
|     sub_ln18_fu_100_p2                            |     |        | sub_ln18     | sub    | fabric    | 0       |
|     select_ln18_fu_110_p3                         |     |        | select_ln18  | select | auto_sel  | 0       |
|     lshr_ln18_fu_126_p2                           |     |        | lshr_ln18    | lshr   | auto_pipe | 0       |
|     shl_ln18_fu_132_p2                            |     |        | shl_ln18     | shl    | auto_pipe | 0       |
|     val_fu_158_p3                                 |     |        | val          | select | auto_sel  | 0       |
|     result_1_fu_166_p2                            |     |        | result_1     | sub    | fabric    | 0       |
|     ap_return                                     |     |        | result_2     | select | auto_sel  | 0       |
+---------------------------------------------------+-----+--------+--------------+--------+-----------+---------+


================================================================
== Storage Report
================================================================
+-------------------------+---------+------+------+------+--------+----------+------+---------+------------------+
| Name                    | Usage   | Type | BRAM | URAM | Pragma | Variable | Impl | Latency | Bitwidth, Depth, |
|                         |         |      |      |      |        |          |      |         | Banks            |
+-------------------------+---------+------+------+------+--------+----------+------+---------+------------------+
| + hilbert_envelope_axis |         |      | 0    | 0    |        |          |      |         |                  |
|   x_U                   | ram_t2p |      |      |      |        | x        | auto | 1       | 1, 301, 1        |
+-------------------------+---------+------+------+------+--------+----------+------+---------+------------------+


================================================================
== Pragma Report
================================================================
* Valid Pragma Syntax
+-----------+--------------------------+-----------------------------------------------------+
| Type      | Options                  | Location                                            |
+-----------+--------------------------+-----------------------------------------------------+
| inline    |                          | hilbert.cpp:24 in hilbert                           |
| unroll    |                          | hilbert.cpp:28 in hilbert                           |
| unroll    |                          | hilbert.cpp:41 in hilbert                           |
| interface | axis port=in_stream      | hilbert.cpp:63 in hilbert_envelope_axis, in_stream  |
| interface | axis port=out_stream     | hilbert.cpp:64 in hilbert_envelope_axis, out_stream |
| interface | ap_ctrl_none port=return | hilbert.cpp:65 in hilbert_envelope_axis, return     |
| pipeline  | II=1                     | hilbert.cpp:70 in hilbert_envelope_axis             |
+-----------+--------------------------+-----------------------------------------------------+


