

================================================================
== Vitis HLS Report for 'hilbert_envelope_axis'
================================================================
* Date:           Fri Mar 27 14:10:36 2026

* Version:        2024.1 (Build 5069499 on May 21 2024)
* Project:        Envelope_Detector
* Solution:       hls (Vivado IP Flow Target)
* Product family: zynquplus
* Target device:  xczu3eg-sfvc784-2-e


================================================================
== Performance Estimates
================================================================
+ Timing: 
    * Summary: 
    +--------+----------+----------+------------+
    |  Clock |  Target  | Estimated| Uncertainty|
    +--------+----------+----------+------------+
    |ap_clk  |  10.00 ns|  0.576 ns|     2.70 ns|
    +--------+----------+----------+------------+

+ Latency: 
    * Summary: 
    +---------+---------+----------+----------+-----+-----+-----------------------------------------------+
    |  Latency (cycles) |  Latency (absolute) |  Interval |                    Pipeline                   |
    |   min   |   max   |    min   |    max   | min | max |                      Type                     |
    +---------+---------+----------+----------+-----+-----+-----------------------------------------------+
    |        ?|        ?|         ?|         ?|    0|    0|  loop auto-rewind stp(delay=0 clock cycles(s))|
    +---------+---------+----------+----------+-----+-----+-----------------------------------------------+

    + Detail: 
        * Instance: 
        N/A

        * Loop: 
        +-------------------+---------+---------+----------+-----------+-----------+------+----------+
        |                   |  Latency (cycles) | Iteration|  Initiation Interval  | Trip |          |
        |     Loop Name     |   min   |   max   |  Latency |  achieved |   target  | Count| Pipelined|
        +-------------------+---------+---------+----------+-----------+-----------+------+----------+
        |- VITIS_LOOP_66_1  |        ?|        ?|         2|          1|          1|     ?|       yes|
        +-------------------+---------+---------+----------+-----------+-----------+------+----------+



================================================================
== Utilization Estimates
================================================================
* Summary: 
+-----------------+---------+-----+--------+-------+-----+
|       Name      | BRAM_18K| DSP |   FF   |  LUT  | URAM|
+-----------------+---------+-----+--------+-------+-----+
|DSP              |        -|    -|       -|      -|    -|
|Expression       |        -|    -|       0|     10|    -|
|FIFO             |        -|    -|       -|      -|    -|
|Instance         |        -|    -|       -|      -|    -|
|Memory           |        -|    -|       -|      -|    -|
|Multiplexer      |        -|    -|       0|     18|    -|
|Register         |        -|    -|       2|      -|    -|
+-----------------+---------+-----+--------+-------+-----+
|Total            |        0|    0|       2|     28|    0|
+-----------------+---------+-----+--------+-------+-----+
|Available        |      432|  360|  141120|  70560|    0|
+-----------------+---------+-----+--------+-------+-----+
|Utilization (%)  |        0|    0|      ~0|     ~0|    0|
+-----------------+---------+-----+--------+-------+-----+

+ Detail: 
    * Instance: 
    N/A

    * DSP: 
    N/A

    * Memory: 
    N/A

    * FIFO: 
    N/A

    * Expression: 
    +----------------------------------+----------+----+---+----+------------+------------+
    |           Variable Name          | Operation| DSP| FF| LUT| Bitwidth P0| Bitwidth P1|
    +----------------------------------+----------+----+---+----+------------+------------+
    |ap_block_pp0_stage0_01001         |        or|   0|  0|   2|           1|           1|
    |ap_block_pp0_stage0_11001         |        or|   0|  0|   2|           1|           1|
    |ap_block_state1_pp0_stage0_iter0  |        or|   0|  0|   2|           1|           1|
    |ap_block_state2_pp0_stage0_iter1  |        or|   0|  0|   2|           1|           1|
    |ap_enable_pp0                     |       xor|   0|  0|   2|           1|           2|
    +----------------------------------+----------+----+---+----+------------+------------+
    |Total                             |          |   0|  0|  10|           5|           6|
    +----------------------------------+----------+----+---+----+------------+------------+

    * Multiplexer: 
    +------------------------+----+-----------+-----+-----------+
    |          Name          | LUT| Input Size| Bits| Total Bits|
    +------------------------+----+-----------+-----+-----------+
    |in_stream_TDATA_blk_n   |   9|          2|    1|          2|
    |out_stream_TDATA_blk_n  |   9|          2|    1|          2|
    +------------------------+----+-----------+-----+-----------+
    |Total                   |  18|          4|    2|          4|
    +------------------------+----+-----------+-----+-----------+

    * Register: 
    +-------------------------+---+----+-----+-----------+
    |           Name          | FF| LUT| Bits| Const Bits|
    +-------------------------+---+----+-----+-----------+
    |ap_CS_fsm                |  1|   0|    1|          0|
    |ap_enable_reg_pp0_iter1  |  1|   0|    1|          0|
    +-------------------------+---+----+-----+-----------+
    |Total                    |  2|   0|    2|          0|
    +-------------------------+---+----+-----+-----------+



================================================================
== Interface
================================================================
* Summary: 
+-------------------+-----+-----+--------------+-----------------------+--------------+
|     RTL Ports     | Dir | Bits|   Protocol   |     Source Object     |    C Type    |
+-------------------+-----+-----+--------------+-----------------------+--------------+
|ap_clk             |   in|    1|  ap_ctrl_none|  hilbert_envelope_axis|  return value|
|ap_rst_n           |   in|    1|  ap_ctrl_none|  hilbert_envelope_axis|  return value|
|in_stream_TVALID   |   in|    1|          axis|     in_stream_V_dest_V|       pointer|
|in_stream_TREADY   |  out|    1|          axis|     in_stream_V_dest_V|       pointer|
|in_stream_TDEST    |   in|    6|          axis|     in_stream_V_dest_V|       pointer|
|out_stream_TREADY  |   in|    1|          axis|    out_stream_V_dest_V|       pointer|
|out_stream_TVALID  |  out|    1|          axis|    out_stream_V_dest_V|       pointer|
|out_stream_TDEST   |  out|    6|          axis|    out_stream_V_dest_V|       pointer|
|in_stream_TDATA    |   in|   32|          axis|     in_stream_V_data_V|       pointer|
|in_stream_TKEEP    |   in|    4|          axis|     in_stream_V_keep_V|       pointer|
|in_stream_TSTRB    |   in|    4|          axis|     in_stream_V_strb_V|       pointer|
|in_stream_TUSER    |   in|    2|          axis|     in_stream_V_user_V|       pointer|
|in_stream_TLAST    |   in|    1|          axis|     in_stream_V_last_V|       pointer|
|in_stream_TID      |   in|    5|          axis|       in_stream_V_id_V|       pointer|
|out_stream_TDATA   |  out|   32|          axis|    out_stream_V_data_V|       pointer|
|out_stream_TKEEP   |  out|    4|          axis|    out_stream_V_keep_V|       pointer|
|out_stream_TSTRB   |  out|    4|          axis|    out_stream_V_strb_V|       pointer|
|out_stream_TUSER   |  out|    2|          axis|    out_stream_V_user_V|       pointer|
|out_stream_TLAST   |  out|    1|          axis|    out_stream_V_last_V|       pointer|
|out_stream_TID     |  out|    5|          axis|      out_stream_V_id_V|       pointer|
+-------------------+-----+-----+--------------+-----------------------+--------------+

