

================================================================
== Vitis HLS Report for 'hilbert_envelope_axis'
================================================================
* Date:           Mon Apr 13 17:25:41 2026

* Version:        2024.1 (Build 5069499 on May 21 2024)
* Project:        Envelope_Detector
* Solution:       hls (Vivado IP Flow Target)
* Product family: zynquplus
* Target device:  xczu3eg-sfvc784-2-e


================================================================
== Performance Estimates
================================================================
+ Timing: 
    * Summary: 
    +--------+----------+----------+------------+
    |  Clock |  Target  | Estimated| Uncertainty|
    +--------+----------+----------+------------+
    |ap_clk  |  10.00 ns|  6.624 ns|     2.70 ns|
    +--------+----------+----------+------------+

+ Latency: 
    * Summary: 
    +---------+---------+----------+----------+-----+-----+-----------------------------------------------+
    |  Latency (cycles) |  Latency (absolute) |  Interval |                    Pipeline                   |
    |   min   |   max   |    min   |    max   | min | max |                      Type                     |
    +---------+---------+----------+----------+-----+-----+-----------------------------------------------+
    |        ?|        ?|         ?|         ?|    0|    0|  loop auto-rewind stp(delay=0 clock cycles(s))|
    +---------+---------+----------+----------+-----+-----+-----------------------------------------------+

    + Detail: 
        * Instance: 
        N/A

        * Loop: 
        +-------------------+---------+---------+----------+-----------+-----------+------+----------+
        |                   |  Latency (cycles) | Iteration|  Initiation Interval  | Trip |          |
        |     Loop Name     |   min   |   max   |  Latency |  achieved |   target  | Count| Pipelined|
        +-------------------+---------+---------+----------+-----------+-----------+------+----------+
        |- VITIS_LOOP_59_1  |        ?|        ?|        17|          1|          1|     ?|       yes|
        +-------------------+---------+---------+----------+-----------+-----------+------+----------+



================================================================
== Utilization Estimates
================================================================
* Summary: 
+-----------------+---------+-----+--------+-------+-----+
|       Name      | BRAM_18K| DSP |   FF   |  LUT  | URAM|
+-----------------+---------+-----+--------+-------+-----+
|DSP              |        -|    -|       -|      -|    -|
|Expression       |        -|    -|       0|   2321|    -|
|FIFO             |        -|    -|       -|      -|    -|
|Instance         |        -|   17|       0|     62|    -|
|Memory           |        -|    -|       -|      -|    -|
|Multiplexer      |        -|    -|       0|     18|    -|
|Register         |        -|    -|    1540|    192|    -|
+-----------------+---------+-----+--------+-------+-----+
|Total            |        0|   17|    1540|   2593|    0|
+-----------------+---------+-----+--------+-------+-----+
|Available        |      432|  360|  141120|  70560|    0|
+-----------------+---------+-----+--------+-------+-----+
|Utilization (%)  |        0|    4|       1|      3|    0|
+-----------------+---------+-----+--------+-------+-----+

+ Detail: 
    * Instance: 
    +----------------------------------+-------------------------------+---------+----+---+----+-----+
    |             Instance             |             Module            | BRAM_18K| DSP| FF| LUT| URAM|
    +----------------------------------+-------------------------------+---------+----+---+----+-----+
    |fsqrt_32ns_32ns_32_8_no_dsp_1_U2  |fsqrt_32ns_32ns_32_8_no_dsp_1  |        0|   0|  0|   0|    0|
    |mul_32s_32s_64_1_1_U3             |mul_32s_32s_64_1_1             |        0|   4|  0|  20|    0|
    |mul_35s_35s_64_1_1_U4             |mul_35s_35s_64_1_1             |        0|   4|  0|  23|    0|
    |mul_46s_48ns_93_1_1_U5            |mul_46s_48ns_93_1_1            |        0|   9|  0|  19|    0|
    |sitofp_64ns_32_4_no_dsp_1_U1      |sitofp_64ns_32_4_no_dsp_1      |        0|   0|  0|   0|    0|
    +----------------------------------+-------------------------------+---------+----+---+----+-----+
    |Total                             |                               |        0|  17|  0|  62|    0|
    +----------------------------------+-------------------------------+---------+----+---+----+-----+

    * DSP: 
    N/A

    * Memory: 
    N/A

    * FIFO: 
    N/A

    * Expression: 
    +------------------------------------+----------+----+---+-----+------------+------------+
    |            Variable Name           | Operation| DSP| FF| LUT | Bitwidth P0| Bitwidth P1|
    +------------------------------------+----------+----+---+-----+------------+------------+
    |add_ln317_fu_1164_p2                |         +|   0|  0|   16|           9|           8|
    |add_ln45_10_fu_764_p2               |         +|   0|  0|   44|          44|          44|
    |add_ln45_11_fu_782_p2               |         +|   0|  0|   44|          44|          44|
    |add_ln45_12_fu_812_p2               |         +|   0|  0|   44|          44|          44|
    |add_ln45_13_fu_836_p2               |         +|   0|  0|   44|          44|          44|
    |add_ln45_14_fu_884_p2               |         +|   0|  0|   46|          46|          46|
    |add_ln45_15_fu_986_p2               |         +|   0|  0|   43|          43|          43|
    |add_ln45_1_fu_1008_p2               |         +|   0|  0|   46|          46|          46|
    |add_ln45_2_fu_1014_p2               |         +|   0|  0|   43|          43|          43|
    |add_ln45_3_fu_1024_p2               |         +|   0|  0|   44|          44|          44|
    |add_ln45_4_fu_1034_p2               |         +|   0|  0|   46|          46|          46|
    |add_ln45_5_fu_634_p2                |         +|   0|  0|   43|          43|          43|
    |add_ln45_6_fu_658_p2                |         +|   0|  0|   43|          43|          43|
    |add_ln45_7_fu_688_p2                |         +|   0|  0|   50|          43|          43|
    |add_ln45_8_fu_706_p2                |         +|   0|  0|   43|          43|          43|
    |add_ln45_9_fu_746_p2                |         +|   0|  0|   44|          44|          44|
    |add_ln45_fu_998_p2                  |         +|   0|  0|   44|          44|          44|
    |grp_fu_251_p0                       |         +|   0|  0|   71|          64|          64|
    |result_1_fu_1244_p2                 |         -|   0|  0|   39|           1|          32|
    |sub_ln18_fu_1178_p2                 |         -|   0|  0|   15|           7|           8|
    |sub_ln37_fu_540_p2                  |         -|   0|  0|   39|          32|          32|
    |sub_ln38_fu_550_p2                  |         -|   0|  0|   39|          32|          32|
    |sub_ln39_fu_560_p2                  |         -|   0|  0|   39|          32|          32|
    |sub_ln40_fu_570_p2                  |         -|   0|  0|   39|          32|          32|
    |sub_ln41_fu_580_p2                  |         -|   0|  0|   39|          32|          32|
    |sub_ln42_fu_586_p2                  |         -|   0|  0|   39|          32|          32|
    |sub_ln45_10_fu_968_p2               |         -|   0|  0|   43|          43|          43|
    |sub_ln45_11_fu_992_p2               |         -|   0|  0|   43|          43|          43|
    |sub_ln45_1_fu_1093_p2               |         -|   0|  0|   53|           1|          46|
    |sub_ln45_2_fu_616_p2                |         -|   0|  0|   50|          43|          43|
    |sub_ln45_3_fu_652_p2                |         -|   0|  0|   43|          43|          43|
    |sub_ln45_4_fu_712_p2                |         -|   0|  0|   43|          43|          43|
    |sub_ln45_5_fu_830_p2                |         -|   0|  0|   44|          44|          44|
    |sub_ln45_6_fu_866_p2                |         -|   0|  0|   46|          46|          46|
    |sub_ln45_7_fu_902_p2                |         -|   0|  0|   46|          46|          46|
    |sub_ln45_8_fu_920_p2                |         -|   0|  0|   46|          46|          46|
    |sub_ln45_9_fu_950_p2                |         -|   0|  0|   43|          43|          43|
    |sub_ln45_fu_1052_p2                 |         -|   0|  0|  100|           1|          93|
    |lshr_ln18_fu_1204_p2                |      lshr|   0|  0|  240|          79|          79|
    |ap_block_pp0_stage0_01001           |        or|   0|  0|    2|           1|           1|
    |ap_block_pp0_stage0_11001           |        or|   0|  0|    2|           1|           1|
    |ap_block_state17_pp0_stage0_iter16  |        or|   0|  0|    2|           1|           1|
    |Q_path_fu_1099_p3                   |    select|   0|  0|   42|           1|          46|
    |out_stream_TDATA_int_regslice       |    select|   0|  0|   32|           1|          32|
    |select_ln18_fu_1188_p3              |    select|   0|  0|    9|           1|           9|
    |select_ln45_1_fu_1082_p3            |    select|   0|  0|   32|           1|          33|
    |val_fu_1236_p3                      |    select|   0|  0|   32|           1|          32|
    |shl_ln18_fu_1210_p2                 |       shl|   0|  0|  240|          79|          79|
    |ap_enable_pp0                       |       xor|   0|  0|    2|           1|           2|
    +------------------------------------+----------+----+---+-----+------------+------------+
    |Total                               |          |   0|  0| 2321|        1586|        1902|
    +------------------------------------+----------+----+---+-----+------------+------------+

    * Multiplexer: 
    +------------------------+----+-----------+-----+-----------+
    |          Name          | LUT| Input Size| Bits| Total Bits|
    +------------------------+----+-----------+-----+-----------+
    |in_stream_TDATA_blk_n   |   9|          2|    1|          2|
    |out_stream_TDATA_blk_n  |   9|          2|    1|          2|
    +------------------------+----+-----------+-----+-----------+
    |Total                   |  18|          4|    2|          4|
    +------------------------+----+-----------+-----+-----------+

    * Register: 
    +-------------------------------+----+----+-----+-----------+
    |              Name             | FF | LUT| Bits| Const Bits|
    +-------------------------------+----+----+-----+-----------+
    |I_path_reg_1289                |  32|   0|   32|          0|
    |I_path_reg_1289_pp0_iter1_reg  |  32|   0|   32|          0|
    |Q_path_reg_1305                |  46|   0|   46|          0|
    |add_ln45_4_reg_1294            |  46|   0|   46|          0|
    |ap_CS_fsm                      |   1|   0|    1|          0|
    |ap_enable_reg_pp0_iter1        |   1|   0|    1|          0|
    |ap_enable_reg_pp0_iter10       |   1|   0|    1|          0|
    |ap_enable_reg_pp0_iter11       |   1|   0|    1|          0|
    |ap_enable_reg_pp0_iter12       |   1|   0|    1|          0|
    |ap_enable_reg_pp0_iter13       |   1|   0|    1|          0|
    |ap_enable_reg_pp0_iter14       |   1|   0|    1|          0|
    |ap_enable_reg_pp0_iter15       |   1|   0|    1|          0|
    |ap_enable_reg_pp0_iter16       |   1|   0|    1|          0|
    |ap_enable_reg_pp0_iter2        |   1|   0|    1|          0|
    |ap_enable_reg_pp0_iter3        |   1|   0|    1|          0|
    |ap_enable_reg_pp0_iter4        |   1|   0|    1|          0|
    |ap_enable_reg_pp0_iter5        |   1|   0|    1|          0|
    |ap_enable_reg_pp0_iter6        |   1|   0|    1|          0|
    |ap_enable_reg_pp0_iter7        |   1|   0|    1|          0|
    |ap_enable_reg_pp0_iter8        |   1|   0|    1|          0|
    |ap_enable_reg_pp0_iter9        |   1|   0|    1|          0|
    |dc_reg_1330                    |  32|   0|   32|          0|
    |hilbert_int_int_x              |  32|   0|   32|          0|
    |hilbert_int_int_x_1            |  32|   0|   32|          0|
    |hilbert_int_int_x_2            |  32|   0|   32|          0|
    |hilbert_int_int_x_3            |  32|   0|   32|          0|
    |hilbert_int_int_x_4            |  32|   0|   32|          0|
    |hilbert_int_int_x_5            |  32|   0|   32|          0|
    |hilbert_int_int_x_6            |  32|   0|   32|          0|
    |hilbert_int_int_x_7            |  32|   0|   32|          0|
    |hilbert_int_int_x_8            |  32|   0|   32|          0|
    |hilbert_int_int_x_9            |  32|   0|   32|          0|
    |mul_ln47_1_reg_1315            |  64|   0|   64|          0|
    |mul_ln47_reg_1310              |  64|   0|   64|          0|
    |p_ZZL7hilbertiRiE1x_10         |  32|   0|   32|          0|
    |p_ZZL7hilbertiRiE1x_11         |  32|   0|   32|          0|
    |p_ZZL7hilbertiRiE1x_12         |  32|   0|   32|          0|
    |p_ZZL7hilbertiRiE1x_13         |  32|   0|   32|          0|
    |p_ZZL7hilbertiRiE1x_14         |  32|   0|   32|          0|
    |p_ZZL7hilbertiRiE1x_15         |  32|   0|   32|          0|
    |p_ZZL7hilbertiRiE1x_16         |  32|   0|   32|          0|
    |p_ZZL7hilbertiRiE1x_17         |  32|   0|   32|          0|
    |p_ZZL7hilbertiRiE1x_18         |  32|   0|   32|          0|
    |p_ZZL7hilbertiRiE1x_19         |  32|   0|   32|          0|
    |p_ZZL7hilbertiRiE1x_20         |  32|   0|   32|          0|
    |p_ZZL7hilbertiRiE1x_21         |  32|   0|   32|          0|
    |p_ZZL7hilbertiRiE1x_22         |  32|   0|   32|          0|
    |p_ZZL7hilbertiRiE1x_23         |  32|   0|   32|          0|
    |tmp_26_reg_1299                |   1|   0|    1|          0|
    |tmp_dest_reg_1284              |   6|   0|    6|          0|
    |tmp_id_reg_1279                |   5|   0|    5|          0|
    |tmp_keep_reg_1259              |   4|   0|    4|          0|
    |tmp_last_reg_1274              |   1|   0|    1|          0|
    |tmp_strb_reg_1264              |   4|   0|    4|          0|
    |tmp_user_reg_1269              |   2|   0|    2|          0|
    |x_assign_reg_1325              |  32|   0|   32|          0|
    |tmp_dest_reg_1284              |  64|  32|    6|          0|
    |tmp_id_reg_1279                |  64|  32|    5|          0|
    |tmp_keep_reg_1259              |  64|  32|    4|          0|
    |tmp_last_reg_1274              |  64|  32|    1|          0|
    |tmp_strb_reg_1264              |  64|  32|    4|          0|
    |tmp_user_reg_1269              |  64|  32|    2|          0|
    +-------------------------------+----+----+-----+-----------+
    |Total                          |1540| 192| 1178|          0|
    +-------------------------------+----+----+-----+-----------+



================================================================
== Interface
================================================================
* Summary: 
+-------------------+-----+-----+--------------+-----------------------+--------------+
|     RTL Ports     | Dir | Bits|   Protocol   |     Source Object     |    C Type    |
+-------------------+-----+-----+--------------+-----------------------+--------------+
|ap_clk             |   in|    1|  ap_ctrl_none|  hilbert_envelope_axis|  return value|
|ap_rst_n           |   in|    1|  ap_ctrl_none|  hilbert_envelope_axis|  return value|
|in_stream_TVALID   |   in|    1|          axis|     in_stream_V_dest_V|       pointer|
|in_stream_TREADY   |  out|    1|          axis|     in_stream_V_dest_V|       pointer|
|in_stream_TDEST    |   in|    6|          axis|     in_stream_V_dest_V|       pointer|
|out_stream_TREADY  |   in|    1|          axis|    out_stream_V_dest_V|       pointer|
|out_stream_TVALID  |  out|    1|          axis|    out_stream_V_dest_V|       pointer|
|out_stream_TDEST   |  out|    6|          axis|    out_stream_V_dest_V|       pointer|
|in_stream_TDATA    |   in|   32|          axis|     in_stream_V_data_V|       pointer|
|in_stream_TKEEP    |   in|    4|          axis|     in_stream_V_keep_V|       pointer|
|in_stream_TSTRB    |   in|    4|          axis|     in_stream_V_strb_V|       pointer|
|in_stream_TUSER    |   in|    2|          axis|     in_stream_V_user_V|       pointer|
|in_stream_TLAST    |   in|    1|          axis|     in_stream_V_last_V|       pointer|
|in_stream_TID      |   in|    5|          axis|       in_stream_V_id_V|       pointer|
|out_stream_TDATA   |  out|   32|          axis|    out_stream_V_data_V|       pointer|
|out_stream_TKEEP   |  out|    4|          axis|    out_stream_V_keep_V|       pointer|
|out_stream_TSTRB   |  out|    4|          axis|    out_stream_V_strb_V|       pointer|
|out_stream_TUSER   |  out|    2|          axis|    out_stream_V_user_V|       pointer|
|out_stream_TLAST   |  out|    1|          axis|    out_stream_V_last_V|       pointer|
|out_stream_TID     |  out|    5|          axis|      out_stream_V_id_V|       pointer|
+-------------------+-----+-----+--------------+-----------------------+--------------+

