

================================================================
== Vitis HLS Report for 'p_hls_fptosi_float_i32'
================================================================
* Date:           Tue Apr 14 18:39:46 2026

* Version:        2024.1 (Build 5069499 on May 21 2024)
* Project:        Envelope_Detector
* Solution:       hls (Vivado IP Flow Target)
* Product family: zynquplus
* Target device:  xczu3eg-sfvc784-2-e


================================================================
== Performance Estimates
================================================================
+ Timing: 
    * Summary: 
    +--------+----------+----------+------------+
    |  Clock |  Target  | Estimated| Uncertainty|
    +--------+----------+----------+------------+
    |ap_clk  |  10.00 ns|  4.465 ns|     2.70 ns|
    +--------+----------+----------+------------+

+ Latency: 
    * Summary: 
    +---------+---------+----------+----------+-----+-----+---------+
    |  Latency (cycles) |  Latency (absolute) |  Interval | Pipeline|
    |   min   |   max   |    min   |    max   | min | max |   Type  |
    +---------+---------+----------+----------+-----+-----+---------+
    |        0|        0|      0 ns|      0 ns|    1|    1|      yes|
    +---------+---------+----------+----------+-----+-----+---------+

    + Detail: 
        * Instance: 
        N/A

        * Loop: 
        N/A



================================================================
== Utilization Estimates
================================================================
* Summary: 
+-----------------+---------+-----+--------+-------+-----+
|       Name      | BRAM_18K| DSP |   FF   |  LUT  | URAM|
+-----------------+---------+-----+--------+-------+-----+
|DSP              |        -|    -|       -|      -|    -|
|Expression       |        -|    -|       0|    623|    -|
|FIFO             |        -|    -|       -|      -|    -|
|Instance         |        -|    -|       -|      -|    -|
|Memory           |        -|    -|       -|      -|    -|
|Multiplexer      |        -|    -|       -|      -|    -|
|Register         |        -|    -|       -|      -|    -|
+-----------------+---------+-----+--------+-------+-----+
|Total            |        0|    0|       0|    623|    0|
+-----------------+---------+-----+--------+-------+-----+
|Available        |      432|  360|  141120|  70560|    0|
+-----------------+---------+-----+--------+-------+-----+
|Utilization (%)  |        0|    0|       0|     ~0|    0|
+-----------------+---------+-----+--------+-------+-----+

+ Detail: 
    * Instance: 
    N/A

    * DSP: 
    N/A

    * Memory: 
    N/A

    * FIFO: 
    N/A

    * Expression: 
    +-----------------------+----------+----+---+-----+------------+------------+
    |     Variable Name     | Operation| DSP| FF| LUT | Bitwidth P0| Bitwidth P1|
    +-----------------------+----------+----+---+-----+------------+------------+
    |add_ln317_fu_86_p2     |         +|   0|  0|   16|           9|           8|
    |result_1_fu_166_p2     |         -|   0|  0|   39|           1|          32|
    |sub_ln18_fu_100_p2     |         -|   0|  0|   15|           7|           8|
    |lshr_ln18_fu_126_p2    |      lshr|   0|  0|  240|          79|          79|
    |ap_return              |    select|   0|  0|   32|           1|          32|
    |select_ln18_fu_110_p3  |    select|   0|  0|    9|           1|           9|
    |val_fu_158_p3          |    select|   0|  0|   32|           1|          32|
    |shl_ln18_fu_132_p2     |       shl|   0|  0|  240|          79|          79|
    +-----------------------+----------+----+---+-----+------------+------------+
    |Total                  |          |   0|  0|  623|         178|         279|
    +-----------------------+----------+----+---+-----+------------+------------+

    * Multiplexer: 
    N/A

    * Register: 
    N/A



================================================================
== Interface
================================================================
* Summary: 
+-----------+-----+-----+------------+------------------------+--------------+
| RTL Ports | Dir | Bits|  Protocol  |      Source Object     |    C Type    |
+-----------+-----+-----+------------+------------------------+--------------+
|ap_ready   |  out|    1|  ap_ctrl_hs|  __hls_fptosi_float_i32|  return value|
|ap_return  |  out|   32|  ap_ctrl_hs|  __hls_fptosi_float_i32|  return value|
|ap_rst     |   in|    1|  ap_ctrl_hs|  __hls_fptosi_float_i32|  return value|
|x          |   in|   32|     ap_none|                       x|        scalar|
+-----------+-----+-----+------------+------------------------+--------------+

