

================================================================
== Vitis HLS Report for 'hilbert_envelope_axis'
================================================================
* Date:           Mon Apr 13 17:25:39 2026

* Version:        2024.1 (Build 5069499 on May 21 2024)
* Project:        Envelope_Detector
* Solution:       hls (Vivado IP Flow Target)
* Product family: zynquplus
* Target device:  xczu3eg-sfvc784-2-e


================================================================
== Performance Estimates
================================================================
+ Timing: 
    * Summary: 
    +--------+----------+----------+------------+
    |  Clock |  Target  | Estimated| Uncertainty|
    +--------+----------+----------+------------+
    |ap_clk  |  10.00 ns|  6.624 ns|     2.70 ns|
    +--------+----------+----------+------------+

+ Latency: 
    * Summary: 
    +---------+---------+----------+----------+-----+-----+-----------------------------------------------+
    |  Latency (cycles) |  Latency (absolute) |  Interval |                    Pipeline                   |
    |   min   |   max   |    min   |    max   | min | max |                      Type                     |
    +---------+---------+----------+----------+-----+-----+-----------------------------------------------+
    |        ?|        ?|         ?|         ?|    0|    0|  loop auto-rewind stp(delay=0 clock cycles(s))|
    +---------+---------+----------+----------+-----+-----+-----------------------------------------------+

    + Detail: 
        * Instance: 
        N/A

        * Loop: 
        +-------------------+---------+---------+----------+-----------+-----------+------+----------+
        |                   |  Latency (cycles) | Iteration|  Initiation Interval  | Trip |          |
        |     Loop Name     |   min   |   max   |  Latency |  achieved |   target  | Count| Pipelined|
        +-------------------+---------+---------+----------+-----------+-----------+------+----------+
        |- VITIS_LOOP_59_1  |        ?|        ?|        17|          1|          1|     ?|       yes|
        +-------------------+---------+---------+----------+-----------+-----------+------+----------+

============================================================
+ Verbose Summary: Synthesis Manager
============================================================
InlineROM: 1
ExposeGlobal: 0
============================================================
+ Verbose Summary: CDFG Model
============================================================
IsTopModel: 1
ResetActiveHigh: 1
IsCombinational: 0
IsDatapathOnly: 0
HasWiredReturn: 1
HasMFsm: 2
HasVarLatency: 1
IsPipeline: 0
IsRtlPipelined: 0
IsInstanceOverlapped: 0
IsDontTouch: 0
HasImplIP: 0
IsGatedGlobalClock: 0

+ Individual pipeline summary: 
  * Pipeline-0: initiation interval (II) = 1, depth = 17


============================================================
+ Verbose Summary: Schedule
============================================================
* Number of FSM states : 17
* Pipeline : 1
  Pipeline-0 : II = 1, D = 17, States = { 1 2 3 4 5 6 7 8 9 10 11 12 13 14 15 16 17 }
* Dataflow Pipeline: 0

* FSM state transitions: 
1 --> 2 
2 --> 3 
3 --> 4 
4 --> 5 
5 --> 6 
6 --> 7 
7 --> 8 
8 --> 9 
9 --> 10 
10 --> 11 
11 --> 12 
12 --> 13 
13 --> 14 
14 --> 15 
15 --> 16 
16 --> 17 
17 --> 

* FSM state operations: 

State 1 <SV = 0> <Delay = 5.11>
ST_1 : Operation 20 [1/1] (0.00ns)   --->   "%spectopmodule_ln51 = spectopmodule void @_ssdm_op_SpecTopModule, void @empty_1" [hilbert.cpp:51]   --->   Operation 20 'spectopmodule' 'spectopmodule_ln51' <Predicate = true> <Delay = 0.00>
ST_1 : Operation 21 [1/1] (0.00ns)   --->   "%specinterface_ln51 = specinterface void @_ssdm_op_SpecInterface, i32 0, void @empty_0, i32 0, i32 0, void @empty_6, i32 0, i32 0, void @empty_6, void @empty_6, void @empty_6, i32 0, i32 0, i32 0, i32 0, void @empty_6, void @empty_6, i32 4294967295, i32 0, i32 0" [hilbert.cpp:51]   --->   Operation 21 'specinterface' 'specinterface_ln51' <Predicate = true> <Delay = 0.00>
ST_1 : Operation 22 [1/1] (0.00ns)   --->   "%specinterface_ln0 = specinterface void @_ssdm_op_SpecInterface, i32 %in_stream_V_data_V, i4 %in_stream_V_keep_V, i4 %in_stream_V_strb_V, i2 %in_stream_V_user_V, i1 %in_stream_V_last_V, i5 %in_stream_V_id_V, i6 %in_stream_V_dest_V, void @empty_4, i32 1, i32 1, void @empty_5, i32 0, i32 0, void @empty_6, void @empty_6, void @empty_6, i32 0, i32 0, i32 0, i32 0, void @empty_6, void @empty_6, i32 4294967295, i32 0, i32 0"   --->   Operation 22 'specinterface' 'specinterface_ln0' <Predicate = true> <Delay = 0.00>
ST_1 : Operation 23 [1/1] (0.00ns)   --->   "%specbitsmap_ln0 = specbitsmap void @_ssdm_op_SpecBitsMap, i32 %in_stream_V_data_V"   --->   Operation 23 'specbitsmap' 'specbitsmap_ln0' <Predicate = true> <Delay = 0.00>
ST_1 : Operation 24 [1/1] (0.00ns)   --->   "%specbitsmap_ln0 = specbitsmap void @_ssdm_op_SpecBitsMap, i4 %in_stream_V_keep_V"   --->   Operation 24 'specbitsmap' 'specbitsmap_ln0' <Predicate = true> <Delay = 0.00>
ST_1 : Operation 25 [1/1] (0.00ns)   --->   "%specbitsmap_ln0 = specbitsmap void @_ssdm_op_SpecBitsMap, i4 %in_stream_V_strb_V"   --->   Operation 25 'specbitsmap' 'specbitsmap_ln0' <Predicate = true> <Delay = 0.00>
ST_1 : Operation 26 [1/1] (0.00ns)   --->   "%specbitsmap_ln0 = specbitsmap void @_ssdm_op_SpecBitsMap, i2 %in_stream_V_user_V"   --->   Operation 26 'specbitsmap' 'specbitsmap_ln0' <Predicate = true> <Delay = 0.00>
ST_1 : Operation 27 [1/1] (0.00ns)   --->   "%specbitsmap_ln0 = specbitsmap void @_ssdm_op_SpecBitsMap, i1 %in_stream_V_last_V"   --->   Operation 27 'specbitsmap' 'specbitsmap_ln0' <Predicate = true> <Delay = 0.00>
ST_1 : Operation 28 [1/1] (0.00ns)   --->   "%specbitsmap_ln0 = specbitsmap void @_ssdm_op_SpecBitsMap, i5 %in_stream_V_id_V"   --->   Operation 28 'specbitsmap' 'specbitsmap_ln0' <Predicate = true> <Delay = 0.00>
ST_1 : Operation 29 [1/1] (0.00ns)   --->   "%specbitsmap_ln0 = specbitsmap void @_ssdm_op_SpecBitsMap, i6 %in_stream_V_dest_V"   --->   Operation 29 'specbitsmap' 'specbitsmap_ln0' <Predicate = true> <Delay = 0.00>
ST_1 : Operation 30 [1/1] (0.00ns)   --->   "%specinterface_ln0 = specinterface void @_ssdm_op_SpecInterface, i32 %out_stream_V_data_V, i4 %out_stream_V_keep_V, i4 %out_stream_V_strb_V, i2 %out_stream_V_user_V, i1 %out_stream_V_last_V, i5 %out_stream_V_id_V, i6 %out_stream_V_dest_V, void @empty_4, i32 1, i32 1, void @empty_5, i32 0, i32 0, void @empty_6, void @empty_6, void @empty_6, i32 0, i32 0, i32 0, i32 0, void @empty_6, void @empty_6, i32 4294967295, i32 0, i32 0"   --->   Operation 30 'specinterface' 'specinterface_ln0' <Predicate = true> <Delay = 0.00>
ST_1 : Operation 31 [1/1] (0.00ns)   --->   "%specbitsmap_ln0 = specbitsmap void @_ssdm_op_SpecBitsMap, i32 %out_stream_V_data_V"   --->   Operation 31 'specbitsmap' 'specbitsmap_ln0' <Predicate = true> <Delay = 0.00>
ST_1 : Operation 32 [1/1] (0.00ns)   --->   "%specbitsmap_ln0 = specbitsmap void @_ssdm_op_SpecBitsMap, i4 %out_stream_V_keep_V"   --->   Operation 32 'specbitsmap' 'specbitsmap_ln0' <Predicate = true> <Delay = 0.00>
ST_1 : Operation 33 [1/1] (0.00ns)   --->   "%specbitsmap_ln0 = specbitsmap void @_ssdm_op_SpecBitsMap, i4 %out_stream_V_strb_V"   --->   Operation 33 'specbitsmap' 'specbitsmap_ln0' <Predicate = true> <Delay = 0.00>
ST_1 : Operation 34 [1/1] (0.00ns)   --->   "%specbitsmap_ln0 = specbitsmap void @_ssdm_op_SpecBitsMap, i2 %out_stream_V_user_V"   --->   Operation 34 'specbitsmap' 'specbitsmap_ln0' <Predicate = true> <Delay = 0.00>
ST_1 : Operation 35 [1/1] (0.00ns)   --->   "%specbitsmap_ln0 = specbitsmap void @_ssdm_op_SpecBitsMap, i1 %out_stream_V_last_V"   --->   Operation 35 'specbitsmap' 'specbitsmap_ln0' <Predicate = true> <Delay = 0.00>
ST_1 : Operation 36 [1/1] (0.00ns)   --->   "%specbitsmap_ln0 = specbitsmap void @_ssdm_op_SpecBitsMap, i5 %out_stream_V_id_V"   --->   Operation 36 'specbitsmap' 'specbitsmap_ln0' <Predicate = true> <Delay = 0.00>
ST_1 : Operation 37 [1/1] (0.00ns)   --->   "%specbitsmap_ln0 = specbitsmap void @_ssdm_op_SpecBitsMap, i6 %out_stream_V_dest_V"   --->   Operation 37 'specbitsmap' 'specbitsmap_ln0' <Predicate = true> <Delay = 0.00>
ST_1 : Operation 38 [1/1] (0.00ns)   --->   "%specaxissidechannel_ln59 = specaxissidechannel void @_ssdm_op_SpecAXISSideChannel, i32 %out_stream_V_data_V, i4 %out_stream_V_keep_V, i4 %out_stream_V_strb_V, i2 %out_stream_V_user_V, i1 %out_stream_V_last_V, i5 %out_stream_V_id_V, i6 %out_stream_V_dest_V, void @empty_3" [hilbert.cpp:59]   --->   Operation 38 'specaxissidechannel' 'specaxissidechannel_ln59' <Predicate = true> <Delay = 0.00>
ST_1 : Operation 39 [1/1] (0.00ns)   --->   "%specaxissidechannel_ln59 = specaxissidechannel void @_ssdm_op_SpecAXISSideChannel, i32 %in_stream_V_data_V, i4 %in_stream_V_keep_V, i4 %in_stream_V_strb_V, i2 %in_stream_V_user_V, i1 %in_stream_V_last_V, i5 %in_stream_V_id_V, i6 %in_stream_V_dest_V, void @empty_2" [hilbert.cpp:59]   --->   Operation 39 'specaxissidechannel' 'specaxissidechannel_ln59' <Predicate = true> <Delay = 0.00>
ST_1 : Operation 40 [1/1] (0.00ns)   --->   "%br_ln59 = br void %while.body" [hilbert.cpp:59]   --->   Operation 40 'br' 'br_ln59' <Predicate = true> <Delay = 0.00>
ST_1 : Operation 41 [1/1] (0.07ns)   --->   "%empty = read i54 @_ssdm_op_Read.axis.volatile.i32P0A.i4P0A.i4P0A.i2P0A.i1P0A.i5P0A.i6P0A, i32 %in_stream_V_data_V, i4 %in_stream_V_keep_V, i4 %in_stream_V_strb_V, i2 %in_stream_V_user_V, i1 %in_stream_V_last_V, i5 %in_stream_V_id_V, i6 %in_stream_V_dest_V" [hilbert.cpp:62]   --->   Operation 41 'read' 'empty' <Predicate = true> <Delay = 0.07> <CoreInst = "regslice">   --->   Core 148 'regslice' <Latency = 0> <II = 1> <Delay = 0.65> <Adapter> <Opcode : 'read' 'write'>
ST_1 : Operation 42 [1/1] (0.00ns)   --->   "%tmp_data_1 = extractvalue i54 %empty" [hilbert.cpp:62]   --->   Operation 42 'extractvalue' 'tmp_data_1' <Predicate = true> <Delay = 0.00>
ST_1 : Operation 43 [1/1] (0.00ns)   --->   "%tmp_keep = extractvalue i54 %empty" [hilbert.cpp:62]   --->   Operation 43 'extractvalue' 'tmp_keep' <Predicate = true> <Delay = 0.00>
ST_1 : Operation 44 [1/1] (0.00ns)   --->   "%tmp_strb = extractvalue i54 %empty" [hilbert.cpp:62]   --->   Operation 44 'extractvalue' 'tmp_strb' <Predicate = true> <Delay = 0.00>
ST_1 : Operation 45 [1/1] (0.00ns)   --->   "%tmp_user = extractvalue i54 %empty" [hilbert.cpp:62]   --->   Operation 45 'extractvalue' 'tmp_user' <Predicate = true> <Delay = 0.00>
ST_1 : Operation 46 [1/1] (0.00ns)   --->   "%tmp_last = extractvalue i54 %empty" [hilbert.cpp:62]   --->   Operation 46 'extractvalue' 'tmp_last' <Predicate = true> <Delay = 0.00>
ST_1 : Operation 47 [1/1] (0.00ns)   --->   "%tmp_id = extractvalue i54 %empty" [hilbert.cpp:62]   --->   Operation 47 'extractvalue' 'tmp_id' <Predicate = true> <Delay = 0.00>
ST_1 : Operation 48 [1/1] (0.00ns)   --->   "%tmp_dest = extractvalue i54 %empty" [hilbert.cpp:62]   --->   Operation 48 'extractvalue' 'tmp_dest' <Predicate = true> <Delay = 0.00>
ST_1 : Operation 49 [1/1] (0.00ns)   --->   "%hilbert_int_int_x = load i32 %p_ZZL7hilbertiRiE1x_23" [hilbert.cpp:30->hilbert.cpp:66]   --->   Operation 49 'load' 'hilbert_int_int_x' <Predicate = true> <Delay = 0.00>
ST_1 : Operation 50 [1/1] (0.00ns)   --->   "%hilbert_int_int_x_15 = load i32 %p_ZZL7hilbertiRiE1x_22" [hilbert.cpp:30->hilbert.cpp:66]   --->   Operation 50 'load' 'hilbert_int_int_x_15' <Predicate = true> <Delay = 0.00>
ST_1 : Operation 51 [1/1] (0.00ns)   --->   "%store_ln30 = store i32 %hilbert_int_int_x_15, i32 %p_ZZL7hilbertiRiE1x_23" [hilbert.cpp:30->hilbert.cpp:66]   --->   Operation 51 'store' 'store_ln30' <Predicate = true> <Delay = 0.00>
ST_1 : Operation 52 [1/1] (0.00ns)   --->   "%hilbert_int_int_x_16 = load i32 %p_ZZL7hilbertiRiE1x_21" [hilbert.cpp:30->hilbert.cpp:66]   --->   Operation 52 'load' 'hilbert_int_int_x_16' <Predicate = true> <Delay = 0.00>
ST_1 : Operation 53 [1/1] (0.00ns)   --->   "%store_ln30 = store i32 %hilbert_int_int_x_16, i32 %p_ZZL7hilbertiRiE1x_22" [hilbert.cpp:30->hilbert.cpp:66]   --->   Operation 53 'store' 'store_ln30' <Predicate = true> <Delay = 0.00>
ST_1 : Operation 54 [1/1] (0.00ns)   --->   "%p_ZZL7hilbertiRiE1x_20_load = load i32 %p_ZZL7hilbertiRiE1x_20" [hilbert.cpp:30->hilbert.cpp:66]   --->   Operation 54 'load' 'p_ZZL7hilbertiRiE1x_20_load' <Predicate = true> <Delay = 0.00>
ST_1 : Operation 55 [1/1] (0.00ns)   --->   "%store_ln30 = store i32 %p_ZZL7hilbertiRiE1x_20_load, i32 %p_ZZL7hilbertiRiE1x_21" [hilbert.cpp:30->hilbert.cpp:66]   --->   Operation 55 'store' 'store_ln30' <Predicate = true> <Delay = 0.00>
ST_1 : Operation 56 [1/1] (0.00ns)   --->   "%p_ZZL7hilbertiRiE1x_19_load = load i32 %p_ZZL7hilbertiRiE1x_19" [hilbert.cpp:30->hilbert.cpp:66]   --->   Operation 56 'load' 'p_ZZL7hilbertiRiE1x_19_load' <Predicate = true> <Delay = 0.00>
ST_1 : Operation 57 [1/1] (0.00ns)   --->   "%store_ln30 = store i32 %p_ZZL7hilbertiRiE1x_19_load, i32 %p_ZZL7hilbertiRiE1x_20" [hilbert.cpp:30->hilbert.cpp:66]   --->   Operation 57 'store' 'store_ln30' <Predicate = true> <Delay = 0.00>
ST_1 : Operation 58 [1/1] (0.00ns)   --->   "%p_ZZL7hilbertiRiE1x_18_load = load i32 %p_ZZL7hilbertiRiE1x_18" [hilbert.cpp:30->hilbert.cpp:66]   --->   Operation 58 'load' 'p_ZZL7hilbertiRiE1x_18_load' <Predicate = true> <Delay = 0.00>
ST_1 : Operation 59 [1/1] (0.00ns)   --->   "%store_ln30 = store i32 %p_ZZL7hilbertiRiE1x_18_load, i32 %p_ZZL7hilbertiRiE1x_19" [hilbert.cpp:30->hilbert.cpp:66]   --->   Operation 59 'store' 'store_ln30' <Predicate = true> <Delay = 0.00>
ST_1 : Operation 60 [1/1] (0.00ns)   --->   "%p_ZZL7hilbertiRiE1x_17_load = load i32 %p_ZZL7hilbertiRiE1x_17" [hilbert.cpp:30->hilbert.cpp:66]   --->   Operation 60 'load' 'p_ZZL7hilbertiRiE1x_17_load' <Predicate = true> <Delay = 0.00>
ST_1 : Operation 61 [1/1] (0.00ns)   --->   "%store_ln30 = store i32 %p_ZZL7hilbertiRiE1x_17_load, i32 %p_ZZL7hilbertiRiE1x_18" [hilbert.cpp:30->hilbert.cpp:66]   --->   Operation 61 'store' 'store_ln30' <Predicate = true> <Delay = 0.00>
ST_1 : Operation 62 [1/1] (0.00ns)   --->   "%p_ZZL7hilbertiRiE1x_16_load = load i32 %p_ZZL7hilbertiRiE1x_16" [hilbert.cpp:30->hilbert.cpp:66]   --->   Operation 62 'load' 'p_ZZL7hilbertiRiE1x_16_load' <Predicate = true> <Delay = 0.00>
ST_1 : Operation 63 [1/1] (0.00ns)   --->   "%store_ln30 = store i32 %p_ZZL7hilbertiRiE1x_16_load, i32 %p_ZZL7hilbertiRiE1x_17" [hilbert.cpp:30->hilbert.cpp:66]   --->   Operation 63 'store' 'store_ln30' <Predicate = true> <Delay = 0.00>
ST_1 : Operation 64 [1/1] (0.00ns)   --->   "%hilbert_int_int_x_17 = load i32 %p_ZZL7hilbertiRiE1x_15" [hilbert.cpp:30->hilbert.cpp:66]   --->   Operation 64 'load' 'hilbert_int_int_x_17' <Predicate = true> <Delay = 0.00>
ST_1 : Operation 65 [1/1] (0.00ns)   --->   "%store_ln30 = store i32 %hilbert_int_int_x_17, i32 %p_ZZL7hilbertiRiE1x_16" [hilbert.cpp:30->hilbert.cpp:66]   --->   Operation 65 'store' 'store_ln30' <Predicate = true> <Delay = 0.00>
ST_1 : Operation 66 [1/1] (0.00ns)   --->   "%hilbert_int_int_x_18 = load i32 %p_ZZL7hilbertiRiE1x_14" [hilbert.cpp:30->hilbert.cpp:66]   --->   Operation 66 'load' 'hilbert_int_int_x_18' <Predicate = true> <Delay = 0.00>
ST_1 : Operation 67 [1/1] (0.00ns)   --->   "%store_ln30 = store i32 %hilbert_int_int_x_18, i32 %p_ZZL7hilbertiRiE1x_15" [hilbert.cpp:30->hilbert.cpp:66]   --->   Operation 67 'store' 'store_ln30' <Predicate = true> <Delay = 0.00>
ST_1 : Operation 68 [1/1] (0.00ns)   --->   "%hilbert_int_int_x_19 = load i32 %p_ZZL7hilbertiRiE1x_13" [hilbert.cpp:30->hilbert.cpp:66]   --->   Operation 68 'load' 'hilbert_int_int_x_19' <Predicate = true> <Delay = 0.00>
ST_1 : Operation 69 [1/1] (0.00ns)   --->   "%store_ln30 = store i32 %hilbert_int_int_x_19, i32 %p_ZZL7hilbertiRiE1x_14" [hilbert.cpp:30->hilbert.cpp:66]   --->   Operation 69 'store' 'store_ln30' <Predicate = true> <Delay = 0.00>
ST_1 : Operation 70 [1/1] (0.00ns)   --->   "%hilbert_int_int_x_20 = load i32 %p_ZZL7hilbertiRiE1x_12" [hilbert.cpp:30->hilbert.cpp:66]   --->   Operation 70 'load' 'hilbert_int_int_x_20' <Predicate = true> <Delay = 0.00>
ST_1 : Operation 71 [1/1] (0.00ns)   --->   "%store_ln30 = store i32 %hilbert_int_int_x_20, i32 %p_ZZL7hilbertiRiE1x_13" [hilbert.cpp:30->hilbert.cpp:66]   --->   Operation 71 'store' 'store_ln30' <Predicate = true> <Delay = 0.00>
ST_1 : Operation 72 [1/1] (0.00ns)   --->   "%I_path = load i32 %p_ZZL7hilbertiRiE1x_11" [hilbert.cpp:30->hilbert.cpp:66]   --->   Operation 72 'load' 'I_path' <Predicate = true> <Delay = 0.00>
ST_1 : Operation 73 [1/1] (0.00ns)   --->   "%store_ln30 = store i32 %I_path, i32 %p_ZZL7hilbertiRiE1x_12" [hilbert.cpp:30->hilbert.cpp:66]   --->   Operation 73 'store' 'store_ln30' <Predicate = true> <Delay = 0.00>
ST_1 : Operation 74 [1/1] (0.00ns)   --->   "%p_ZZL7hilbertiRiE1x_10_load = load i32 %p_ZZL7hilbertiRiE1x_10" [hilbert.cpp:30->hilbert.cpp:66]   --->   Operation 74 'load' 'p_ZZL7hilbertiRiE1x_10_load' <Predicate = true> <Delay = 0.00>
ST_1 : Operation 75 [1/1] (0.00ns)   --->   "%store_ln30 = store i32 %p_ZZL7hilbertiRiE1x_10_load, i32 %p_ZZL7hilbertiRiE1x_11" [hilbert.cpp:30->hilbert.cpp:66]   --->   Operation 75 'store' 'store_ln30' <Predicate = true> <Delay = 0.00>
ST_1 : Operation 76 [1/1] (0.00ns)   --->   "%hilbert_int_int_x_9_load = load i32 %hilbert_int_int_x_9" [hilbert.cpp:30->hilbert.cpp:66]   --->   Operation 76 'load' 'hilbert_int_int_x_9_load' <Predicate = true> <Delay = 0.00>
ST_1 : Operation 77 [1/1] (0.00ns)   --->   "%store_ln30 = store i32 %hilbert_int_int_x_9_load, i32 %p_ZZL7hilbertiRiE1x_10" [hilbert.cpp:30->hilbert.cpp:66]   --->   Operation 77 'store' 'store_ln30' <Predicate = true> <Delay = 0.00>
ST_1 : Operation 78 [1/1] (0.00ns)   --->   "%hilbert_int_int_x_8_load = load i32 %hilbert_int_int_x_8" [hilbert.cpp:30->hilbert.cpp:66]   --->   Operation 78 'load' 'hilbert_int_int_x_8_load' <Predicate = true> <Delay = 0.00>
ST_1 : Operation 79 [1/1] (0.00ns)   --->   "%store_ln30 = store i32 %hilbert_int_int_x_8_load, i32 %hilbert_int_int_x_9" [hilbert.cpp:30->hilbert.cpp:66]   --->   Operation 79 'store' 'store_ln30' <Predicate = true> <Delay = 0.00>
ST_1 : Operation 80 [1/1] (0.00ns)   --->   "%hilbert_int_int_x_7_load = load i32 %hilbert_int_int_x_7" [hilbert.cpp:30->hilbert.cpp:66]   --->   Operation 80 'load' 'hilbert_int_int_x_7_load' <Predicate = true> <Delay = 0.00>
ST_1 : Operation 81 [1/1] (0.00ns)   --->   "%store_ln30 = store i32 %hilbert_int_int_x_7_load, i32 %hilbert_int_int_x_8" [hilbert.cpp:30->hilbert.cpp:66]   --->   Operation 81 'store' 'store_ln30' <Predicate = true> <Delay = 0.00>
ST_1 : Operation 82 [1/1] (0.00ns)   --->   "%hilbert_int_int_x_6_load = load i32 %hilbert_int_int_x_6" [hilbert.cpp:30->hilbert.cpp:66]   --->   Operation 82 'load' 'hilbert_int_int_x_6_load' <Predicate = true> <Delay = 0.00>
ST_1 : Operation 83 [1/1] (0.00ns)   --->   "%store_ln30 = store i32 %hilbert_int_int_x_6_load, i32 %hilbert_int_int_x_7" [hilbert.cpp:30->hilbert.cpp:66]   --->   Operation 83 'store' 'store_ln30' <Predicate = true> <Delay = 0.00>
ST_1 : Operation 84 [1/1] (0.00ns)   --->   "%hilbert_int_int_x_5_load = load i32 %hilbert_int_int_x_5" [hilbert.cpp:30->hilbert.cpp:66]   --->   Operation 84 'load' 'hilbert_int_int_x_5_load' <Predicate = true> <Delay = 0.00>
ST_1 : Operation 85 [1/1] (0.00ns)   --->   "%store_ln30 = store i32 %hilbert_int_int_x_5_load, i32 %hilbert_int_int_x_6" [hilbert.cpp:30->hilbert.cpp:66]   --->   Operation 85 'store' 'store_ln30' <Predicate = true> <Delay = 0.00>
ST_1 : Operation 86 [1/1] (0.00ns)   --->   "%hilbert_int_int_x_4_load = load i32 %hilbert_int_int_x_4" [hilbert.cpp:30->hilbert.cpp:66]   --->   Operation 86 'load' 'hilbert_int_int_x_4_load' <Predicate = true> <Delay = 0.00>
ST_1 : Operation 87 [1/1] (0.00ns)   --->   "%store_ln30 = store i32 %hilbert_int_int_x_4_load, i32 %hilbert_int_int_x_5" [hilbert.cpp:30->hilbert.cpp:66]   --->   Operation 87 'store' 'store_ln30' <Predicate = true> <Delay = 0.00>
ST_1 : Operation 88 [1/1] (0.00ns)   --->   "%hilbert_int_int_x_3_load = load i32 %hilbert_int_int_x_3" [hilbert.cpp:30->hilbert.cpp:66]   --->   Operation 88 'load' 'hilbert_int_int_x_3_load' <Predicate = true> <Delay = 0.00>
ST_1 : Operation 89 [1/1] (0.00ns)   --->   "%store_ln30 = store i32 %hilbert_int_int_x_3_load, i32 %hilbert_int_int_x_4" [hilbert.cpp:30->hilbert.cpp:66]   --->   Operation 89 'store' 'store_ln30' <Predicate = true> <Delay = 0.00>
ST_1 : Operation 90 [1/1] (0.00ns)   --->   "%hilbert_int_int_x_2_load = load i32 %hilbert_int_int_x_2" [hilbert.cpp:30->hilbert.cpp:66]   --->   Operation 90 'load' 'hilbert_int_int_x_2_load' <Predicate = true> <Delay = 0.00>
ST_1 : Operation 91 [1/1] (0.00ns)   --->   "%store_ln30 = store i32 %hilbert_int_int_x_2_load, i32 %hilbert_int_int_x_3" [hilbert.cpp:30->hilbert.cpp:66]   --->   Operation 91 'store' 'store_ln30' <Predicate = true> <Delay = 0.00>
ST_1 : Operation 92 [1/1] (0.00ns)   --->   "%hilbert_int_int_x_1_load = load i32 %hilbert_int_int_x_1" [hilbert.cpp:30->hilbert.cpp:66]   --->   Operation 92 'load' 'hilbert_int_int_x_1_load' <Predicate = true> <Delay = 0.00>
ST_1 : Operation 93 [1/1] (0.00ns)   --->   "%store_ln30 = store i32 %hilbert_int_int_x_1_load, i32 %hilbert_int_int_x_2" [hilbert.cpp:30->hilbert.cpp:66]   --->   Operation 93 'store' 'store_ln30' <Predicate = true> <Delay = 0.00>
ST_1 : Operation 94 [1/1] (0.00ns)   --->   "%hilbert_int_int_x_load = load i32 %hilbert_int_int_x" [hilbert.cpp:30->hilbert.cpp:66]   --->   Operation 94 'load' 'hilbert_int_int_x_load' <Predicate = true> <Delay = 0.00>
ST_1 : Operation 95 [1/1] (0.00ns)   --->   "%store_ln30 = store i32 %hilbert_int_int_x_load, i32 %hilbert_int_int_x_1" [hilbert.cpp:30->hilbert.cpp:66]   --->   Operation 95 'store' 'store_ln30' <Predicate = true> <Delay = 0.00>
ST_1 : Operation 96 [1/1] (0.00ns)   --->   "%store_ln32 = store i32 %tmp_data_1, i32 %hilbert_int_int_x" [hilbert.cpp:32->hilbert.cpp:66]   --->   Operation 96 'store' 'store_ln32' <Predicate = true> <Delay = 0.00>
ST_1 : Operation 97 [1/1] (1.01ns)   --->   "%sub_ln37 = sub i32 %hilbert_int_int_x, i32 %tmp_data_1" [hilbert.cpp:37->hilbert.cpp:66]   --->   Operation 97 'sub' 'sub_ln37' <Predicate = true> <Delay = 1.01> <CoreInst = "Adder">   --->   Core 1 'Adder' <Latency = 0> <II = 1> <Delay = 1.01> <FuncUnit> <Opcode : 'add' 'sub'> <InPorts = 2> <OutPorts = 1>
ST_1 : Operation 98 [1/1] (0.00ns)   --->   "%sext_ln38 = sext i32 %sub_ln37" [hilbert.cpp:38->hilbert.cpp:66]   --->   Operation 98 'sext' 'sext_ln38' <Predicate = true> <Delay = 0.00>
ST_1 : Operation 99 [1/1] (1.01ns)   --->   "%sub_ln38 = sub i32 %hilbert_int_int_x_16, i32 %hilbert_int_int_x_1_load" [hilbert.cpp:38->hilbert.cpp:66]   --->   Operation 99 'sub' 'sub_ln38' <Predicate = true> <Delay = 1.01> <CoreInst = "Adder">   --->   Core 1 'Adder' <Latency = 0> <II = 1> <Delay = 1.01> <FuncUnit> <Opcode : 'add' 'sub'> <InPorts = 2> <OutPorts = 1>
ST_1 : Operation 100 [1/1] (0.00ns)   --->   "%sext_ln39 = sext i32 %sub_ln38" [hilbert.cpp:39->hilbert.cpp:66]   --->   Operation 100 'sext' 'sext_ln39' <Predicate = true> <Delay = 0.00>
ST_1 : Operation 101 [1/1] (1.01ns)   --->   "%sub_ln39 = sub i32 %p_ZZL7hilbertiRiE1x_19_load, i32 %hilbert_int_int_x_3_load" [hilbert.cpp:39->hilbert.cpp:66]   --->   Operation 101 'sub' 'sub_ln39' <Predicate = true> <Delay = 1.01> <CoreInst = "Adder">   --->   Core 1 'Adder' <Latency = 0> <II = 1> <Delay = 1.01> <FuncUnit> <Opcode : 'add' 'sub'> <InPorts = 2> <OutPorts = 1>
ST_1 : Operation 102 [1/1] (0.00ns)   --->   "%sext_ln40 = sext i32 %sub_ln39" [hilbert.cpp:40->hilbert.cpp:66]   --->   Operation 102 'sext' 'sext_ln40' <Predicate = true> <Delay = 0.00>
ST_1 : Operation 103 [1/1] (1.01ns)   --->   "%sub_ln40 = sub i32 %p_ZZL7hilbertiRiE1x_17_load, i32 %hilbert_int_int_x_5_load" [hilbert.cpp:40->hilbert.cpp:66]   --->   Operation 103 'sub' 'sub_ln40' <Predicate = true> <Delay = 1.01> <CoreInst = "Adder">   --->   Core 1 'Adder' <Latency = 0> <II = 1> <Delay = 1.01> <FuncUnit> <Opcode : 'add' 'sub'> <InPorts = 2> <OutPorts = 1>
ST_1 : Operation 104 [1/1] (0.00ns)   --->   "%sext_ln41 = sext i32 %sub_ln40" [hilbert.cpp:41->hilbert.cpp:66]   --->   Operation 104 'sext' 'sext_ln41' <Predicate = true> <Delay = 0.00>
ST_1 : Operation 105 [1/1] (1.01ns)   --->   "%sub_ln41 = sub i32 %hilbert_int_int_x_17, i32 %hilbert_int_int_x_7_load" [hilbert.cpp:41->hilbert.cpp:66]   --->   Operation 105 'sub' 'sub_ln41' <Predicate = true> <Delay = 1.01> <CoreInst = "Adder">   --->   Core 1 'Adder' <Latency = 0> <II = 1> <Delay = 1.01> <FuncUnit> <Opcode : 'add' 'sub'> <InPorts = 2> <OutPorts = 1>
ST_1 : Operation 106 [1/1] (1.01ns)   --->   "%sub_ln42 = sub i32 %hilbert_int_int_x_19, i32 %hilbert_int_int_x_9_load" [hilbert.cpp:42->hilbert.cpp:66]   --->   Operation 106 'sub' 'sub_ln42' <Predicate = true> <Delay = 1.01> <CoreInst = "Adder">   --->   Core 1 'Adder' <Latency = 0> <II = 1> <Delay = 1.01> <FuncUnit> <Opcode : 'add' 'sub'> <InPorts = 2> <OutPorts = 1>
ST_1 : Operation 107 [1/1] (0.00ns)   --->   "%tmp = bitconcatenate i42 @_ssdm_op_BitConcatenate.i42.i32.i10, i32 %sub_ln39, i10 0" [hilbert.cpp:45->hilbert.cpp:66]   --->   Operation 107 'bitconcatenate' 'tmp' <Predicate = true> <Delay = 0.00>
ST_1 : Operation 108 [1/1] (0.00ns)   --->   "%sext_ln45 = sext i42 %tmp" [hilbert.cpp:45->hilbert.cpp:66]   --->   Operation 108 'sext' 'sext_ln45' <Predicate = true> <Delay = 0.00>
ST_1 : Operation 109 [1/1] (0.00ns)   --->   "%tmp_1 = bitconcatenate i39 @_ssdm_op_BitConcatenate.i39.i32.i7, i32 %sub_ln39, i7 0" [hilbert.cpp:45->hilbert.cpp:66]   --->   Operation 109 'bitconcatenate' 'tmp_1' <Predicate = true> <Delay = 0.00>
ST_1 : Operation 110 [1/1] (0.00ns)   --->   "%sext_ln45_1 = sext i39 %tmp_1" [hilbert.cpp:45->hilbert.cpp:66]   --->   Operation 110 'sext' 'sext_ln45_1' <Predicate = true> <Delay = 0.00>
ST_1 : Operation 111 [1/1] (1.04ns)   --->   "%sub_ln45_2 = sub i43 %sext_ln45, i43 %sext_ln45_1" [hilbert.cpp:45->hilbert.cpp:66]   --->   Operation 111 'sub' 'sub_ln45_2' <Predicate = true> <Delay = 1.04> <CoreInst = "Adder">   --->   Core 1 'Adder' <Latency = 0> <II = 1> <Delay = 1.04> <FuncUnit> <Opcode : 'add' 'sub'> <InPorts = 2> <OutPorts = 1>
ST_1 : Operation 112 [1/1] (0.00ns)   --->   "%tmp_5 = bitconcatenate i36 @_ssdm_op_BitConcatenate.i36.i32.i4, i32 %sub_ln39, i4 0" [hilbert.cpp:45->hilbert.cpp:66]   --->   Operation 112 'bitconcatenate' 'tmp_5' <Predicate = true> <Delay = 0.00>
ST_1 : Operation 113 [1/1] (0.00ns)   --->   "%sext_ln45_7 = sext i36 %tmp_5" [hilbert.cpp:45->hilbert.cpp:66]   --->   Operation 113 'sext' 'sext_ln45_7' <Predicate = true> <Delay = 0.00>
ST_1 : Operation 114 [1/1] (0.00ns) (grouped into TernaryAdder)   --->   "%add_ln45_5 = add i43 %sub_ln45_2, i43 %sext_ln45_7" [hilbert.cpp:45->hilbert.cpp:66]   --->   Operation 114 'add' 'add_ln45_5' <Predicate = true> <Delay = 0.00> <CoreInst = "TAddSub">   --->   Core 10 'TAddSub' <Latency = 0> <II = 1> <Delay = 0.38> <IPBlock> <Opcode : '' 'add' 'sub'> <InPorts = 3> <OutPorts = 1> <Sync> <CReg>
ST_1 : Operation 115 [1/1] (0.00ns)   --->   "%tmp_6 = bitconcatenate i34 @_ssdm_op_BitConcatenate.i34.i32.i2, i32 %sub_ln39, i2 0" [hilbert.cpp:45->hilbert.cpp:66]   --->   Operation 115 'bitconcatenate' 'tmp_6' <Predicate = true> <Delay = 0.00>
ST_1 : Operation 116 [1/1] (0.00ns)   --->   "%sext_ln45_8 = sext i34 %tmp_6" [hilbert.cpp:45->hilbert.cpp:66]   --->   Operation 116 'sext' 'sext_ln45_8' <Predicate = true> <Delay = 0.00>
ST_1 : Operation 117 [1/1] (0.75ns) (root node of TernaryAdder)   --->   "%sub_ln45_3 = sub i43 %add_ln45_5, i43 %sext_ln45_8" [hilbert.cpp:45->hilbert.cpp:66]   --->   Operation 117 'sub' 'sub_ln45_3' <Predicate = true> <Delay = 0.75> <CoreInst = "TAddSub">   --->   Core 10 'TAddSub' <Latency = 0> <II = 1> <Delay = 0.38> <IPBlock> <Opcode : '' 'add' 'sub'> <InPorts = 3> <OutPorts = 1> <Sync> <CReg>
ST_1 : Operation 118 [1/1] (0.00ns) (grouped into TernaryAdder)   --->   "%add_ln45_6 = add i43 %sub_ln45_3, i43 %sext_ln40" [hilbert.cpp:45->hilbert.cpp:66]   --->   Operation 118 'add' 'add_ln45_6' <Predicate = true> <Delay = 0.00> <CoreInst = "TAddSub">   --->   Core 10 'TAddSub' <Latency = 0> <II = 1> <Delay = 0.38> <IPBlock> <Opcode : '' 'add' 'sub'> <InPorts = 3> <OutPorts = 1> <Sync> <CReg>
ST_1 : Operation 119 [1/1] (0.00ns)   --->   "%tmp_7 = bitconcatenate i41 @_ssdm_op_BitConcatenate.i41.i32.i9, i32 %sub_ln37, i9 0" [hilbert.cpp:45->hilbert.cpp:66]   --->   Operation 119 'bitconcatenate' 'tmp_7' <Predicate = true> <Delay = 0.00>
ST_1 : Operation 120 [1/1] (0.00ns)   --->   "%sext_ln45_9 = sext i41 %tmp_7" [hilbert.cpp:45->hilbert.cpp:66]   --->   Operation 120 'sext' 'sext_ln45_9' <Predicate = true> <Delay = 0.00>
ST_1 : Operation 121 [1/1] (0.00ns)   --->   "%tmp_8 = bitconcatenate i38 @_ssdm_op_BitConcatenate.i38.i32.i6, i32 %sub_ln37, i6 0" [hilbert.cpp:45->hilbert.cpp:66]   --->   Operation 121 'bitconcatenate' 'tmp_8' <Predicate = true> <Delay = 0.00>
ST_1 : Operation 122 [1/1] (0.00ns)   --->   "%sext_ln45_10 = sext i38 %tmp_8" [hilbert.cpp:45->hilbert.cpp:66]   --->   Operation 122 'sext' 'sext_ln45_10' <Predicate = true> <Delay = 0.00>
ST_1 : Operation 123 [1/1] (1.04ns)   --->   "%add_ln45_7 = add i43 %sext_ln45_9, i43 %sext_ln45_10" [hilbert.cpp:45->hilbert.cpp:66]   --->   Operation 123 'add' 'add_ln45_7' <Predicate = true> <Delay = 1.04> <CoreInst = "Adder">   --->   Core 1 'Adder' <Latency = 0> <II = 1> <Delay = 1.04> <FuncUnit> <Opcode : 'add' 'sub'> <InPorts = 2> <OutPorts = 1>
ST_1 : Operation 124 [1/1] (0.00ns)   --->   "%tmp_9 = bitconcatenate i34 @_ssdm_op_BitConcatenate.i34.i32.i2, i32 %sub_ln37, i2 0" [hilbert.cpp:45->hilbert.cpp:66]   --->   Operation 124 'bitconcatenate' 'tmp_9' <Predicate = true> <Delay = 0.00>
ST_1 : Operation 125 [1/1] (0.00ns)   --->   "%sext_ln45_11 = sext i34 %tmp_9" [hilbert.cpp:45->hilbert.cpp:66]   --->   Operation 125 'sext' 'sext_ln45_11' <Predicate = true> <Delay = 0.00>
ST_1 : Operation 126 [1/1] (0.00ns) (grouped into TernaryAdder)   --->   "%add_ln45_8 = add i43 %add_ln45_7, i43 %sext_ln45_11" [hilbert.cpp:45->hilbert.cpp:66]   --->   Operation 126 'add' 'add_ln45_8' <Predicate = true> <Delay = 0.00> <CoreInst = "TAddSub">   --->   Core 10 'TAddSub' <Latency = 0> <II = 1> <Delay = 0.38> <IPBlock> <Opcode : '' 'add' 'sub'> <InPorts = 3> <OutPorts = 1> <Sync> <CReg>
ST_1 : Operation 127 [1/1] (0.75ns) (root node of TernaryAdder)   --->   "%sub_ln45_4 = sub i43 %add_ln45_8, i43 %sext_ln38" [hilbert.cpp:45->hilbert.cpp:66]   --->   Operation 127 'sub' 'sub_ln45_4' <Predicate = true> <Delay = 0.75> <CoreInst = "TAddSub">   --->   Core 10 'TAddSub' <Latency = 0> <II = 1> <Delay = 0.38> <IPBlock> <Opcode : '' 'add' 'sub'> <InPorts = 3> <OutPorts = 1> <Sync> <CReg>
ST_1 : Operation 128 [1/1] (0.00ns)   --->   "%sext_ln45_2 = sext i43 %sub_ln45_4" [hilbert.cpp:45->hilbert.cpp:66]   --->   Operation 128 'sext' 'sext_ln45_2' <Predicate = true> <Delay = 0.00>
ST_1 : Operation 129 [1/1] (0.00ns)   --->   "%tmp_10 = bitconcatenate i43 @_ssdm_op_BitConcatenate.i43.i32.i11, i32 %sub_ln41, i11 0" [hilbert.cpp:45->hilbert.cpp:66]   --->   Operation 129 'bitconcatenate' 'tmp_10' <Predicate = true> <Delay = 0.00>
ST_1 : Operation 130 [1/1] (0.00ns)   --->   "%sext_ln45_12 = sext i43 %tmp_10" [hilbert.cpp:45->hilbert.cpp:66]   --->   Operation 130 'sext' 'sext_ln45_12' <Predicate = true> <Delay = 0.00>
ST_1 : Operation 131 [1/1] (0.00ns)   --->   "%tmp_11 = bitconcatenate i38 @_ssdm_op_BitConcatenate.i38.i32.i6, i32 %sub_ln41, i6 0" [hilbert.cpp:45->hilbert.cpp:66]   --->   Operation 131 'bitconcatenate' 'tmp_11' <Predicate = true> <Delay = 0.00>
ST_1 : Operation 132 [1/1] (0.00ns)   --->   "%sext_ln45_13 = sext i38 %tmp_11" [hilbert.cpp:45->hilbert.cpp:66]   --->   Operation 132 'sext' 'sext_ln45_13' <Predicate = true> <Delay = 0.00>
ST_1 : Operation 133 [1/1] (0.00ns) (grouped into TernaryAdder)   --->   "%add_ln45_9 = add i44 %sext_ln45_12, i44 %sext_ln45_13" [hilbert.cpp:45->hilbert.cpp:66]   --->   Operation 133 'add' 'add_ln45_9' <Predicate = true> <Delay = 0.00> <CoreInst = "TAddSub">   --->   Core 10 'TAddSub' <Latency = 0> <II = 1> <Delay = 0.38> <IPBlock> <Opcode : '' 'add' 'sub'> <InPorts = 3> <OutPorts = 1> <Sync> <CReg>
ST_1 : Operation 134 [1/1] (0.00ns)   --->   "%tmp_12 = bitconcatenate i35 @_ssdm_op_BitConcatenate.i35.i32.i3, i32 %sub_ln41, i3 0" [hilbert.cpp:45->hilbert.cpp:66]   --->   Operation 134 'bitconcatenate' 'tmp_12' <Predicate = true> <Delay = 0.00>
ST_1 : Operation 135 [1/1] (0.00ns)   --->   "%sext_ln45_14 = sext i35 %tmp_12" [hilbert.cpp:45->hilbert.cpp:66]   --->   Operation 135 'sext' 'sext_ln45_14' <Predicate = true> <Delay = 0.00>
ST_1 : Operation 136 [1/1] (0.76ns) (root node of TernaryAdder)   --->   "%add_ln45_10 = add i44 %add_ln45_9, i44 %sext_ln45_14" [hilbert.cpp:45->hilbert.cpp:66]   --->   Operation 136 'add' 'add_ln45_10' <Predicate = true> <Delay = 0.76> <CoreInst = "TAddSub">   --->   Core 10 'TAddSub' <Latency = 0> <II = 1> <Delay = 0.38> <IPBlock> <Opcode : '' 'add' 'sub'> <InPorts = 3> <OutPorts = 1> <Sync> <CReg>
ST_1 : Operation 137 [1/1] (0.00ns)   --->   "%tmp_13 = bitconcatenate i33 @_ssdm_op_BitConcatenate.i33.i32.i1, i32 %sub_ln41, i1 0" [hilbert.cpp:45->hilbert.cpp:66]   --->   Operation 137 'bitconcatenate' 'tmp_13' <Predicate = true> <Delay = 0.00>
ST_1 : Operation 138 [1/1] (0.00ns)   --->   "%sext_ln45_15 = sext i33 %tmp_13" [hilbert.cpp:45->hilbert.cpp:66]   --->   Operation 138 'sext' 'sext_ln45_15' <Predicate = true> <Delay = 0.00>
ST_1 : Operation 139 [1/1] (0.00ns) (grouped into TernaryAdder)   --->   "%add_ln45_11 = add i44 %add_ln45_10, i44 %sext_ln45_15" [hilbert.cpp:45->hilbert.cpp:66]   --->   Operation 139 'add' 'add_ln45_11' <Predicate = true> <Delay = 0.00> <CoreInst = "TAddSub">   --->   Core 10 'TAddSub' <Latency = 0> <II = 1> <Delay = 0.38> <IPBlock> <Opcode : '' 'add' 'sub'> <InPorts = 3> <OutPorts = 1> <Sync> <CReg>
ST_1 : Operation 140 [1/1] (0.00ns)   --->   "%tmp_14 = bitconcatenate i42 @_ssdm_op_BitConcatenate.i42.i32.i10, i32 %sub_ln40, i10 0" [hilbert.cpp:45->hilbert.cpp:66]   --->   Operation 140 'bitconcatenate' 'tmp_14' <Predicate = true> <Delay = 0.00>
ST_1 : Operation 141 [1/1] (0.00ns)   --->   "%sext_ln45_16 = sext i42 %tmp_14" [hilbert.cpp:45->hilbert.cpp:66]   --->   Operation 141 'sext' 'sext_ln45_16' <Predicate = true> <Delay = 0.00>
ST_1 : Operation 142 [1/1] (0.00ns)   --->   "%tmp_15 = bitconcatenate i40 @_ssdm_op_BitConcatenate.i40.i32.i8, i32 %sub_ln40, i8 0" [hilbert.cpp:45->hilbert.cpp:66]   --->   Operation 142 'bitconcatenate' 'tmp_15' <Predicate = true> <Delay = 0.00>
ST_1 : Operation 143 [1/1] (0.00ns)   --->   "%sext_ln45_17 = sext i40 %tmp_15" [hilbert.cpp:45->hilbert.cpp:66]   --->   Operation 143 'sext' 'sext_ln45_17' <Predicate = true> <Delay = 0.00>
ST_1 : Operation 144 [1/1] (0.00ns) (grouped into TernaryAdder)   --->   "%add_ln45_12 = add i44 %sext_ln45_16, i44 %sext_ln45_17" [hilbert.cpp:45->hilbert.cpp:66]   --->   Operation 144 'add' 'add_ln45_12' <Predicate = true> <Delay = 0.00> <CoreInst = "TAddSub">   --->   Core 10 'TAddSub' <Latency = 0> <II = 1> <Delay = 0.38> <IPBlock> <Opcode : '' 'add' 'sub'> <InPorts = 3> <OutPorts = 1> <Sync> <CReg>
ST_1 : Operation 145 [1/1] (0.00ns)   --->   "%tmp_16 = bitconcatenate i35 @_ssdm_op_BitConcatenate.i35.i32.i3, i32 %sub_ln40, i3 0" [hilbert.cpp:45->hilbert.cpp:66]   --->   Operation 145 'bitconcatenate' 'tmp_16' <Predicate = true> <Delay = 0.00>
ST_1 : Operation 146 [1/1] (0.00ns)   --->   "%sext_ln45_18 = sext i35 %tmp_16" [hilbert.cpp:45->hilbert.cpp:66]   --->   Operation 146 'sext' 'sext_ln45_18' <Predicate = true> <Delay = 0.00>
ST_1 : Operation 147 [1/1] (0.75ns) (root node of TernaryAdder)   --->   "%sub_ln45_5 = sub i44 %add_ln45_12, i44 %sext_ln45_18" [hilbert.cpp:45->hilbert.cpp:66]   --->   Operation 147 'sub' 'sub_ln45_5' <Predicate = true> <Delay = 0.75> <CoreInst = "TAddSub">   --->   Core 10 'TAddSub' <Latency = 0> <II = 1> <Delay = 0.38> <IPBlock> <Opcode : '' 'add' 'sub'> <InPorts = 3> <OutPorts = 1> <Sync> <CReg>
ST_1 : Operation 148 [1/1] (0.00ns) (grouped into TernaryAdder)   --->   "%add_ln45_13 = add i44 %sub_ln45_5, i44 %sext_ln41" [hilbert.cpp:45->hilbert.cpp:66]   --->   Operation 148 'add' 'add_ln45_13' <Predicate = true> <Delay = 0.00> <CoreInst = "TAddSub">   --->   Core 10 'TAddSub' <Latency = 0> <II = 1> <Delay = 0.38> <IPBlock> <Opcode : '' 'add' 'sub'> <InPorts = 3> <OutPorts = 1> <Sync> <CReg>
ST_1 : Operation 149 [1/1] (0.00ns)   --->   "%tmp_17 = bitconcatenate i45 @_ssdm_op_BitConcatenate.i45.i32.i13, i32 %sub_ln42, i13 0" [hilbert.cpp:45->hilbert.cpp:66]   --->   Operation 149 'bitconcatenate' 'tmp_17' <Predicate = true> <Delay = 0.00>
ST_1 : Operation 150 [1/1] (0.00ns)   --->   "%sext_ln45_19 = sext i45 %tmp_17" [hilbert.cpp:45->hilbert.cpp:66]   --->   Operation 150 'sext' 'sext_ln45_19' <Predicate = true> <Delay = 0.00>
ST_1 : Operation 151 [1/1] (0.00ns)   --->   "%tmp_18 = bitconcatenate i43 @_ssdm_op_BitConcatenate.i43.i32.i11, i32 %sub_ln42, i11 0" [hilbert.cpp:45->hilbert.cpp:66]   --->   Operation 151 'bitconcatenate' 'tmp_18' <Predicate = true> <Delay = 0.00>
ST_1 : Operation 152 [1/1] (0.00ns)   --->   "%sext_ln45_20 = sext i43 %tmp_18" [hilbert.cpp:45->hilbert.cpp:66]   --->   Operation 152 'sext' 'sext_ln45_20' <Predicate = true> <Delay = 0.00>
ST_1 : Operation 153 [1/1] (0.00ns) (grouped into TernaryAdder)   --->   "%sub_ln45_6 = sub i46 %sext_ln45_19, i46 %sext_ln45_20" [hilbert.cpp:45->hilbert.cpp:66]   --->   Operation 153 'sub' 'sub_ln45_6' <Predicate = true> <Delay = 0.00> <CoreInst = "TAddSub">   --->   Core 10 'TAddSub' <Latency = 0> <II = 1> <Delay = 0.38> <IPBlock> <Opcode : '' 'add' 'sub'> <InPorts = 3> <OutPorts = 1> <Sync> <CReg>
ST_1 : Operation 154 [1/1] (0.00ns)   --->   "%tmp_19 = bitconcatenate i40 @_ssdm_op_BitConcatenate.i40.i32.i8, i32 %sub_ln42, i8 0" [hilbert.cpp:45->hilbert.cpp:66]   --->   Operation 154 'bitconcatenate' 'tmp_19' <Predicate = true> <Delay = 0.00>
ST_1 : Operation 155 [1/1] (0.00ns)   --->   "%sext_ln45_21 = sext i40 %tmp_19" [hilbert.cpp:45->hilbert.cpp:66]   --->   Operation 155 'sext' 'sext_ln45_21' <Predicate = true> <Delay = 0.00>
ST_1 : Operation 156 [1/1] (0.76ns) (root node of TernaryAdder)   --->   "%add_ln45_14 = add i46 %sub_ln45_6, i46 %sext_ln45_21" [hilbert.cpp:45->hilbert.cpp:66]   --->   Operation 156 'add' 'add_ln45_14' <Predicate = true> <Delay = 0.76> <CoreInst = "TAddSub">   --->   Core 10 'TAddSub' <Latency = 0> <II = 1> <Delay = 0.38> <IPBlock> <Opcode : '' 'add' 'sub'> <InPorts = 3> <OutPorts = 1> <Sync> <CReg>
ST_1 : Operation 157 [1/1] (0.00ns)   --->   "%tmp_20 = bitconcatenate i37 @_ssdm_op_BitConcatenate.i37.i32.i5, i32 %sub_ln42, i5 0" [hilbert.cpp:45->hilbert.cpp:66]   --->   Operation 157 'bitconcatenate' 'tmp_20' <Predicate = true> <Delay = 0.00>
ST_1 : Operation 158 [1/1] (0.00ns)   --->   "%sext_ln45_22 = sext i37 %tmp_20" [hilbert.cpp:45->hilbert.cpp:66]   --->   Operation 158 'sext' 'sext_ln45_22' <Predicate = true> <Delay = 0.00>
ST_1 : Operation 159 [1/1] (0.00ns) (grouped into TernaryAdder)   --->   "%sub_ln45_7 = sub i46 %add_ln45_14, i46 %sext_ln45_22" [hilbert.cpp:45->hilbert.cpp:66]   --->   Operation 159 'sub' 'sub_ln45_7' <Predicate = true> <Delay = 0.00> <CoreInst = "TAddSub">   --->   Core 10 'TAddSub' <Latency = 0> <II = 1> <Delay = 0.38> <IPBlock> <Opcode : '' 'add' 'sub'> <InPorts = 3> <OutPorts = 1> <Sync> <CReg>
ST_1 : Operation 160 [1/1] (0.00ns)   --->   "%tmp_21 = bitconcatenate i33 @_ssdm_op_BitConcatenate.i33.i32.i1, i32 %sub_ln42, i1 0" [hilbert.cpp:45->hilbert.cpp:66]   --->   Operation 160 'bitconcatenate' 'tmp_21' <Predicate = true> <Delay = 0.00>
ST_1 : Operation 161 [1/1] (0.00ns)   --->   "%sext_ln45_23 = sext i33 %tmp_21" [hilbert.cpp:45->hilbert.cpp:66]   --->   Operation 161 'sext' 'sext_ln45_23' <Predicate = true> <Delay = 0.00>
ST_1 : Operation 162 [1/1] (0.76ns) (root node of TernaryAdder)   --->   "%sub_ln45_8 = sub i46 %sub_ln45_7, i46 %sext_ln45_23" [hilbert.cpp:45->hilbert.cpp:66]   --->   Operation 162 'sub' 'sub_ln45_8' <Predicate = true> <Delay = 0.76> <CoreInst = "TAddSub">   --->   Core 10 'TAddSub' <Latency = 0> <II = 1> <Delay = 0.38> <IPBlock> <Opcode : '' 'add' 'sub'> <InPorts = 3> <OutPorts = 1> <Sync> <CReg>
ST_1 : Operation 163 [1/1] (0.00ns)   --->   "%tmp_22 = bitconcatenate i42 @_ssdm_op_BitConcatenate.i42.i32.i10, i32 %sub_ln38, i10 0" [hilbert.cpp:45->hilbert.cpp:66]   --->   Operation 163 'bitconcatenate' 'tmp_22' <Predicate = true> <Delay = 0.00>
ST_1 : Operation 164 [1/1] (0.00ns)   --->   "%sext_ln45_24 = sext i42 %tmp_22" [hilbert.cpp:45->hilbert.cpp:66]   --->   Operation 164 'sext' 'sext_ln45_24' <Predicate = true> <Delay = 0.00>
ST_1 : Operation 165 [1/1] (0.00ns)   --->   "%tmp_23 = bitconcatenate i40 @_ssdm_op_BitConcatenate.i40.i32.i8, i32 %sub_ln38, i8 0" [hilbert.cpp:45->hilbert.cpp:66]   --->   Operation 165 'bitconcatenate' 'tmp_23' <Predicate = true> <Delay = 0.00>
ST_1 : Operation 166 [1/1] (0.00ns)   --->   "%sext_ln45_25 = sext i40 %tmp_23" [hilbert.cpp:45->hilbert.cpp:66]   --->   Operation 166 'sext' 'sext_ln45_25' <Predicate = true> <Delay = 0.00>
ST_1 : Operation 167 [1/1] (0.00ns) (grouped into TernaryAdder)   --->   "%sub_ln45_9 = sub i43 %sext_ln45_24, i43 %sext_ln45_25" [hilbert.cpp:45->hilbert.cpp:66]   --->   Operation 167 'sub' 'sub_ln45_9' <Predicate = true> <Delay = 0.00> <CoreInst = "TAddSub">   --->   Core 10 'TAddSub' <Latency = 0> <II = 1> <Delay = 0.38> <IPBlock> <Opcode : '' 'add' 'sub'> <InPorts = 3> <OutPorts = 1> <Sync> <CReg>
ST_1 : Operation 168 [1/1] (0.00ns)   --->   "%tmp_24 = bitconcatenate i38 @_ssdm_op_BitConcatenate.i38.i32.i6, i32 %sub_ln38, i6 0" [hilbert.cpp:45->hilbert.cpp:66]   --->   Operation 168 'bitconcatenate' 'tmp_24' <Predicate = true> <Delay = 0.00>
ST_1 : Operation 169 [1/1] (0.00ns)   --->   "%sext_ln45_26 = sext i38 %tmp_24" [hilbert.cpp:45->hilbert.cpp:66]   --->   Operation 169 'sext' 'sext_ln45_26' <Predicate = true> <Delay = 0.00>
ST_1 : Operation 170 [1/1] (0.75ns) (root node of TernaryAdder)   --->   "%sub_ln45_10 = sub i43 %sub_ln45_9, i43 %sext_ln45_26" [hilbert.cpp:45->hilbert.cpp:66]   --->   Operation 170 'sub' 'sub_ln45_10' <Predicate = true> <Delay = 0.75> <CoreInst = "TAddSub">   --->   Core 10 'TAddSub' <Latency = 0> <II = 1> <Delay = 0.38> <IPBlock> <Opcode : '' 'add' 'sub'> <InPorts = 3> <OutPorts = 1> <Sync> <CReg>
ST_1 : Operation 171 [1/1] (0.00ns)   --->   "%tmp_25 = bitconcatenate i34 @_ssdm_op_BitConcatenate.i34.i32.i2, i32 %sub_ln38, i2 0" [hilbert.cpp:45->hilbert.cpp:66]   --->   Operation 171 'bitconcatenate' 'tmp_25' <Predicate = true> <Delay = 0.00>
ST_1 : Operation 172 [1/1] (0.00ns)   --->   "%sext_ln45_27 = sext i34 %tmp_25" [hilbert.cpp:45->hilbert.cpp:66]   --->   Operation 172 'sext' 'sext_ln45_27' <Predicate = true> <Delay = 0.00>
ST_1 : Operation 173 [1/1] (0.00ns) (grouped into TernaryAdder)   --->   "%add_ln45_15 = add i43 %sub_ln45_10, i43 %sext_ln45_27" [hilbert.cpp:45->hilbert.cpp:66]   --->   Operation 173 'add' 'add_ln45_15' <Predicate = true> <Delay = 0.00> <CoreInst = "TAddSub">   --->   Core 10 'TAddSub' <Latency = 0> <II = 1> <Delay = 0.38> <IPBlock> <Opcode : '' 'add' 'sub'> <InPorts = 3> <OutPorts = 1> <Sync> <CReg>
ST_1 : Operation 174 [1/1] (0.75ns) (root node of TernaryAdder)   --->   "%sub_ln45_11 = sub i43 %add_ln45_15, i43 %sext_ln39" [hilbert.cpp:45->hilbert.cpp:66]   --->   Operation 174 'sub' 'sub_ln45_11' <Predicate = true> <Delay = 0.75> <CoreInst = "TAddSub">   --->   Core 10 'TAddSub' <Latency = 0> <II = 1> <Delay = 0.38> <IPBlock> <Opcode : '' 'add' 'sub'> <InPorts = 3> <OutPorts = 1> <Sync> <CReg>
ST_1 : Operation 175 [1/1] (0.76ns) (root node of TernaryAdder)   --->   "%add_ln45 = add i44 %sext_ln45_2, i44 %add_ln45_11" [hilbert.cpp:45->hilbert.cpp:66]   --->   Operation 175 'add' 'add_ln45' <Predicate = true> <Delay = 0.76> <CoreInst = "TAddSub">   --->   Core 10 'TAddSub' <Latency = 0> <II = 1> <Delay = 0.38> <IPBlock> <Opcode : '' 'add' 'sub'> <InPorts = 3> <OutPorts = 1> <Sync> <CReg>
ST_1 : Operation 176 [1/1] (0.00ns)   --->   "%sext_ln45_3 = sext i44 %add_ln45" [hilbert.cpp:45->hilbert.cpp:66]   --->   Operation 176 'sext' 'sext_ln45_3' <Predicate = true> <Delay = 0.00>
ST_1 : Operation 177 [1/1] (0.00ns) (grouped into TernaryAdder)   --->   "%add_ln45_1 = add i46 %sext_ln45_3, i46 %sub_ln45_8" [hilbert.cpp:45->hilbert.cpp:66]   --->   Operation 177 'add' 'add_ln45_1' <Predicate = true> <Delay = 0.00> <CoreInst = "TAddSub">   --->   Core 10 'TAddSub' <Latency = 0> <II = 1> <Delay = 0.38> <IPBlock> <Opcode : '' 'add' 'sub'> <InPorts = 3> <OutPorts = 1> <Sync> <CReg>
ST_1 : Operation 178 [1/1] (0.75ns) (root node of TernaryAdder)   --->   "%add_ln45_2 = add i43 %add_ln45_6, i43 %sub_ln45_11" [hilbert.cpp:45->hilbert.cpp:66]   --->   Operation 178 'add' 'add_ln45_2' <Predicate = true> <Delay = 0.75> <CoreInst = "TAddSub">   --->   Core 10 'TAddSub' <Latency = 0> <II = 1> <Delay = 0.38> <IPBlock> <Opcode : '' 'add' 'sub'> <InPorts = 3> <OutPorts = 1> <Sync> <CReg>
ST_1 : Operation 179 [1/1] (0.00ns)   --->   "%sext_ln45_4 = sext i43 %add_ln45_2" [hilbert.cpp:45->hilbert.cpp:66]   --->   Operation 179 'sext' 'sext_ln45_4' <Predicate = true> <Delay = 0.00>
ST_1 : Operation 180 [1/1] (0.76ns) (root node of TernaryAdder)   --->   "%add_ln45_3 = add i44 %sext_ln45_4, i44 %add_ln45_13" [hilbert.cpp:45->hilbert.cpp:66]   --->   Operation 180 'add' 'add_ln45_3' <Predicate = true> <Delay = 0.76> <CoreInst = "TAddSub">   --->   Core 10 'TAddSub' <Latency = 0> <II = 1> <Delay = 0.38> <IPBlock> <Opcode : '' 'add' 'sub'> <InPorts = 3> <OutPorts = 1> <Sync> <CReg>
ST_1 : Operation 181 [1/1] (0.00ns)   --->   "%sext_ln45_5 = sext i44 %add_ln45_3" [hilbert.cpp:45->hilbert.cpp:66]   --->   Operation 181 'sext' 'sext_ln45_5' <Predicate = true> <Delay = 0.00>
ST_1 : Operation 182 [1/1] (0.76ns) (root node of TernaryAdder)   --->   "%add_ln45_4 = add i46 %sext_ln45_5, i46 %add_ln45_1" [hilbert.cpp:45->hilbert.cpp:66]   --->   Operation 182 'add' 'add_ln45_4' <Predicate = true> <Delay = 0.76> <CoreInst = "TAddSub">   --->   Core 10 'TAddSub' <Latency = 0> <II = 1> <Delay = 0.38> <IPBlock> <Opcode : '' 'add' 'sub'> <InPorts = 3> <OutPorts = 1> <Sync> <CReg>
ST_1 : Operation 183 [1/1] (0.00ns)   --->   "%tmp_26 = bitselect i1 @_ssdm_op_BitSelect.i1.i46.i32, i46 %add_ln45_4, i32 45" [hilbert.cpp:45->hilbert.cpp:66]   --->   Operation 183 'bitselect' 'tmp_26' <Predicate = true> <Delay = 0.00>
ST_1 : Operation 184 [1/1] (0.00ns)   --->   "%br_ln62 = br i1 %tmp_last, void %cleanup.cont, void %while.end" [hilbert.cpp:62]   --->   Operation 184 'br' 'br_ln62' <Predicate = true> <Delay = 0.00>
ST_1 : Operation 185 [1/1] (0.00ns)   --->   "%specpipeline_ln60 = specpipeline void @_ssdm_op_SpecPipeline, i32 1, i32 0, i32 0, i32 0, void @empty_6" [hilbert.cpp:60]   --->   Operation 185 'specpipeline' 'specpipeline_ln60' <Predicate = (!tmp_last)> <Delay = 0.00>
ST_1 : Operation 186 [1/1] (0.00ns)   --->   "%specloopname_ln59 = specloopname void @_ssdm_op_SpecLoopName, void @empty" [hilbert.cpp:59]   --->   Operation 186 'specloopname' 'specloopname_ln59' <Predicate = (!tmp_last)> <Delay = 0.00>
ST_1 : Operation 187 [1/1] (0.00ns)   --->   "%br_ln59 = br void %while.body" [hilbert.cpp:59]   --->   Operation 187 'br' 'br_ln59' <Predicate = (!tmp_last)> <Delay = 0.00>

State 2 <SV = 1> <Delay = 6.62>
ST_2 : Operation 188 [1/1] (0.00ns)   --->   "%sext_ln45_28 = sext i46 %add_ln45_4" [hilbert.cpp:45->hilbert.cpp:66]   --->   Operation 188 'sext' 'sext_ln45_28' <Predicate = true> <Delay = 0.00>
ST_2 : Operation 189 [1/1] (3.90ns)   --->   "%mul_ln45 = mul i93 %sext_ln45_28, i93 115292150460685" [hilbert.cpp:45->hilbert.cpp:66]   --->   Operation 189 'mul' 'mul_ln45' <Predicate = true> <Delay = 3.90> <CoreInst = "Multiplier">   --->   Core 3 'Multiplier' <Latency = 0> <II = 1> <Delay = 3.90> <FuncUnit> <Opcode : 'mul'> <InPorts = 2> <OutPorts = 1>
ST_2 : Operation 190 [1/1] (1.30ns)   --->   "%sub_ln45 = sub i93 0, i93 %mul_ln45" [hilbert.cpp:45->hilbert.cpp:66]   --->   Operation 190 'sub' 'sub_ln45' <Predicate = (tmp_26)> <Delay = 1.30> <CoreInst = "Adder">   --->   Core 1 'Adder' <Latency = 0> <II = 1> <Delay = 1.30> <FuncUnit> <Opcode : 'add' 'sub'> <InPorts = 2> <OutPorts = 1>
ST_2 : Operation 191 [1/1] (0.00ns) (grouped into LUT with out node sub_ln45_1)   --->   "%tmp_27 = partselect i33 @_ssdm_op_PartSelect.i33.i93.i32.i32, i93 %sub_ln45, i32 60, i32 92" [hilbert.cpp:45->hilbert.cpp:66]   --->   Operation 191 'partselect' 'tmp_27' <Predicate = (tmp_26)> <Delay = 0.00>
ST_2 : Operation 192 [1/1] (0.00ns)   --->   "%tmp_28 = partselect i33 @_ssdm_op_PartSelect.i33.i93.i32.i32, i93 %mul_ln45, i32 60, i32 92" [hilbert.cpp:45->hilbert.cpp:66]   --->   Operation 192 'partselect' 'tmp_28' <Predicate = true> <Delay = 0.00>
ST_2 : Operation 193 [1/1] (0.00ns)   --->   "%sext_ln45_29 = sext i33 %tmp_28" [hilbert.cpp:45->hilbert.cpp:66]   --->   Operation 193 'sext' 'sext_ln45_29' <Predicate = (!tmp_26)> <Delay = 0.00>
ST_2 : Operation 194 [1/1] (0.00ns) (grouped into LUT with out node sub_ln45_1)   --->   "%select_ln45_1 = select i1 %tmp_26, i33 %tmp_27, i33 %tmp_28" [hilbert.cpp:45->hilbert.cpp:66]   --->   Operation 194 'select' 'select_ln45_1' <Predicate = (tmp_26)> <Delay = 0.00> <CoreInst = "Sel">   --->   Core 73 'Sel' <Latency = 0> <II = 1> <Delay = 0.43> <FuncUnit> <Opcode : 'select'> <InPorts = 3> <OutPorts = 1>
ST_2 : Operation 195 [1/1] (0.00ns) (grouped into LUT with out node sub_ln45_1)   --->   "%sext_ln45_30 = sext i33 %select_ln45_1" [hilbert.cpp:45->hilbert.cpp:66]   --->   Operation 195 'sext' 'sext_ln45_30' <Predicate = (tmp_26)> <Delay = 0.00>
ST_2 : Operation 196 [1/1] (1.01ns) (out node of the LUT)   --->   "%sub_ln45_1 = sub i46 0, i46 %sext_ln45_30" [hilbert.cpp:45->hilbert.cpp:66]   --->   Operation 196 'sub' 'sub_ln45_1' <Predicate = (tmp_26)> <Delay = 1.01> <CoreInst = "Adder">   --->   Core 1 'Adder' <Latency = 0> <II = 1> <Delay = 1.01> <FuncUnit> <Opcode : 'add' 'sub'> <InPorts = 2> <OutPorts = 1>
ST_2 : Operation 197 [1/1] (0.39ns)   --->   "%Q_path = select i1 %tmp_26, i46 %sub_ln45_1, i46 %sext_ln45_29" [hilbert.cpp:45->hilbert.cpp:66]   --->   Operation 197 'select' 'Q_path' <Predicate = true> <Delay = 0.39> <CoreInst = "Sel">   --->   Core 73 'Sel' <Latency = 0> <II = 1> <Delay = 0.39> <FuncUnit> <Opcode : 'select'> <InPorts = 3> <OutPorts = 1>

State 3 <SV = 2> <Delay = 3.42>
ST_3 : Operation 198 [1/1] (0.00ns)   --->   "%sext_ln45_6 = sext i46 %Q_path" [hilbert.cpp:45->hilbert.cpp:66]   --->   Operation 198 'sext' 'sext_ln45_6' <Predicate = true> <Delay = 0.00>
ST_3 : Operation 199 [1/1] (0.00ns)   --->   "%sext_ln47 = sext i32 %I_path" [hilbert.cpp:47->hilbert.cpp:66]   --->   Operation 199 'sext' 'sext_ln47' <Predicate = true> <Delay = 0.00>
ST_3 : Operation 200 [1/1] (3.42ns)   --->   "%mul_ln47 = mul i64 %sext_ln47, i64 %sext_ln47" [hilbert.cpp:47->hilbert.cpp:66]   --->   Operation 200 'mul' 'mul_ln47' <Predicate = true> <Delay = 3.42> <CoreInst = "Multiplier">   --->   Core 3 'Multiplier' <Latency = 0> <II = 1> <Delay = 3.42> <FuncUnit> <Opcode : 'mul'> <InPorts = 2> <OutPorts = 1>
ST_3 : Operation 201 [1/1] (3.40ns)   --->   "%mul_ln47_1 = mul i64 %sext_ln45_6, i64 %sext_ln45_6" [hilbert.cpp:47->hilbert.cpp:66]   --->   Operation 201 'mul' 'mul_ln47_1' <Predicate = true> <Delay = 3.40> <CoreInst = "Multiplier">   --->   Core 3 'Multiplier' <Latency = 0> <II = 1> <Delay = 3.40> <FuncUnit> <Opcode : 'mul'> <InPorts = 2> <OutPorts = 1>

State 4 <SV = 3> <Delay = 6.28>
ST_4 : Operation 202 [1/1] (1.08ns)   --->   "%mag_sq = add i64 %mul_ln47_1, i64 %mul_ln47" [hilbert.cpp:47->hilbert.cpp:66]   --->   Operation 202 'add' 'mag_sq' <Predicate = true> <Delay = 1.08> <CoreInst = "Adder">   --->   Core 1 'Adder' <Latency = 0> <II = 1> <Delay = 1.08> <FuncUnit> <Opcode : 'add' 'sub'> <InPorts = 2> <OutPorts = 1>
ST_4 : Operation 203 [4/4] (5.19ns)   --->   "%x_assign = sitofp i64 %mag_sq" [hilbert.cpp:48->hilbert.cpp:66]   --->   Operation 203 'sitofp' 'x_assign' <Predicate = true> <Delay = 5.19> <CoreInst = "Int2Float">   --->   Core 62 'Int2Float' <Latency = 3> <II = 1> <Delay = 5.19> <FuncUnit> <Opcode : 'uitofp' 'sitofp'> <InPorts = 1> <OutPorts = 1>

State 5 <SV = 4> <Delay = 5.19>
ST_5 : Operation 204 [3/4] (5.19ns)   --->   "%x_assign = sitofp i64 %mag_sq" [hilbert.cpp:48->hilbert.cpp:66]   --->   Operation 204 'sitofp' 'x_assign' <Predicate = true> <Delay = 5.19> <CoreInst = "Int2Float">   --->   Core 62 'Int2Float' <Latency = 3> <II = 1> <Delay = 5.19> <FuncUnit> <Opcode : 'uitofp' 'sitofp'> <InPorts = 1> <OutPorts = 1>

State 6 <SV = 5> <Delay = 5.19>
ST_6 : Operation 205 [2/4] (5.19ns)   --->   "%x_assign = sitofp i64 %mag_sq" [hilbert.cpp:48->hilbert.cpp:66]   --->   Operation 205 'sitofp' 'x_assign' <Predicate = true> <Delay = 5.19> <CoreInst = "Int2Float">   --->   Core 62 'Int2Float' <Latency = 3> <II = 1> <Delay = 5.19> <FuncUnit> <Opcode : 'uitofp' 'sitofp'> <InPorts = 1> <OutPorts = 1>

State 7 <SV = 6> <Delay = 5.19>
ST_7 : Operation 206 [1/4] (5.19ns)   --->   "%x_assign = sitofp i64 %mag_sq" [hilbert.cpp:48->hilbert.cpp:66]   --->   Operation 206 'sitofp' 'x_assign' <Predicate = true> <Delay = 5.19> <CoreInst = "Int2Float">   --->   Core 62 'Int2Float' <Latency = 3> <II = 1> <Delay = 5.19> <FuncUnit> <Opcode : 'uitofp' 'sitofp'> <InPorts = 1> <OutPorts = 1>

State 8 <SV = 7> <Delay = 6.57>
ST_8 : Operation 207 [8/8] (6.57ns)   --->   "%dc = fsqrt i32 @llvm.sqrt.f32, i32 %x_assign" [C:\scratch\2024.1\hls_product\545\2024.1\src\shared\hls\clib\hlsmath\src\c++\sqrtfloat.cpp:8->hilbert.cpp:48->hilbert.cpp:66]   --->   Operation 207 'fsqrt' 'dc' <Predicate = true> <Delay = 6.57> <CoreInst = "FSqrt">   --->   Core 35 'FSqrt' <Latency = 7> <II = 1> <Delay = 6.57> <FuncUnit> <Opcode : 'fsqrt'> <InPorts = 1> <OutPorts = 1>

State 9 <SV = 8> <Delay = 6.57>
ST_9 : Operation 208 [7/8] (6.57ns)   --->   "%dc = fsqrt i32 @llvm.sqrt.f32, i32 %x_assign" [C:\scratch\2024.1\hls_product\545\2024.1\src\shared\hls\clib\hlsmath\src\c++\sqrtfloat.cpp:8->hilbert.cpp:48->hilbert.cpp:66]   --->   Operation 208 'fsqrt' 'dc' <Predicate = true> <Delay = 6.57> <CoreInst = "FSqrt">   --->   Core 35 'FSqrt' <Latency = 7> <II = 1> <Delay = 6.57> <FuncUnit> <Opcode : 'fsqrt'> <InPorts = 1> <OutPorts = 1>

State 10 <SV = 9> <Delay = 6.57>
ST_10 : Operation 209 [6/8] (6.57ns)   --->   "%dc = fsqrt i32 @llvm.sqrt.f32, i32 %x_assign" [C:\scratch\2024.1\hls_product\545\2024.1\src\shared\hls\clib\hlsmath\src\c++\sqrtfloat.cpp:8->hilbert.cpp:48->hilbert.cpp:66]   --->   Operation 209 'fsqrt' 'dc' <Predicate = true> <Delay = 6.57> <CoreInst = "FSqrt">   --->   Core 35 'FSqrt' <Latency = 7> <II = 1> <Delay = 6.57> <FuncUnit> <Opcode : 'fsqrt'> <InPorts = 1> <OutPorts = 1>

State 11 <SV = 10> <Delay = 6.57>
ST_11 : Operation 210 [5/8] (6.57ns)   --->   "%dc = fsqrt i32 @llvm.sqrt.f32, i32 %x_assign" [C:\scratch\2024.1\hls_product\545\2024.1\src\shared\hls\clib\hlsmath\src\c++\sqrtfloat.cpp:8->hilbert.cpp:48->hilbert.cpp:66]   --->   Operation 210 'fsqrt' 'dc' <Predicate = true> <Delay = 6.57> <CoreInst = "FSqrt">   --->   Core 35 'FSqrt' <Latency = 7> <II = 1> <Delay = 6.57> <FuncUnit> <Opcode : 'fsqrt'> <InPorts = 1> <OutPorts = 1>

State 12 <SV = 11> <Delay = 6.57>
ST_12 : Operation 211 [4/8] (6.57ns)   --->   "%dc = fsqrt i32 @llvm.sqrt.f32, i32 %x_assign" [C:\scratch\2024.1\hls_product\545\2024.1\src\shared\hls\clib\hlsmath\src\c++\sqrtfloat.cpp:8->hilbert.cpp:48->hilbert.cpp:66]   --->   Operation 211 'fsqrt' 'dc' <Predicate = true> <Delay = 6.57> <CoreInst = "FSqrt">   --->   Core 35 'FSqrt' <Latency = 7> <II = 1> <Delay = 6.57> <FuncUnit> <Opcode : 'fsqrt'> <InPorts = 1> <OutPorts = 1>

State 13 <SV = 12> <Delay = 6.57>
ST_13 : Operation 212 [3/8] (6.57ns)   --->   "%dc = fsqrt i32 @llvm.sqrt.f32, i32 %x_assign" [C:\scratch\2024.1\hls_product\545\2024.1\src\shared\hls\clib\hlsmath\src\c++\sqrtfloat.cpp:8->hilbert.cpp:48->hilbert.cpp:66]   --->   Operation 212 'fsqrt' 'dc' <Predicate = true> <Delay = 6.57> <CoreInst = "FSqrt">   --->   Core 35 'FSqrt' <Latency = 7> <II = 1> <Delay = 6.57> <FuncUnit> <Opcode : 'fsqrt'> <InPorts = 1> <OutPorts = 1>

State 14 <SV = 13> <Delay = 6.57>
ST_14 : Operation 213 [2/8] (6.57ns)   --->   "%dc = fsqrt i32 @llvm.sqrt.f32, i32 %x_assign" [C:\scratch\2024.1\hls_product\545\2024.1\src\shared\hls\clib\hlsmath\src\c++\sqrtfloat.cpp:8->hilbert.cpp:48->hilbert.cpp:66]   --->   Operation 213 'fsqrt' 'dc' <Predicate = true> <Delay = 6.57> <CoreInst = "FSqrt">   --->   Core 35 'FSqrt' <Latency = 7> <II = 1> <Delay = 6.57> <FuncUnit> <Opcode : 'fsqrt'> <InPorts = 1> <OutPorts = 1>

State 15 <SV = 14> <Delay = 6.57>
ST_15 : Operation 214 [1/8] (6.57ns)   --->   "%dc = fsqrt i32 @llvm.sqrt.f32, i32 %x_assign" [C:\scratch\2024.1\hls_product\545\2024.1\src\shared\hls\clib\hlsmath\src\c++\sqrtfloat.cpp:8->hilbert.cpp:48->hilbert.cpp:66]   --->   Operation 214 'fsqrt' 'dc' <Predicate = true> <Delay = 6.57> <CoreInst = "FSqrt">   --->   Core 35 'FSqrt' <Latency = 7> <II = 1> <Delay = 6.57> <FuncUnit> <Opcode : 'fsqrt'> <InPorts = 1> <OutPorts = 1>

State 16 <SV = 15> <Delay = 4.96>
ST_16 : Operation 215 [1/1] (0.00ns)   --->   "%data = bitcast i32 %dc" [C:\scratch\2024.1\hls_product\545\2024.1\src\shared\hls\clib/src/hls\utils/x_hls_utils.h:288->C:\scratch\2024.1\hls_product\545\2024.1\src\shared\hls\clib/hlsmath/include/FloatingPoint\hls_case_IEEE754.h:13->C:\scratch\2024.1\hls_product\545\2024.1\src\shared\hls\clib/hlsmath/include/FloatingPoint\hls_case_IEEE754.h:117->C:\scratch\2024.1\hls_product\545\2024.1\src\shared\hls\clib\hlsmath\src\lib_floatconversion.cpp:51->hilbert.cpp:48->hilbert.cpp:66]   --->   Operation 215 'bitcast' 'data' <Predicate = true> <Delay = 0.00>
ST_16 : Operation 216 [1/1] (0.00ns)   --->   "%xs_sign = bitselect i1 @_ssdm_op_BitSelect.i1.i32.i32, i32 %data, i32 31" [C:\scratch\2024.1\hls_product\545\2024.1\src\shared\hls\clib/src/hls\utils/x_hls_utils.h:294->C:\scratch\2024.1\hls_product\545\2024.1\src\shared\hls\clib/hlsmath/include/FloatingPoint\hls_case_IEEE754.h:13->C:\scratch\2024.1\hls_product\545\2024.1\src\shared\hls\clib/hlsmath/include/FloatingPoint\hls_case_IEEE754.h:117->C:\scratch\2024.1\hls_product\545\2024.1\src\shared\hls\clib\hlsmath\src\lib_floatconversion.cpp:51->hilbert.cpp:48->hilbert.cpp:66]   --->   Operation 216 'bitselect' 'xs_sign' <Predicate = true> <Delay = 0.00>
ST_16 : Operation 217 [1/1] (0.00ns)   --->   "%xs_exp = partselect i8 @_ssdm_op_PartSelect.i8.i32.i32.i32, i32 %data, i32 23, i32 30" [C:\scratch\2024.1\hls_product\545\2024.1\src\shared\hls\clib/src/hls\utils/x_hls_utils.h:295->C:\scratch\2024.1\hls_product\545\2024.1\src\shared\hls\clib/hlsmath/include/FloatingPoint\hls_case_IEEE754.h:13->C:\scratch\2024.1\hls_product\545\2024.1\src\shared\hls\clib/hlsmath/include/FloatingPoint\hls_case_IEEE754.h:117->C:\scratch\2024.1\hls_product\545\2024.1\src\shared\hls\clib\hlsmath\src\lib_floatconversion.cpp:51->hilbert.cpp:48->hilbert.cpp:66]   --->   Operation 217 'partselect' 'xs_exp' <Predicate = true> <Delay = 0.00>
ST_16 : Operation 218 [1/1] (0.00ns)   --->   "%trunc_ln342 = trunc i32 %data" [C:\scratch\2024.1\hls_product\545\2024.1\src\shared\hls\clib/src/hls\utils/x_hls_utils.h:342->C:\scratch\2024.1\hls_product\545\2024.1\src\shared\hls\clib/hlsmath/include/FloatingPoint\hls_case_IEEE754.h:15->C:\scratch\2024.1\hls_product\545\2024.1\src\shared\hls\clib/hlsmath/include/FloatingPoint\hls_case_IEEE754.h:117->C:\scratch\2024.1\hls_product\545\2024.1\src\shared\hls\clib\hlsmath\src\lib_floatconversion.cpp:51->hilbert.cpp:48->hilbert.cpp:66]   --->   Operation 218 'trunc' 'trunc_ln342' <Predicate = true> <Delay = 0.00>
ST_16 : Operation 219 [1/1] (0.00ns)   --->   "%mantissa = bitconcatenate i25 @_ssdm_op_BitConcatenate.i25.i1.i23.i1, i1 1, i23 %trunc_ln342, i1 0" [C:\scratch\2024.1\hls_product\545\2024.1\src\shared\hls\clib/hlsmath/include/FloatingPoint\hls_case_IEEE754.h:15->C:\scratch\2024.1\hls_product\545\2024.1\src\shared\hls\clib/hlsmath/include/FloatingPoint\hls_case_IEEE754.h:117->C:\scratch\2024.1\hls_product\545\2024.1\src\shared\hls\clib\hlsmath\src\lib_floatconversion.cpp:51->hilbert.cpp:48->hilbert.cpp:66]   --->   Operation 219 'bitconcatenate' 'mantissa' <Predicate = true> <Delay = 0.00>
ST_16 : Operation 220 [1/1] (0.00ns)   --->   "%zext_ln15 = zext i25 %mantissa" [C:\scratch\2024.1\hls_product\545\2024.1\src\shared\hls\clib/hlsmath/include/FloatingPoint\hls_case_IEEE754.h:15->C:\scratch\2024.1\hls_product\545\2024.1\src\shared\hls\clib/hlsmath/include/FloatingPoint\hls_case_IEEE754.h:117->C:\scratch\2024.1\hls_product\545\2024.1\src\shared\hls\clib\hlsmath\src\lib_floatconversion.cpp:51->hilbert.cpp:48->hilbert.cpp:66]   --->   Operation 220 'zext' 'zext_ln15' <Predicate = true> <Delay = 0.00>
ST_16 : Operation 221 [1/1] (0.00ns)   --->   "%zext_ln317 = zext i8 %xs_exp" [C:\scratch\2024.1\hls_product\545\2024.1\src\shared\hls\clib/src/hls\utils/x_hls_utils.h:317->C:\scratch\2024.1\hls_product\545\2024.1\src\shared\hls\clib/hlsmath/include/FloatingPoint\hls_case_IEEE754.h:18->C:\scratch\2024.1\hls_product\545\2024.1\src\shared\hls\clib/hlsmath/include/FloatingPoint\hls_case_IEEE754.h:117->C:\scratch\2024.1\hls_product\545\2024.1\src\shared\hls\clib\hlsmath\src\lib_floatconversion.cpp:51->hilbert.cpp:48->hilbert.cpp:66]   --->   Operation 221 'zext' 'zext_ln317' <Predicate = true> <Delay = 0.00>
ST_16 : Operation 222 [1/1] (0.76ns)   --->   "%add_ln317 = add i9 %zext_ln317, i9 385" [C:\scratch\2024.1\hls_product\545\2024.1\src\shared\hls\clib/src/hls\utils/x_hls_utils.h:317->C:\scratch\2024.1\hls_product\545\2024.1\src\shared\hls\clib/hlsmath/include/FloatingPoint\hls_case_IEEE754.h:18->C:\scratch\2024.1\hls_product\545\2024.1\src\shared\hls\clib/hlsmath/include/FloatingPoint\hls_case_IEEE754.h:117->C:\scratch\2024.1\hls_product\545\2024.1\src\shared\hls\clib\hlsmath\src\lib_floatconversion.cpp:51->hilbert.cpp:48->hilbert.cpp:66]   --->   Operation 222 'add' 'add_ln317' <Predicate = true> <Delay = 0.76> <CoreInst = "Adder">   --->   Core 1 'Adder' <Latency = 0> <II = 1> <Delay = 0.76> <FuncUnit> <Opcode : 'add' 'sub'> <InPorts = 2> <OutPorts = 1>
ST_16 : Operation 223 [1/1] (0.00ns)   --->   "%tmp_30 = bitselect i1 @_ssdm_op_BitSelect.i1.i9.i32, i9 %add_ln317, i32 8" [C:\scratch\2024.1\hls_product\545\2024.1\src\shared\hls\clib/hlsmath/include/FloatingPoint\hls_case_IEEE754.h:18->C:\scratch\2024.1\hls_product\545\2024.1\src\shared\hls\clib/hlsmath/include/FloatingPoint\hls_case_IEEE754.h:117->C:\scratch\2024.1\hls_product\545\2024.1\src\shared\hls\clib\hlsmath\src\lib_floatconversion.cpp:51->hilbert.cpp:48->hilbert.cpp:66]   --->   Operation 223 'bitselect' 'tmp_30' <Predicate = true> <Delay = 0.00>
ST_16 : Operation 224 [1/1] (0.76ns)   --->   "%sub_ln18 = sub i8 127, i8 %xs_exp" [C:\scratch\2024.1\hls_product\545\2024.1\src\shared\hls\clib/hlsmath/include/FloatingPoint\hls_case_IEEE754.h:18->C:\scratch\2024.1\hls_product\545\2024.1\src\shared\hls\clib/hlsmath/include/FloatingPoint\hls_case_IEEE754.h:117->C:\scratch\2024.1\hls_product\545\2024.1\src\shared\hls\clib\hlsmath\src\lib_floatconversion.cpp:51->hilbert.cpp:48->hilbert.cpp:66]   --->   Operation 224 'sub' 'sub_ln18' <Predicate = true> <Delay = 0.76> <CoreInst = "Adder">   --->   Core 1 'Adder' <Latency = 0> <II = 1> <Delay = 0.76> <FuncUnit> <Opcode : 'add' 'sub'> <InPorts = 2> <OutPorts = 1>
ST_16 : Operation 225 [1/1] (0.00ns)   --->   "%sext_ln18 = sext i8 %sub_ln18" [C:\scratch\2024.1\hls_product\545\2024.1\src\shared\hls\clib/hlsmath/include/FloatingPoint\hls_case_IEEE754.h:18->C:\scratch\2024.1\hls_product\545\2024.1\src\shared\hls\clib/hlsmath/include/FloatingPoint\hls_case_IEEE754.h:117->C:\scratch\2024.1\hls_product\545\2024.1\src\shared\hls\clib\hlsmath\src\lib_floatconversion.cpp:51->hilbert.cpp:48->hilbert.cpp:66]   --->   Operation 225 'sext' 'sext_ln18' <Predicate = true> <Delay = 0.00>
ST_16 : Operation 226 [1/1] (0.39ns)   --->   "%select_ln18 = select i1 %tmp_30, i9 %sext_ln18, i9 %add_ln317" [C:\scratch\2024.1\hls_product\545\2024.1\src\shared\hls\clib/hlsmath/include/FloatingPoint\hls_case_IEEE754.h:18->C:\scratch\2024.1\hls_product\545\2024.1\src\shared\hls\clib/hlsmath/include/FloatingPoint\hls_case_IEEE754.h:117->C:\scratch\2024.1\hls_product\545\2024.1\src\shared\hls\clib\hlsmath\src\lib_floatconversion.cpp:51->hilbert.cpp:48->hilbert.cpp:66]   --->   Operation 226 'select' 'select_ln18' <Predicate = true> <Delay = 0.39> <CoreInst = "Sel">   --->   Core 73 'Sel' <Latency = 0> <II = 1> <Delay = 0.39> <FuncUnit> <Opcode : 'select'> <InPorts = 3> <OutPorts = 1>
ST_16 : Operation 227 [1/1] (0.00ns)   --->   "%sext_ln18_1 = sext i9 %select_ln18" [C:\scratch\2024.1\hls_product\545\2024.1\src\shared\hls\clib/hlsmath/include/FloatingPoint\hls_case_IEEE754.h:18->C:\scratch\2024.1\hls_product\545\2024.1\src\shared\hls\clib/hlsmath/include/FloatingPoint\hls_case_IEEE754.h:117->C:\scratch\2024.1\hls_product\545\2024.1\src\shared\hls\clib\hlsmath\src\lib_floatconversion.cpp:51->hilbert.cpp:48->hilbert.cpp:66]   --->   Operation 227 'sext' 'sext_ln18_1' <Predicate = true> <Delay = 0.00>
ST_16 : Operation 228 [1/1] (0.00ns)   --->   "%zext_ln18 = zext i32 %sext_ln18_1" [C:\scratch\2024.1\hls_product\545\2024.1\src\shared\hls\clib/hlsmath/include/FloatingPoint\hls_case_IEEE754.h:18->C:\scratch\2024.1\hls_product\545\2024.1\src\shared\hls\clib/hlsmath/include/FloatingPoint\hls_case_IEEE754.h:117->C:\scratch\2024.1\hls_product\545\2024.1\src\shared\hls\clib\hlsmath\src\lib_floatconversion.cpp:51->hilbert.cpp:48->hilbert.cpp:66]   --->   Operation 228 'zext' 'zext_ln18' <Predicate = true> <Delay = 0.00>
ST_16 : Operation 229 [1/1] (1.38ns)   --->   "%lshr_ln18 = lshr i79 %zext_ln15, i79 %zext_ln18" [C:\scratch\2024.1\hls_product\545\2024.1\src\shared\hls\clib/hlsmath/include/FloatingPoint\hls_case_IEEE754.h:18->C:\scratch\2024.1\hls_product\545\2024.1\src\shared\hls\clib/hlsmath/include/FloatingPoint\hls_case_IEEE754.h:117->C:\scratch\2024.1\hls_product\545\2024.1\src\shared\hls\clib\hlsmath\src\lib_floatconversion.cpp:51->hilbert.cpp:48->hilbert.cpp:66]   --->   Operation 229 'lshr' 'lshr_ln18' <Predicate = true> <Delay = 1.38> <CoreInst = "Shifter">   --->   Core 75 'Shifter' <Latency = 0> <II = 1> <Delay = 1.38> <FuncUnit> <Opcode : 'shl' 'lshr' 'ashr'> <InPorts = 2> <OutPorts = 1>
ST_16 : Operation 230 [1/1] (1.38ns)   --->   "%shl_ln18 = shl i79 %zext_ln15, i79 %zext_ln18" [C:\scratch\2024.1\hls_product\545\2024.1\src\shared\hls\clib/hlsmath/include/FloatingPoint\hls_case_IEEE754.h:18->C:\scratch\2024.1\hls_product\545\2024.1\src\shared\hls\clib/hlsmath/include/FloatingPoint\hls_case_IEEE754.h:117->C:\scratch\2024.1\hls_product\545\2024.1\src\shared\hls\clib\hlsmath\src\lib_floatconversion.cpp:51->hilbert.cpp:48->hilbert.cpp:66]   --->   Operation 230 'shl' 'shl_ln18' <Predicate = true> <Delay = 1.38> <CoreInst = "Shifter">   --->   Core 75 'Shifter' <Latency = 0> <II = 1> <Delay = 1.38> <FuncUnit> <Opcode : 'shl' 'lshr' 'ashr'> <InPorts = 2> <OutPorts = 1>
ST_16 : Operation 231 [1/1] (0.00ns)   --->   "%tmp_3 = partselect i32 @_ssdm_op_PartSelect.i32.i79.i32.i32, i79 %lshr_ln18, i32 24, i32 55" [C:\scratch\2024.1\hls_product\545\2024.1\src\shared\hls\clib/hlsmath/include/FloatingPoint\hls_case_IEEE754.h:21->C:\scratch\2024.1\hls_product\545\2024.1\src\shared\hls\clib/hlsmath/include/FloatingPoint\hls_case_IEEE754.h:117->C:\scratch\2024.1\hls_product\545\2024.1\src\shared\hls\clib\hlsmath\src\lib_floatconversion.cpp:51->hilbert.cpp:48->hilbert.cpp:66]   --->   Operation 231 'partselect' 'tmp_3' <Predicate = true> <Delay = 0.00>
ST_16 : Operation 232 [1/1] (0.00ns)   --->   "%tmp_4 = partselect i32 @_ssdm_op_PartSelect.i32.i79.i32.i32, i79 %shl_ln18, i32 24, i32 55" [C:\scratch\2024.1\hls_product\545\2024.1\src\shared\hls\clib/hlsmath/include/FloatingPoint\hls_case_IEEE754.h:21->C:\scratch\2024.1\hls_product\545\2024.1\src\shared\hls\clib/hlsmath/include/FloatingPoint\hls_case_IEEE754.h:117->C:\scratch\2024.1\hls_product\545\2024.1\src\shared\hls\clib\hlsmath\src\lib_floatconversion.cpp:51->hilbert.cpp:48->hilbert.cpp:66]   --->   Operation 232 'partselect' 'tmp_4' <Predicate = true> <Delay = 0.00>
ST_16 : Operation 233 [1/1] (0.44ns)   --->   "%val = select i1 %tmp_30, i32 %tmp_3, i32 %tmp_4" [C:\scratch\2024.1\hls_product\545\2024.1\src\shared\hls\clib/hlsmath/include/FloatingPoint\hls_case_IEEE754.h:18->C:\scratch\2024.1\hls_product\545\2024.1\src\shared\hls\clib/hlsmath/include/FloatingPoint\hls_case_IEEE754.h:117->C:\scratch\2024.1\hls_product\545\2024.1\src\shared\hls\clib\hlsmath\src\lib_floatconversion.cpp:51->hilbert.cpp:48->hilbert.cpp:66]   --->   Operation 233 'select' 'val' <Predicate = true> <Delay = 0.44> <CoreInst = "Sel">   --->   Core 73 'Sel' <Latency = 0> <II = 1> <Delay = 0.44> <FuncUnit> <Opcode : 'select'> <InPorts = 3> <OutPorts = 1>
ST_16 : Operation 234 [1/1] (1.01ns)   --->   "%result_1 = sub i32 0, i32 %val" [C:\scratch\2024.1\hls_product\545\2024.1\src\shared\hls\clib/hlsmath/include/FloatingPoint\hls_case_IEEE754.h:59->C:\scratch\2024.1\hls_product\545\2024.1\src\shared\hls\clib/hlsmath/include/FloatingPoint\hls_case_IEEE754.h:117->C:\scratch\2024.1\hls_product\545\2024.1\src\shared\hls\clib\hlsmath\src\lib_floatconversion.cpp:51->hilbert.cpp:48->hilbert.cpp:66]   --->   Operation 234 'sub' 'result_1' <Predicate = true> <Delay = 1.01> <CoreInst = "Adder">   --->   Core 1 'Adder' <Latency = 0> <II = 1> <Delay = 1.01> <FuncUnit> <Opcode : 'add' 'sub'> <InPorts = 2> <OutPorts = 1>
ST_16 : Operation 235 [1/1] (0.44ns)   --->   "%result = select i1 %xs_sign, i32 %result_1, i32 %val" [C:\scratch\2024.1\hls_product\545\2024.1\src\shared\hls\clib/hlsmath/include/FloatingPoint\hls_case_IEEE754.h:59->C:\scratch\2024.1\hls_product\545\2024.1\src\shared\hls\clib/hlsmath/include/FloatingPoint\hls_case_IEEE754.h:117->C:\scratch\2024.1\hls_product\545\2024.1\src\shared\hls\clib\hlsmath\src\lib_floatconversion.cpp:51->hilbert.cpp:48->hilbert.cpp:66]   --->   Operation 235 'select' 'result' <Predicate = true> <Delay = 0.44> <CoreInst = "Sel">   --->   Core 73 'Sel' <Latency = 0> <II = 1> <Delay = 0.44> <FuncUnit> <Opcode : 'select'> <InPorts = 3> <OutPorts = 1>
ST_16 : Operation 236 [2/2] (0.49ns)   --->   "%write_ln70 = write void @_ssdm_op_Write.axis.volatile.i32P0A.i4P0A.i4P0A.i2P0A.i1P0A.i5P0A.i6P0A, i32 %out_stream_V_data_V, i4 %out_stream_V_keep_V, i4 %out_stream_V_strb_V, i2 %out_stream_V_user_V, i1 %out_stream_V_last_V, i5 %out_stream_V_id_V, i6 %out_stream_V_dest_V, i32 %result, i4 %tmp_keep, i4 %tmp_strb, i2 %tmp_user, i1 %tmp_last, i5 %tmp_id, i6 %tmp_dest" [hilbert.cpp:70]   --->   Operation 236 'write' 'write_ln70' <Predicate = true> <Delay = 0.49> <CoreInst = "regslice">   --->   Core 148 'regslice' <Latency = 0> <II = 1> <Delay = 0.65> <Adapter> <Opcode : 'read' 'write'>

State 17 <SV = 16> <Delay = 0.49>
ST_17 : Operation 237 [1/2] (0.49ns)   --->   "%write_ln70 = write void @_ssdm_op_Write.axis.volatile.i32P0A.i4P0A.i4P0A.i2P0A.i1P0A.i5P0A.i6P0A, i32 %out_stream_V_data_V, i4 %out_stream_V_keep_V, i4 %out_stream_V_strb_V, i2 %out_stream_V_user_V, i1 %out_stream_V_last_V, i5 %out_stream_V_id_V, i6 %out_stream_V_dest_V, i32 %result, i4 %tmp_keep, i4 %tmp_strb, i2 %tmp_user, i1 %tmp_last, i5 %tmp_id, i6 %tmp_dest" [hilbert.cpp:70]   --->   Operation 237 'write' 'write_ln70' <Predicate = true> <Delay = 0.49> <CoreInst = "regslice">   --->   Core 148 'regslice' <Latency = 0> <II = 1> <Delay = 0.65> <Adapter> <Opcode : 'read' 'write'>
ST_17 : Operation 238 [1/1] (0.42ns)   --->   "%ret_ln75 = ret" [hilbert.cpp:75]   --->   Operation 238 'ret' 'ret_ln75' <Predicate = (tmp_last)> <Delay = 0.42>


============================================================
+ Verbose Summary: Timing violations
============================================================
Target clock period: 10.000ns, clock uncertainty: 2.700ns.

 <State 1>: 5.111ns
The critical path consists of the following:
	'load' operation 32 bit ('p_ZZL7hilbertiRiE1x_19_load', hilbert.cpp:30->hilbert.cpp:66) on static variable 'p_ZZL7hilbertiRiE1x_19' [76]  (0.000 ns)
	'sub' operation 32 bit ('sub_ln39', hilbert.cpp:39->hilbert.cpp:66) [121]  (1.016 ns)
	'sub' operation 43 bit ('sub_ln45_2', hilbert.cpp:45->hilbert.cpp:66) [131]  (1.048 ns)
	'add' operation 43 bit ('add_ln45_5', hilbert.cpp:45->hilbert.cpp:66) [134]  (0.000 ns)
	'sub' operation 43 bit ('sub_ln45_3', hilbert.cpp:45->hilbert.cpp:66) [137]  (0.760 ns)
	'add' operation 43 bit ('add_ln45_6', hilbert.cpp:45->hilbert.cpp:66) [138]  (0.000 ns)
	'add' operation 43 bit ('add_ln45_2', hilbert.cpp:45->hilbert.cpp:66) [198]  (0.760 ns)
	'add' operation 44 bit ('add_ln45_3', hilbert.cpp:45->hilbert.cpp:66) [200]  (0.762 ns)
	'add' operation 46 bit ('add_ln45_4', hilbert.cpp:45->hilbert.cpp:66) [202]  (0.766 ns)

 <State 2>: 6.624ns
The critical path consists of the following:
	'mul' operation 93 bit ('mul_ln45', hilbert.cpp:45->hilbert.cpp:66) [204]  (3.900 ns)
	'sub' operation 93 bit ('sub_ln45', hilbert.cpp:45->hilbert.cpp:66) [205]  (1.309 ns)
	'select' operation 33 bit ('select_ln45_1', hilbert.cpp:45->hilbert.cpp:66) [210]  (0.000 ns)
	'sub' operation 46 bit ('sub_ln45_1', hilbert.cpp:45->hilbert.cpp:66) [212]  (1.018 ns)
	'select' operation 46 bit ('Q_path', hilbert.cpp:45->hilbert.cpp:66) [213]  (0.397 ns)

 <State 3>: 3.420ns
The critical path consists of the following:
	'mul' operation 64 bit ('mul_ln47', hilbert.cpp:47->hilbert.cpp:66) [216]  (3.420 ns)

 <State 4>: 6.282ns
The critical path consists of the following:
	'add' operation 64 bit ('mag_sq', hilbert.cpp:47->hilbert.cpp:66) [218]  (1.085 ns)
	'sitofp' operation 32 bit ('x', hilbert.cpp:48->hilbert.cpp:66) [219]  (5.197 ns)

 <State 5>: 5.197ns
The critical path consists of the following:
	'sitofp' operation 32 bit ('x', hilbert.cpp:48->hilbert.cpp:66) [219]  (5.197 ns)

 <State 6>: 5.197ns
The critical path consists of the following:
	'sitofp' operation 32 bit ('x', hilbert.cpp:48->hilbert.cpp:66) [219]  (5.197 ns)

 <State 7>: 5.197ns
The critical path consists of the following:
	'sitofp' operation 32 bit ('x', hilbert.cpp:48->hilbert.cpp:66) [219]  (5.197 ns)

 <State 8>: 6.577ns
The critical path consists of the following:
	'fsqrt' operation 32 bit ('x', C:\scratch\2024.1\hls_product\545\2024.1\src\shared\hls\clib\hlsmath\src\c++\sqrtfloat.cpp:8->hilbert.cpp:48->hilbert.cpp:66) [220]  (6.577 ns)

 <State 9>: 6.577ns
The critical path consists of the following:
	'fsqrt' operation 32 bit ('x', C:\scratch\2024.1\hls_product\545\2024.1\src\shared\hls\clib\hlsmath\src\c++\sqrtfloat.cpp:8->hilbert.cpp:48->hilbert.cpp:66) [220]  (6.577 ns)

 <State 10>: 6.577ns
The critical path consists of the following:
	'fsqrt' operation 32 bit ('x', C:\scratch\2024.1\hls_product\545\2024.1\src\shared\hls\clib\hlsmath\src\c++\sqrtfloat.cpp:8->hilbert.cpp:48->hilbert.cpp:66) [220]  (6.577 ns)

 <State 11>: 6.577ns
The critical path consists of the following:
	'fsqrt' operation 32 bit ('x', C:\scratch\2024.1\hls_product\545\2024.1\src\shared\hls\clib\hlsmath\src\c++\sqrtfloat.cpp:8->hilbert.cpp:48->hilbert.cpp:66) [220]  (6.577 ns)

 <State 12>: 6.577ns
The critical path consists of the following:
	'fsqrt' operation 32 bit ('x', C:\scratch\2024.1\hls_product\545\2024.1\src\shared\hls\clib\hlsmath\src\c++\sqrtfloat.cpp:8->hilbert.cpp:48->hilbert.cpp:66) [220]  (6.577 ns)

 <State 13>: 6.577ns
The critical path consists of the following:
	'fsqrt' operation 32 bit ('x', C:\scratch\2024.1\hls_product\545\2024.1\src\shared\hls\clib\hlsmath\src\c++\sqrtfloat.cpp:8->hilbert.cpp:48->hilbert.cpp:66) [220]  (6.577 ns)

 <State 14>: 6.577ns
The critical path consists of the following:
	'fsqrt' operation 32 bit ('x', C:\scratch\2024.1\hls_product\545\2024.1\src\shared\hls\clib\hlsmath\src\c++\sqrtfloat.cpp:8->hilbert.cpp:48->hilbert.cpp:66) [220]  (6.577 ns)

 <State 15>: 6.577ns
The critical path consists of the following:
	'fsqrt' operation 32 bit ('x', C:\scratch\2024.1\hls_product\545\2024.1\src\shared\hls\clib\hlsmath\src\c++\sqrtfloat.cpp:8->hilbert.cpp:48->hilbert.cpp:66) [220]  (6.577 ns)

 <State 16>: 4.962ns
The critical path consists of the following:
	'add' operation 9 bit ('add_ln317', C:\scratch\2024.1\hls_product\545\2024.1\src\shared\hls\clib/src/hls\utils/x_hls_utils.h:317->C:\scratch\2024.1\hls_product\545\2024.1\src\shared\hls\clib/hlsmath/include/FloatingPoint\hls_case_IEEE754.h:18->C:\scratch\2024.1\hls_product\545\2024.1\src\shared\hls\clib/hlsmath/include/FloatingPoint\hls_case_IEEE754.h:117->C:\scratch\2024.1\hls_product\545\2024.1\src\shared\hls\clib\hlsmath\src\lib_floatconversion.cpp:51->hilbert.cpp:48->hilbert.cpp:66) [228]  (0.765 ns)
	'select' operation 9 bit ('select_ln18', C:\scratch\2024.1\hls_product\545\2024.1\src\shared\hls\clib/hlsmath/include/FloatingPoint\hls_case_IEEE754.h:18->C:\scratch\2024.1\hls_product\545\2024.1\src\shared\hls\clib/hlsmath/include/FloatingPoint\hls_case_IEEE754.h:117->C:\scratch\2024.1\hls_product\545\2024.1\src\shared\hls\clib\hlsmath\src\lib_floatconversion.cpp:51->hilbert.cpp:48->hilbert.cpp:66) [232]  (0.398 ns)
	'shl' operation 79 bit ('shl_ln18', C:\scratch\2024.1\hls_product\545\2024.1\src\shared\hls\clib/hlsmath/include/FloatingPoint\hls_case_IEEE754.h:18->C:\scratch\2024.1\hls_product\545\2024.1\src\shared\hls\clib/hlsmath/include/FloatingPoint\hls_case_IEEE754.h:117->C:\scratch\2024.1\hls_product\545\2024.1\src\shared\hls\clib\hlsmath\src\lib_floatconversion.cpp:51->hilbert.cpp:48->hilbert.cpp:66) [236]  (1.388 ns)
	'select' operation 32 bit ('val', C:\scratch\2024.1\hls_product\545\2024.1\src\shared\hls\clib/hlsmath/include/FloatingPoint\hls_case_IEEE754.h:18->C:\scratch\2024.1\hls_product\545\2024.1\src\shared\hls\clib/hlsmath/include/FloatingPoint\hls_case_IEEE754.h:117->C:\scratch\2024.1\hls_product\545\2024.1\src\shared\hls\clib\hlsmath\src\lib_floatconversion.cpp:51->hilbert.cpp:48->hilbert.cpp:66) [239]  (0.449 ns)
	'sub' operation 32 bit ('result', C:\scratch\2024.1\hls_product\545\2024.1\src\shared\hls\clib/hlsmath/include/FloatingPoint\hls_case_IEEE754.h:59->C:\scratch\2024.1\hls_product\545\2024.1\src\shared\hls\clib/hlsmath/include/FloatingPoint\hls_case_IEEE754.h:117->C:\scratch\2024.1\hls_product\545\2024.1\src\shared\hls\clib\hlsmath\src\lib_floatconversion.cpp:51->hilbert.cpp:48->hilbert.cpp:66) [240]  (1.016 ns)
	'select' operation 32 bit ('result', C:\scratch\2024.1\hls_product\545\2024.1\src\shared\hls\clib/hlsmath/include/FloatingPoint\hls_case_IEEE754.h:59->C:\scratch\2024.1\hls_product\545\2024.1\src\shared\hls\clib/hlsmath/include/FloatingPoint\hls_case_IEEE754.h:117->C:\scratch\2024.1\hls_product\545\2024.1\src\shared\hls\clib\hlsmath\src\lib_floatconversion.cpp:51->hilbert.cpp:48->hilbert.cpp:66) [241]  (0.449 ns)
	axis write operation ('write_ln70', hilbert.cpp:70) on port 'out_stream_V_data_V' (hilbert.cpp:70) [242]  (0.497 ns)

 <State 17>: 0.497ns
The critical path consists of the following:
	axis write operation ('write_ln70', hilbert.cpp:70) on port 'out_stream_V_data_V' (hilbert.cpp:70) [242]  (0.497 ns)


============================================================
+ Verbose Summary: Binding
============================================================
N/A
* FSMD analyzer results:
  - Output states:
 - Input state : 
  - Chain level:
	State 1
	State 2
	State 3
	State 4
	State 5
	State 6
	State 7
	State 8
	State 9
	State 10
	State 11
	State 12
	State 13
	State 14
	State 15
	State 16
	State 17


============================================================
+ Verbose Summary: Datapath Resource usage 
============================================================
N/A
