

================================================================
== Vitis HLS Report for 'calculateCoefficients_Pipeline_VITIS_LOOP_22_1'
================================================================
* Date:           Fri Mar 27 14:36:04 2026

* Version:        2024.1 (Build 5069499 on May 21 2024)
* Project:        calculateCoefficients
* Solution:       hls (Vivado IP Flow Target)
* Product family: zynquplus
* Target device:  xczu3eg-sfvc784-2-e


================================================================
== Performance Estimates
================================================================
+ Timing: 
    * Summary: 
    +--------+----------+----------+------------+
    |  Clock |  Target  | Estimated| Uncertainty|
    +--------+----------+----------+------------+
    |ap_clk  |  10.00 ns|  7.300 ns|     2.70 ns|
    +--------+----------+----------+------------+

+ Latency: 
    * Summary: 
    +---------+---------+----------+----------+-----+-----+-----------------------------------------------+
    |  Latency (cycles) |  Latency (absolute) |  Interval |                    Pipeline                   |
    |   min   |   max   |    min   |    max   | min | max |                      Type                     |
    +---------+---------+----------+----------+-----+-----+-----------------------------------------------+
    |       58|       58|  0.580 us|  0.580 us|   25|   25|  loop auto-rewind stp(delay=0 clock cycles(s))|
    +---------+---------+----------+----------+-----+-----+-----------------------------------------------+

    + Detail: 
        * Instance: 
        +-------------------------------+--------------------+---------+---------+-----------+-----------+-----+-----+---------+
        |                               |                    |  Latency (cycles) |   Latency (absolute)  |  Interval | Pipeline|
        |            Instance           |       Module       |   min   |   max   |    min    |    max    | min | max |   Type  |
        +-------------------------------+--------------------+---------+---------+-----------+-----------+-----+-----+---------+
        |grp_sin_or_cos_float_s_fu_150  |sin_or_cos_float_s  |        5|        5|  50.000 ns|  50.000 ns|    1|    1|      yes|
        |grp_sin_or_cos_float_s_fu_163  |sin_or_cos_float_s  |        5|        5|  50.000 ns|  50.000 ns|    1|    1|      yes|
        +-------------------------------+--------------------+---------+---------+-----------+-----------+-----+-----+---------+

        * Loop: 
        +-------------------+---------+---------+----------+-----------+-----------+------+----------+
        |                   |  Latency (cycles) | Iteration|  Initiation Interval  | Trip |          |
        |     Loop Name     |   min   |   max   |  Latency |  achieved |   target  | Count| Pipelined|
        +-------------------+---------+---------+----------+-----------+-----------+------+----------+
        |- VITIS_LOOP_22_1  |       56|       56|        33|          1|          1|    25|       yes|
        +-------------------+---------+---------+----------+-----------+-----------+------+----------+



================================================================
== Utilization Estimates
================================================================
* Summary: 
+-----------------+---------+-----+--------+-------+-----+
|       Name      | BRAM_18K| DSP |   FF   |  LUT  | URAM|
+-----------------+---------+-----+--------+-------+-----+
|DSP              |        -|    -|       -|      -|    -|
|Expression       |        -|    -|       0|   1019|    -|
|FIFO             |        -|    -|       -|      -|    -|
|Instance         |        -|   32|    2180|   5384|    -|
|Memory           |        -|    -|       -|      -|    -|
|Multiplexer      |        -|    -|       0|     63|    -|
|Register         |        -|    -|    1448|     64|    -|
+-----------------+---------+-----+--------+-------+-----+
|Total            |        0|   32|    3628|   6530|    0|
+-----------------+---------+-----+--------+-------+-----+
|Available        |      432|  360|  141120|  70560|    0|
+-----------------+---------+-----+--------+-------+-----+
|Utilization (%)  |        0|    8|       2|      9|    0|
+-----------------+---------+-----+--------+-------+-----+

+ Detail: 
    * Instance: 
    +-----------------------------------+-------------------------------+---------+----+-----+------+-----+
    |              Instance             |             Module            | BRAM_18K| DSP|  FF |  LUT | URAM|
    +-----------------------------------+-------------------------------+---------+----+-----+------+-----+
    |fmul_32ns_32ns_32_3_max_dsp_1_U25  |fmul_32ns_32ns_32_3_max_dsp_1  |        0|   3|  128|   135|    0|
    |fmul_32ns_32ns_32_3_max_dsp_1_U26  |fmul_32ns_32ns_32_3_max_dsp_1  |        0|   3|  128|   135|    0|
    |grp_sin_or_cos_float_s_fu_150      |sin_or_cos_float_s             |        0|  13|  962|  2557|    0|
    |grp_sin_or_cos_float_s_fu_163      |sin_or_cos_float_s             |        0|  13|  962|  2557|    0|
    |sitofp_32s_32_4_no_dsp_1_U28       |sitofp_32s_32_4_no_dsp_1       |        0|   0|    0|     0|    0|
    +-----------------------------------+-------------------------------+---------+----+-----+------+-----+
    |Total                              |                               |        0|  32| 2180|  5384|    0|
    +-----------------------------------+-------------------------------+---------+----+-----+------+-----+

    * DSP: 
    N/A

    * Memory: 
    N/A

    * FIFO: 
    N/A

    * Expression: 
    +---------------------------+----------+----+---+-----+------------+------------+
    |       Variable Name       | Operation| DSP| FF| LUT | Bitwidth P0| Bitwidth P1|
    +---------------------------+----------+----+---+-----+------------+------------+
    |add_ln28_fu_218_p2         |         +|   0|  0|   12|           5|           5|
    |add_ln317_fu_295_p2        |         +|   0|  0|   16|           9|           8|
    |i_fu_230_p2                |         +|   0|  0|   12|           5|           1|
    |result_1_fu_375_p2         |         -|   0|  0|   71|           1|          64|
    |sub_ln18_fu_309_p2         |         -|   0|  0|   15|           7|           8|
    |ap_block_pp0_stage0_11001  |       and|   0|  0|    2|           1|           1|
    |ap_condition_442           |       and|   0|  0|    2|           1|           1|
    |icmp_ln22_fu_241_p2        |      icmp|   0|  0|   12|           5|           5|
    |icmp_ln28_fu_224_p2        |      icmp|   0|  0|   12|           5|           1|
    |lshr_ln18_fu_335_p2        |      lshr|   0|  0|  363|         111|         111|
    |result_2_fu_381_p3         |    select|   0|  0|   64|           1|          64|
    |select_ln18_fu_319_p3      |    select|   0|  0|    9|           1|           9|
    |val_3_fu_367_p3            |    select|   0|  0|   64|           1|          64|
    |shl_ln18_fu_341_p2         |       shl|   0|  0|  363|         111|         111|
    |ap_enable_pp0              |       xor|   0|  0|    2|           1|           2|
    +---------------------------+----------+----+---+-----+------------+------------+
    |Total                      |          |   0|  0| 1019|         265|         455|
    +---------------------------+----------+----+---+-----+------------+------------+

    * Multiplexer: 
    +-------------------------------------+----+-----------+-----+-----------+
    |                 Name                | LUT| Input Size| Bits| Total Bits|
    +-------------------------------------+----+-----------+-----+-----------+
    |ap_done_int                          |   9|          2|    1|          2|
    |ap_loop_exit_ready_pp0_iter32_reg    |   9|          2|    1|          2|
    |ap_phi_reg_pp0_iter1_val_1_reg_140   |   9|          2|   32|         64|
    |ap_phi_reg_pp0_iter28_val_1_reg_140  |   9|          2|   32|         64|
    |ap_sig_allocacmp_i1_load             |   9|          2|    5|         10|
    |gmem_blk_n_W                         |   9|          2|    1|          2|
    |i1_fu_104                            |   9|          2|    5|         10|
    +-------------------------------------+----+-----------+-----+-----------+
    |Total                                |  63|         14|   77|        154|
    +-------------------------------------+----+-----------+-----+-----------+

    * Register: 
    +-------------------------------------+----+----+-----+-----------+
    |                 Name                | FF | LUT| Bits| Const Bits|
    +-------------------------------------+----+----+-----+-----------+
    |ap_CS_fsm                            |   1|   0|    1|          0|
    |ap_done_reg                          |   1|   0|    1|          0|
    |ap_enable_reg_pp0_iter1              |   1|   0|    1|          0|
    |ap_enable_reg_pp0_iter10             |   1|   0|    1|          0|
    |ap_enable_reg_pp0_iter11             |   1|   0|    1|          0|
    |ap_enable_reg_pp0_iter12             |   1|   0|    1|          0|
    |ap_enable_reg_pp0_iter13             |   1|   0|    1|          0|
    |ap_enable_reg_pp0_iter14             |   1|   0|    1|          0|
    |ap_enable_reg_pp0_iter15             |   1|   0|    1|          0|
    |ap_enable_reg_pp0_iter16             |   1|   0|    1|          0|
    |ap_enable_reg_pp0_iter17             |   1|   0|    1|          0|
    |ap_enable_reg_pp0_iter18             |   1|   0|    1|          0|
    |ap_enable_reg_pp0_iter19             |   1|   0|    1|          0|
    |ap_enable_reg_pp0_iter2              |   1|   0|    1|          0|
    |ap_enable_reg_pp0_iter20             |   1|   0|    1|          0|
    |ap_enable_reg_pp0_iter21             |   1|   0|    1|          0|
    |ap_enable_reg_pp0_iter22             |   1|   0|    1|          0|
    |ap_enable_reg_pp0_iter23             |   1|   0|    1|          0|
    |ap_enable_reg_pp0_iter24             |   1|   0|    1|          0|
    |ap_enable_reg_pp0_iter25             |   1|   0|    1|          0|
    |ap_enable_reg_pp0_iter26             |   1|   0|    1|          0|
    |ap_enable_reg_pp0_iter27             |   1|   0|    1|          0|
    |ap_enable_reg_pp0_iter28             |   1|   0|    1|          0|
    |ap_enable_reg_pp0_iter29             |   1|   0|    1|          0|
    |ap_enable_reg_pp0_iter3              |   1|   0|    1|          0|
    |ap_enable_reg_pp0_iter30             |   1|   0|    1|          0|
    |ap_enable_reg_pp0_iter31             |   1|   0|    1|          0|
    |ap_enable_reg_pp0_iter32             |   1|   0|    1|          0|
    |ap_enable_reg_pp0_iter4              |   1|   0|    1|          0|
    |ap_enable_reg_pp0_iter5              |   1|   0|    1|          0|
    |ap_enable_reg_pp0_iter6              |   1|   0|    1|          0|
    |ap_enable_reg_pp0_iter7              |   1|   0|    1|          0|
    |ap_enable_reg_pp0_iter8              |   1|   0|    1|          0|
    |ap_enable_reg_pp0_iter9              |   1|   0|    1|          0|
    |ap_loop_exit_ready_pp0_iter10_reg    |   1|   0|    1|          0|
    |ap_loop_exit_ready_pp0_iter11_reg    |   1|   0|    1|          0|
    |ap_loop_exit_ready_pp0_iter12_reg    |   1|   0|    1|          0|
    |ap_loop_exit_ready_pp0_iter13_reg    |   1|   0|    1|          0|
    |ap_loop_exit_ready_pp0_iter14_reg    |   1|   0|    1|          0|
    |ap_loop_exit_ready_pp0_iter15_reg    |   1|   0|    1|          0|
    |ap_loop_exit_ready_pp0_iter16_reg    |   1|   0|    1|          0|
    |ap_loop_exit_ready_pp0_iter17_reg    |   1|   0|    1|          0|
    |ap_loop_exit_ready_pp0_iter18_reg    |   1|   0|    1|          0|
    |ap_loop_exit_ready_pp0_iter19_reg    |   1|   0|    1|          0|
    |ap_loop_exit_ready_pp0_iter1_reg     |   1|   0|    1|          0|
    |ap_loop_exit_ready_pp0_iter20_reg    |   1|   0|    1|          0|
    |ap_loop_exit_ready_pp0_iter21_reg    |   1|   0|    1|          0|
    |ap_loop_exit_ready_pp0_iter22_reg    |   1|   0|    1|          0|
    |ap_loop_exit_ready_pp0_iter23_reg    |   1|   0|    1|          0|
    |ap_loop_exit_ready_pp0_iter24_reg    |   1|   0|    1|          0|
    |ap_loop_exit_ready_pp0_iter25_reg    |   1|   0|    1|          0|
    |ap_loop_exit_ready_pp0_iter26_reg    |   1|   0|    1|          0|
    |ap_loop_exit_ready_pp0_iter27_reg    |   1|   0|    1|          0|
    |ap_loop_exit_ready_pp0_iter28_reg    |   1|   0|    1|          0|
    |ap_loop_exit_ready_pp0_iter29_reg    |   1|   0|    1|          0|
    |ap_loop_exit_ready_pp0_iter2_reg     |   1|   0|    1|          0|
    |ap_loop_exit_ready_pp0_iter30_reg    |   1|   0|    1|          0|
    |ap_loop_exit_ready_pp0_iter31_reg    |   1|   0|    1|          0|
    |ap_loop_exit_ready_pp0_iter32_reg    |   1|   0|    1|          0|
    |ap_loop_exit_ready_pp0_iter3_reg     |   1|   0|    1|          0|
    |ap_loop_exit_ready_pp0_iter4_reg     |   1|   0|    1|          0|
    |ap_loop_exit_ready_pp0_iter5_reg     |   1|   0|    1|          0|
    |ap_loop_exit_ready_pp0_iter6_reg     |   1|   0|    1|          0|
    |ap_loop_exit_ready_pp0_iter7_reg     |   1|   0|    1|          0|
    |ap_loop_exit_ready_pp0_iter8_reg     |   1|   0|    1|          0|
    |ap_loop_exit_ready_pp0_iter9_reg     |   1|   0|    1|          0|
    |ap_phi_reg_pp0_iter10_val_1_reg_140  |  32|   0|   32|          0|
    |ap_phi_reg_pp0_iter11_val_1_reg_140  |  32|   0|   32|          0|
    |ap_phi_reg_pp0_iter12_val_1_reg_140  |  32|   0|   32|          0|
    |ap_phi_reg_pp0_iter13_val_1_reg_140  |  32|   0|   32|          0|
    |ap_phi_reg_pp0_iter14_val_1_reg_140  |  32|   0|   32|          0|
    |ap_phi_reg_pp0_iter15_val_1_reg_140  |  32|   0|   32|          0|
    |ap_phi_reg_pp0_iter16_val_1_reg_140  |  32|   0|   32|          0|
    |ap_phi_reg_pp0_iter17_val_1_reg_140  |  32|   0|   32|          0|
    |ap_phi_reg_pp0_iter18_val_1_reg_140  |  32|   0|   32|          0|
    |ap_phi_reg_pp0_iter19_val_1_reg_140  |  32|   0|   32|          0|
    |ap_phi_reg_pp0_iter1_val_1_reg_140   |  32|   0|   32|          0|
    |ap_phi_reg_pp0_iter20_val_1_reg_140  |  32|   0|   32|          0|
    |ap_phi_reg_pp0_iter21_val_1_reg_140  |  32|   0|   32|          0|
    |ap_phi_reg_pp0_iter22_val_1_reg_140  |  32|   0|   32|          0|
    |ap_phi_reg_pp0_iter23_val_1_reg_140  |  32|   0|   32|          0|
    |ap_phi_reg_pp0_iter24_val_1_reg_140  |  32|   0|   32|          0|
    |ap_phi_reg_pp0_iter25_val_1_reg_140  |  32|   0|   32|          0|
    |ap_phi_reg_pp0_iter26_val_1_reg_140  |  32|   0|   32|          0|
    |ap_phi_reg_pp0_iter27_val_1_reg_140  |  32|   0|   32|          0|
    |ap_phi_reg_pp0_iter28_val_1_reg_140  |  32|   0|   32|          0|
    |ap_phi_reg_pp0_iter2_val_1_reg_140   |  32|   0|   32|          0|
    |ap_phi_reg_pp0_iter3_val_1_reg_140   |  32|   0|   32|          0|
    |ap_phi_reg_pp0_iter4_val_1_reg_140   |  32|   0|   32|          0|
    |ap_phi_reg_pp0_iter5_val_1_reg_140   |  32|   0|   32|          0|
    |ap_phi_reg_pp0_iter6_val_1_reg_140   |  32|   0|   32|          0|
    |ap_phi_reg_pp0_iter7_val_1_reg_140   |  32|   0|   32|          0|
    |ap_phi_reg_pp0_iter8_val_1_reg_140   |  32|   0|   32|          0|
    |ap_phi_reg_pp0_iter9_val_1_reg_140   |  32|   0|   32|          0|
    |conv9_reg_435                        |  32|   0|   32|          0|
    |dc_reg_477                           |  32|   0|   32|          0|
    |i1_fu_104                            |   5|   0|    5|          0|
    |icmp_ln28_reg_422                    |   1|   0|    1|          0|
    |mul4_reg_467                         |  32|   0|   32|          0|
    |result_2_reg_482                     |  64|   0|   64|          0|
    |sub_reg_462                          |  32|   0|   32|          0|
    |tmp_reg_452                          |  32|   0|   32|          0|
    |tmp_s_reg_457                        |  32|   0|   32|          0|
    |val_reg_472                          |  32|   0|   32|          0|
    |x_assign_1_reg_447                   |  32|   0|   32|          0|
    |x_assign_reg_442                     |  32|   0|   32|          0|
    |conv9_reg_435                        |  64|  32|   32|          0|
    |icmp_ln28_reg_422                    |  64|  32|    1|          0|
    +-------------------------------------+----+----+-----+-----------+
    |Total                                |1448|  64| 1353|          0|
    +-------------------------------------+----+----+-----+-----------+



================================================================
== Interface
================================================================
* Summary: 
+---------------------+-----+-----+------------+------------------------------------------------+--------------+
|      RTL Ports      | Dir | Bits|  Protocol  |                  Source Object                 |    C Type    |
+---------------------+-----+-----+------------+------------------------------------------------+--------------+
|ap_clk               |   in|    1|  ap_ctrl_hs|  calculateCoefficients_Pipeline_VITIS_LOOP_22_1|  return value|
|ap_rst               |   in|    1|  ap_ctrl_hs|  calculateCoefficients_Pipeline_VITIS_LOOP_22_1|  return value|
|ap_start             |   in|    1|  ap_ctrl_hs|  calculateCoefficients_Pipeline_VITIS_LOOP_22_1|  return value|
|ap_done              |  out|    1|  ap_ctrl_hs|  calculateCoefficients_Pipeline_VITIS_LOOP_22_1|  return value|
|ap_idle              |  out|    1|  ap_ctrl_hs|  calculateCoefficients_Pipeline_VITIS_LOOP_22_1|  return value|
|ap_ready             |  out|    1|  ap_ctrl_hs|  calculateCoefficients_Pipeline_VITIS_LOOP_22_1|  return value|
|grp_fu_132_p_din0    |  out|   32|  ap_ctrl_hs|  calculateCoefficients_Pipeline_VITIS_LOOP_22_1|  return value|
|grp_fu_132_p_din1    |  out|   32|  ap_ctrl_hs|  calculateCoefficients_Pipeline_VITIS_LOOP_22_1|  return value|
|grp_fu_132_p_opcode  |  out|    2|  ap_ctrl_hs|  calculateCoefficients_Pipeline_VITIS_LOOP_22_1|  return value|
|grp_fu_132_p_dout0   |   in|   32|  ap_ctrl_hs|  calculateCoefficients_Pipeline_VITIS_LOOP_22_1|  return value|
|grp_fu_132_p_ce      |  out|    1|  ap_ctrl_hs|  calculateCoefficients_Pipeline_VITIS_LOOP_22_1|  return value|
|grp_fu_136_p_din0    |  out|   32|  ap_ctrl_hs|  calculateCoefficients_Pipeline_VITIS_LOOP_22_1|  return value|
|grp_fu_136_p_din1    |  out|   32|  ap_ctrl_hs|  calculateCoefficients_Pipeline_VITIS_LOOP_22_1|  return value|
|grp_fu_136_p_dout0   |   in|   32|  ap_ctrl_hs|  calculateCoefficients_Pipeline_VITIS_LOOP_22_1|  return value|
|grp_fu_136_p_ce      |  out|    1|  ap_ctrl_hs|  calculateCoefficients_Pipeline_VITIS_LOOP_22_1|  return value|
|grp_fu_141_p_din0    |  out|   32|  ap_ctrl_hs|  calculateCoefficients_Pipeline_VITIS_LOOP_22_1|  return value|
|grp_fu_141_p_din1    |  out|   32|  ap_ctrl_hs|  calculateCoefficients_Pipeline_VITIS_LOOP_22_1|  return value|
|grp_fu_141_p_dout0   |   in|   32|  ap_ctrl_hs|  calculateCoefficients_Pipeline_VITIS_LOOP_22_1|  return value|
|grp_fu_141_p_ce      |  out|    1|  ap_ctrl_hs|  calculateCoefficients_Pipeline_VITIS_LOOP_22_1|  return value|
|grp_fu_146_p_din0    |  out|   32|  ap_ctrl_hs|  calculateCoefficients_Pipeline_VITIS_LOOP_22_1|  return value|
|grp_fu_146_p_din1    |  out|   32|  ap_ctrl_hs|  calculateCoefficients_Pipeline_VITIS_LOOP_22_1|  return value|
|grp_fu_146_p_dout0   |   in|   32|  ap_ctrl_hs|  calculateCoefficients_Pipeline_VITIS_LOOP_22_1|  return value|
|grp_fu_146_p_ce      |  out|    1|  ap_ctrl_hs|  calculateCoefficients_Pipeline_VITIS_LOOP_22_1|  return value|
|m_axi_gmem_AWVALID   |  out|    1|       m_axi|                                            gmem|       pointer|
|m_axi_gmem_AWREADY   |   in|    1|       m_axi|                                            gmem|       pointer|
|m_axi_gmem_AWADDR    |  out|   64|       m_axi|                                            gmem|       pointer|
|m_axi_gmem_AWID      |  out|    1|       m_axi|                                            gmem|       pointer|
|m_axi_gmem_AWLEN     |  out|   32|       m_axi|                                            gmem|       pointer|
|m_axi_gmem_AWSIZE    |  out|    3|       m_axi|                                            gmem|       pointer|
|m_axi_gmem_AWBURST   |  out|    2|       m_axi|                                            gmem|       pointer|
|m_axi_gmem_AWLOCK    |  out|    2|       m_axi|                                            gmem|       pointer|
|m_axi_gmem_AWCACHE   |  out|    4|       m_axi|                                            gmem|       pointer|
|m_axi_gmem_AWPROT    |  out|    3|       m_axi|                                            gmem|       pointer|
|m_axi_gmem_AWQOS     |  out|    4|       m_axi|                                            gmem|       pointer|
|m_axi_gmem_AWREGION  |  out|    4|       m_axi|                                            gmem|       pointer|
|m_axi_gmem_AWUSER    |  out|    1|       m_axi|                                            gmem|       pointer|
|m_axi_gmem_WVALID    |  out|    1|       m_axi|                                            gmem|       pointer|
|m_axi_gmem_WREADY    |   in|    1|       m_axi|                                            gmem|       pointer|
|m_axi_gmem_WDATA     |  out|   64|       m_axi|                                            gmem|       pointer|
|m_axi_gmem_WSTRB     |  out|    8|       m_axi|                                            gmem|       pointer|
|m_axi_gmem_WLAST     |  out|    1|       m_axi|                                            gmem|       pointer|
|m_axi_gmem_WID       |  out|    1|       m_axi|                                            gmem|       pointer|
|m_axi_gmem_WUSER     |  out|    1|       m_axi|                                            gmem|       pointer|
|m_axi_gmem_ARVALID   |  out|    1|       m_axi|                                            gmem|       pointer|
|m_axi_gmem_ARREADY   |   in|    1|       m_axi|                                            gmem|       pointer|
|m_axi_gmem_ARADDR    |  out|   64|       m_axi|                                            gmem|       pointer|
|m_axi_gmem_ARID      |  out|    1|       m_axi|                                            gmem|       pointer|
|m_axi_gmem_ARLEN     |  out|   32|       m_axi|                                            gmem|       pointer|
|m_axi_gmem_ARSIZE    |  out|    3|       m_axi|                                            gmem|       pointer|
|m_axi_gmem_ARBURST   |  out|    2|       m_axi|                                            gmem|       pointer|
|m_axi_gmem_ARLOCK    |  out|    2|       m_axi|                                            gmem|       pointer|
|m_axi_gmem_ARCACHE   |  out|    4|       m_axi|                                            gmem|       pointer|
|m_axi_gmem_ARPROT    |  out|    3|       m_axi|                                            gmem|       pointer|
|m_axi_gmem_ARQOS     |  out|    4|       m_axi|                                            gmem|       pointer|
|m_axi_gmem_ARREGION  |  out|    4|       m_axi|                                            gmem|       pointer|
|m_axi_gmem_ARUSER    |  out|    1|       m_axi|                                            gmem|       pointer|
|m_axi_gmem_RVALID    |   in|    1|       m_axi|                                            gmem|       pointer|
|m_axi_gmem_RREADY    |  out|    1|       m_axi|                                            gmem|       pointer|
|m_axi_gmem_RDATA     |   in|   64|       m_axi|                                            gmem|       pointer|
|m_axi_gmem_RLAST     |   in|    1|       m_axi|                                            gmem|       pointer|
|m_axi_gmem_RID       |   in|    1|       m_axi|                                            gmem|       pointer|
|m_axi_gmem_RFIFONUM  |   in|    9|       m_axi|                                            gmem|       pointer|
|m_axi_gmem_RUSER     |   in|    1|       m_axi|                                            gmem|       pointer|
|m_axi_gmem_RRESP     |   in|    2|       m_axi|                                            gmem|       pointer|
|m_axi_gmem_BVALID    |   in|    1|       m_axi|                                            gmem|       pointer|
|m_axi_gmem_BREADY    |  out|    1|       m_axi|                                            gmem|       pointer|
|m_axi_gmem_BRESP     |   in|    2|       m_axi|                                            gmem|       pointer|
|m_axi_gmem_BID       |   in|    1|       m_axi|                                            gmem|       pointer|
|m_axi_gmem_BUSER     |   in|    1|       m_axi|                                            gmem|       pointer|
|sext_ln22            |   in|   61|     ap_none|                                       sext_ln22|        scalar|
|div8                 |   in|   32|     ap_none|                                            div8|        scalar|
|omegaUpper           |   in|   32|     ap_none|                                      omegaUpper|        scalar|
|omegaLower           |   in|   32|     ap_none|                                      omegaLower|        scalar|
+---------------------+-----+-----+------------+------------------------------------------------+--------------+

