

================================================================
== Vitis HLS Report for 'calculateCoefficients'
================================================================
* Date:           Fri Mar 27 14:36:05 2026

* Version:        2024.1 (Build 5069499 on May 21 2024)
* Project:        calculateCoefficients
* Solution:       hls (Vivado IP Flow Target)
* Product family: zynquplus
* Target device:  xczu3eg-sfvc784-2-e


================================================================
== Performance Estimates
================================================================
+ Timing: 
    * Summary: 
    +--------+----------+----------+------------+
    |  Clock |  Target  | Estimated| Uncertainty|
    +--------+----------+----------+------------+
    |ap_clk  |  10.00 ns|  7.300 ns|     2.70 ns|
    +--------+----------+----------+------------+

+ Latency: 
    * Summary: 
    +---------+---------+----------+----------+-----+-----+---------+
    |  Latency (cycles) |  Latency (absolute) |  Interval | Pipeline|
    |   min   |   max   |    min   |    max   | min | max |   Type  |
    +---------+---------+----------+----------+-----+-----+---------+
    |       93|       93|  0.930 us|  0.930 us|   94|   94|       no|
    +---------+---------+----------+----------+-----+-----+---------+

    + Detail: 
        * Instance: 
        +-----------------------------------------------------------+------------------------------------------------+---------+---------+----------+----------+-----+-----+-----------------------------------------------+
        |                                                           |                                                |  Latency (cycles) |  Latency (absolute) |  Interval |                    Pipeline                   |
        |                          Instance                         |                     Module                     |   min   |   max   |    min   |    max   | min | max |                      Type                     |
        +-----------------------------------------------------------+------------------------------------------------+---------+---------+----------+----------+-----+-----+-----------------------------------------------+
        |grp_calculateCoefficients_Pipeline_VITIS_LOOP_22_1_fu_114  |calculateCoefficients_Pipeline_VITIS_LOOP_22_1  |       58|       58|  0.580 us|  0.580 us|   25|   25|  loop auto-rewind stp(delay=0 clock cycles(s))|
        +-----------------------------------------------------------+------------------------------------------------+---------+---------+----------+----------+-----+-----+-----------------------------------------------+

        * Loop: 
        N/A



================================================================
== Utilization Estimates
================================================================
* Summary: 
+-----------------+---------+-----+--------+-------+-----+
|       Name      | BRAM_18K| DSP |   FF   |  LUT  | URAM|
+-----------------+---------+-----+--------+-------+-----+
|DSP              |        -|    -|       -|      -|    -|
|Expression       |        -|    -|       -|      -|    -|
|FIFO             |        -|    -|       -|      -|    -|
|Instance         |        4|   40|    5050|   8185|    0|
|Memory           |        -|    -|       -|      -|    -|
|Multiplexer      |        -|    -|       0|    428|    -|
|Register         |        -|    -|     386|      -|    -|
+-----------------+---------+-----+--------+-------+-----+
|Total            |        4|   40|    5436|   8613|    0|
+-----------------+---------+-----+--------+-------+-----+
|Available        |      432|  360|  141120|  70560|    0|
+-----------------+---------+-----+--------+-------+-----+
|Utilization (%)  |       ~0|   11|       3|     12|    0|
+-----------------+---------+-----+--------+-------+-----+

+ Detail: 
    * Instance: 
    +-----------------------------------------------------------+------------------------------------------------+---------+----+------+------+-----+
    |                          Instance                         |                     Module                     | BRAM_18K| DSP|  FF  |  LUT | URAM|
    +-----------------------------------------------------------+------------------------------------------------+---------+----+------+------+-----+
    |grp_calculateCoefficients_Pipeline_VITIS_LOOP_22_1_fu_114  |calculateCoefficients_Pipeline_VITIS_LOOP_22_1  |        0|  32|  3628|  6530|    0|
    |control_s_axi_U                                            |control_s_axi                                   |        0|   0|   220|   360|    0|
    |fdiv_32ns_32ns_32_9_no_dsp_1_U39                           |fdiv_32ns_32ns_32_9_no_dsp_1                    |        0|   0|     0|     0|    0|
    |fdiv_32ns_32ns_32_9_no_dsp_1_U40                           |fdiv_32ns_32ns_32_9_no_dsp_1                    |        0|   0|     0|     0|    0|
    |fmul_32ns_32ns_32_3_max_dsp_1_U37                          |fmul_32ns_32ns_32_3_max_dsp_1                   |        0|   3|   128|   135|    0|
    |fmul_32ns_32ns_32_3_max_dsp_1_U38                          |fmul_32ns_32ns_32_3_max_dsp_1                   |        0|   3|   128|   135|    0|
    |fsub_32ns_32ns_32_4_full_dsp_1_U36                         |fsub_32ns_32ns_32_4_full_dsp_1                  |        0|   2|   227|   214|    0|
    |gmem_m_axi_U                                               |gmem_m_axi                                      |        4|   0|   719|   811|    0|
    |sitofp_32ns_32_4_no_dsp_1_U41                              |sitofp_32ns_32_4_no_dsp_1                       |        0|   0|     0|     0|    0|
    |sitofp_32ns_32_4_no_dsp_1_U42                              |sitofp_32ns_32_4_no_dsp_1                       |        0|   0|     0|     0|    0|
    +-----------------------------------------------------------+------------------------------------------------+---------+----+------+------+-----+
    |Total                                                      |                                                |        4|  40|  5050|  8185|    0|
    +-----------------------------------------------------------+------------------------------------------------+---------+----+------+------+-----+

    * DSP: 
    N/A

    * Memory: 
    N/A

    * FIFO: 
    N/A

    * Expression: 
    N/A

    * Multiplexer: 
    +---------------+-----+-----------+-----+-----------+
    |      Name     | LUT | Input Size| Bits| Total Bits|
    +---------------+-----+-----------+-----+-----------+
    |ap_NS_fsm      |  166|         37|    1|         37|
    |gmem_AWADDR    |   14|          3|   64|        192|
    |gmem_AWLEN     |   14|          3|   32|         96|
    |gmem_AWVALID   |   14|          3|    1|          3|
    |gmem_BREADY    |   14|          3|    1|          3|
    |gmem_WVALID    |    9|          2|    1|          2|
    |gmem_blk_n_AW  |    9|          2|    1|          2|
    |gmem_blk_n_B   |    9|          2|    1|          2|
    |grp_fu_132_ce  |    9|          2|    1|          2|
    |grp_fu_132_p0  |   14|          3|   32|         96|
    |grp_fu_132_p1  |   14|          3|   32|         96|
    |grp_fu_136_ce  |    9|          2|    1|          2|
    |grp_fu_136_p0  |   14|          3|   32|         96|
    |grp_fu_136_p1  |   14|          3|   32|         96|
    |grp_fu_141_ce  |    9|          2|    1|          2|
    |grp_fu_141_p0  |   14|          3|   32|         96|
    |grp_fu_141_p1  |   14|          3|   32|         96|
    |grp_fu_146_ce  |   14|          3|    1|          3|
    |grp_fu_146_p0  |   20|          4|   32|        128|
    |grp_fu_146_p1  |   20|          4|   32|        128|
    |grp_fu_155_p0  |   14|          3|   32|         96|
    +---------------+-----+-----------+-----+-----------+
    |Total          |  428|         93|  394|       1274|
    +---------------+-----+-----------+-----+-----------+

    * Register: 
    +------------------------------------------------------------------------+----+----+-----+-----------+
    |                                  Name                                  | FF | LUT| Bits| Const Bits|
    +------------------------------------------------------------------------+----+----+-----+-----------+
    |ap_CS_fsm                                                               |  36|   0|   36|          0|
    |conv2_reg_211                                                           |  32|   0|   32|          0|
    |div8_reg_243                                                            |  32|   0|   32|          0|
    |grp_calculateCoefficients_Pipeline_VITIS_LOOP_22_1_fu_114_ap_start_reg  |   1|   0|    1|          0|
    |mul3_reg_221                                                            |  32|   0|   32|          0|
    |mul_reg_216                                                             |  32|   0|   32|          0|
    |omegaLower_reg_226                                                      |  32|   0|   32|          0|
    |omegaUpper_reg_232                                                      |  32|   0|   32|          0|
    |reg_163                                                                 |  32|   0|   32|          0|
    |samplingRate_read_reg_190                                               |  32|   0|   32|          0|
    |sub7_reg_238                                                            |  32|   0|   32|          0|
    |trunc_ln_reg_205                                                        |  61|   0|   61|          0|
    +------------------------------------------------------------------------+----+----+-----+-----------+
    |Total                                                                   | 386|   0|  386|          0|
    +------------------------------------------------------------------------+----+----+-----+-----------+



================================================================
== Interface
================================================================
* Summary: 
+-----------------------+-----+-----+------------+-----------------------+--------------+
|       RTL Ports       | Dir | Bits|  Protocol  |     Source Object     |    C Type    |
+-----------------------+-----+-----+------------+-----------------------+--------------+
|s_axi_control_AWVALID  |   in|    1|       s_axi|                control|        scalar|
|s_axi_control_AWREADY  |  out|    1|       s_axi|                control|        scalar|
|s_axi_control_AWADDR   |   in|    6|       s_axi|                control|        scalar|
|s_axi_control_WVALID   |   in|    1|       s_axi|                control|        scalar|
|s_axi_control_WREADY   |  out|    1|       s_axi|                control|        scalar|
|s_axi_control_WDATA    |   in|   32|       s_axi|                control|        scalar|
|s_axi_control_WSTRB    |   in|    4|       s_axi|                control|        scalar|
|s_axi_control_ARVALID  |   in|    1|       s_axi|                control|        scalar|
|s_axi_control_ARREADY  |  out|    1|       s_axi|                control|        scalar|
|s_axi_control_ARADDR   |   in|    6|       s_axi|                control|        scalar|
|s_axi_control_RVALID   |  out|    1|       s_axi|                control|        scalar|
|s_axi_control_RREADY   |   in|    1|       s_axi|                control|        scalar|
|s_axi_control_RDATA    |  out|   32|       s_axi|                control|        scalar|
|s_axi_control_RRESP    |  out|    2|       s_axi|                control|        scalar|
|s_axi_control_BVALID   |  out|    1|       s_axi|                control|        scalar|
|s_axi_control_BREADY   |   in|    1|       s_axi|                control|        scalar|
|s_axi_control_BRESP    |  out|    2|       s_axi|                control|        scalar|
|ap_clk                 |   in|    1|  ap_ctrl_hs|  calculateCoefficients|  return value|
|ap_rst_n               |   in|    1|  ap_ctrl_hs|  calculateCoefficients|  return value|
|interrupt              |  out|    1|  ap_ctrl_hs|  calculateCoefficients|  return value|
|m_axi_gmem_AWVALID     |  out|    1|       m_axi|                   gmem|       pointer|
|m_axi_gmem_AWREADY     |   in|    1|       m_axi|                   gmem|       pointer|
|m_axi_gmem_AWADDR      |  out|   64|       m_axi|                   gmem|       pointer|
|m_axi_gmem_AWID        |  out|    1|       m_axi|                   gmem|       pointer|
|m_axi_gmem_AWLEN       |  out|    8|       m_axi|                   gmem|       pointer|
|m_axi_gmem_AWSIZE      |  out|    3|       m_axi|                   gmem|       pointer|
|m_axi_gmem_AWBURST     |  out|    2|       m_axi|                   gmem|       pointer|
|m_axi_gmem_AWLOCK      |  out|    2|       m_axi|                   gmem|       pointer|
|m_axi_gmem_AWCACHE     |  out|    4|       m_axi|                   gmem|       pointer|
|m_axi_gmem_AWPROT      |  out|    3|       m_axi|                   gmem|       pointer|
|m_axi_gmem_AWQOS       |  out|    4|       m_axi|                   gmem|       pointer|
|m_axi_gmem_AWREGION    |  out|    4|       m_axi|                   gmem|       pointer|
|m_axi_gmem_AWUSER      |  out|    1|       m_axi|                   gmem|       pointer|
|m_axi_gmem_WVALID      |  out|    1|       m_axi|                   gmem|       pointer|
|m_axi_gmem_WREADY      |   in|    1|       m_axi|                   gmem|       pointer|
|m_axi_gmem_WDATA       |  out|   64|       m_axi|                   gmem|       pointer|
|m_axi_gmem_WSTRB       |  out|    8|       m_axi|                   gmem|       pointer|
|m_axi_gmem_WLAST       |  out|    1|       m_axi|                   gmem|       pointer|
|m_axi_gmem_WID         |  out|    1|       m_axi|                   gmem|       pointer|
|m_axi_gmem_WUSER       |  out|    1|       m_axi|                   gmem|       pointer|
|m_axi_gmem_ARVALID     |  out|    1|       m_axi|                   gmem|       pointer|
|m_axi_gmem_ARREADY     |   in|    1|       m_axi|                   gmem|       pointer|
|m_axi_gmem_ARADDR      |  out|   64|       m_axi|                   gmem|       pointer|
|m_axi_gmem_ARID        |  out|    1|       m_axi|                   gmem|       pointer|
|m_axi_gmem_ARLEN       |  out|    8|       m_axi|                   gmem|       pointer|
|m_axi_gmem_ARSIZE      |  out|    3|       m_axi|                   gmem|       pointer|
|m_axi_gmem_ARBURST     |  out|    2|       m_axi|                   gmem|       pointer|
|m_axi_gmem_ARLOCK      |  out|    2|       m_axi|                   gmem|       pointer|
|m_axi_gmem_ARCACHE     |  out|    4|       m_axi|                   gmem|       pointer|
|m_axi_gmem_ARPROT      |  out|    3|       m_axi|                   gmem|       pointer|
|m_axi_gmem_ARQOS       |  out|    4|       m_axi|                   gmem|       pointer|
|m_axi_gmem_ARREGION    |  out|    4|       m_axi|                   gmem|       pointer|
|m_axi_gmem_ARUSER      |  out|    1|       m_axi|                   gmem|       pointer|
|m_axi_gmem_RVALID      |   in|    1|       m_axi|                   gmem|       pointer|
|m_axi_gmem_RREADY      |  out|    1|       m_axi|                   gmem|       pointer|
|m_axi_gmem_RDATA       |   in|   64|       m_axi|                   gmem|       pointer|
|m_axi_gmem_RLAST       |   in|    1|       m_axi|                   gmem|       pointer|
|m_axi_gmem_RID         |   in|    1|       m_axi|                   gmem|       pointer|
|m_axi_gmem_RUSER       |   in|    1|       m_axi|                   gmem|       pointer|
|m_axi_gmem_RRESP       |   in|    2|       m_axi|                   gmem|       pointer|
|m_axi_gmem_BVALID      |   in|    1|       m_axi|                   gmem|       pointer|
|m_axi_gmem_BREADY      |  out|    1|       m_axi|                   gmem|       pointer|
|m_axi_gmem_BRESP       |   in|    2|       m_axi|                   gmem|       pointer|
|m_axi_gmem_BID         |   in|    1|       m_axi|                   gmem|       pointer|
|m_axi_gmem_BUSER       |   in|    1|       m_axi|                   gmem|       pointer|
+-----------------------+-----+-----+------------+-----------------------+--------------+

