================================================================
== Design Size Report
================================================================

* Total Instructions per Compilation Phase
+---------------+-----------------------------+--------------+----------------------------------------------------------------------------------------+
| Phase         | Step                        | Instructions | Description                                                                            |
+---------------+-----------------------------+--------------+----------------------------------------------------------------------------------------+
| Compile/Link  |                             | 47,067       | After all functions are compiled and linked into a single design                       |
|               |                             |              |                                                                                        |
| Unroll/Inline |                             |              | After user unroll and inline pragmas are applied                                       |
|               | (1) unroll                  |  4,031       | user unroll pragmas are applied                                                        |
|               | (2) simplification          |  2,391       | simplification of applied user unroll pragmas                                          |
|               | (3) inline                  |  2,327       | user inline pragmas are applied                                                        |
|               | (4) simplification          |  1,704       | simplification of applied user inline pragmas                                          |
|               |                             |              |                                                                                        |
| Array/Struct  |                             |              | After user array partition and struct aggregate/disaggregate pragmas are applied       |
|               | (1) array partition         |  1,871       | user array partition pragmas are applied                                               |
|               | (2) simplification          |  1,651       | simplification of applied user array partition & struct aggregate/disaggregate pragmas |
|               | (3) aggregate/disaggregate  |  1,651       | user struct aggregate/disaggregate pragmas are applied                                 |
|               | (4) array reshape           |  1,651       | apply array reshape pragmas                                                            |
|               | (5) access patterns         |  1,778       | array access pattern optmizations                                                      |
|               |                             |              |                                                                                        |
| Performance   |                             |              | After transformations are applied to meet performance pragma targets                   |
|               | (1) loop simplification     |  1,792       | loop and instruction simplification                                                    |
|               | (2) parallelization         |  1,768       | loops are unrolled or pipelined to meet performance targets                            |
|               | (3) array partition         |  1,882       | arrays are partitioned to meet performance targets                                     |
|               | (4) simplification          |  1,742       | simplification of design after performance transformations                             |
|               |                             |              |                                                                                        |
| HW Transforms |                             |              | After hardware transfomations                                                          |
|               | (1) lowering                |  1,696       | initial conversion to HW specific instructions                                         |
|               | (2) optimizations           |  1,724       | high level synthesis optimizations                                                     |
+---------------+-----------------------------+--------------+----------------------------------------------------------------------------------------+

* Instructions per Function for each Compilation Phase
+------------------------------------------+--------------------------+------------------+-----------------+-----------------+-----------------+-----------------+
| Function                                 | Location                 | Compile/Link     | Unroll/Inline   | Array/Struct    | Performance     | HW Transforms   |
+------------------------------------------+--------------------------+------------------+-----------------+-----------------+-----------------+-----------------+
| + firTop                                 | Coefficients.cpp:4       | 47,067           | 1,704           | 1,778           | 1,742           | 1,724           |
|  + calculateCoefficients                 | Coefficients.cpp:87      | 44,648           |                 |                 |                 |                 |
|   + sin                                  | sincoshotbmdouble.cpp:24 | 22,280 (2 calls) |                 |                 |                 |                 |
|    + sin                                 | sincoshotbmdouble.cpp:9  | 22,276 (2 calls) |                 |                 |                 |                 |
|     + sin                                | hls_hotbm_double.cpp:139 | 22,272 (2 calls) |                 |                 |                 |                 |
|      + sin_or_cos<double>                | hls_hotbm.h:209          | 22,268 (2 calls) |                 |                 |                 |                 |
|         fp_struct                        | x_hls_utils.h:456        | 1,276 (4 calls)  |                 |                 |                 |                 |
|       + range_redux_payne_hanek_hotb...  | hls_range_redux.h:543    | 5,198 (2 calls)  |                 |                 |                 |                 |
|          fp_struct                       | x_hls_utils.h:456        |   638 (2 calls)  |                 |                 |                 |                 |
|          expv                            | x_hls_utils.h:485        |   218 (2 calls)  |                 |                 |                 |                 |
|          clz<61, 124, 0>                 | hls_normalize.h:69       |   420 (2 calls)  |                 |                 |                 |                 |
|       + range_redux_payne_hanek_hotb...  | hls_range_redux.h:431    | 4,438 (2 calls)  |                 |                 |                 |                 |
|          fp_struct                       | x_hls_utils.h:456        |   638 (2 calls)  |                 |                 |                 |                 |
|          expv                            | x_hls_utils.h:485        |   218 (2 calls)  |                 |                 |                 |                 |
|          table_lookup_4oPi_hotbm<52, ... | hls_range_redux.h:393    |   566 (2 calls)  |                 |                 |                 |                 |
|          clz<61, 124, 0>                 | hls_normalize.h:69       |   420 (2 calls)  |                 |                 |                 |                 |
|         sin_or_cos_approximation<63,...  | hls_hotbm_double.cpp:8   | 5,550 (2 calls)  |                 |                 |                 |                 |
|       + scaled_fixed2ieee<63, 1>         | x_hls_float_utils.h:389  | 3,180 (2 calls)  |                 |                 |                 |                 |
|          fp_struct                       | x_hls_utils.h:454        |     8 (2 calls)  |                 |                 |                 |                 |
|          clz                             | hls_normalize.h:79       |   152 (2 calls)  |                 |                 |                 |                 |
|          set_mantissa                    | x_hls_utils.h:499        |   222 (2 calls)  |                 |                 |                 |                 |
|        + to_ieee                         | x_hls_utils.h:509        |   606 (2 calls)  |                 |                 |                 |                 |
|         + to_double                      | x_hls_utils.h:494        |   602 (2 calls)  |                 |                 |                 |                 |
|            data                          | x_hls_utils.h:475        |   558 (2 calls)  |                 |                 |                 |                 |
|       + to_ieee                          | x_hls_utils.h:509        |   606 (2 calls)  |                 |                 |                 |                 |
|        + to_double                       | x_hls_utils.h:494        |   602 (2 calls)  |                 |                 |                 |                 |
|           data                           | x_hls_utils.h:475        |   558 (2 calls)  |                 |                 |                 |                 |
|   + cos                                  | sincoshotbmdouble.cpp:28 | 22,280 (2 calls) |                 |                 |                 |                 |
|    + cos                                 | sincoshotbmdouble.cpp:14 | 22,276 (2 calls) |                 |                 |                 |                 |
|     + cos                                | hls_hotbm_double.cpp:143 | 22,272 (2 calls) |                 |                 |                 |                 |
|      + sin_or_cos<double>                | hls_hotbm.h:209          | 22,268 (2 calls) |                 |                 |                 |                 |
|         fp_struct                        | x_hls_utils.h:456        | 1,276 (4 calls)  |                 |                 |                 |                 |
|       + range_redux_payne_hanek_hotb...  | hls_range_redux.h:543    | 5,198 (2 calls)  |                 |                 |                 |                 |
|          fp_struct                       | x_hls_utils.h:456        |   638 (2 calls)  |                 |                 |                 |                 |
|          expv                            | x_hls_utils.h:485        |   218 (2 calls)  |                 |                 |                 |                 |
|          clz<61, 124, 0>                 | hls_normalize.h:69       |   420 (2 calls)  |                 |                 |                 |                 |
|       + range_redux_payne_hanek_hotb...  | hls_range_redux.h:431    | 4,438 (2 calls)  |                 |                 |                 |                 |
|          fp_struct                       | x_hls_utils.h:456        |   638 (2 calls)  |                 |                 |                 |                 |
|          expv                            | x_hls_utils.h:485        |   218 (2 calls)  |                 |                 |                 |                 |
|          table_lookup_4oPi_hotbm<52, ... | hls_range_redux.h:393    |   566 (2 calls)  |                 |                 |                 |                 |
|          clz<61, 124, 0>                 | hls_normalize.h:69       |   420 (2 calls)  |                 |                 |                 |                 |
|         sin_or_cos_approximation<63,...  | hls_hotbm_double.cpp:8   | 5,550 (2 calls)  |                 |                 |                 |                 |
|       + scaled_fixed2ieee<63, 1>         | x_hls_float_utils.h:389  | 3,180 (2 calls)  |                 |                 |                 |                 |
|          fp_struct                       | x_hls_utils.h:454        |     8 (2 calls)  |                 |                 |                 |                 |
|          clz                             | hls_normalize.h:79       |   152 (2 calls)  |                 |                 |                 |                 |
|          set_mantissa                    | x_hls_utils.h:499        |   222 (2 calls)  |                 |                 |                 |                 |
|        + to_ieee                         | x_hls_utils.h:509        |   606 (2 calls)  |                 |                 |                 |                 |
|         + to_double                      | x_hls_utils.h:494        |   602 (2 calls)  |                 |                 |                 |                 |
|            data                          | x_hls_utils.h:475        |   558 (2 calls)  |                 |                 |                 |                 |
|       + to_ieee                          | x_hls_utils.h:509        |   606 (2 calls)  |                 |                 |                 |                 |
|        + to_double                       | x_hls_utils.h:494        |   602 (2 calls)  |                 |                 |                 |                 |
|           data                           | x_hls_utils.h:475        |   558 (2 calls)  |                 |                 |                 |                 |
|    fir                                   | Coefficients.cpp:51      |    54            |  336            |  337            |  335            |  335            |
|    sin_or_cos<double>                    | hls_hotbm.h:209          |                  | 1,120 (4 calls) | 1,080 (4 calls) | 1,148 (4 calls) | 1,188 (4 calls) |
+------------------------------------------+--------------------------+------------------+-----------------+-----------------+-----------------+-----------------+

* Design Size Message Settings
+---------------------------------------------+--------+------------------------------------------------------------------+
| Message Setting                             | Value  | Description                                                      |
+---------------------------------------------+--------+------------------------------------------------------------------+
| config_compile -design_size_maximum_warning | 100000 | Show a warning when total design instructions exceeds this value |
+---------------------------------------------+--------+------------------------------------------------------------------+


