

================================================================
== Vitis HLS Report for 'fir'
================================================================
* Date:           Tue Apr 21 17:14:51 2026

* Version:        2024.1 (Build 5069499 on May 21 2024)
* Project:        calculateCoefficients
* Solution:       hls (Vivado IP Flow Target)
* Product family: zynquplus
* Target device:  xczu3eg-sfvc784-2-e


================================================================
== Performance Estimates
================================================================
+ Timing: 
    * Summary: 
    +--------+----------+----------+------------+
    |  Clock |  Target  | Estimated| Uncertainty|
    +--------+----------+----------+------------+
    |ap_clk  |  10.00 ns|  7.042 ns|     2.70 ns|
    +--------+----------+----------+------------+

+ Latency: 
    * Summary: 
    +---------+---------+----------+----------+-----+-----+---------+
    |  Latency (cycles) |  Latency (absolute) |  Interval | Pipeline|
    |   min   |   max   |    min   |    max   | min | max |   Type  |
    +---------+---------+----------+----------+-----+-----+---------+
    |        ?|        ?|         ?|         ?|    ?|    ?|       no|
    +---------+---------+----------+----------+-----+-----+---------+

    + Detail: 
        * Instance: 
        +------------------------------------------+-------------------------------+---------+---------+----------+----------+-----+-----+-----------------------------------------------+
        |                                          |                               |  Latency (cycles) |  Latency (absolute) |  Interval |                    Pipeline                   |
        |                 Instance                 |             Module            |   min   |   max   |    min   |    max   | min | max |                      Type                     |
        +------------------------------------------+-------------------------------+---------+---------+----------+----------+-----+-----+-----------------------------------------------+
        |grp_fir_Pipeline_Shift_Accum_Loop_fu_970  |fir_Pipeline_Shift_Accum_Loop  |        ?|        ?|         ?|         ?|    0|    0|  loop auto-rewind stp(delay=0 clock cycles(s))|
        +------------------------------------------+-------------------------------+---------+---------+----------+----------+-----+-----+-----------------------------------------------+

        * Loop: 
        N/A



================================================================
== Utilization Estimates
================================================================
* Summary: 
+-----------------+---------+-----+--------+-------+-----+
|       Name      | BRAM_18K| DSP |   FF   |  LUT  | URAM|
+-----------------+---------+-----+--------+-------+-----+
|DSP              |        -|    -|       -|      -|    -|
|Expression       |        -|    -|       0|     39|    -|
|FIFO             |        -|    -|       -|      -|    -|
|Instance         |        -|    0|     852|   1125|    -|
|Memory           |        4|    -|       0|      0|    0|
|Multiplexer      |        -|    -|       0|   3265|    -|
|Register         |        -|    -|     461|      -|    -|
+-----------------+---------+-----+--------+-------+-----+
|Total            |        4|    0|    1313|   4429|    0|
+-----------------+---------+-----+--------+-------+-----+
|Available        |      432|  360|  141120|  70560|    0|
+-----------------+---------+-----+--------+-------+-----+
|Utilization (%)  |       ~0|    0|      ~0|      6|    0|
+-----------------+---------+-----+--------+-------+-----+

+ Detail: 
    * Instance: 
    +------------------------------------------+-------------------------------+---------+----+-----+------+-----+
    |                 Instance                 |             Module            | BRAM_18K| DSP|  FF |  LUT | URAM|
    +------------------------------------------+-------------------------------+---------+----+-----+------+-----+
    |grp_fir_Pipeline_Shift_Accum_Loop_fu_970  |fir_Pipeline_Shift_Accum_Loop  |        0|   0|  852|  1125|    0|
    +------------------------------------------+-------------------------------+---------+----+-----+------+-----+
    |Total                                     |                               |        0|   0|  852|  1125|    0|
    +------------------------------------------+-------------------------------+---------+----+-----+------+-----+

    * DSP: 
    N/A

    * Memory: 
    +-------------+-----------------------------+---------+---+----+-----+------+-----+------+-------------+
    |    Memory   |            Module           | BRAM_18K| FF| LUT| URAM| Words| Bits| Banks| W*Bits*Banks|
    +-------------+-----------------------------+---------+---+----+-----+------+-----+------+-------------+
    |shift_reg_U  |fir_shift_reg_RAM_AUTO_1R1W  |        4|  0|   0|    0|   301|   64|     1|        19264|
    +-------------+-----------------------------+---------+---+----+-----+------+-----+------+-------------+
    |Total        |                             |        4|  0|   0|    0|   301|   64|     1|        19264|
    +-------------+-----------------------------+---------+---+----+-----+------+-----+------+-------------+

    * FIFO: 
    N/A

    * Expression: 
    +--------------+----------+----+---+----+------------+------------+
    | Variable Name| Operation| DSP| FF| LUT| Bitwidth P0| Bitwidth P1|
    +--------------+----------+----+---+----+------------+------------+
    |i_fu_982_p2   |         +|   0|  0|  39|          32|           2|
    +--------------+----------+----+---+----+------------+------------+
    |Total         |          |   0|  0|  39|          32|           2|
    +--------------+----------+----+---+----+------------+------------+

    * Multiplexer: 
    +-----------------------------------------+------+-----------+-----+-----------+
    |                   Name                  |  LUT | Input Size| Bits| Total Bits|
    +-----------------------------------------+------+-----------+-----+-----------+
    |ap_NS_fsm                                |  1595|        301|    1|        301|
    |ap_phi_mux_y_write_assign_phi_fu_963_p4  |     9|          2|   64|        128|
    |ap_return                                |     9|          2|   64|        128|
    |grp_fu_1015_ce                           |     9|          2|    1|          2|
    |shift_reg_address0                       |     9|          2|    9|         18|
    |shift_reg_address0_local                 |   802|        152|    9|       1368|
    |shift_reg_address1_local                 |   796|        151|    9|       1359|
    |shift_reg_ce0                            |     9|          2|    1|          2|
    |shift_reg_d0                             |     9|          2|   64|        128|
    |shift_reg_we0                            |     9|          2|    1|          2|
    |y_write_assign_reg_960                   |     9|          2|   64|        128|
    +-----------------------------------------+------+-----------+-----+-----------+
    |Total                                    |  3265|        620|  287|       3564|
    +-----------------------------------------+------+-----------+-----+-----------+

    * Register: 
    +-------------------------------------------------------+-----+----+-----+-----------+
    |                          Name                         |  FF | LUT| Bits| Const Bits|
    +-------------------------------------------------------+-----+----+-----+-----------+
    |ap_CS_fsm                                              |  300|   0|  300|          0|
    |ap_return_preg                                         |   64|   0|   64|          0|
    |grp_fir_Pipeline_Shift_Accum_Loop_fu_970_ap_start_reg  |    1|   0|    1|          0|
    |i_reg_1007                                             |   32|   0|   32|          0|
    |y_write_assign_reg_960                                 |   64|   0|   64|          0|
    +-------------------------------------------------------+-----+----+-----+-----------+
    |Total                                                  |  461|   0|  461|          0|
    +-------------------------------------------------------+-----+----+-----+-----------+



================================================================
== Interface
================================================================
* Summary: 
+--------------------+-----+-----+------------+--------------+--------------+
|      RTL Ports     | Dir | Bits|  Protocol  | Source Object|    C Type    |
+--------------------+-----+-----+------------+--------------+--------------+
|ap_clk              |   in|    1|  ap_ctrl_hs|           fir|  return value|
|ap_rst              |   in|    1|  ap_ctrl_hs|           fir|  return value|
|ap_start            |   in|    1|  ap_ctrl_hs|           fir|  return value|
|ap_done             |  out|    1|  ap_ctrl_hs|           fir|  return value|
|ap_idle             |  out|    1|  ap_ctrl_hs|           fir|  return value|
|ap_ready            |  out|    1|  ap_ctrl_hs|           fir|  return value|
|ap_return           |  out|   64|  ap_ctrl_hs|           fir|  return value|
|grp_fu_463_p_din0   |  out|   64|  ap_ctrl_hs|           fir|  return value|
|grp_fu_463_p_din1   |  out|   64|  ap_ctrl_hs|           fir|  return value|
|grp_fu_463_p_dout0  |   in|   64|  ap_ctrl_hs|           fir|  return value|
|grp_fu_463_p_ce     |  out|    1|  ap_ctrl_hs|           fir|  return value|
|c_address0          |  out|    9|   ap_memory|             c|         array|
|c_ce0               |  out|    1|   ap_memory|             c|         array|
|c_q0                |   in|   64|   ap_memory|             c|         array|
|x                   |   in|   64|     ap_none|             x|        scalar|
|N                   |   in|   32|     ap_none|             N|        scalar|
|reset               |   in|    1|     ap_none|         reset|        scalar|
+--------------------+-----+-----+------------+--------------+--------------+

