

================================================================
== Vitis HLS Report for 'fir_Pipeline_Shift_Accum_Loop'
================================================================
* Date:           Tue Apr 21 17:14:50 2026

* Version:        2024.1 (Build 5069499 on May 21 2024)
* Project:        calculateCoefficients
* Solution:       hls (Vivado IP Flow Target)
* Product family: zynquplus
* Target device:  xczu3eg-sfvc784-2-e


================================================================
== Performance Estimates
================================================================
+ Timing: 
    * Summary: 
    +--------+----------+----------+------------+
    |  Clock |  Target  | Estimated| Uncertainty|
    +--------+----------+----------+------------+
    |ap_clk  |  10.00 ns|  7.042 ns|     2.70 ns|
    +--------+----------+----------+------------+

+ Latency: 
    * Summary: 
    +---------+---------+----------+----------+-----+-----+-----------------------------------------------+
    |  Latency (cycles) |  Latency (absolute) |  Interval |                    Pipeline                   |
    |   min   |   max   |    min   |    max   | min | max |                      Type                     |
    +---------+---------+----------+----------+-----+-----+-----------------------------------------------+
    |        ?|        ?|         ?|         ?|    0|    0|  loop auto-rewind stp(delay=0 clock cycles(s))|
    +---------+---------+----------+----------+-----+-----+-----------------------------------------------+

    + Detail: 
        * Instance: 
        N/A

        * Loop: 
        +--------------------+---------+---------+----------+-----------+-----------+------+----------+
        |                    |  Latency (cycles) | Iteration|  Initiation Interval  | Trip |          |
        |      Loop Name     |   min   |   max   |  Latency |  achieved |   target  | Count| Pipelined|
        +--------------------+---------+---------+----------+-----------+-----------+------+----------+
        |- Shift_Accum_Loop  |        ?|        ?|        11|          3|          3|     ?|       yes|
        +--------------------+---------+---------+----------+-----------+-----------+------+----------+



================================================================
== Utilization Estimates
================================================================
* Summary: 
+-----------------+---------+-----+--------+-------+-----+
|       Name      | BRAM_18K| DSP |   FF   |  LUT  | URAM|
+-----------------+---------+-----+--------+-------+-----+
|DSP              |        -|    -|       -|      -|    -|
|Expression       |        -|    -|       0|    166|    -|
|FIFO             |        -|    -|       -|      -|    -|
|Instance         |        -|    0|     328|    810|    -|
|Memory           |        -|    -|       -|      -|    -|
|Multiplexer      |        -|    -|       0|    117|    -|
|Register         |        -|    -|     524|     32|    -|
+-----------------+---------+-----+--------+-------+-----+
|Total            |        0|    0|     852|   1125|    0|
+-----------------+---------+-----+--------+-------+-----+
|Available        |      432|  360|  141120|  70560|    0|
+-----------------+---------+-----+--------+-------+-----+
|Utilization (%)  |        0|    0|      ~0|      1|    0|
+-----------------+---------+-----+--------+-------+-----+

+ Detail: 
    * Instance: 
    +----------------------------------+------------------------------+---------+----+-----+-----+-----+
    |             Instance             |            Module            | BRAM_18K| DSP|  FF | LUT | URAM|
    +----------------------------------+------------------------------+---------+----+-----+-----+-----+
    |dadd_64ns_64ns_64_4_no_dsp_1_U65  |dadd_64ns_64ns_64_4_no_dsp_1  |        0|   0|  328|  810|    0|
    +----------------------------------+------------------------------+---------+----+-----+-----+-----+
    |Total                             |                              |        0|   0|  328|  810|    0|
    +----------------------------------+------------------------------+---------+----+-----+-----+-----+

    * DSP: 
    N/A

    * Memory: 
    N/A

    * FIFO: 
    N/A

    * Expression: 
    +---------------------+----------+----+---+----+------------+------------+
    |    Variable Name    | Operation| DSP| FF| LUT| Bitwidth P0| Bitwidth P1|
    +---------------------+----------+----+---+----+------------+------------+
    |add_ln68_fu_173_p2   |         +|   0|  0|  71|          64|           2|
    |add_ln74_fu_162_p2   |         +|   0|  0|  16|           9|           2|
    |ap_condition_120     |       and|   0|  0|   2|           1|           1|
    |ap_condition_322     |       and|   0|  0|   2|           1|           1|
    |ap_condition_325     |       and|   0|  0|   2|           1|           1|
    |icmp_ln70_fu_156_p2  |      icmp|   0|  0|  71|          64|           1|
    |ap_enable_pp0        |       xor|   0|  0|   2|           1|           2|
    +---------------------+----------+----+---+----+------------+------------+
    |Total                |          |   0|  0| 166|         141|          10|
    +---------------------+----------+----+---+----+------------+------------+

    * Multiplexer: 
    +-------------------------------------+----+-----------+-----+-----------+
    |                 Name                | LUT| Input Size| Bits| Total Bits|
    +-------------------------------------+----+-----------+-----+-----------+
    |acc_fu_44                            |   9|          2|   64|        128|
    |ap_NS_fsm                            |  20|          4|    1|          4|
    |ap_done_int                          |   9|          2|    1|          2|
    |ap_enable_reg_pp0_iter0              |   9|          2|    1|          2|
    |ap_enable_reg_pp0_iter1              |   9|          2|    1|          2|
    |ap_phi_reg_pp0_iter1_data_1_reg_107  |   9|          2|   64|        128|
    |ap_sig_allocacmp_acc_load            |   9|          2|   64|        128|
    |i_fu_48                              |   9|          2|   64|        128|
    |shift_reg_address0_local             |  20|          4|    9|         36|
    |shift_reg_d0_local                   |  14|          3|   64|        192|
    +-------------------------------------+----+-----------+-----+-----------+
    |Total                                | 117|         25|  333|        750|
    +-------------------------------------+----+-----------+-----+-----------+

    * Register: 
    +-------------------------------------+----+----+-----+-----------+
    |                 Name                | FF | LUT| Bits| Const Bits|
    +-------------------------------------+----+----+-----+-----------+
    |acc_fu_44                            |  64|   0|   64|          0|
    |ap_CS_fsm                            |   3|   0|    3|          0|
    |ap_done_reg                          |   1|   0|    1|          0|
    |ap_enable_reg_pp0_iter0_reg          |   1|   0|    1|          0|
    |ap_enable_reg_pp0_iter1              |   1|   0|    1|          0|
    |ap_enable_reg_pp0_iter2              |   1|   0|    1|          0|
    |ap_enable_reg_pp0_iter3              |   1|   0|    1|          0|
    |ap_loop_exit_ready_pp0_iter1_reg     |   1|   0|    1|          0|
    |ap_loop_exit_ready_pp0_iter2_reg     |   1|   0|    1|          0|
    |ap_phi_reg_pp0_iter0_data_1_reg_107  |  64|   0|   64|          0|
    |ap_phi_reg_pp0_iter1_data_1_reg_107  |  64|   0|   64|          0|
    |c_load_reg_246                       |  64|   0|   64|          0|
    |i_3_reg_218                          |  64|   0|   64|          0|
    |i_fu_48                              |  64|   0|   64|          0|
    |icmp_ln70_reg_227                    |   1|   0|    1|          0|
    |prod_reg_251                         |  64|   0|   64|          0|
    |tmp_reg_223                          |   1|   0|    1|          0|
    |tmp_reg_223                          |  64|  32|    1|          0|
    +-------------------------------------+----+----+-----+-----------+
    |Total                                | 524|  32|  461|          0|
    +-------------------------------------+----+----+-----+-----------+



================================================================
== Interface
================================================================
* Summary: 
+---------------------+-----+-----+------------+-------------------------------+--------------+
|      RTL Ports      | Dir | Bits|  Protocol  |         Source Object         |    C Type    |
+---------------------+-----+-----+------------+-------------------------------+--------------+
|ap_clk               |   in|    1|  ap_ctrl_hs|  fir_Pipeline_Shift_Accum_Loop|  return value|
|ap_rst               |   in|    1|  ap_ctrl_hs|  fir_Pipeline_Shift_Accum_Loop|  return value|
|ap_start             |   in|    1|  ap_ctrl_hs|  fir_Pipeline_Shift_Accum_Loop|  return value|
|ap_done              |  out|    1|  ap_ctrl_hs|  fir_Pipeline_Shift_Accum_Loop|  return value|
|ap_idle              |  out|    1|  ap_ctrl_hs|  fir_Pipeline_Shift_Accum_Loop|  return value|
|ap_ready             |  out|    1|  ap_ctrl_hs|  fir_Pipeline_Shift_Accum_Loop|  return value|
|grp_fu_1015_p_din0   |  out|   64|  ap_ctrl_hs|  fir_Pipeline_Shift_Accum_Loop|  return value|
|grp_fu_1015_p_din1   |  out|   64|  ap_ctrl_hs|  fir_Pipeline_Shift_Accum_Loop|  return value|
|grp_fu_1015_p_dout0  |   in|   64|  ap_ctrl_hs|  fir_Pipeline_Shift_Accum_Loop|  return value|
|grp_fu_1015_p_ce     |  out|    1|  ap_ctrl_hs|  fir_Pipeline_Shift_Accum_Loop|  return value|
|sext_ln68            |   in|   32|     ap_none|                      sext_ln68|        scalar|
|x                    |   in|   64|     ap_none|                              x|        scalar|
|c_address0           |  out|    9|   ap_memory|                              c|         array|
|c_ce0                |  out|    1|   ap_memory|                              c|         array|
|c_q0                 |   in|   64|   ap_memory|                              c|         array|
|acc_out              |  out|   64|      ap_vld|                        acc_out|       pointer|
|acc_out_ap_vld       |  out|    1|      ap_vld|                        acc_out|       pointer|
|shift_reg_address0   |  out|    9|   ap_memory|                      shift_reg|         array|
|shift_reg_ce0        |  out|    1|   ap_memory|                      shift_reg|         array|
|shift_reg_we0        |  out|    1|   ap_memory|                      shift_reg|         array|
|shift_reg_d0         |  out|   64|   ap_memory|                      shift_reg|         array|
|shift_reg_q0         |   in|   64|   ap_memory|                      shift_reg|         array|
+---------------------+-----+-----+------------+-------------------------------+--------------+

