

================================================================
== Vitis HLS Report for 'firTop'
================================================================
* Date:           Tue Apr 21 17:14:52 2026

* Version:        2024.1 (Build 5069499 on May 21 2024)
* Project:        calculateCoefficients
* Solution:       hls (Vivado IP Flow Target)
* Product family: zynquplus
* Target device:  xczu3eg-sfvc784-2-e


================================================================
== Performance Estimates
================================================================
+ Timing: 
    * Summary: 
    +--------+----------+----------+------------+
    |  Clock |  Target  | Estimated| Uncertainty|
    +--------+----------+----------+------------+
    |ap_clk  |  10.00 ns|  7.300 ns|     2.70 ns|
    +--------+----------+----------+------------+

+ Latency: 
    * Summary: 
    +---------+---------+----------+----------+-----+-----+---------+
    |  Latency (cycles) |  Latency (absolute) |  Interval | Pipeline|
    |   min   |   max   |    min   |    max   | min | max |   Type  |
    +---------+---------+----------+----------+-----+-----+---------+
    |        ?|        ?|         ?|         ?|    ?|    ?|       no|
    +---------+---------+----------+----------+-----+-----+---------+

    + Detail: 
        * Instance: 
        +---------------------------------------------+----------------------------------+---------+---------+-----------+-----------+-----+-----+-----------------------------------------------+
        |                                             |                                  |  Latency (cycles) |   Latency (absolute)  |  Interval |                    Pipeline                   |
        |                   Instance                  |              Module              |   min   |   max   |    min    |    max    | min | max |                      Type                     |
        +---------------------------------------------+----------------------------------+---------+---------+-----------+-----------+-----+-----+-----------------------------------------------+
        |grp_firTop_Pipeline_VITIS_LOOP_14_1_fu_394   |firTop_Pipeline_VITIS_LOOP_14_1   |        9|        9|  90.000 ns|  90.000 ns|    7|    7|  loop auto-rewind stp(delay=0 clock cycles(s))|
        |grp_sin_or_cos_double_s_fu_402               |sin_or_cos_double_s               |       31|       34|   0.310 us|   0.340 us|   31|   34|                                             no|
        |grp_sin_or_cos_double_s_fu_421               |sin_or_cos_double_s               |       31|       34|   0.310 us|   0.340 us|   31|   34|                                             no|
        |grp_firTop_Pipeline_VITIS_LOOP_121_3_fu_441  |firTop_Pipeline_VITIS_LOOP_121_3  |        2|      534|  20.000 ns|   5.340 us|    1|  512|  loop auto-rewind stp(delay=0 clock cycles(s))|
        |grp_fir_fu_448                               |fir                               |        ?|        ?|          ?|          ?|    ?|    ?|                                             no|
        +---------------------------------------------+----------------------------------+---------+---------+-----------+-----------+-----+-----+-----------------------------------------------+

        * Loop: 
        +--------------------+---------+---------+----------+-----------+-----------+---------+----------+
        |                    |  Latency (cycles) | Iteration|  Initiation Interval  |   Trip  |          |
        |      Loop Name     |   min   |   max   |  Latency |  achieved |   target  |  Count  | Pipelined|
        +--------------------+---------+---------+----------+-----------+-----------+---------+----------+
        |- VITIS_LOOP_96_1   |        ?|        ?|  81 ~ 154|          -|          -|        ?|        no|
        |- VITIS_LOOP_116_2  |        0|    28105|   52 ~ 55|          -|          -|  0 ~ 511|        no|
        |- VITIS_LOOP_26_2   |        ?|        ?|         ?|          -|          -|        ?|        no|
        +--------------------+---------+---------+----------+-----------+-----------+---------+----------+



================================================================
== Utilization Estimates
================================================================
* Summary: 
+-----------------+---------+-----+--------+-------+-----+
|       Name      | BRAM_18K| DSP |   FF   |  LUT  | URAM|
+-----------------+---------+-----+--------+-------+-----+
|DSP              |        -|    -|       -|      -|    -|
|Expression       |        -|    -|       0|   1717|    -|
|FIFO             |        -|    -|       -|      -|    -|
|Instance         |       24|  189|    7243|  17853|    0|
|Memory           |        4|    -|      64|      3|    0|
|Multiplexer      |        -|    -|       0|   1806|    -|
|Register         |        -|    -|    1828|      -|    -|
+-----------------+---------+-----+--------+-------+-----+
|Total            |       28|  189|    9135|  21379|    0|
+-----------------+---------+-----+--------+-------+-----+
|Available        |      432|  360|  141120|  70560|    0|
+-----------------+---------+-----+--------+-------+-----+
|Utilization (%)  |        6|   52|       6|     30|    0|
+-----------------+---------+-----+--------+-------+-----+

+ Detail: 
    * Instance: 
    +---------------------------------------------+------------------------------------+---------+----+------+------+-----+
    |                   Instance                  |               Module               | BRAM_18K| DSP|  FF  |  LUT | URAM|
    +---------------------------------------------+------------------------------------+---------+----+------+------+-----+
    |control_s_axi_U                              |control_s_axi                       |        0|   0|   106|   168|    0|
    |dadddsub_64ns_64ns_64_5_full_dsp_1_U79       |dadddsub_64ns_64ns_64_5_full_dsp_1  |        0|   3|   445|   782|    0|
    |dcmp_64ns_64ns_1_2_no_dsp_1_U84              |dcmp_64ns_64ns_1_2_no_dsp_1         |        0|   0|     0|     0|    0|
    |ddiv_64ns_64ns_64_22_no_dsp_1_U82            |ddiv_64ns_64ns_64_22_no_dsp_1       |        0|   0|     0|     0|    0|
    |ddiv_64ns_64ns_64_22_no_dsp_1_U83            |ddiv_64ns_64ns_64_22_no_dsp_1       |        0|   0|     0|     0|    0|
    |dmul_64ns_64ns_64_5_max_dsp_1_U80            |dmul_64ns_64ns_64_5_max_dsp_1       |        0|  11|   299|   203|    0|
    |dmul_64ns_64ns_64_5_max_dsp_1_U81            |dmul_64ns_64ns_64_5_max_dsp_1       |        0|  11|   299|   203|    0|
    |grp_fir_fu_448                               |fir                                 |        4|   0|  1313|  4429|    0|
    |grp_firTop_Pipeline_VITIS_LOOP_121_3_fu_441  |firTop_Pipeline_VITIS_LOOP_121_3    |        0|   0|   127|   125|    0|
    |grp_firTop_Pipeline_VITIS_LOOP_14_1_fu_394   |firTop_Pipeline_VITIS_LOOP_14_1     |        0|   0|    46|    69|    0|
    |gmem_m_axi_U                                 |gmem_m_axi                          |        4|   0|   824|   682|    0|
    |grp_sin_or_cos_double_s_fu_402               |sin_or_cos_double_s                 |        8|  82|  1892|  5596|    0|
    |grp_sin_or_cos_double_s_fu_421               |sin_or_cos_double_s                 |        8|  82|  1892|  5596|    0|
    |sitodp_32ns_64_4_no_dsp_1_U85                |sitodp_32ns_64_4_no_dsp_1           |        0|   0|     0|     0|    0|
    |sitodp_32ns_64_4_no_dsp_1_U86                |sitodp_32ns_64_4_no_dsp_1           |        0|   0|     0|     0|    0|
    +---------------------------------------------+------------------------------------+---------+----+------+------+-----+
    |Total                                        |                                    |       24| 189|  7243| 17853|    0|
    +---------------------------------------------+------------------------------------+---------+----+------+------+-----+

    * DSP: 
    N/A

    * Memory: 
    +-----------+-----------------------+---------+----+----+-----+------+-----+------+-------------+
    |   Memory  |         Module        | BRAM_18K| FF | LUT| URAM| Words| Bits| Banks| W*Bits*Banks|
    +-----------+-----------------------+---------+----+----+-----+------+-----+------+-------------+
    |bramVal_U  |bramVal_RAM_AUTO_1R1W  |        0|  64|   3|    0|     6|   32|     1|          192|
    |taps_U     |taps_RAM_AUTO_1R1W     |        4|   0|   0|    0|   301|   64|     1|        19264|
    +-----------+-----------------------+---------+----+----+-----+------+-----+------+-------------+
    |Total      |                       |        4|  64|   3|    0|   307|   96|     2|        19456|
    +-----------+-----------------------+---------+----+----+-----+------+-----+------+-------------+

    * FIFO: 
    N/A

    * Expression: 
    +-----------------------------------+----------+----+---+-----+------------+------------+
    |           Variable Name           | Operation| DSP| FF| LUT | Bitwidth P0| Bitwidth P1|
    +-----------------------------------+----------+----+---+-----+------------+------------+
    |add_ln116_fu_744_p2                |         +|   0|  0|   16|           9|           1|
    |add_ln16_fu_597_p2                 |         +|   0|  0|   71|          64|           5|
    |add_ln486_fu_915_p2                |         +|   0|  0|   19|          12|          11|
    |add_ln90_fu_622_p2                 |         +|   0|  0|   39|          32|           2|
    |add_ln96_fu_696_p2                 |         +|   0|  0|   16|           9|           1|
    |empty_55_fu_812_p2                 |         +|   0|  0|   71|          64|           5|
    |result_2_fu_995_p2                 |         -|   0|  0|   39|           1|          32|
    |sub_ln100_fu_706_p2                |         -|   0|  0|   39|          32|          32|
    |sub_ln117_fu_750_p2                |         -|   0|  0|   39|          32|          32|
    |sub_ln18_fu_929_p2                 |         -|   0|  0|   18|          10|          11|
    |sub_ln90_1_fu_667_p2               |         -|   0|  0|   39|           1|          32|
    |sub_ln90_fu_647_p2                 |         -|   0|  0|   39|           1|          32|
    |and_ln120_fu_806_p2                |       and|   0|  0|    2|           1|           1|
    |ap_block_state188_on_subcall_done  |       and|   0|  0|    2|           1|           1|
    |doReset_fu_837_p2                  |      icmp|   0|  0|   39|          32|           1|
    |icmp_ln100_fu_712_p2               |      icmp|   0|  0|   39|          32|          32|
    |icmp_ln116_fu_738_p2               |      icmp|   0|  0|   39|          32|          32|
    |icmp_ln120_1_fu_794_p2             |      icmp|   0|  0|   59|          52|           1|
    |icmp_ln120_fu_788_p2               |      icmp|   0|  0|   18|          11|           2|
    |icmp_ln96_fu_690_p2                |      icmp|   0|  0|   39|          32|          32|
    |lshr_ln18_fu_955_p2                |      lshr|   0|  0|  460|         137|         137|
    |ap_block_state205                  |        or|   0|  0|    2|           1|           1|
    |ap_block_state210                  |        or|   0|  0|    2|           1|           1|
    |ap_block_state81_on_subcall_done   |        or|   0|  0|    2|           1|           1|
    |or_ln120_fu_800_p2                 |        or|   0|  0|    2|           1|           1|
    |M_fu_676_p3                        |    select|   0|  0|   32|           1|          32|
    |out_stream_TDATA_int_regslice      |    select|   0|  0|   32|           1|          32|
    |select_ln18_fu_939_p3              |    select|   0|  0|   11|           1|          12|
    |val_3_fu_987_p3                    |    select|   0|  0|   32|           1|          32|
    |shl_ln18_fu_961_p2                 |       shl|   0|  0|  460|         137|         137|
    +-----------------------------------+----------+----+---+-----+------------+------------+
    |Total                              |          |   0|  0| 1717|         742|         684|
    +-----------------------------------+----------+----+---+-----+------------+------------+

    * Multiplexer: 
    +---------------------------------------+------+-----------+-----+-----------+
    |                  Name                 |  LUT | Input Size| Bits| Total Bits|
    +---------------------------------------+------+-----------+-----+-----------+
    |ap_NS_fsm                              |  1119|        211|    1|        211|
    |bramVal_address0                       |     9|          2|    3|          6|
    |bramVal_address0_local                 |    14|          3|    3|          9|
    |bramVal_address1_local                 |    14|          3|    3|          9|
    |bramVal_ce0                            |     9|          2|    1|          2|
    |bramVal_we0                            |     9|          2|    1|          2|
    |gain_re_fu_220                         |     9|          2|   64|        128|
    |gmem_ARADDR                            |    20|          4|   64|        256|
    |gmem_ARLEN                             |    20|          4|   32|        128|
    |gmem_ARVALID                           |    14|          3|    1|          3|
    |gmem_AWADDR                            |    14|          3|   64|        192|
    |gmem_RREADY                            |    14|          3|    1|          3|
    |gmem_WDATA                             |    14|          3|   32|         96|
    |gmem_blk_n_AR                          |     9|          2|    1|          2|
    |gmem_blk_n_AW                          |     9|          2|    1|          2|
    |gmem_blk_n_B                           |     9|          2|    1|          2|
    |gmem_blk_n_R                           |     9|          2|    1|          2|
    |gmem_blk_n_W                           |     9|          2|    1|          2|
    |grp_fu_458_opcode                      |    14|          3|    2|          6|
    |grp_fu_458_p0                          |    31|          6|   64|        384|
    |grp_fu_458_p1                          |    26|          5|   64|        320|
    |grp_fu_463_ce                          |    14|          3|    1|          3|
    |grp_fu_463_p0                          |    54|         10|   64|        640|
    |grp_fu_463_p1                          |    54|         10|   64|        640|
    |grp_fu_468_p0                          |    14|          3|   64|        192|
    |grp_fu_468_p1                          |    14|          3|   64|        192|
    |grp_fu_477_ce                          |     9|          2|    1|          2|
    |grp_fu_477_p0                          |    26|          5|   64|        320|
    |grp_fu_477_p1                          |    26|          5|   64|        320|
    |grp_fu_491_p0                          |    43|          8|   32|        256|
    |grp_sin_or_cos_double_s_fu_402_do_cos  |    14|          3|    1|          3|
    |grp_sin_or_cos_double_s_fu_402_t_in    |    20|          4|   64|        256|
    |i_3_fu_208                             |     9|          2|    9|         18|
    |i_4_fu_224                             |     9|          2|    9|         18|
    |in_stream_TDATA_blk_n                  |     9|          2|    1|          2|
    |out_stream_TDATA_blk_n                 |     9|          2|    1|          2|
    |reg_506                                |     9|          2|   32|         64|
    |taps_address0                          |    14|          3|    9|         27|
    |taps_address0_local                    |    14|          3|    9|         27|
    |taps_ce0                               |    14|          3|    1|          3|
    |taps_ce1                               |     9|          2|    1|          2|
    |taps_d0                                |     9|          2|   64|        128|
    |taps_we0                               |     9|          2|    1|          2|
    |val_1_reg_384                          |     9|          2|   64|        128|
    +---------------------------------------+------+-----------+-----+-----------+
    |Total                                  |  1806|        352| 1089|       5010|
    +---------------------------------------+------+-----------+-----+-----------+

    * Register: 
    +----------------------------------------------------------+-----+----+-----+-----------+
    |                           Name                           |  FF | LUT| Bits| Const Bits|
    +----------------------------------------------------------+-----+----+-----+-----------+
    |M_reg_1099                                                |   32|   0|   32|          0|
    |add_ln96_reg_1119                                         |    9|   0|    9|          0|
    |and_ln120_reg_1195                                        |    1|   0|    1|          0|
    |ap_CS_fsm                                                 |  210|   0|  210|          0|
    |bram_read_reg_1017                                        |   64|   0|   64|          0|
    |conv3_i_reg_1055                                          |   64|   0|   64|          0|
    |div10_i_reg_1106                                          |   64|   0|   64|          0|
    |doReset_reg_1211                                          |    1|   0|    1|          0|
    |gain_re_fu_220                                            |   64|   0|   64|          0|
    |gmem_addr_1_reg_1034                                      |   64|   0|   64|          0|
    |gmem_addr_2_read_reg_1206                                 |   32|   0|   32|          0|
    |gmem_addr_2_reg_1199                                      |   64|   0|   64|          0|
    |grp_firTop_Pipeline_VITIS_LOOP_121_3_fu_441_ap_start_reg  |    1|   0|    1|          0|
    |grp_firTop_Pipeline_VITIS_LOOP_14_1_fu_394_ap_start_reg   |    1|   0|    1|          0|
    |grp_fir_fu_448_ap_start_reg                               |    1|   0|    1|          0|
    |grp_sin_or_cos_double_s_fu_402_ap_start_reg               |    1|   0|    1|          0|
    |grp_sin_or_cos_double_s_fu_421_ap_start_reg               |    1|   0|    1|          0|
    |i_3_fu_208                                                |    9|   0|    9|          0|
    |i_4_fu_224                                                |    9|   0|    9|          0|
    |i_6_reg_1172                                              |    9|   0|    9|          0|
    |icmp_ln100_reg_1134                                       |    1|   0|    1|          0|
    |lshr_ln90_2_reg_1094                                      |   31|   0|   31|          0|
    |omegaLower_reg_1065                                       |   64|   0|   64|          0|
    |omegaUpper_reg_1072                                       |   64|   0|   64|          0|
    |reg_506                                                   |   32|   0|   32|          0|
    |reg_514                                                   |   64|   0|   64|          0|
    |reg_523                                                   |   64|   0|   64|          0|
    |reg_531                                                   |   64|   0|   64|          0|
    |reg_537                                                   |   64|   0|   64|          0|
    |reg_543                                                   |   64|   0|   64|          0|
    |reg_550                                                   |   64|   0|   64|          0|
    |reg_557                                                   |   64|   0|   64|          0|
    |reg_565                                                   |   64|   0|   64|          0|
    |taps_load_reg_1190                                        |   64|   0|   64|          0|
    |tmp_12_reg_1089                                           |    1|   0|    1|          0|
    |tmp_dest_reg_1246                                         |    6|   0|    6|          0|
    |tmp_id_reg_1241                                           |    5|   0|    5|          0|
    |tmp_keep_reg_1221                                         |    4|   0|    4|          0|
    |tmp_last_reg_1236                                         |    1|   0|    1|          0|
    |tmp_s_reg_1152                                            |   64|   0|   64|          0|
    |tmp_strb_reg_1226                                         |    4|   0|    4|          0|
    |tmp_user_reg_1231                                         |    2|   0|    2|          0|
    |trunc_ln_reg_1023                                         |   62|   0|   62|          0|
    |val_1_reg_384                                             |   64|   0|   64|          0|
    |w_reg_1167                                                |   64|   0|   64|          0|
    |x_assign_2_reg_1162                                       |   64|   0|   64|          0|
    |zext_ln96_1_reg_1111                                      |    9|   0|   32|         23|
    |zext_ln96_reg_1124                                        |    9|   0|   64|         55|
    +----------------------------------------------------------+-----+----+-----+-----------+
    |Total                                                     | 1828|   0| 1906|         78|
    +----------------------------------------------------------+-----+----+-----+-----------+



================================================================
== Interface
================================================================
* Summary: 
+-----------------------+-----+-----+--------------+---------------------+--------------+
|       RTL Ports       | Dir | Bits|   Protocol   |    Source Object    |    C Type    |
+-----------------------+-----+-----+--------------+---------------------+--------------+
|s_axi_control_AWVALID  |   in|    1|         s_axi|              control|        scalar|
|s_axi_control_AWREADY  |  out|    1|         s_axi|              control|        scalar|
|s_axi_control_AWADDR   |   in|    5|         s_axi|              control|        scalar|
|s_axi_control_WVALID   |   in|    1|         s_axi|              control|        scalar|
|s_axi_control_WREADY   |  out|    1|         s_axi|              control|        scalar|
|s_axi_control_WDATA    |   in|   32|         s_axi|              control|        scalar|
|s_axi_control_WSTRB    |   in|    4|         s_axi|              control|        scalar|
|s_axi_control_ARVALID  |   in|    1|         s_axi|              control|        scalar|
|s_axi_control_ARREADY  |  out|    1|         s_axi|              control|        scalar|
|s_axi_control_ARADDR   |   in|    5|         s_axi|              control|        scalar|
|s_axi_control_RVALID   |  out|    1|         s_axi|              control|        scalar|
|s_axi_control_RREADY   |   in|    1|         s_axi|              control|        scalar|
|s_axi_control_RDATA    |  out|   32|         s_axi|              control|        scalar|
|s_axi_control_RRESP    |  out|    2|         s_axi|              control|        scalar|
|s_axi_control_BVALID   |  out|    1|         s_axi|              control|        scalar|
|s_axi_control_BREADY   |   in|    1|         s_axi|              control|        scalar|
|s_axi_control_BRESP    |  out|    2|         s_axi|              control|        scalar|
|ap_clk                 |   in|    1|  ap_ctrl_none|               firTop|  return value|
|ap_rst_n               |   in|    1|  ap_ctrl_none|               firTop|  return value|
|m_axi_gmem_AWVALID     |  out|    1|         m_axi|                 gmem|       pointer|
|m_axi_gmem_AWREADY     |   in|    1|         m_axi|                 gmem|       pointer|
|m_axi_gmem_AWADDR      |  out|   64|         m_axi|                 gmem|       pointer|
|m_axi_gmem_AWID        |  out|    1|         m_axi|                 gmem|       pointer|
|m_axi_gmem_AWLEN       |  out|    8|         m_axi|                 gmem|       pointer|
|m_axi_gmem_AWSIZE      |  out|    3|         m_axi|                 gmem|       pointer|
|m_axi_gmem_AWBURST     |  out|    2|         m_axi|                 gmem|       pointer|
|m_axi_gmem_AWLOCK      |  out|    2|         m_axi|                 gmem|       pointer|
|m_axi_gmem_AWCACHE     |  out|    4|         m_axi|                 gmem|       pointer|
|m_axi_gmem_AWPROT      |  out|    3|         m_axi|                 gmem|       pointer|
|m_axi_gmem_AWQOS       |  out|    4|         m_axi|                 gmem|       pointer|
|m_axi_gmem_AWREGION    |  out|    4|         m_axi|                 gmem|       pointer|
|m_axi_gmem_AWUSER      |  out|    1|         m_axi|                 gmem|       pointer|
|m_axi_gmem_WVALID      |  out|    1|         m_axi|                 gmem|       pointer|
|m_axi_gmem_WREADY      |   in|    1|         m_axi|                 gmem|       pointer|
|m_axi_gmem_WDATA       |  out|   32|         m_axi|                 gmem|       pointer|
|m_axi_gmem_WSTRB       |  out|    4|         m_axi|                 gmem|       pointer|
|m_axi_gmem_WLAST       |  out|    1|         m_axi|                 gmem|       pointer|
|m_axi_gmem_WID         |  out|    1|         m_axi|                 gmem|       pointer|
|m_axi_gmem_WUSER       |  out|    1|         m_axi|                 gmem|       pointer|
|m_axi_gmem_ARVALID     |  out|    1|         m_axi|                 gmem|       pointer|
|m_axi_gmem_ARREADY     |   in|    1|         m_axi|                 gmem|       pointer|
|m_axi_gmem_ARADDR      |  out|   64|         m_axi|                 gmem|       pointer|
|m_axi_gmem_ARID        |  out|    1|         m_axi|                 gmem|       pointer|
|m_axi_gmem_ARLEN       |  out|    8|         m_axi|                 gmem|       pointer|
|m_axi_gmem_ARSIZE      |  out|    3|         m_axi|                 gmem|       pointer|
|m_axi_gmem_ARBURST     |  out|    2|         m_axi|                 gmem|       pointer|
|m_axi_gmem_ARLOCK      |  out|    2|         m_axi|                 gmem|       pointer|
|m_axi_gmem_ARCACHE     |  out|    4|         m_axi|                 gmem|       pointer|
|m_axi_gmem_ARPROT      |  out|    3|         m_axi|                 gmem|       pointer|
|m_axi_gmem_ARQOS       |  out|    4|         m_axi|                 gmem|       pointer|
|m_axi_gmem_ARREGION    |  out|    4|         m_axi|                 gmem|       pointer|
|m_axi_gmem_ARUSER      |  out|    1|         m_axi|                 gmem|       pointer|
|m_axi_gmem_RVALID      |   in|    1|         m_axi|                 gmem|       pointer|
|m_axi_gmem_RREADY      |  out|    1|         m_axi|                 gmem|       pointer|
|m_axi_gmem_RDATA       |   in|   32|         m_axi|                 gmem|       pointer|
|m_axi_gmem_RLAST       |   in|    1|         m_axi|                 gmem|       pointer|
|m_axi_gmem_RID         |   in|    1|         m_axi|                 gmem|       pointer|
|m_axi_gmem_RUSER       |   in|    1|         m_axi|                 gmem|       pointer|
|m_axi_gmem_RRESP       |   in|    2|         m_axi|                 gmem|       pointer|
|m_axi_gmem_BVALID      |   in|    1|         m_axi|                 gmem|       pointer|
|m_axi_gmem_BREADY      |  out|    1|         m_axi|                 gmem|       pointer|
|m_axi_gmem_BRESP       |   in|    2|         m_axi|                 gmem|       pointer|
|m_axi_gmem_BID         |   in|    1|         m_axi|                 gmem|       pointer|
|m_axi_gmem_BUSER       |   in|    1|         m_axi|                 gmem|       pointer|
|in_stream_TDATA        |   in|   32|          axis|   in_stream_V_data_V|       pointer|
|in_stream_TVALID       |   in|    1|          axis|   in_stream_V_dest_V|       pointer|
|in_stream_TREADY       |  out|    1|          axis|   in_stream_V_dest_V|       pointer|
|in_stream_TDEST        |   in|    6|          axis|   in_stream_V_dest_V|       pointer|
|in_stream_TKEEP        |   in|    4|          axis|   in_stream_V_keep_V|       pointer|
|in_stream_TSTRB        |   in|    4|          axis|   in_stream_V_strb_V|       pointer|
|in_stream_TUSER        |   in|    2|          axis|   in_stream_V_user_V|       pointer|
|in_stream_TLAST        |   in|    1|          axis|   in_stream_V_last_V|       pointer|
|in_stream_TID          |   in|    5|          axis|     in_stream_V_id_V|       pointer|
|out_stream_TDATA       |  out|   32|          axis|  out_stream_V_data_V|       pointer|
|out_stream_TVALID      |  out|    1|          axis|  out_stream_V_dest_V|       pointer|
|out_stream_TREADY      |   in|    1|          axis|  out_stream_V_dest_V|       pointer|
|out_stream_TDEST       |  out|    6|          axis|  out_stream_V_dest_V|       pointer|
|out_stream_TKEEP       |  out|    4|          axis|  out_stream_V_keep_V|       pointer|
|out_stream_TSTRB       |  out|    4|          axis|  out_stream_V_strb_V|       pointer|
|out_stream_TUSER       |  out|    2|          axis|  out_stream_V_user_V|       pointer|
|out_stream_TLAST       |  out|    1|          axis|  out_stream_V_last_V|       pointer|
|out_stream_TID         |  out|    5|          axis|    out_stream_V_id_V|       pointer|
+-----------------------+-----+-----+--------------+---------------------+--------------+

