

================================================================
== Vitis HLS Report for 'firTop_Pipeline_VITIS_LOOP_92_1'
================================================================
* Date:           Tue Apr 14 18:08:18 2026

* Version:        2024.1 (Build 5069499 on May 21 2024)
* Project:        calculateCoefficients
* Solution:       hls (Vivado IP Flow Target)
* Product family: zynquplus
* Target device:  xczu3eg-sfvc784-2-e


================================================================
== Performance Estimates
================================================================
+ Timing: 
    * Summary: 
    +--------+----------+----------+------------+
    |  Clock |  Target  | Estimated| Uncertainty|
    +--------+----------+----------+------------+
    |ap_clk  |  10.00 ns|  7.063 ns|     2.70 ns|
    +--------+----------+----------+------------+

+ Latency: 
    * Summary: 
    +---------+---------+----------+----------+-----+-----+-----------------------------------------------+
    |  Latency (cycles) |  Latency (absolute) |  Interval |                    Pipeline                   |
    |   min   |   max   |    min   |    max   | min | max |                      Type                     |
    +---------+---------+----------+----------+-----+-----+-----------------------------------------------+
    |        ?|        ?|         ?|         ?|    0|    0|  loop auto-rewind stp(delay=0 clock cycles(s))|
    +---------+---------+----------+----------+-----+-----+-----------------------------------------------+

    + Detail: 
        * Instance: 
        +--------------------------------+---------------------+---------+---------+-----------+-----------+-----+-----+---------+
        |                                |                     |  Latency (cycles) |   Latency (absolute)  |  Interval | Pipeline|
        |            Instance            |        Module       |   min   |   max   |    min    |    max    | min | max |   Type  |
        +--------------------------------+---------------------+---------+---------+-----------+-----------+-----+-----+---------+
        |grp_sin_or_cos_double_s_fu_127  |sin_or_cos_double_s  |        8|        8|  80.000 ns|  80.000 ns|    1|    1|      yes|
        |grp_sin_or_cos_double_s_fu_146  |sin_or_cos_double_s  |        8|        8|  80.000 ns|  80.000 ns|    1|    1|      yes|
        |grp_sin_or_cos_double_s_fu_165  |sin_or_cos_double_s  |        8|        8|  80.000 ns|  80.000 ns|    1|    1|      yes|
        +--------------------------------+---------------------+---------+---------+-----------+-----------+-----+-----+---------+

        * Loop: 
        +-------------------+---------+---------+----------+-----------+-----------+------+----------+
        |                   |  Latency (cycles) | Iteration|  Initiation Interval  | Trip |          |
        |     Loop Name     |   min   |   max   |  Latency |  achieved |   target  | Count| Pipelined|
        +-------------------+---------+---------+----------+-----------+-----------+------+----------+
        |- VITIS_LOOP_92_1  |        ?|        ?|        57|          1|          1|     ?|       yes|
        +-------------------+---------+---------+----------+-----------+-----------+------+----------+



================================================================
== Utilization Estimates
================================================================
* Summary: 
+-----------------+---------+-----+--------+-------+-----+
|       Name      | BRAM_18K| DSP |   FF   |  LUT  | URAM|
+-----------------+---------+-----+--------+-------+-----+
|DSP              |        -|    -|       -|      -|    -|
|Expression       |        -|    -|       0|    135|    -|
|FIFO             |        -|    -|       -|      -|    -|
|Instance         |       16|  240|    6158|  13425|    -|
|Memory           |        -|    -|       -|      -|    -|
|Multiplexer      |        -|    -|       0|     54|    -|
|Register         |        -|    -|    4641|    160|    -|
+-----------------+---------+-----+--------+-------+-----+
|Total            |       16|  240|   10799|  13774|    0|
+-----------------+---------+-----+--------+-------+-----+
|Available        |      432|  360|  141120|  70560|    0|
+-----------------+---------+-----+--------+-------+-----+
|Utilization (%)  |        3|   66|       7|     19|    0|
+-----------------+---------+-----+--------+-------+-----+

+ Detail: 
    * Instance: 
    +------------------------------------+--------------------------------+---------+----+------+------+-----+
    |              Instance              |             Module             | BRAM_18K| DSP|  FF  |  LUT | URAM|
    +------------------------------------+--------------------------------+---------+----+------+------+-----+
    |dmul_64ns_64ns_64_5_max_dsp_1_U44   |dmul_64ns_64ns_64_5_max_dsp_1   |        0|  11|   299|   203|    0|
    |dmul_64ns_64ns_64_5_max_dsp_1_U45   |dmul_64ns_64ns_64_5_max_dsp_1   |        0|  11|   299|   203|    0|
    |dmul_64ns_64ns_64_5_max_dsp_1_U46   |dmul_64ns_64ns_64_5_max_dsp_1   |        0|  11|   299|   203|    0|
    |dmul_64ns_64ns_64_5_max_dsp_1_U47   |dmul_64ns_64ns_64_5_max_dsp_1   |        0|  11|   299|   203|    0|
    |dmul_64ns_64ns_64_5_max_dsp_1_U48   |dmul_64ns_64ns_64_5_max_dsp_1   |        0|  11|   299|   203|    0|
    |dsub_64ns_64ns_64_5_full_dsp_1_U42  |dsub_64ns_64ns_64_5_full_dsp_1  |        0|   3|   445|   782|    0|
    |grp_sin_or_cos_double_s_fu_146      |sin_or_cos_double_s             |        8|  91|  2109|  5814|    0|
    |grp_sin_or_cos_double_s_fu_165      |sin_or_cos_double_s             |        8|  91|  2109|  5814|    0|
    |sitodp_32ns_64_4_no_dsp_1_U51       |sitodp_32ns_64_4_no_dsp_1       |        0|   0|     0|     0|    0|
    +------------------------------------+--------------------------------+---------+----+------+------+-----+
    |Total                               |                                |       16| 240|  6158| 13425|    0|
    +------------------------------------+--------------------------------+---------+----+------+------+-----+

    * DSP: 
    N/A

    * Memory: 
    N/A

    * FIFO: 
    N/A

    * Expression: 
    +---------------------+----------+----+---+----+------------+------------+
    |    Variable Name    | Operation| DSP| FF| LUT| Bitwidth P0| Bitwidth P1|
    +---------------------+----------+----+---+----+------------+------------+
    |add_ln92_fu_254_p2   |         +|   0|  0|  14|           7|           1|
    |sub_ln97_fu_260_p2   |         -|   0|  0|  39|          32|          32|
    |ap_condition_673     |       and|   0|  0|   2|           1|           1|
    |icmp_ln92_fu_248_p2  |      icmp|   0|  0|  39|          32|          32|
    |icmp_ln97_fu_266_p2  |      icmp|   0|  0|  39|          32|          32|
    |ap_enable_pp0        |       xor|   0|  0|   2|           1|           2|
    +---------------------+----------+----+---+----+------------+------------+
    |Total                |          |   0|  0| 135|         105|         100|
    +---------------------+----------+----+---+----+------------+------------+

    * Multiplexer: 
    +-------------------------------------+----+-----------+-----+-----------+
    |                 Name                | LUT| Input Size| Bits| Total Bits|
    +-------------------------------------+----+-----------+-----+-----------+
    |ap_done_int                          |   9|          2|    1|          2|
    |ap_enable_reg_pp0_iter1              |   9|          2|    1|          2|
    |ap_phi_reg_pp0_iter1_val_1_reg_117   |   9|          2|   64|        128|
    |ap_phi_reg_pp0_iter51_val_1_reg_117  |   9|          2|   64|        128|
    |ap_sig_allocacmp_i_1                 |   9|          2|    7|         14|
    |i_fu_64                              |   9|          2|    7|         14|
    +-------------------------------------+----+-----------+-----+-----------+
    |Total                                |  54|         12|  144|        288|
    +-------------------------------------+----+-----------+-----+-----------+

    * Register: 
    +-------------------------------------+----+----+-----+-----------+
    |                 Name                | FF | LUT| Bits| Const Bits|
    +-------------------------------------+----+----+-----+-----------+
    |ap_CS_fsm                            |   1|   0|    1|          0|
    |ap_done_reg                          |   1|   0|    1|          0|
    |ap_enable_reg_pp0_iter1              |   1|   0|    1|          0|
    |ap_enable_reg_pp0_iter10             |   1|   0|    1|          0|
    |ap_enable_reg_pp0_iter11             |   1|   0|    1|          0|
    |ap_enable_reg_pp0_iter12             |   1|   0|    1|          0|
    |ap_enable_reg_pp0_iter13             |   1|   0|    1|          0|
    |ap_enable_reg_pp0_iter14             |   1|   0|    1|          0|
    |ap_enable_reg_pp0_iter15             |   1|   0|    1|          0|
    |ap_enable_reg_pp0_iter16             |   1|   0|    1|          0|
    |ap_enable_reg_pp0_iter17             |   1|   0|    1|          0|
    |ap_enable_reg_pp0_iter18             |   1|   0|    1|          0|
    |ap_enable_reg_pp0_iter19             |   1|   0|    1|          0|
    |ap_enable_reg_pp0_iter2              |   1|   0|    1|          0|
    |ap_enable_reg_pp0_iter20             |   1|   0|    1|          0|
    |ap_enable_reg_pp0_iter21             |   1|   0|    1|          0|
    |ap_enable_reg_pp0_iter22             |   1|   0|    1|          0|
    |ap_enable_reg_pp0_iter23             |   1|   0|    1|          0|
    |ap_enable_reg_pp0_iter24             |   1|   0|    1|          0|
    |ap_enable_reg_pp0_iter25             |   1|   0|    1|          0|
    |ap_enable_reg_pp0_iter26             |   1|   0|    1|          0|
    |ap_enable_reg_pp0_iter27             |   1|   0|    1|          0|
    |ap_enable_reg_pp0_iter28             |   1|   0|    1|          0|
    |ap_enable_reg_pp0_iter29             |   1|   0|    1|          0|
    |ap_enable_reg_pp0_iter3              |   1|   0|    1|          0|
    |ap_enable_reg_pp0_iter30             |   1|   0|    1|          0|
    |ap_enable_reg_pp0_iter31             |   1|   0|    1|          0|
    |ap_enable_reg_pp0_iter32             |   1|   0|    1|          0|
    |ap_enable_reg_pp0_iter33             |   1|   0|    1|          0|
    |ap_enable_reg_pp0_iter34             |   1|   0|    1|          0|
    |ap_enable_reg_pp0_iter35             |   1|   0|    1|          0|
    |ap_enable_reg_pp0_iter36             |   1|   0|    1|          0|
    |ap_enable_reg_pp0_iter37             |   1|   0|    1|          0|
    |ap_enable_reg_pp0_iter38             |   1|   0|    1|          0|
    |ap_enable_reg_pp0_iter39             |   1|   0|    1|          0|
    |ap_enable_reg_pp0_iter4              |   1|   0|    1|          0|
    |ap_enable_reg_pp0_iter40             |   1|   0|    1|          0|
    |ap_enable_reg_pp0_iter41             |   1|   0|    1|          0|
    |ap_enable_reg_pp0_iter42             |   1|   0|    1|          0|
    |ap_enable_reg_pp0_iter43             |   1|   0|    1|          0|
    |ap_enable_reg_pp0_iter44             |   1|   0|    1|          0|
    |ap_enable_reg_pp0_iter45             |   1|   0|    1|          0|
    |ap_enable_reg_pp0_iter46             |   1|   0|    1|          0|
    |ap_enable_reg_pp0_iter47             |   1|   0|    1|          0|
    |ap_enable_reg_pp0_iter48             |   1|   0|    1|          0|
    |ap_enable_reg_pp0_iter49             |   1|   0|    1|          0|
    |ap_enable_reg_pp0_iter5              |   1|   0|    1|          0|
    |ap_enable_reg_pp0_iter50             |   1|   0|    1|          0|
    |ap_enable_reg_pp0_iter51             |   1|   0|    1|          0|
    |ap_enable_reg_pp0_iter52             |   1|   0|    1|          0|
    |ap_enable_reg_pp0_iter53             |   1|   0|    1|          0|
    |ap_enable_reg_pp0_iter54             |   1|   0|    1|          0|
    |ap_enable_reg_pp0_iter55             |   1|   0|    1|          0|
    |ap_enable_reg_pp0_iter56             |   1|   0|    1|          0|
    |ap_enable_reg_pp0_iter6              |   1|   0|    1|          0|
    |ap_enable_reg_pp0_iter7              |   1|   0|    1|          0|
    |ap_enable_reg_pp0_iter8              |   1|   0|    1|          0|
    |ap_enable_reg_pp0_iter9              |   1|   0|    1|          0|
    |ap_loop_exit_ready_pp0_iter10_reg    |   1|   0|    1|          0|
    |ap_loop_exit_ready_pp0_iter11_reg    |   1|   0|    1|          0|
    |ap_loop_exit_ready_pp0_iter12_reg    |   1|   0|    1|          0|
    |ap_loop_exit_ready_pp0_iter13_reg    |   1|   0|    1|          0|
    |ap_loop_exit_ready_pp0_iter14_reg    |   1|   0|    1|          0|
    |ap_loop_exit_ready_pp0_iter15_reg    |   1|   0|    1|          0|
    |ap_loop_exit_ready_pp0_iter16_reg    |   1|   0|    1|          0|
    |ap_loop_exit_ready_pp0_iter17_reg    |   1|   0|    1|          0|
    |ap_loop_exit_ready_pp0_iter18_reg    |   1|   0|    1|          0|
    |ap_loop_exit_ready_pp0_iter19_reg    |   1|   0|    1|          0|
    |ap_loop_exit_ready_pp0_iter1_reg     |   1|   0|    1|          0|
    |ap_loop_exit_ready_pp0_iter20_reg    |   1|   0|    1|          0|
    |ap_loop_exit_ready_pp0_iter21_reg    |   1|   0|    1|          0|
    |ap_loop_exit_ready_pp0_iter22_reg    |   1|   0|    1|          0|
    |ap_loop_exit_ready_pp0_iter23_reg    |   1|   0|    1|          0|
    |ap_loop_exit_ready_pp0_iter24_reg    |   1|   0|    1|          0|
    |ap_loop_exit_ready_pp0_iter25_reg    |   1|   0|    1|          0|
    |ap_loop_exit_ready_pp0_iter26_reg    |   1|   0|    1|          0|
    |ap_loop_exit_ready_pp0_iter27_reg    |   1|   0|    1|          0|
    |ap_loop_exit_ready_pp0_iter28_reg    |   1|   0|    1|          0|
    |ap_loop_exit_ready_pp0_iter29_reg    |   1|   0|    1|          0|
    |ap_loop_exit_ready_pp0_iter2_reg     |   1|   0|    1|          0|
    |ap_loop_exit_ready_pp0_iter30_reg    |   1|   0|    1|          0|
    |ap_loop_exit_ready_pp0_iter31_reg    |   1|   0|    1|          0|
    |ap_loop_exit_ready_pp0_iter32_reg    |   1|   0|    1|          0|
    |ap_loop_exit_ready_pp0_iter33_reg    |   1|   0|    1|          0|
    |ap_loop_exit_ready_pp0_iter34_reg    |   1|   0|    1|          0|
    |ap_loop_exit_ready_pp0_iter35_reg    |   1|   0|    1|          0|
    |ap_loop_exit_ready_pp0_iter36_reg    |   1|   0|    1|          0|
    |ap_loop_exit_ready_pp0_iter37_reg    |   1|   0|    1|          0|
    |ap_loop_exit_ready_pp0_iter38_reg    |   1|   0|    1|          0|
    |ap_loop_exit_ready_pp0_iter39_reg    |   1|   0|    1|          0|
    |ap_loop_exit_ready_pp0_iter3_reg     |   1|   0|    1|          0|
    |ap_loop_exit_ready_pp0_iter40_reg    |   1|   0|    1|          0|
    |ap_loop_exit_ready_pp0_iter41_reg    |   1|   0|    1|          0|
    |ap_loop_exit_ready_pp0_iter42_reg    |   1|   0|    1|          0|
    |ap_loop_exit_ready_pp0_iter43_reg    |   1|   0|    1|          0|
    |ap_loop_exit_ready_pp0_iter44_reg    |   1|   0|    1|          0|
    |ap_loop_exit_ready_pp0_iter45_reg    |   1|   0|    1|          0|
    |ap_loop_exit_ready_pp0_iter46_reg    |   1|   0|    1|          0|
    |ap_loop_exit_ready_pp0_iter47_reg    |   1|   0|    1|          0|
    |ap_loop_exit_ready_pp0_iter48_reg    |   1|   0|    1|          0|
    |ap_loop_exit_ready_pp0_iter49_reg    |   1|   0|    1|          0|
    |ap_loop_exit_ready_pp0_iter4_reg     |   1|   0|    1|          0|
    |ap_loop_exit_ready_pp0_iter50_reg    |   1|   0|    1|          0|
    |ap_loop_exit_ready_pp0_iter51_reg    |   1|   0|    1|          0|
    |ap_loop_exit_ready_pp0_iter52_reg    |   1|   0|    1|          0|
    |ap_loop_exit_ready_pp0_iter53_reg    |   1|   0|    1|          0|
    |ap_loop_exit_ready_pp0_iter54_reg    |   1|   0|    1|          0|
    |ap_loop_exit_ready_pp0_iter55_reg    |   1|   0|    1|          0|
    |ap_loop_exit_ready_pp0_iter5_reg     |   1|   0|    1|          0|
    |ap_loop_exit_ready_pp0_iter6_reg     |   1|   0|    1|          0|
    |ap_loop_exit_ready_pp0_iter7_reg     |   1|   0|    1|          0|
    |ap_loop_exit_ready_pp0_iter8_reg     |   1|   0|    1|          0|
    |ap_loop_exit_ready_pp0_iter9_reg     |   1|   0|    1|          0|
    |ap_phi_reg_pp0_iter10_val_1_reg_117  |  64|   0|   64|          0|
    |ap_phi_reg_pp0_iter11_val_1_reg_117  |  64|   0|   64|          0|
    |ap_phi_reg_pp0_iter12_val_1_reg_117  |  64|   0|   64|          0|
    |ap_phi_reg_pp0_iter13_val_1_reg_117  |  64|   0|   64|          0|
    |ap_phi_reg_pp0_iter14_val_1_reg_117  |  64|   0|   64|          0|
    |ap_phi_reg_pp0_iter15_val_1_reg_117  |  64|   0|   64|          0|
    |ap_phi_reg_pp0_iter16_val_1_reg_117  |  64|   0|   64|          0|
    |ap_phi_reg_pp0_iter17_val_1_reg_117  |  64|   0|   64|          0|
    |ap_phi_reg_pp0_iter18_val_1_reg_117  |  64|   0|   64|          0|
    |ap_phi_reg_pp0_iter19_val_1_reg_117  |  64|   0|   64|          0|
    |ap_phi_reg_pp0_iter1_val_1_reg_117   |  64|   0|   64|          0|
    |ap_phi_reg_pp0_iter20_val_1_reg_117  |  64|   0|   64|          0|
    |ap_phi_reg_pp0_iter21_val_1_reg_117  |  64|   0|   64|          0|
    |ap_phi_reg_pp0_iter22_val_1_reg_117  |  64|   0|   64|          0|
    |ap_phi_reg_pp0_iter23_val_1_reg_117  |  64|   0|   64|          0|
    |ap_phi_reg_pp0_iter24_val_1_reg_117  |  64|   0|   64|          0|
    |ap_phi_reg_pp0_iter25_val_1_reg_117  |  64|   0|   64|          0|
    |ap_phi_reg_pp0_iter26_val_1_reg_117  |  64|   0|   64|          0|
    |ap_phi_reg_pp0_iter27_val_1_reg_117  |  64|   0|   64|          0|
    |ap_phi_reg_pp0_iter28_val_1_reg_117  |  64|   0|   64|          0|
    |ap_phi_reg_pp0_iter29_val_1_reg_117  |  64|   0|   64|          0|
    |ap_phi_reg_pp0_iter2_val_1_reg_117   |  64|   0|   64|          0|
    |ap_phi_reg_pp0_iter30_val_1_reg_117  |  64|   0|   64|          0|
    |ap_phi_reg_pp0_iter31_val_1_reg_117  |  64|   0|   64|          0|
    |ap_phi_reg_pp0_iter32_val_1_reg_117  |  64|   0|   64|          0|
    |ap_phi_reg_pp0_iter33_val_1_reg_117  |  64|   0|   64|          0|
    |ap_phi_reg_pp0_iter34_val_1_reg_117  |  64|   0|   64|          0|
    |ap_phi_reg_pp0_iter35_val_1_reg_117  |  64|   0|   64|          0|
    |ap_phi_reg_pp0_iter36_val_1_reg_117  |  64|   0|   64|          0|
    |ap_phi_reg_pp0_iter37_val_1_reg_117  |  64|   0|   64|          0|
    |ap_phi_reg_pp0_iter38_val_1_reg_117  |  64|   0|   64|          0|
    |ap_phi_reg_pp0_iter39_val_1_reg_117  |  64|   0|   64|          0|
    |ap_phi_reg_pp0_iter3_val_1_reg_117   |  64|   0|   64|          0|
    |ap_phi_reg_pp0_iter40_val_1_reg_117  |  64|   0|   64|          0|
    |ap_phi_reg_pp0_iter41_val_1_reg_117  |  64|   0|   64|          0|
    |ap_phi_reg_pp0_iter42_val_1_reg_117  |  64|   0|   64|          0|
    |ap_phi_reg_pp0_iter43_val_1_reg_117  |  64|   0|   64|          0|
    |ap_phi_reg_pp0_iter44_val_1_reg_117  |  64|   0|   64|          0|
    |ap_phi_reg_pp0_iter45_val_1_reg_117  |  64|   0|   64|          0|
    |ap_phi_reg_pp0_iter46_val_1_reg_117  |  64|   0|   64|          0|
    |ap_phi_reg_pp0_iter47_val_1_reg_117  |  64|   0|   64|          0|
    |ap_phi_reg_pp0_iter48_val_1_reg_117  |  64|   0|   64|          0|
    |ap_phi_reg_pp0_iter49_val_1_reg_117  |  64|   0|   64|          0|
    |ap_phi_reg_pp0_iter4_val_1_reg_117   |  64|   0|   64|          0|
    |ap_phi_reg_pp0_iter50_val_1_reg_117  |  64|   0|   64|          0|
    |ap_phi_reg_pp0_iter51_val_1_reg_117  |  64|   0|   64|          0|
    |ap_phi_reg_pp0_iter5_val_1_reg_117   |  64|   0|   64|          0|
    |ap_phi_reg_pp0_iter6_val_1_reg_117   |  64|   0|   64|          0|
    |ap_phi_reg_pp0_iter7_val_1_reg_117   |  64|   0|   64|          0|
    |ap_phi_reg_pp0_iter8_val_1_reg_117   |  64|   0|   64|          0|
    |ap_phi_reg_pp0_iter9_val_1_reg_117   |  64|   0|   64|          0|
    |conv11_i_reg_336                     |  64|   0|   64|          0|
    |conv20_i_reg_331                     |  64|   0|   64|          0|
    |i_1_reg_308                          |   7|   0|    7|          0|
    |i_fu_64                              |   7|   0|    7|          0|
    |icmp_ln92_reg_318                    |   1|   0|    1|          0|
    |icmp_ln97_reg_327                    |   1|   0|    1|          0|
    |mul18_i_reg_373                      |  64|   0|   64|          0|
    |mul21_i_reg_343                      |  64|   0|   64|          0|
    |mul26_i_reg_388                      |  64|   0|   64|          0|
    |mul28_i_reg_403                      |  64|   0|   64|          0|
    |sub16_i_reg_368                      |  64|   0|   64|          0|
    |sub_ln97_reg_322                     |  32|   0|   32|          0|
    |tmp_19_reg_383                       |  64|   0|   64|          0|
    |tmp_reg_358                          |  64|   0|   64|          0|
    |tmp_s_reg_363                        |  64|   0|   64|          0|
    |w_reg_398                            |  64|   0|   64|          0|
    |x_assign_1_reg_353                   |  64|   0|   64|          0|
    |x_assign_2_reg_378                   |  64|   0|   64|          0|
    |x_assign_reg_348                     |  64|   0|   64|          0|
    |conv11_i_reg_336                     |  64|  32|   64|          0|
    |i_1_reg_308                          |  64|  32|    7|          0|
    |icmp_ln92_reg_318                    |  64|  32|    1|          0|
    |icmp_ln97_reg_327                    |  64|  32|    1|          0|
    |sub_ln97_reg_322                     |  64|  32|   32|          0|
    +-------------------------------------+----+----+-----+-----------+
    |Total                                |4641| 160| 4426|          0|
    +-------------------------------------+----+----+-----+-----------+



================================================================
== Interface
================================================================
* Summary: 
+-----------------------------------------+-----+-----+------------+---------------------------------+--------------+
|                RTL Ports                | Dir | Bits|  Protocol  |          Source Object          |    C Type    |
+-----------------------------------------+-----+-----+------------+---------------------------------+--------------+
|ap_clk                                   |   in|    1|  ap_ctrl_hs|  firTop_Pipeline_VITIS_LOOP_92_1|  return value|
|ap_rst                                   |   in|    1|  ap_ctrl_hs|  firTop_Pipeline_VITIS_LOOP_92_1|  return value|
|ap_start                                 |   in|    1|  ap_ctrl_hs|  firTop_Pipeline_VITIS_LOOP_92_1|  return value|
|ap_done                                  |  out|    1|  ap_ctrl_hs|  firTop_Pipeline_VITIS_LOOP_92_1|  return value|
|ap_idle                                  |  out|    1|  ap_ctrl_hs|  firTop_Pipeline_VITIS_LOOP_92_1|  return value|
|ap_ready                                 |  out|    1|  ap_ctrl_hs|  firTop_Pipeline_VITIS_LOOP_92_1|  return value|
|grp_fu_770_p_din0                        |  out|   64|  ap_ctrl_hs|  firTop_Pipeline_VITIS_LOOP_92_1|  return value|
|grp_fu_770_p_din1                        |  out|   64|  ap_ctrl_hs|  firTop_Pipeline_VITIS_LOOP_92_1|  return value|
|grp_fu_770_p_opcode                      |  out|    1|  ap_ctrl_hs|  firTop_Pipeline_VITIS_LOOP_92_1|  return value|
|grp_fu_770_p_dout0                       |   in|   64|  ap_ctrl_hs|  firTop_Pipeline_VITIS_LOOP_92_1|  return value|
|grp_fu_770_p_ce                          |  out|    1|  ap_ctrl_hs|  firTop_Pipeline_VITIS_LOOP_92_1|  return value|
|grp_fu_780_p_din0                        |  out|   64|  ap_ctrl_hs|  firTop_Pipeline_VITIS_LOOP_92_1|  return value|
|grp_fu_780_p_din1                        |  out|   64|  ap_ctrl_hs|  firTop_Pipeline_VITIS_LOOP_92_1|  return value|
|grp_fu_780_p_dout0                       |   in|   64|  ap_ctrl_hs|  firTop_Pipeline_VITIS_LOOP_92_1|  return value|
|grp_fu_780_p_ce                          |  out|    1|  ap_ctrl_hs|  firTop_Pipeline_VITIS_LOOP_92_1|  return value|
|grp_fu_787_p_din0                        |  out|   64|  ap_ctrl_hs|  firTop_Pipeline_VITIS_LOOP_92_1|  return value|
|grp_fu_787_p_din1                        |  out|   64|  ap_ctrl_hs|  firTop_Pipeline_VITIS_LOOP_92_1|  return value|
|grp_fu_787_p_dout0                       |   in|   64|  ap_ctrl_hs|  firTop_Pipeline_VITIS_LOOP_92_1|  return value|
|grp_fu_787_p_ce                          |  out|    1|  ap_ctrl_hs|  firTop_Pipeline_VITIS_LOOP_92_1|  return value|
|grp_fu_791_p_din0                        |  out|   64|  ap_ctrl_hs|  firTop_Pipeline_VITIS_LOOP_92_1|  return value|
|grp_fu_791_p_din1                        |  out|   64|  ap_ctrl_hs|  firTop_Pipeline_VITIS_LOOP_92_1|  return value|
|grp_fu_791_p_dout0                       |   in|   64|  ap_ctrl_hs|  firTop_Pipeline_VITIS_LOOP_92_1|  return value|
|grp_fu_791_p_ce                          |  out|    1|  ap_ctrl_hs|  firTop_Pipeline_VITIS_LOOP_92_1|  return value|
|grp_fu_801_p_din0                        |  out|   32|  ap_ctrl_hs|  firTop_Pipeline_VITIS_LOOP_92_1|  return value|
|grp_fu_801_p_dout0                       |   in|   64|  ap_ctrl_hs|  firTop_Pipeline_VITIS_LOOP_92_1|  return value|
|grp_fu_801_p_ce                          |  out|    1|  ap_ctrl_hs|  firTop_Pipeline_VITIS_LOOP_92_1|  return value|
|grp_sin_or_cos_double_s_fu_1453_p_din1   |  out|   64|  ap_ctrl_hs|  firTop_Pipeline_VITIS_LOOP_92_1|  return value|
|grp_sin_or_cos_double_s_fu_1453_p_din2   |  out|    1|  ap_ctrl_hs|  firTop_Pipeline_VITIS_LOOP_92_1|  return value|
|grp_sin_or_cos_double_s_fu_1453_p_dout0  |   in|   64|  ap_ctrl_hs|  firTop_Pipeline_VITIS_LOOP_92_1|  return value|
|p_reload120                              |   in|   32|     ap_none|                      p_reload120|        scalar|
|div10_i                                  |   in|   64|     ap_none|                          div10_i|        scalar|
|conv23_i                                 |   in|   64|     ap_none|                         conv23_i|        scalar|
|taps_address0                            |  out|    7|   ap_memory|                             taps|         array|
|taps_ce0                                 |  out|    1|   ap_memory|                             taps|         array|
|taps_we0                                 |  out|    1|   ap_memory|                             taps|         array|
|taps_d0                                  |  out|   64|   ap_memory|                             taps|         array|
|M                                        |   in|   32|     ap_none|                                M|        scalar|
|omegaUpper                               |   in|   64|     ap_none|                       omegaUpper|        scalar|
|omegaLower                               |   in|   64|     ap_none|                       omegaLower|        scalar|
+-----------------------------------------+-----+-----+------------+---------------------------------+--------------+

