

================================================================
== Vitis HLS Report for 'firTop_Pipeline_VITIS_LOOP_82_1'
================================================================
* Date:           Mon Apr 13 17:36:43 2026

* Version:        2024.1 (Build 5069499 on May 21 2024)
* Project:        calculateCoefficients
* Solution:       hls (Vivado IP Flow Target)
* Product family: zynquplus
* Target device:  xczu3eg-sfvc784-2-e


================================================================
== Performance Estimates
================================================================
+ Timing: 
    * Summary: 
    +--------+----------+----------+------------+
    |  Clock |  Target  | Estimated| Uncertainty|
    +--------+----------+----------+------------+
    |ap_clk  |  10.00 ns|  7.042 ns|     2.70 ns|
    +--------+----------+----------+------------+

+ Latency: 
    * Summary: 
    +---------+---------+----------+----------+-----+-----+-----------------------------------------------+
    |  Latency (cycles) |  Latency (absolute) |  Interval |                    Pipeline                   |
    |   min   |   max   |    min   |    max   | min | max |                      Type                     |
    +---------+---------+----------+----------+-----+-----+-----------------------------------------------+
    |        ?|        ?|         ?|         ?|    0|    0|  loop auto-rewind stp(delay=0 clock cycles(s))|
    +---------+---------+----------+----------+-----+-----+-----------------------------------------------+

    + Detail: 
        * Instance: 
        +-------------------------------+--------------------+---------+---------+-----------+-----------+-----+-----+---------+
        |                               |                    |  Latency (cycles) |   Latency (absolute)  |  Interval | Pipeline|
        |            Instance           |       Module       |   min   |   max   |    min    |    max    | min | max |   Type  |
        +-------------------------------+--------------------+---------+---------+-----------+-----------+-----+-----+---------+
        |grp_sin_or_cos_float_s_fu_140  |sin_or_cos_float_s  |        5|        5|  50.000 ns|  50.000 ns|    1|    1|      yes|
        +-------------------------------+--------------------+---------+---------+-----------+-----------+-----+-----+---------+

        * Loop: 
        +-------------------+---------+---------+----------+-----------+-----------+------+----------+
        |                   |  Latency (cycles) | Iteration|  Initiation Interval  | Trip |          |
        |     Loop Name     |   min   |   max   |  Latency |  achieved |   target  | Count| Pipelined|
        +-------------------+---------+---------+----------+-----------+-----------+------+----------+
        |- VITIS_LOOP_82_1  |        ?|        ?|        60|          4|          1|     ?|       yes|
        +-------------------+---------+---------+----------+-----------+-----------+------+----------+



================================================================
== Utilization Estimates
================================================================
* Summary: 
+-----------------+---------+-----+--------+-------+-----+
|       Name      | BRAM_18K| DSP |   FF   |  LUT  | URAM|
+-----------------+---------+-----+--------+-------+-----+
|DSP              |        -|    -|       -|      -|    -|
|Expression       |        -|    -|       0|    137|    -|
|FIFO             |        -|    -|       -|      -|    -|
|Instance         |        -|   18|    1197|   2857|    -|
|Memory           |        -|    -|       -|      -|    -|
|Multiplexer      |        -|    -|       0|    284|    -|
|Register         |        -|    -|    2129|    128|    -|
+-----------------+---------+-----+--------+-------+-----+
|Total            |        0|   18|    3326|   3406|    0|
+-----------------+---------+-----+--------+-------+-----+
|Available        |      432|  360|  141120|  70560|    0|
+-----------------+---------+-----+--------+-------+-----+
|Utilization (%)  |        0|    5|       2|      4|    0|
+-----------------+---------+-----+--------+-------+-----+

+ Detail: 
    * Instance: 
    +------------------------------------+--------------------------------+---------+----+-----+------+-----+
    |              Instance              |             Module             | BRAM_18K| DSP|  FF |  LUT | URAM|
    +------------------------------------+--------------------------------+---------+----+-----+------+-----+
    |fmul_32ns_32ns_32_3_max_dsp_1_U30   |fmul_32ns_32ns_32_3_max_dsp_1   |        0|   3|  128|   135|    0|
    |fpext_32ns_64_2_no_dsp_1_U32        |fpext_32ns_64_2_no_dsp_1        |        0|   0|    0|     0|    0|
    |fptrunc_64ns_32_2_no_dsp_1_U31      |fptrunc_64ns_32_2_no_dsp_1      |        0|   0|    0|     0|    0|
    |fsub_32ns_32ns_32_4_full_dsp_1_U29  |fsub_32ns_32ns_32_4_full_dsp_1  |        0|   2|  227|   214|    0|
    |grp_sin_or_cos_float_s_fu_140       |sin_or_cos_float_s              |        0|  13|  842|  2508|    0|
    +------------------------------------+--------------------------------+---------+----+-----+------+-----+
    |Total                               |                                |        0|  18| 1197|  2857|    0|
    +------------------------------------+--------------------------------+---------+----+-----+------+-----+

    * DSP: 
    N/A

    * Memory: 
    N/A

    * FIFO: 
    N/A

    * Expression: 
    +---------------------------------+----------+----+---+----+------------+------------+
    |          Variable Name          | Operation| DSP| FF| LUT| Bitwidth P0| Bitwidth P1|
    +---------------------------------+----------+----+---+----+------------+------------+
    |add_ln82_fu_231_p2               |         +|   0|  0|  14|           7|           1|
    |sub_ln88_fu_219_p2               |         -|   0|  0|  39|          32|          32|
    |ap_condition_324                 |       and|   0|  0|   2|           1|           1|
    |ap_predicate_op115_call_state12  |       and|   0|  0|   2|           1|           1|
    |icmp_ln82_fu_213_p2              |      icmp|   0|  0|  39|          32|          32|
    |icmp_ln88_fu_225_p2              |      icmp|   0|  0|  39|          32|          32|
    |ap_enable_pp0                    |       xor|   0|  0|   2|           1|           2|
    +---------------------------------+----------+----+---+----+------------+------------+
    |Total                            |          |   0|  0| 137|         106|         101|
    +---------------------------------+----------+----+---+----+------------+------------+

    * Multiplexer: 
    +--------------------------------------+----+-----------+-----+-----------+
    |                 Name                 | LUT| Input Size| Bits| Total Bits|
    +--------------------------------------+----+-----------+-----+-----------+
    |ap_NS_fsm                             |  26|          5|    1|          5|
    |ap_done_int                           |   9|          2|    1|          2|
    |ap_enable_reg_pp0_iter0               |   9|          2|    1|          2|
    |ap_enable_reg_pp0_iter1               |   9|          2|    1|          2|
    |ap_phi_reg_pp0_iter12_val_1_reg_130   |   9|          2|   64|        128|
    |ap_sig_allocacmp_i_1                  |   9|          2|    7|         14|
    |ap_sig_allocacmp_sum_load             |   9|          2|   64|        128|
    |grp_fu_156_p0                         |  14|          3|   32|         96|
    |grp_fu_156_p1                         |  14|          3|   32|         96|
    |grp_fu_166_p0                         |  20|          4|   64|        256|
    |grp_fu_170_p0                         |  14|          3|   32|         96|
    |grp_fu_177_p0                         |  20|          4|   64|        256|
    |grp_fu_177_p1                         |  20|          4|   64|        256|
    |grp_fu_182_p0                         |  14|          3|   64|        192|
    |grp_fu_182_p1                         |  14|          3|   64|        192|
    |grp_fu_188_p0                         |  14|          3|   64|        192|
    |grp_fu_188_p1                         |  14|          3|   64|        192|
    |grp_fu_192_p0                         |  14|          3|   32|         96|
    |grp_sin_or_cos_float_s_fu_140_do_cos  |  14|          3|    1|          3|
    |i_fu_70                               |   9|          2|    7|         14|
    |sum_fu_66                             |   9|          2|   64|        128|
    +--------------------------------------+----+-----------+-----+-----------+
    |Total                                 | 284|         60|  787|       2346|
    +--------------------------------------+----+-----------+-----+-----------+

    * Register: 
    +-------------------------------------+----+----+-----+-----------+
    |                 Name                | FF | LUT| Bits| Const Bits|
    +-------------------------------------+----+----+-----+-----------+
    |ap_CS_fsm                            |   4|   0|    4|          0|
    |ap_done_reg                          |   1|   0|    1|          0|
    |ap_enable_reg_pp0_iter0_reg          |   1|   0|    1|          0|
    |ap_enable_reg_pp0_iter1              |   1|   0|    1|          0|
    |ap_enable_reg_pp0_iter10             |   1|   0|    1|          0|
    |ap_enable_reg_pp0_iter11             |   1|   0|    1|          0|
    |ap_enable_reg_pp0_iter12             |   1|   0|    1|          0|
    |ap_enable_reg_pp0_iter13             |   1|   0|    1|          0|
    |ap_enable_reg_pp0_iter14             |   1|   0|    1|          0|
    |ap_enable_reg_pp0_iter2              |   1|   0|    1|          0|
    |ap_enable_reg_pp0_iter3              |   1|   0|    1|          0|
    |ap_enable_reg_pp0_iter4              |   1|   0|    1|          0|
    |ap_enable_reg_pp0_iter5              |   1|   0|    1|          0|
    |ap_enable_reg_pp0_iter6              |   1|   0|    1|          0|
    |ap_enable_reg_pp0_iter7              |   1|   0|    1|          0|
    |ap_enable_reg_pp0_iter8              |   1|   0|    1|          0|
    |ap_enable_reg_pp0_iter9              |   1|   0|    1|          0|
    |ap_loop_exit_ready_pp0_iter10_reg    |   1|   0|    1|          0|
    |ap_loop_exit_ready_pp0_iter11_reg    |   1|   0|    1|          0|
    |ap_loop_exit_ready_pp0_iter12_reg    |   1|   0|    1|          0|
    |ap_loop_exit_ready_pp0_iter13_reg    |   1|   0|    1|          0|
    |ap_loop_exit_ready_pp0_iter1_reg     |   1|   0|    1|          0|
    |ap_loop_exit_ready_pp0_iter2_reg     |   1|   0|    1|          0|
    |ap_loop_exit_ready_pp0_iter3_reg     |   1|   0|    1|          0|
    |ap_loop_exit_ready_pp0_iter4_reg     |   1|   0|    1|          0|
    |ap_loop_exit_ready_pp0_iter5_reg     |   1|   0|    1|          0|
    |ap_loop_exit_ready_pp0_iter6_reg     |   1|   0|    1|          0|
    |ap_loop_exit_ready_pp0_iter7_reg     |   1|   0|    1|          0|
    |ap_loop_exit_ready_pp0_iter8_reg     |   1|   0|    1|          0|
    |ap_loop_exit_ready_pp0_iter9_reg     |   1|   0|    1|          0|
    |ap_phi_reg_pp0_iter0_val_1_reg_130   |  64|   0|   64|          0|
    |ap_phi_reg_pp0_iter10_val_1_reg_130  |  64|   0|   64|          0|
    |ap_phi_reg_pp0_iter11_val_1_reg_130  |  64|   0|   64|          0|
    |ap_phi_reg_pp0_iter12_val_1_reg_130  |  64|   0|   64|          0|
    |ap_phi_reg_pp0_iter1_val_1_reg_130   |  64|   0|   64|          0|
    |ap_phi_reg_pp0_iter2_val_1_reg_130   |  64|   0|   64|          0|
    |ap_phi_reg_pp0_iter3_val_1_reg_130   |  64|   0|   64|          0|
    |ap_phi_reg_pp0_iter4_val_1_reg_130   |  64|   0|   64|          0|
    |ap_phi_reg_pp0_iter5_val_1_reg_130   |  64|   0|   64|          0|
    |ap_phi_reg_pp0_iter6_val_1_reg_130   |  64|   0|   64|          0|
    |ap_phi_reg_pp0_iter7_val_1_reg_130   |  64|   0|   64|          0|
    |ap_phi_reg_pp0_iter8_val_1_reg_130   |  64|   0|   64|          0|
    |ap_phi_reg_pp0_iter9_val_1_reg_130   |  64|   0|   64|          0|
    |conv11_i_reg_322                     |  64|   0|   64|          0|
    |conv19_i_reg_374                     |  64|   0|   64|          0|
    |conv23_i_reg_317                     |  64|   0|   64|          0|
    |div27_i_reg_379                      |  64|   0|   64|          0|
    |i_1_reg_293                          |   7|   0|    7|          0|
    |i_fu_70                              |   7|   0|    7|          0|
    |icmp_ln82_reg_304                    |   1|   0|    1|          0|
    |icmp_ln88_reg_313                    |   1|   0|    1|          0|
    |mul12_i_reg_334                      |  64|   0|   64|          0|
    |mul15_i_reg_339                      |  64|   0|   64|          0|
    |mul21_i_reg_344                      |  64|   0|   64|          0|
    |mul24_i_reg_329                      |  64|   0|   64|          0|
    |mul30_i_reg_394                      |  32|   0|   32|          0|
    |mul33_i_reg_414                      |  64|   0|   64|          0|
    |sub18_i_reg_369                      |  32|   0|   32|          0|
    |sub31_i_reg_404                      |  32|   0|   32|          0|
    |sub_ln88_reg_308                     |  32|   0|   32|          0|
    |sum_fu_66                            |  64|   0|   64|          0|
    |tmp_14_reg_389                       |  32|   0|   32|          0|
    |tmp_reg_359                          |  32|   0|   32|          0|
    |tmp_s_reg_364                        |  32|   0|   32|          0|
    |val_1_reg_130                        |  64|   0|   64|          0|
    |w_reg_409                            |  64|   0|   64|          0|
    |i_1_reg_293                          |  64|  32|    7|          0|
    |icmp_ln82_reg_304                    |  64|  32|    1|          0|
    |icmp_ln88_reg_313                    |  64|  32|    1|          0|
    |mul21_i_reg_344                      |  64|  32|   64|          0|
    +-------------------------------------+----+----+-----+-----------+
    |Total                                |2129| 128| 1946|          0|
    +-------------------------------------+----+----+-----+-----------+



================================================================
== Interface
================================================================
* Summary: 
+---------------------+-----+-----+------------+---------------------------------+--------------+
|      RTL Ports      | Dir | Bits|  Protocol  |          Source Object          |    C Type    |
+---------------------+-----+-----+------------+---------------------------------+--------------+
|ap_clk               |   in|    1|  ap_ctrl_hs|  firTop_Pipeline_VITIS_LOOP_82_1|  return value|
|ap_rst               |   in|    1|  ap_ctrl_hs|  firTop_Pipeline_VITIS_LOOP_82_1|  return value|
|ap_start             |   in|    1|  ap_ctrl_hs|  firTop_Pipeline_VITIS_LOOP_82_1|  return value|
|ap_done              |  out|    1|  ap_ctrl_hs|  firTop_Pipeline_VITIS_LOOP_82_1|  return value|
|ap_idle              |  out|    1|  ap_ctrl_hs|  firTop_Pipeline_VITIS_LOOP_82_1|  return value|
|ap_ready             |  out|    1|  ap_ctrl_hs|  firTop_Pipeline_VITIS_LOOP_82_1|  return value|
|grp_fu_404_p_din0    |  out|   64|  ap_ctrl_hs|  firTop_Pipeline_VITIS_LOOP_82_1|  return value|
|grp_fu_404_p_din1    |  out|   64|  ap_ctrl_hs|  firTop_Pipeline_VITIS_LOOP_82_1|  return value|
|grp_fu_404_p_opcode  |  out|    1|  ap_ctrl_hs|  firTop_Pipeline_VITIS_LOOP_82_1|  return value|
|grp_fu_404_p_dout0   |   in|   64|  ap_ctrl_hs|  firTop_Pipeline_VITIS_LOOP_82_1|  return value|
|grp_fu_404_p_ce      |  out|    1|  ap_ctrl_hs|  firTop_Pipeline_VITIS_LOOP_82_1|  return value|
|grp_fu_409_p_din0    |  out|   64|  ap_ctrl_hs|  firTop_Pipeline_VITIS_LOOP_82_1|  return value|
|grp_fu_409_p_din1    |  out|   64|  ap_ctrl_hs|  firTop_Pipeline_VITIS_LOOP_82_1|  return value|
|grp_fu_409_p_dout0   |   in|   64|  ap_ctrl_hs|  firTop_Pipeline_VITIS_LOOP_82_1|  return value|
|grp_fu_409_p_ce      |  out|    1|  ap_ctrl_hs|  firTop_Pipeline_VITIS_LOOP_82_1|  return value|
|grp_fu_414_p_din0    |  out|   64|  ap_ctrl_hs|  firTop_Pipeline_VITIS_LOOP_82_1|  return value|
|grp_fu_414_p_din1    |  out|   64|  ap_ctrl_hs|  firTop_Pipeline_VITIS_LOOP_82_1|  return value|
|grp_fu_414_p_dout0   |   in|   64|  ap_ctrl_hs|  firTop_Pipeline_VITIS_LOOP_82_1|  return value|
|grp_fu_414_p_ce      |  out|    1|  ap_ctrl_hs|  firTop_Pipeline_VITIS_LOOP_82_1|  return value|
|grp_fu_420_p_din0    |  out|   64|  ap_ctrl_hs|  firTop_Pipeline_VITIS_LOOP_82_1|  return value|
|grp_fu_420_p_din1    |  out|   64|  ap_ctrl_hs|  firTop_Pipeline_VITIS_LOOP_82_1|  return value|
|grp_fu_420_p_dout0   |   in|   64|  ap_ctrl_hs|  firTop_Pipeline_VITIS_LOOP_82_1|  return value|
|grp_fu_420_p_ce      |  out|    1|  ap_ctrl_hs|  firTop_Pipeline_VITIS_LOOP_82_1|  return value|
|grp_fu_432_p_din0    |  out|   32|  ap_ctrl_hs|  firTop_Pipeline_VITIS_LOOP_82_1|  return value|
|grp_fu_432_p_dout0   |   in|   64|  ap_ctrl_hs|  firTop_Pipeline_VITIS_LOOP_82_1|  return value|
|grp_fu_432_p_ce      |  out|    1|  ap_ctrl_hs|  firTop_Pipeline_VITIS_LOOP_82_1|  return value|
|p_reload11           |   in|   32|     ap_none|                       p_reload11|        scalar|
|div10_i              |   in|   64|     ap_none|                          div10_i|        scalar|
|conv26_i             |   in|   64|     ap_none|                         conv26_i|        scalar|
|taps_address0        |  out|    7|   ap_memory|                             taps|         array|
|taps_ce0             |  out|    1|   ap_memory|                             taps|         array|
|taps_we0             |  out|    1|   ap_memory|                             taps|         array|
|taps_d0              |  out|   64|   ap_memory|                             taps|         array|
|M                    |   in|   32|     ap_none|                                M|        scalar|
|omegaUpper           |   in|   64|     ap_none|                       omegaUpper|        scalar|
|omegaLower           |   in|   64|     ap_none|                       omegaLower|        scalar|
|sum_out              |  out|   64|      ap_vld|                          sum_out|       pointer|
|sum_out_ap_vld       |  out|    1|      ap_vld|                          sum_out|       pointer|
+---------------------+-----+-----+------------+---------------------------------+--------------+

