

================================================================
== Vitis HLS Report for 'firTop_Pipeline_VITIS_LOOP_102_2'
================================================================
* Date:           Mon Apr 13 17:36:43 2026

* Version:        2024.1 (Build 5069499 on May 21 2024)
* Project:        calculateCoefficients
* Solution:       hls (Vivado IP Flow Target)
* Product family: zynquplus
* Target device:  xczu3eg-sfvc784-2-e


================================================================
== Performance Estimates
================================================================
+ Timing: 
    * Summary: 
    +--------+----------+----------+------------+
    |  Clock |  Target  | Estimated| Uncertainty|
    +--------+----------+----------+------------+
    |ap_clk  |  10.00 ns|  6.306 ns|     2.70 ns|
    +--------+----------+----------+------------+

+ Latency: 
    * Summary: 
    +---------+---------+-----------+----------+-----+-----+-----------------------------------------------+
    |  Latency (cycles) |  Latency (absolute)  |  Interval |                    Pipeline                   |
    |   min   |   max   |    min    |    max   | min | max |                      Type                     |
    +---------+---------+-----------+----------+-----+-----+-----------------------------------------------+
    |        2|      133|  20.000 ns|  1.330 us|    1|  128|  loop auto-rewind stp(delay=0 clock cycles(s))|
    +---------+---------+-----------+----------+-----+-----+-----------------------------------------------+

    + Detail: 
        * Instance: 
        N/A

        * Loop: 
        +--------------------+---------+---------+----------+-----------+-----------+---------+----------+
        |                    |  Latency (cycles) | Iteration|  Initiation Interval  |   Trip  |          |
        |      Loop Name     |   min   |   max   |  Latency |  achieved |   target  |  Count  | Pipelined|
        +--------------------+---------+---------+----------+-----------+-----------+---------+----------+
        |- VITIS_LOOP_102_2  |        0|      131|         6|          1|          1|  0 ~ 127|       yes|
        +--------------------+---------+---------+----------+-----------+-----------+---------+----------+



================================================================
== Utilization Estimates
================================================================
* Summary: 
+-----------------+---------+-----+--------+-------+-----+
|       Name      | BRAM_18K| DSP |   FF   |  LUT  | URAM|
+-----------------+---------+-----+--------+-------+-----+
|DSP              |        -|    -|       -|      -|    -|
|Expression       |        -|    -|       0|     55|    -|
|FIFO             |        -|    -|       -|      -|    -|
|Instance         |        -|    -|       -|      -|    -|
|Memory           |        -|    -|       -|      -|    -|
|Multiplexer      |        -|    -|       0|     36|    -|
|Register         |        -|    -|      89|     32|    -|
+-----------------+---------+-----+--------+-------+-----+
|Total            |        0|    0|      89|    123|    0|
+-----------------+---------+-----+--------+-------+-----+
|Available        |      432|  360|  141120|  70560|    0|
+-----------------+---------+-----+--------+-------+-----+
|Utilization (%)  |        0|    0|      ~0|     ~0|    0|
+-----------------+---------+-----+--------+-------+-----+

+ Detail: 
    * Instance: 
    N/A

    * DSP: 
    N/A

    * Memory: 
    N/A

    * FIFO: 
    N/A

    * Expression: 
    +---------------------+----------+----+---+----+------------+------------+
    |    Variable Name    | Operation| DSP| FF| LUT| Bitwidth P0| Bitwidth P1|
    +---------------------+----------+----+---+----+------------+------------+
    |add_ln102_fu_91_p2   |         +|   0|  0|  14|           7|           1|
    |icmp_ln102_fu_85_p2  |      icmp|   0|  0|  39|          32|          32|
    |ap_enable_pp0        |       xor|   0|  0|   2|           1|           2|
    +---------------------+----------+----+---+----+------------+------------+
    |Total                |          |   0|  0|  55|          40|          35|
    +---------------------+----------+----+---+----+------------+------------+

    * Multiplexer: 
    +-------------------------+----+-----------+-----+-----------+
    |           Name          | LUT| Input Size| Bits| Total Bits|
    +-------------------------+----+-----------+-----+-----------+
    |ap_done_int              |   9|          2|    1|          2|
    |ap_enable_reg_pp0_iter1  |   9|          2|    1|          2|
    |ap_sig_allocacmp_i       |   9|          2|    7|         14|
    |i_2_fu_34                |   9|          2|    7|         14|
    +-------------------------+----+-----------+-----+-----------+
    |Total                    |  36|          8|   16|         32|
    +-------------------------+----+-----------+-----+-----------+

    * Register: 
    +----------------------------------+----+----+-----+-----------+
    |               Name               | FF | LUT| Bits| Const Bits|
    +----------------------------------+----+----+-----+-----------+
    |ap_CS_fsm                         |   1|   0|    1|          0|
    |ap_done_reg                       |   1|   0|    1|          0|
    |ap_enable_reg_pp0_iter1           |   1|   0|    1|          0|
    |ap_enable_reg_pp0_iter2           |   1|   0|    1|          0|
    |ap_enable_reg_pp0_iter3           |   1|   0|    1|          0|
    |ap_enable_reg_pp0_iter4           |   1|   0|    1|          0|
    |ap_enable_reg_pp0_iter5           |   1|   0|    1|          0|
    |ap_loop_exit_ready_pp0_iter1_reg  |   1|   0|    1|          0|
    |ap_loop_exit_ready_pp0_iter2_reg  |   1|   0|    1|          0|
    |ap_loop_exit_ready_pp0_iter3_reg  |   1|   0|    1|          0|
    |ap_loop_exit_ready_pp0_iter4_reg  |   1|   0|    1|          0|
    |i_2_fu_34                         |   7|   0|    7|          0|
    |taps_addr_reg_123                 |   7|   0|    7|          0|
    |taps_addr_reg_123                 |  64|  32|    7|          0|
    +----------------------------------+----+----+-----+-----------+
    |Total                             |  89|  32|   32|          0|
    +----------------------------------+----+----+-----+-----------+



================================================================
== Interface
================================================================
* Summary: 
+---------------------+-----+-----+------------+----------------------------------+--------------+
|      RTL Ports      | Dir | Bits|  Protocol  |           Source Object          |    C Type    |
+---------------------+-----+-----+------------+----------------------------------+--------------+
|ap_clk               |   in|    1|  ap_ctrl_hs|  firTop_Pipeline_VITIS_LOOP_102_2|  return value|
|ap_rst               |   in|    1|  ap_ctrl_hs|  firTop_Pipeline_VITIS_LOOP_102_2|  return value|
|ap_start             |   in|    1|  ap_ctrl_hs|  firTop_Pipeline_VITIS_LOOP_102_2|  return value|
|ap_done              |  out|    1|  ap_ctrl_hs|  firTop_Pipeline_VITIS_LOOP_102_2|  return value|
|ap_idle              |  out|    1|  ap_ctrl_hs|  firTop_Pipeline_VITIS_LOOP_102_2|  return value|
|ap_ready             |  out|    1|  ap_ctrl_hs|  firTop_Pipeline_VITIS_LOOP_102_2|  return value|
|grp_fu_404_p_din0    |  out|   64|  ap_ctrl_hs|  firTop_Pipeline_VITIS_LOOP_102_2|  return value|
|grp_fu_404_p_din1    |  out|   64|  ap_ctrl_hs|  firTop_Pipeline_VITIS_LOOP_102_2|  return value|
|grp_fu_404_p_opcode  |  out|    1|  ap_ctrl_hs|  firTop_Pipeline_VITIS_LOOP_102_2|  return value|
|grp_fu_404_p_dout0   |   in|   64|  ap_ctrl_hs|  firTop_Pipeline_VITIS_LOOP_102_2|  return value|
|grp_fu_404_p_ce      |  out|    1|  ap_ctrl_hs|  firTop_Pipeline_VITIS_LOOP_102_2|  return value|
|p_reload11           |   in|   32|     ap_none|                        p_reload11|        scalar|
|taps_address0        |  out|    7|   ap_memory|                              taps|         array|
|taps_ce0             |  out|    1|   ap_memory|                              taps|         array|
|taps_we0             |  out|    1|   ap_memory|                              taps|         array|
|taps_d0              |  out|   64|   ap_memory|                              taps|         array|
|taps_address1        |  out|    7|   ap_memory|                              taps|         array|
|taps_ce1             |  out|    1|   ap_memory|                              taps|         array|
|taps_q1              |   in|   64|   ap_memory|                              taps|         array|
|mean                 |   in|   64|     ap_none|                              mean|        scalar|
+---------------------+-----+-----+------------+----------------------------------+--------------+

