

================================================================
== Vitis HLS Report for 'firTop_Pipeline_VITIS_LOOP_113_2'
================================================================
* Date:           Tue Apr 14 18:08:18 2026

* Version:        2024.1 (Build 5069499 on May 21 2024)
* Project:        calculateCoefficients
* Solution:       hls (Vivado IP Flow Target)
* Product family: zynquplus
* Target device:  xczu3eg-sfvc784-2-e


================================================================
== Performance Estimates
================================================================
+ Timing: 
    * Summary: 
    +--------+----------+----------+------------+
    |  Clock |  Target  | Estimated| Uncertainty|
    +--------+----------+----------+------------+
    |ap_clk  |  10.00 ns|  7.064 ns|     2.70 ns|
    +--------+----------+----------+------------+

+ Latency: 
    * Summary: 
    +---------+---------+-----------+----------+-----+-----+-----------------------------------------------+
    |  Latency (cycles) |  Latency (absolute)  |  Interval |                    Pipeline                   |
    |   min   |   max   |    min    |    max   | min | max |                      Type                     |
    +---------+---------+-----------+----------+-----+-----+-----------------------------------------------+
    |        5|      534|  50.000 ns|  5.340 us|    4|  512|  loop auto-rewind stp(delay=0 clock cycles(s))|
    +---------+---------+-----------+----------+-----+-----+-----------------------------------------------+

    + Detail: 
        * Instance: 
        +--------------------------------+---------------------+---------+---------+-----------+-----------+-----+-----+---------+
        |                                |                     |  Latency (cycles) |   Latency (absolute)  |  Interval | Pipeline|
        |            Instance            |        Module       |   min   |   max   |    min    |    max    | min | max |   Type  |
        +--------------------------------+---------------------+---------+---------+-----------+-----------+-----+-----+---------+
        |grp_sin_or_cos_double_s_fu_104  |sin_or_cos_double_s  |        8|        8|  80.000 ns|  80.000 ns|    1|    1|      yes|
        +--------------------------------+---------------------+---------+---------+-----------+-----------+-----+-----+---------+

        * Loop: 
        +--------------------+---------+---------+----------+-----------+-----------+---------+----------+
        |                    |  Latency (cycles) | Iteration|  Initiation Interval  |   Trip  |          |
        |      Loop Name     |   min   |   max   |  Latency |  achieved |   target  |  Count  | Pipelined|
        +--------------------+---------+---------+----------+-----------+-----------+---------+----------+
        |- VITIS_LOOP_113_2  |        3|      532|        29|          4|          1|  0 ~ 127|       yes|
        +--------------------+---------+---------+----------+-----------+-----------+---------+----------+



================================================================
== Utilization Estimates
================================================================
* Summary: 
+-----------------+---------+-----+--------+-------+-----+
|       Name      | BRAM_18K| DSP |   FF   |  LUT  | URAM|
+-----------------+---------+-----+--------+-------+-----+
|DSP              |        -|    -|       -|      -|    -|
|Expression       |        -|    -|       0|     94|    -|
|FIFO             |        -|    -|       -|      -|    -|
|Instance         |        -|    -|       -|      -|    -|
|Memory           |        -|    -|       -|      -|    -|
|Multiplexer      |        -|    -|       0|    180|    -|
|Register         |        -|    -|     546|     64|    -|
+-----------------+---------+-----+--------+-------+-----+
|Total            |        0|    0|     546|    338|    0|
+-----------------+---------+-----+--------+-------+-----+
|Available        |      432|  360|  141120|  70560|    0|
+-----------------+---------+-----+--------+-------+-----+
|Utilization (%)  |        0|    0|      ~0|     ~0|    0|
+-----------------+---------+-----+--------+-------+-----+

+ Detail: 
    * Instance: 
    N/A

    * DSP: 
    N/A

    * Memory: 
    N/A

    * FIFO: 
    N/A

    * Expression: 
    +----------------------+----------+----+---+----+------------+------------+
    |     Variable Name    | Operation| DSP| FF| LUT| Bitwidth P0| Bitwidth P1|
    +----------------------+----------+----+---+----+------------+------------+
    |add_ln113_fu_164_p2   |         +|   0|  0|  14|           7|           1|
    |sub_ln115_fu_157_p2   |         -|   0|  0|  39|          32|          32|
    |icmp_ln113_fu_151_p2  |      icmp|   0|  0|  39|          32|          32|
    |ap_enable_pp0         |       xor|   0|  0|   2|           1|           2|
    +----------------------+----------+----+---+----+------------+------------+
    |Total                 |          |   0|  0|  94|          72|          67|
    +----------------------+----------+----+---+----+------------+------------+

    * Multiplexer: 
    +----------------------------------+----+-----------+-----+-----------+
    |               Name               | LUT| Input Size| Bits| Total Bits|
    +----------------------------------+----+-----------+-----+-----------+
    |ap_NS_fsm                         |  26|          5|    1|          5|
    |ap_done_int                       |   9|          2|    1|          2|
    |ap_enable_reg_pp0_iter0           |   9|          2|    1|          2|
    |ap_enable_reg_pp0_iter1           |   9|          2|    1|          2|
    |ap_enable_reg_pp0_iter7           |   9|          2|    1|          2|
    |ap_loop_exit_ready_pp0_iter1_reg  |   9|          2|    1|          2|
    |ap_loop_exit_ready_pp0_iter2_reg  |   9|          2|    1|          2|
    |ap_loop_exit_ready_pp0_iter3_reg  |   9|          2|    1|          2|
    |ap_loop_exit_ready_pp0_iter4_reg  |   9|          2|    1|          2|
    |ap_loop_exit_ready_pp0_iter5_reg  |   9|          2|    1|          2|
    |ap_loop_exit_ready_pp0_iter6_reg  |   9|          2|    1|          2|
    |ap_sig_allocacmp_gain_re_load     |   9|          2|   64|        128|
    |ap_sig_allocacmp_i                |   9|          2|    7|         14|
    |gain_re_fu_58                     |   9|          2|   64|        128|
    |grp_fu_127_p0                     |  14|          3|   64|        192|
    |grp_fu_127_p1                     |  14|          3|   64|        192|
    |i_2_fu_62                         |   9|          2|    7|         14|
    +----------------------------------+----+-----------+-----+-----------+
    |Total                             | 180|         39|  281|        693|
    +----------------------------------+----+-----------+-----+-----------+

    * Register: 
    +----------------------------------+----+----+-----+-----------+
    |               Name               | FF | LUT| Bits| Const Bits|
    +----------------------------------+----+----+-----+-----------+
    |ap_CS_fsm                         |   4|   0|    4|          0|
    |ap_done_reg                       |   1|   0|    1|          0|
    |ap_enable_reg_pp0_iter0_reg       |   1|   0|    1|          0|
    |ap_enable_reg_pp0_iter1           |   1|   0|    1|          0|
    |ap_enable_reg_pp0_iter2           |   1|   0|    1|          0|
    |ap_enable_reg_pp0_iter3           |   1|   0|    1|          0|
    |ap_enable_reg_pp0_iter4           |   1|   0|    1|          0|
    |ap_enable_reg_pp0_iter5           |   1|   0|    1|          0|
    |ap_enable_reg_pp0_iter6           |   1|   0|    1|          0|
    |ap_enable_reg_pp0_iter7           |   1|   0|    1|          0|
    |ap_loop_exit_ready_pp0_iter1_reg  |   1|   0|    1|          0|
    |ap_loop_exit_ready_pp0_iter2_reg  |   1|   0|    1|          0|
    |ap_loop_exit_ready_pp0_iter3_reg  |   1|   0|    1|          0|
    |ap_loop_exit_ready_pp0_iter4_reg  |   1|   0|    1|          0|
    |ap_loop_exit_ready_pp0_iter5_reg  |   1|   0|    1|          0|
    |ap_loop_exit_ready_pp0_iter6_reg  |   1|   0|    1|          0|
    |conv38_i_reg_226                  |  64|   0|   64|          0|
    |gain_re_fu_58                     |  64|   0|   64|          0|
    |i_2_fu_62                         |   7|   0|    7|          0|
    |i_reg_211                         |   7|   0|    7|          0|
    |icmp_ln113_reg_217                |   1|   0|    1|          0|
    |mul41_i_reg_251                   |  64|   0|   64|          0|
    |taps_load_reg_241                 |  64|   0|   64|          0|
    |tmp_s_reg_246                     |  64|   0|   64|          0|
    |x_assign_3_reg_231                |  64|   0|   64|          0|
    |i_reg_211                         |  64|  32|    7|          0|
    |icmp_ln113_reg_217                |  64|  32|    1|          0|
    +----------------------------------+----+----+-----+-----------+
    |Total                             | 546|  64|  426|          0|
    +----------------------------------+----+----+-----+-----------+



================================================================
== Interface
================================================================
* Summary: 
+-----------------------------------------+-----+-----+------------+----------------------------------+--------------+
|                RTL Ports                | Dir | Bits|  Protocol  |           Source Object          |    C Type    |
+-----------------------------------------+-----+-----+------------+----------------------------------+--------------+
|ap_clk                                   |   in|    1|  ap_ctrl_hs|  firTop_Pipeline_VITIS_LOOP_113_2|  return value|
|ap_rst                                   |   in|    1|  ap_ctrl_hs|  firTop_Pipeline_VITIS_LOOP_113_2|  return value|
|ap_start                                 |   in|    1|  ap_ctrl_hs|  firTop_Pipeline_VITIS_LOOP_113_2|  return value|
|ap_done                                  |  out|    1|  ap_ctrl_hs|  firTop_Pipeline_VITIS_LOOP_113_2|  return value|
|ap_idle                                  |  out|    1|  ap_ctrl_hs|  firTop_Pipeline_VITIS_LOOP_113_2|  return value|
|ap_ready                                 |  out|    1|  ap_ctrl_hs|  firTop_Pipeline_VITIS_LOOP_113_2|  return value|
|grp_fu_770_p_din0                        |  out|   64|  ap_ctrl_hs|  firTop_Pipeline_VITIS_LOOP_113_2|  return value|
|grp_fu_770_p_din1                        |  out|   64|  ap_ctrl_hs|  firTop_Pipeline_VITIS_LOOP_113_2|  return value|
|grp_fu_770_p_opcode                      |  out|    1|  ap_ctrl_hs|  firTop_Pipeline_VITIS_LOOP_113_2|  return value|
|grp_fu_770_p_dout0                       |   in|   64|  ap_ctrl_hs|  firTop_Pipeline_VITIS_LOOP_113_2|  return value|
|grp_fu_770_p_ce                          |  out|    1|  ap_ctrl_hs|  firTop_Pipeline_VITIS_LOOP_113_2|  return value|
|grp_fu_780_p_din0                        |  out|   64|  ap_ctrl_hs|  firTop_Pipeline_VITIS_LOOP_113_2|  return value|
|grp_fu_780_p_din1                        |  out|   64|  ap_ctrl_hs|  firTop_Pipeline_VITIS_LOOP_113_2|  return value|
|grp_fu_780_p_dout0                       |   in|   64|  ap_ctrl_hs|  firTop_Pipeline_VITIS_LOOP_113_2|  return value|
|grp_fu_780_p_ce                          |  out|    1|  ap_ctrl_hs|  firTop_Pipeline_VITIS_LOOP_113_2|  return value|
|grp_fu_801_p_din0                        |  out|   32|  ap_ctrl_hs|  firTop_Pipeline_VITIS_LOOP_113_2|  return value|
|grp_fu_801_p_dout0                       |   in|   64|  ap_ctrl_hs|  firTop_Pipeline_VITIS_LOOP_113_2|  return value|
|grp_fu_801_p_ce                          |  out|    1|  ap_ctrl_hs|  firTop_Pipeline_VITIS_LOOP_113_2|  return value|
|grp_sin_or_cos_double_s_fu_1453_p_din1   |  out|   64|  ap_ctrl_hs|  firTop_Pipeline_VITIS_LOOP_113_2|  return value|
|grp_sin_or_cos_double_s_fu_1453_p_din2   |  out|    1|  ap_ctrl_hs|  firTop_Pipeline_VITIS_LOOP_113_2|  return value|
|grp_sin_or_cos_double_s_fu_1453_p_dout0  |   in|   64|  ap_ctrl_hs|  firTop_Pipeline_VITIS_LOOP_113_2|  return value|
|p_reload120                              |   in|   32|     ap_none|                       p_reload120|        scalar|
|taps_address0                            |  out|    7|   ap_memory|                              taps|         array|
|taps_ce0                                 |  out|    1|   ap_memory|                              taps|         array|
|taps_q0                                  |   in|   64|   ap_memory|                              taps|         array|
|M                                        |   in|   32|     ap_none|                                 M|        scalar|
|centerOmega                              |   in|   64|     ap_none|                       centerOmega|        scalar|
|gain_re_out                              |  out|   64|      ap_vld|                       gain_re_out|       pointer|
|gain_re_out_ap_vld                       |  out|    1|      ap_vld|                       gain_re_out|       pointer|
+-----------------------------------------+-----+-----+------------+----------------------------------+--------------+

