

================================================================
== Vitis HLS Report for 'sin_or_cos_double_Pipeline_4'
================================================================
* Date:           Tue Apr 21 17:14:48 2026

* Version:        2024.1 (Build 5069499 on May 21 2024)
* Project:        calculateCoefficients
* Solution:       hls (Vivado IP Flow Target)
* Product family: zynquplus
* Target device:  xczu3eg-sfvc784-2-e


================================================================
== Performance Estimates
================================================================
+ Timing: 
    * Summary: 
    +--------+----------+----------+------------+
    |  Clock |  Target  | Estimated| Uncertainty|
    +--------+----------+----------+------------+
    |ap_clk  |  10.00 ns|  4.369 ns|     2.70 ns|
    +--------+----------+----------+------------+

+ Latency: 
    * Summary: 
    +---------+---------+-----------+-----------+-----+-----+-----------------------------------------------+
    |  Latency (cycles) |   Latency (absolute)  |  Interval |                    Pipeline                   |
    |   min   |   max   |    min    |    max    | min | max |                      Type                     |
    +---------+---------+-----------+-----------+-----+-----+-----------------------------------------------+
    |        2|        5|  20.000 ns|  50.000 ns|    1|    4|  loop auto-rewind stp(delay=0 clock cycles(s))|
    +---------+---------+-----------+-----------+-----+-----+-----------------------------------------------+

    + Detail: 
        * Instance: 
        N/A

        * Loop: 
        +----------+---------+---------+----------+-----------+-----------+-------+----------+
        |          |  Latency (cycles) | Iteration|  Initiation Interval  |  Trip |          |
        | Loop Name|   min   |   max   |  Latency |  achieved |   target  | Count | Pipelined|
        +----------+---------+---------+----------+-----------+-----------+-------+----------+
        |- Loop 1  |        0|        3|         1|          1|          1|  0 ~ 4|       yes|
        +----------+---------+---------+----------+-----------+-----------+-------+----------+



================================================================
== Utilization Estimates
================================================================
* Summary: 
+-----------------+---------+-----+--------+-------+-----+
|       Name      | BRAM_18K| DSP |   FF   |  LUT  | URAM|
+-----------------+---------+-----+--------+-------+-----+
|DSP              |        -|    -|       -|      -|    -|
|Expression       |        -|    -|       0|    577|    -|
|FIFO             |        -|    -|       -|      -|    -|
|Instance         |        -|    -|       0|     20|    -|
|Memory           |        -|    -|       -|      -|    -|
|Multiplexer      |        -|    -|       0|     45|    -|
|Register         |        -|    -|     100|      -|    -|
+-----------------+---------+-----+--------+-------+-----+
|Total            |        0|    0|     100|    642|    0|
+-----------------+---------+-----+--------+-------+-----+
|Available        |      432|  360|  141120|  70560|    0|
+-----------------+---------+-----+--------+-------+-----+
|Utilization (%)  |        0|    0|      ~0|     ~0|    0|
+-----------------+---------+-----+--------+-------+-----+

+ Detail: 
    * Instance: 
    +--------------------------+----------------------+---------+----+---+----+-----+
    |         Instance         |        Module        | BRAM_18K| DSP| FF| LUT| URAM|
    +--------------------------+----------------------+---------+----+---+----+-----+
    |sparsemux_9_2_32_1_1_U24  |sparsemux_9_2_32_1_1  |        0|   0|  0|  20|    0|
    +--------------------------+----------------------+---------+----+---+----+-----+
    |Total                     |                      |        0|   0|  0|  20|    0|
    +--------------------------+----------------------+---------+----+---+----+-----+

    * DSP: 
    N/A

    * Memory: 
    N/A

    * FIFO: 
    N/A

    * Expression: 
    +------------------------+----------+----+---+-----+------------+------------+
    |      Variable Name     | Operation| DSP| FF| LUT | Bitwidth P0| Bitwidth P1|
    +------------------------+----------+----+---+-----+------------+------------+
    |add_ln421_fu_232_p2     |         +|   0|  0|   10|           3|           1|
    |shift_1_out             |         +|   0|  0|   39|          32|          32|
    |sub_ln423_fu_183_p2     |         -|   0|  0|   39|           1|          32|
    |ashr_ln423_fu_201_p2    |      ashr|   0|  0|  176|          63|          63|
    |icmp_ln424_fu_226_p2    |      icmp|   0|  0|   39|          32|           5|
    |or_ln424_fu_250_p2      |        or|   0|  0|    2|           1|           1|
    |in_shift_fu_213_p3      |    select|   0|  0|   62|           1|          63|
    |select_ln423_fu_189_p3  |    select|   0|  0|   32|           1|          32|
    |shl_ln423_fu_207_p2     |       shl|   0|  0|  176|          63|          63|
    |ap_enable_pp0           |       xor|   0|  0|    2|           1|           2|
    +------------------------+----------+----+---+-----+------------+------------+
    |Total                   |          |   0|  0|  577|         198|         294|
    +------------------------+----------+----+---+-----+------------+------------+

    * Multiplexer: 
    +-------------------------+----+-----------+-----+-----------+
    |           Name          | LUT| Input Size| Bits| Total Bits|
    +-------------------------+----+-----------+-----+-----------+
    |ap_done_int              |   9|          2|    1|          2|
    |ap_enable_reg_pp0_iter1  |   9|          2|    1|          2|
    |i_fu_72                  |   9|          2|    2|          4|
    |in_shift_1_fu_64         |   9|          2|   63|        126|
    |shift_fu_68              |   9|          2|   32|         64|
    +-------------------------+----+-----------+-----+-----------+
    |Total                    |  45|         10|   99|        198|
    +-------------------------+----+-----------+-----+-----------+

    * Register: 
    +-------------------------+----+----+-----+-----------+
    |           Name          | FF | LUT| Bits| Const Bits|
    +-------------------------+----+----+-----+-----------+
    |ap_CS_fsm                |   1|   0|    1|          0|
    |ap_done_reg              |   1|   0|    1|          0|
    |ap_enable_reg_pp0_iter1  |   1|   0|    1|          0|
    |i_fu_72                  |   2|   0|    2|          0|
    |in_shift_1_fu_64         |  63|   0|   63|          0|
    |shift_fu_68              |  32|   0|   32|          0|
    +-------------------------+----+----+-----+-----------+
    |Total                    | 100|   0|  100|          0|
    +-------------------------+----+----+-----+-----------+



================================================================
== Interface
================================================================
* Summary: 
+---------------------+-----+-----+------------+-------------------------------+--------------+
|      RTL Ports      | Dir | Bits|  Protocol  |         Source Object         |    C Type    |
+---------------------+-----+-----+------------+-------------------------------+--------------+
|ap_clk               |   in|    1|  ap_ctrl_hs|  sin_or_cos<double>_Pipeline_4|  return value|
|ap_rst               |   in|    1|  ap_ctrl_hs|  sin_or_cos<double>_Pipeline_4|  return value|
|ap_start             |   in|    1|  ap_ctrl_hs|  sin_or_cos<double>_Pipeline_4|  return value|
|ap_done              |  out|    1|  ap_ctrl_hs|  sin_or_cos<double>_Pipeline_4|  return value|
|ap_idle              |  out|    1|  ap_ctrl_hs|  sin_or_cos<double>_Pipeline_4|  return value|
|ap_ready             |  out|    1|  ap_ctrl_hs|  sin_or_cos<double>_Pipeline_4|  return value|
|result               |   in|   63|     ap_none|                         result|        scalar|
|c_reload             |   in|   32|     ap_none|                       c_reload|        scalar|
|c_1_reload           |   in|   32|     ap_none|                     c_1_reload|        scalar|
|c_2_reload           |   in|   32|     ap_none|                     c_2_reload|        scalar|
|c_3_reload           |   in|   32|     ap_none|                     c_3_reload|        scalar|
|shift_1_out          |  out|   32|      ap_vld|                    shift_1_out|       pointer|
|shift_1_out_ap_vld   |  out|    1|      ap_vld|                    shift_1_out|       pointer|
|in_shift_out         |  out|   62|      ap_vld|                   in_shift_out|       pointer|
|in_shift_out_ap_vld  |  out|    1|      ap_vld|                   in_shift_out|       pointer|
+---------------------+-----+-----+------------+-------------------------------+--------------+

