

================================================================
== Vitis HLS Report for 'sin_or_cos_double_s'
================================================================
* Date:           Thu Apr 16 17:18:47 2026

* Version:        2024.1 (Build 5069499 on May 21 2024)
* Project:        calculateCoefficients
* Solution:       hls (Vivado IP Flow Target)
* Product family: zynquplus
* Target device:  xczu3eg-sfvc784-2-e


================================================================
== Performance Estimates
================================================================
+ Timing: 
    * Summary: 
    +--------+----------+----------+------------+
    |  Clock |  Target  | Estimated| Uncertainty|
    +--------+----------+----------+------------+
    |ap_clk  |  10.00 ns|  7.039 ns|     2.70 ns|
    +--------+----------+----------+------------+

+ Latency: 
    * Summary: 
    +---------+---------+----------+----------+-----+-----+---------+
    |  Latency (cycles) |  Latency (absolute) |  Interval | Pipeline|
    |   min   |   max   |    min   |    max   | min | max |   Type  |
    +---------+---------+----------+----------+-----+-----+---------+
    |       31|       34|  0.310 us|  0.340 us|   31|   34|       no|
    +---------+---------+----------+----------+-----+-----+---------+

    + Detail: 
        * Instance: 
        +-----------------------------------------+------------------------------+---------+---------+-----------+-----------+-----+-----+-----------------------------------------------+
        |                                         |                              |  Latency (cycles) |   Latency (absolute)  |  Interval |                    Pipeline                   |
        |                 Instance                |            Module            |   min   |   max   |    min    |    max    | min | max |                      Type                     |
        +-----------------------------------------+------------------------------+---------+---------+-----------+-----------+-----+-----+-----------------------------------------------+
        |grp_sin_or_cos_double_Pipeline_1_fu_382  |sin_or_cos_double_Pipeline_1  |        5|        5|  50.000 ns|  50.000 ns|    4|    4|  loop auto-rewind stp(delay=0 clock cycles(s))|
        |grp_sin_or_cos_double_Pipeline_2_fu_389  |sin_or_cos_double_Pipeline_2  |        5|        5|  50.000 ns|  50.000 ns|    4|    4|  loop auto-rewind stp(delay=0 clock cycles(s))|
        |grp_sin_or_cos_double_Pipeline_3_fu_400  |sin_or_cos_double_Pipeline_3  |        6|        6|  60.000 ns|  60.000 ns|    5|    5|  loop auto-rewind stp(delay=0 clock cycles(s))|
        |grp_sin_or_cos_double_Pipeline_4_fu_412  |sin_or_cos_double_Pipeline_4  |        2|        5|  20.000 ns|  50.000 ns|    1|    4|  loop auto-rewind stp(delay=0 clock cycles(s))|
        +-----------------------------------------+------------------------------+---------+---------+-----------+-----------+-----+-----+-----------------------------------------------+

        * Loop: 
        N/A



================================================================
== Utilization Estimates
================================================================
* Summary: 
+-----------------+---------+-----+--------+-------+-----+
|       Name      | BRAM_18K| DSP |   FF   |  LUT  | URAM|
+-----------------+---------+-----+--------+-------+-----+
|DSP              |        -|    -|       -|      -|    -|
|Expression       |        -|    -|       0|   2933|    -|
|FIFO             |        -|    -|       -|      -|    -|
|Instance         |        -|   82|     794|   1718|    -|
|Memory           |        8|    -|     213|    852|    -|
|Multiplexer      |        -|    -|       0|     93|    -|
|Register         |        -|    -|     885|      -|    -|
+-----------------+---------+-----+--------+-------+-----+
|Total            |        8|   82|    1892|   5596|    0|
+-----------------+---------+-----+--------+-------+-----+
|Available        |      432|  360|  141120|  70560|    0|
+-----------------+---------+-----+--------+-------+-----+
|Utilization (%)  |        1|   22|       1|      7|    0|
+-----------------+---------+-----+--------+-------+-----+

+ Detail: 
    * Instance: 
    +-----------------------------------------+------------------------------+---------+----+-----+-----+-----+
    |                 Instance                |            Module            | BRAM_18K| DSP|  FF | LUT | URAM|
    +-----------------------------------------+------------------------------+---------+----+-----+-----+-----+
    |mul_170s_53ns_170_2_1_U39                |mul_170s_53ns_170_2_1         |        0|  27|  361|  178|    0|
    |mul_35ns_25ns_60_1_1_U32                 |mul_35ns_25ns_60_1_1          |        0|   2|    0|   23|    0|
    |mul_42ns_33ns_75_1_1_U33                 |mul_42ns_33ns_75_1_1          |        0|   4|    0|   22|    0|
    |mul_49ns_44s_93_1_1_U34                  |mul_49ns_44s_93_1_1           |        0|   6|    0|   20|    0|
    |mul_49ns_49ns_98_1_1_U35                 |mul_49ns_49ns_98_1_1          |        0|   9|    0|   20|    0|
    |mul_49ns_49ns_98_1_1_U36                 |mul_49ns_49ns_98_1_1          |        0|   9|    0|   20|    0|
    |mul_56ns_52s_108_1_1_U37                 |mul_56ns_52s_108_1_1          |        0|   9|    0|   27|    0|
    |mul_64s_63ns_126_1_1_U38                 |mul_64s_63ns_126_1_1          |        0|  16|    0|   46|    0|
    |grp_sin_or_cos_double_Pipeline_1_fu_382  |sin_or_cos_double_Pipeline_1  |        0|   0|  100|  169|    0|
    |grp_sin_or_cos_double_Pipeline_2_fu_389  |sin_or_cos_double_Pipeline_2  |        0|   0|  100|  263|    0|
    |grp_sin_or_cos_double_Pipeline_3_fu_400  |sin_or_cos_double_Pipeline_3  |        0|   0|  133|  115|    0|
    |grp_sin_or_cos_double_Pipeline_4_fu_412  |sin_or_cos_double_Pipeline_4  |        0|   0|  100|  642|    0|
    |sparsemux_17_3_1_1_1_U40                 |sparsemux_17_3_1_1_1          |        0|   0|    0|   43|    0|
    |sparsemux_33_4_1_1_1_U41                 |sparsemux_33_4_1_1_1          |        0|   0|    0|   65|    0|
    |sparsemux_33_4_1_1_1_U42                 |sparsemux_33_4_1_1_1          |        0|   0|    0|   65|    0|
    +-----------------------------------------+------------------------------+---------+----+-----+-----+-----+
    |Total                                    |                              |        0|  82|  794| 1718|    0|
    +-----------------------------------------+------------------------------+---------+----+-----+-----+-----+

    * DSP: 
    N/A

    * Memory: 
    +----------------------------------+---------------------------------------------------------------------+---------+----+-----+-----+------+-----+------+-------------+
    |              Memory              |                                Module                               | BRAM_18K| FF | LUT | URAM| Words| Bits| Banks| W*Bits*Banks|
    +----------------------------------+---------------------------------------------------------------------+---------+----+-----+-----+------+-----+------+-------------+
    |fourth_order_double_sin_cos_K0_U  |sin_or_cos_double_s_fourth_order_double_sin_cos_K0_ROM_1P_LUTRAM_1R  |        0|  59|  236|    0|   256|   59|     1|        15104|
    |fourth_order_double_sin_cos_K1_U  |sin_or_cos_double_s_fourth_order_double_sin_cos_K1_ROM_1P_LUTRAM_1R  |        0|  52|  208|    0|   256|   52|     1|        13312|
    |fourth_order_double_sin_cos_K2_U  |sin_or_cos_double_s_fourth_order_double_sin_cos_K2_ROM_1P_LUTRAM_1R  |        0|  44|  176|    0|   256|   44|     1|        11264|
    |fourth_order_double_sin_cos_K3_U  |sin_or_cos_double_s_fourth_order_double_sin_cos_K3_ROM_1P_LUTRAM_1R  |        0|  33|  132|    0|   256|   33|     1|         8448|
    |fourth_order_double_sin_cos_K4_U  |sin_or_cos_double_s_fourth_order_double_sin_cos_K4_ROM_1P_LUTRAM_1R  |        0|  25|  100|    0|   256|   25|     1|         6400|
    |ref_4oPi_table_256_U              |sin_or_cos_double_s_ref_4oPi_table_256_ROM_AUTO_1R                   |        8|   0|    0|    0|    10|  256|     1|         2560|
    +----------------------------------+---------------------------------------------------------------------+---------+----+-----+-----+------+-----+------+-------------+
    |Total                             |                                                                     |        8| 213|  852|    0|  1290|  469|     6|        57088|
    +----------------------------------+---------------------------------------------------------------------+---------+----+-----+-----+------+-----+------+-------------+

    * FIFO: 
    N/A

    * Expression: 
    +---------------------------+----------+----+---+-----+------------+------------+
    |       Variable Name       | Operation| DSP| FF| LUT | Bitwidth P0| Bitwidth P1|
    +---------------------------+----------+----+---+-----+------------+------------+
    |Ex_fu_588_p2               |         +|   0|  0|   18|          11|          11|
    |add_ln37_1_fu_1171_p2      |         +|   0|  0|   64|          64|          64|
    |add_ln37_2_fu_1191_p2      |         +|   0|  0|   64|          64|          64|
    |add_ln37_3_fu_1201_p2      |         +|   0|  0|   64|          64|          64|
    |add_ln37_fu_1161_p2        |         +|   0|  0|   64|          64|          64|
    |add_ln396_fu_487_p2        |         +|   0|  0|   18|          11|          11|
    |add_ln432_fu_1312_p2       |         +|   0|  0|   19|          12|          10|
    |Ex_1_fu_698_p2             |         -|   0|  0|   18|          11|          11|
    |Mx_bits_1_fu_610_p2        |         -|   0|  0|  131|           1|         124|
    |newexp_fu_1322_p2          |         -|   0|  0|   39|          32|          32|
    |sub_ln506_fu_717_p2        |         -|   0|  0|   18|           1|          11|
    |and_ln271_fu_562_p2        |       and|   0|  0|    2|           1|           1|
    |results_sign_2_fu_1056_p2  |       and|   0|  0|    2|           1|           1|
    |results_sign_4_fu_1066_p2  |       and|   0|  0|    2|           1|           1|
    |tmp_5_fu_662_p3            |      cttz|   0|  0|   92|          64|           0|
    |closepath_fu_481_p2        |      icmp|   0|  0|   18|          11|          10|
    |icmp_ln271_1_fu_557_p2     |      icmp|   0|  0|   59|          52|           1|
    |icmp_ln271_fu_552_p2       |      icmp|   0|  0|   18|          11|           1|
    |icmp_ln282_fu_712_p2       |      icmp|   0|  0|   18|          11|           2|
    |icmp_ln433_fu_1291_p2      |      icmp|   0|  0|   70|          63|           1|
    |lshr_ln506_fu_732_p2       |      lshr|   0|  0|  176|          63|          63|
    |or_ln282_fu_1369_p2        |        or|   0|  0|    2|           1|           1|
    |or_ln433_fu_1336_p2        |        or|   0|  0|    2|           1|           1|
    |Ex_3_fu_1296_p3            |    select|   0|  0|   10|           1|           1|
    |Mx_2_fu_1223_p3            |    select|   0|  0|   62|           1|           2|
    |Mx_bits_2_fu_615_p3        |    select|   0|  0|  105|           1|         124|
    |addr_fu_493_p3             |    select|   0|  0|   10|           1|           7|
    |cos_basis_fu_884_p3        |    select|   0|  0|    2|           1|           1|
    |k_1_fu_600_p3              |    select|   0|  0|    3|           1|           1|
    |results_exp_1_fu_1397_p3   |    select|   0|  0|   10|           1|          11|
    |results_exp_fu_1374_p3     |    select|   0|  0|   10|           1|          11|
    |results_sig_1_fu_1404_p3   |    select|   0|  0|   50|           1|           1|
    |results_sig_fu_1389_p3     |    select|   0|  0|   50|           1|          52|
    |results_sign_3_fu_1072_p3  |    select|   0|  0|    2|           1|           1|
    |results_sign_fu_1042_p3    |    select|   0|  0|    2|           1|           1|
    |select_ln259_fu_1355_p3    |    select|   0|  0|   10|           1|          10|
    |select_ln282_2_fu_1382_p3  |    select|   0|  0|    2|           1|           2|
    |select_ln282_fu_1362_p3    |    select|   0|  0|    2|           1|           2|
    |select_ln453_fu_593_p3     |    select|   0|  0|   10|           1|          11|
    |select_ln506_fu_722_p3     |    select|   0|  0|   10|           1|          11|
    |sin_basis_fu_840_p3        |    select|   0|  0|    2|           1|           1|
    |x_fu_742_p3                |    select|   0|  0|   62|           1|          63|
    |shl_ln398_fu_530_p2        |       shl|   0|  0|  950|         256|         256|
    |shl_ln504_fu_682_p2        |       shl|   0|  0|  409|         124|         124|
    |shl_ln506_fu_737_p2        |       shl|   0|  0|  176|          63|          63|
    |xor_ln242_fu_828_p2        |       xor|   0|  0|    2|           1|           2|
    |xor_ln278_fu_1050_p2       |       xor|   0|  0|    2|           1|           2|
    |xor_ln282_fu_1061_p2       |       xor|   0|  0|    2|           1|           2|
    +---------------------------+----------+----+---+-----+------------+------------+
    |Total                      |          |   0|  0| 2933|        1080|        1311|
    +---------------------------+----------+----+---+-----+------------+------------+

    * Multiplexer: 
    +---------------+----+-----------+-----+-----------+
    |      Name     | LUT| Input Size| Bits| Total Bits|
    +---------------+----+-----------+-----+-----------+
    |ap_NS_fsm      |  65|         15|    1|         15|
    |grp_fu_435_p0  |  14|          3|   49|        147|
    |grp_fu_435_p1  |  14|          3|   49|        147|
    +---------------+----+-----------+-----+-----------+
    |Total          |  93|         21|   99|        309|
    +---------------+----+-----------+-----+-----------+

    * Register: 
    +------------------------------------------------------+-----+----+-----+-----------+
    |                         Name                         |  FF | LUT| Bits| Const Bits|
    +------------------------------------------------------+-----+----+-----+-----------+
    |B_reg_1598                                            |   56|   0|   56|          0|
    |B_squared_reg_1608                                    |   49|   0|   49|          0|
    |Ex_1_reg_1572                                         |   11|   0|   11|          0|
    |Mx_bits_reg_1548                                      |  124|   0|  124|          0|
    |Mx_reg_1565                                           |   63|   0|   63|          0|
    |add_ln37_3_reg_1665                                   |   64|   0|   64|          0|
    |and_ln271_reg_1541                                    |    1|   0|    1|          0|
    |ap_CS_fsm                                             |   14|   0|   14|          0|
    |closepath_reg_1515                                    |    1|   0|    1|          0|
    |cos_basis_reg_1654                                    |    1|   0|    1|          0|
    |din_exp_reg_1502                                      |   11|   0|   11|          0|
    |din_sig_reg_1509                                      |   52|   0|   52|          0|
    |din_sign_reg_1496                                     |    1|   0|    1|          0|
    |grp_sin_or_cos_double_Pipeline_1_fu_382_ap_start_reg  |    1|   0|    1|          0|
    |grp_sin_or_cos_double_Pipeline_2_fu_389_ap_start_reg  |    1|   0|    1|          0|
    |grp_sin_or_cos_double_Pipeline_3_fu_400_ap_start_reg  |    1|   0|    1|          0|
    |grp_sin_or_cos_double_Pipeline_4_fu_412_ap_start_reg  |    1|   0|    1|          0|
    |icmp_ln282_reg_1585                                   |    1|   0|    1|          0|
    |icmp_ln433_reg_1717                                   |    1|   0|    1|          0|
    |in_shift_loc_fu_244                                   |   62|   0|   62|          0|
    |k_1_reg_1559                                          |    3|   0|    3|          0|
    |k_reg_1554                                            |    3|   0|    3|          0|
    |out_bits_3_loc_fu_280                                 |   32|   0|   32|          0|
    |out_bits_4_loc_fu_284                                 |   32|   0|   32|          0|
    |out_bits_5_loc_fu_288                                 |   32|   0|   32|          0|
    |out_bits_6_reg_1700                                   |   15|   0|   32|         17|
    |result_reg_1679                                       |   63|   0|   63|          0|
    |results_sign_3_reg_1660                               |    1|   0|    1|          0|
    |shift_1_loc_fu_248                                    |   32|   0|   32|          0|
    |tmp_4_reg_1593                                        |    7|   0|    7|          0|
    |tmp_6_reg_1686                                        |   15|   0|   15|          0|
    |tmp_7_reg_1634                                        |   42|   0|   42|          0|
    |tmp_8_reg_1644                                        |   35|   0|   35|          0|
    |tmp_reg_1579                                          |    1|   0|    1|          0|
    |trunc_ln398_reg_1526                                  |    7|   0|    7|          0|
    |zext_ln25_reg_1603                                    |   49|   0|   98|         49|
    +------------------------------------------------------+-----+----+-----+-----------+
    |Total                                                 |  885|   0|  951|         66|
    +------------------------------------------------------+-----+----+-----+-----------+



================================================================
== Interface
================================================================
* Summary: 
+-----------+-----+-----+------------+--------------------+--------------+
| RTL Ports | Dir | Bits|  Protocol  |    Source Object   |    C Type    |
+-----------+-----+-----+------------+--------------------+--------------+
|ap_clk     |   in|    1|  ap_ctrl_hs|  sin_or_cos<double>|  return value|
|ap_rst     |   in|    1|  ap_ctrl_hs|  sin_or_cos<double>|  return value|
|ap_start   |   in|    1|  ap_ctrl_hs|  sin_or_cos<double>|  return value|
|ap_done    |  out|    1|  ap_ctrl_hs|  sin_or_cos<double>|  return value|
|ap_idle    |  out|    1|  ap_ctrl_hs|  sin_or_cos<double>|  return value|
|ap_ready   |  out|    1|  ap_ctrl_hs|  sin_or_cos<double>|  return value|
|ap_return  |  out|   64|  ap_ctrl_hs|  sin_or_cos<double>|  return value|
|t_in       |   in|   64|     ap_none|                t_in|        scalar|
|do_cos     |   in|    1|     ap_none|              do_cos|        scalar|
+-----------+-----+-----+------------+--------------------+--------------+

