

================================================================
== Vitis HLS Report for 'sin_or_cos_float_s'
================================================================
* Date:           Mon Apr 13 17:36:42 2026

* Version:        2024.1 (Build 5069499 on May 21 2024)
* Project:        calculateCoefficients
* Solution:       hls (Vivado IP Flow Target)
* Product family: zynquplus
* Target device:  xczu3eg-sfvc784-2-e


================================================================
== Performance Estimates
================================================================
+ Timing: 
    * Summary: 
    +--------+----------+----------+------------+
    |  Clock |  Target  | Estimated| Uncertainty|
    +--------+----------+----------+------------+
    |ap_clk  |  10.00 ns|  7.002 ns|     2.70 ns|
    +--------+----------+----------+------------+

+ Latency: 
    * Summary: 
    +---------+---------+-----------+-----------+-----+-----+---------+
    |  Latency (cycles) |   Latency (absolute)  |  Interval | Pipeline|
    |   min   |   max   |    min    |    max    | min | max |   Type  |
    +---------+---------+-----------+-----------+-----+-----+---------+
    |        5|        5|  50.000 ns|  50.000 ns|    1|    1|      yes|
    +---------+---------+-----------+-----------+-----+-----+---------+

    + Detail: 
        * Instance: 
        N/A

        * Loop: 
        N/A



================================================================
== Utilization Estimates
================================================================
* Summary: 
+-----------------+---------+-----+--------+-------+-----+
|       Name      | BRAM_18K| DSP |   FF   |  LUT  | URAM|
+-----------------+---------+-----+--------+-------+-----+
|DSP              |        -|    -|       -|      -|    -|
|Expression       |        -|    -|       0|   1744|    -|
|FIFO             |        -|    -|       -|      -|    -|
|Instance         |        -|   13|       0|    329|    -|
|Memory           |        -|    -|     168|    293|    -|
|Multiplexer      |        -|    -|       0|     14|    -|
|Register         |        -|    -|     674|    128|    -|
+-----------------+---------+-----+--------+-------+-----+
|Total            |        0|   13|     842|   2508|    0|
+-----------------+---------+-----+--------+-------+-----+
|Available        |      432|  360|  141120|  70560|    0|
+-----------------+---------+-----+--------+-------+-----+
|Utilization (%)  |        0|    3|      ~0|      3|    0|
+-----------------+---------+-----+--------+-------+-----+

+ Detail: 
    * Instance: 
    +--------------------------+----------------------+---------+----+---+----+-----+
    |         Instance         |        Module        | BRAM_18K| DSP| FF| LUT| URAM|
    +--------------------------+----------------------+---------+----+---+----+-----+
    |mul_15ns_15ns_30_1_0_U13  |mul_15ns_15ns_30_1_0  |        0|   1|  0|   5|    0|
    |mul_15ns_15s_30_1_0_U14   |mul_15ns_15s_30_1_0   |        0|   1|  0|   5|    0|
    |mul_23s_22ns_45_1_0_U7    |mul_23s_22ns_45_1_0   |        0|   2|  0|  31|    0|
    |mul_30s_29ns_58_1_0_U8    |mul_30s_29ns_58_1_0   |        0|   4|  0|  25|    0|
    |mul_80s_24ns_80_1_0_U9    |mul_80s_24ns_80_1_0   |        0|   5|  0|  90|    0|
    |sparsemux_17_3_1_1_0_U10  |sparsemux_17_3_1_1_0  |        0|   0|  0|  43|    0|
    |sparsemux_33_4_1_1_0_U11  |sparsemux_33_4_1_1_0  |        0|   0|  0|  65|    0|
    |sparsemux_33_4_1_1_0_U12  |sparsemux_33_4_1_1_0  |        0|   0|  0|  65|    0|
    +--------------------------+----------------------+---------+----+---+----+-----+
    |Total                     |                      |        0|  13|  0| 329|    0|
    +--------------------------+----------------------+---------+----+---+----+-----+

    * DSP: 
    N/A

    * Memory: 
    +---------------------------------+-------------------------------------------------------------------+---------+-----+-----+-----+------+-----+------+-------------+
    |              Memory             |                               Module                              | BRAM_18K|  FF | LUT | URAM| Words| Bits| Banks| W*Bits*Banks|
    +---------------------------------+-------------------------------------------------------------------+---------+-----+-----+-----+------+-----+------+-------------+
    |ref_4oPi_table_100_U             |sin_or_cos_float_s_ref_4oPi_table_100_ROM_1P_LUTRAM_1R             |        0|  100|   21|    0|    13|  100|     1|         1300|
    |second_order_float_sin_cos_K0_U  |sin_or_cos_float_s_second_order_float_sin_cos_K0_ROM_1P_LUTRAM_1R  |        0|   30|  120|    0|   256|   30|     1|         7680|
    |second_order_float_sin_cos_K1_U  |sin_or_cos_float_s_second_order_float_sin_cos_K1_ROM_1P_LUTRAM_1R  |        0|   23|   92|    0|   256|   23|     1|         5888|
    |second_order_float_sin_cos_K2_U  |sin_or_cos_float_s_second_order_float_sin_cos_K2_ROM_1P_LUTRAM_1R  |        0|   15|   60|    0|   256|   15|     1|         3840|
    +---------------------------------+-------------------------------------------------------------------+---------+-----+-----+-----+------+-----+------+-------------+
    |Total                            |                                                                   |        0|  168|  293|    0|   781|  168|     4|        18708|
    +---------------------------------+-------------------------------------------------------------------+---------+-----+-----+-----+------+-----+------+-------------+

    * FIFO: 
    N/A

    * Expression: 
    +---------------------------+----------+----+---+-----+------------+------------+
    |       Variable Name       | Operation| DSP| FF| LUT | Bitwidth P0| Bitwidth P1|
    +---------------------------+----------+----+---+-----+------------+------------+
    |Ex_fu_417_p2               |         +|   0|  0|   15|           8|           8|
    |add_ln300_fu_1132_p2       |         +|   0|  0|   16|           9|           7|
    |add_ln32_1_fu_982_p2       |         +|   0|  0|   30|          30|          30|
    |add_ln32_fu_972_p2         |         +|   0|  0|   30|          30|          30|
    |add_ln376_fu_328_p2        |         +|   0|  0|   15|           8|           7|
    |shift_1_fu_1108_p2         |         +|   0|  0|   39|          32|           5|
    |Ex_1_fu_527_p2             |         -|   0|  0|   15|           8|           8|
    |Mx_bits_1_fu_439_p2        |         -|   0|  0|   65|           1|          58|
    |newexp_fu_1142_p2          |         -|   0|  0|   39|          32|          32|
    |sub_ln506_fu_541_p2        |         -|   0|  0|   15|           1|           8|
    |and_ln271_fu_846_p2        |       and|   0|  0|    2|           1|           1|
    |results_sign_2_fu_856_p2   |       and|   0|  0|    2|           1|           1|
    |results_sign_4_fu_872_p2   |       and|   0|  0|    2|           1|           1|
    |c_1_fu_1080_p3             |      cttz|   0|  0|   46|          32|           0|
    |c_fu_1062_p3               |      cttz|   0|  0|   46|          32|           0|
    |tmp_1_fu_491_p3            |      cttz|   0|  0|   46|          32|           0|
    |closepath_fu_322_p2        |      icmp|   0|  0|   15|           8|           7|
    |icmp_ln271_1_fu_412_p2     |      icmp|   0|  0|   30|          23|           1|
    |icmp_ln271_fu_841_p2       |      icmp|   0|  0|   15|           8|           1|
    |icmp_ln282_fu_861_p2       |      icmp|   0|  0|   15|           8|           2|
    |icmp_ln292_fu_1102_p2      |      icmp|   0|  0|   39|          32|           5|
    |icmp_ln306_fu_1156_p2      |      icmp|   0|  0|   36|          29|           1|
    |lshr_ln506_fu_563_p2       |      lshr|   0|  0|   96|          32|          32|
    |or_ln282_fu_1214_p2        |        or|   0|  0|    2|           1|           1|
    |or_ln306_fu_1162_p2        |        or|   0|  0|    2|           1|           1|
    |Ex_2_fu_988_p3             |    select|   0|  0|    8|           1|           1|
    |Mx_1_fu_886_p3             |    select|   0|  0|   29|           1|           2|
    |Mx_bits_2_fu_444_p3        |    select|   0|  0|   57|           1|          58|
    |addr_fu_334_p3             |    select|   0|  0|    8|           1|           6|
    |cos_basis_fu_633_p3        |    select|   0|  0|    2|           1|           1|
    |empty_43_fu_1192_p3        |    select|   0|  0|   22|           1|          23|
    |k_1_fu_429_p3              |    select|   0|  0|    3|           1|           1|
    |results_exp_1_fu_1242_p3   |    select|   0|  0|    8|           1|           8|
    |results_exp_fu_1219_p3     |    select|   0|  0|    8|           1|           8|
    |results_sig_1_fu_1249_p3   |    select|   0|  0|   22|           1|           1|
    |results_sig_fu_1234_p3     |    select|   0|  0|   22|           1|          23|
    |results_sign_3_fu_878_p3   |    select|   0|  0|    2|           1|           1|
    |results_sign_fu_833_p3     |    select|   0|  0|    2|           1|           1|
    |select_ln259_fu_1200_p3    |    select|   0|  0|    7|           1|           7|
    |select_ln282_2_fu_1227_p3  |    select|   0|  0|    2|           1|           2|
    |select_ln282_fu_1207_p3    |    select|   0|  0|    2|           1|           2|
    |select_ln453_fu_422_p3     |    select|   0|  0|    8|           1|           8|
    |select_ln506_1_fu_575_p3   |    select|   0|  0|   32|           1|          32|
    |select_ln506_fu_547_p3     |    select|   0|  0|    8|           1|           8|
    |shift_2_fu_1124_p3         |    select|   0|  0|   32|           1|          32|
    |sin_basis_fu_660_p3        |    select|   0|  0|    2|           1|           1|
    |shl_ln291_1_fu_1118_p2     |       shl|   0|  0|   96|          32|          32|
    |shl_ln291_fu_1092_p2       |       shl|   0|  0|   96|          32|          32|
    |shl_ln379_fu_364_p2        |       shl|   0|  0|  325|         100|         100|
    |shl_ln504_fu_507_p2        |       shl|   0|  0|  166|          58|          58|
    |shl_ln506_fu_569_p2        |       shl|   0|  0|   96|          32|          32|
    |xor_ln242_fu_627_p2        |       xor|   0|  0|    2|           1|           2|
    |xor_ln278_fu_851_p2        |       xor|   0|  0|    2|           1|           2|
    |xor_ln282_fu_866_p2        |       xor|   0|  0|    2|           1|           2|
    +---------------------------+----------+----+---+-----+------------+------------+
    |Total                      |          |   0|  0| 1744|         678|         733|
    +---------------------------+----------+----+---+-----+------------+------------+

    * Multiplexer: 
    +-----------+----+-----------+-----+-----------+
    |    Name   | LUT| Input Size| Bits| Total Bits|
    +-----------+----+-----------+-----+-----------+
    |ap_return  |  14|          3|   32|         96|
    +-----------+----+-----------+-----+-----------+
    |Total      |  14|          3|   32|         96|
    +-----------+----+-----------+-----+-----------+

    * Register: 
    +---------------------------------------+----+----+-----+-----------+
    |                  Name                 | FF | LUT| Bits| Const Bits|
    +---------------------------------------+----+----+-----+-----------+
    |B_reg_1343                             |  22|   0|   22|          0|
    |B_trunc_reg_1354                       |  15|   0|   15|          0|
    |Ex_1_reg_1338                          |   8|   0|    8|          0|
    |Ex_1_reg_1338_pp0_iter4_reg            |   8|   0|    8|          0|
    |Med_reg_1312                           |  80|   0|   80|          0|
    |Mx_1_reg_1392                          |  29|   0|   29|          0|
    |Mx_bits_reg_1317                       |  58|   0|   58|          0|
    |Mx_reg_1333                            |  29|   0|   29|          0|
    |add_ln32_1_reg_1397                    |  30|   0|   30|          0|
    |and_ln271_reg_1374                     |   1|   0|    1|          0|
    |and_ln271_reg_1374_pp0_iter4_reg       |   1|   0|    1|          0|
    |ap_ce_reg                              |   1|   0|    1|          0|
    |ap_return_int_reg                      |  32|   0|   32|          0|
    |closepath_reg_1296                     |   1|   0|    1|          0|
    |cos_basis_reg_1348                     |   1|   0|    1|          0|
    |cos_basis_reg_1348_pp0_iter4_reg       |   1|   0|    1|          0|
    |din_exp_reg_1283                       |   8|   0|    8|          0|
    |din_sig_reg_1290                       |  23|   0|   23|          0|
    |din_sig_reg_1290_pp0_iter1_reg         |  23|   0|   23|          0|
    |din_sign_reg_1277                      |   1|   0|    1|          0|
    |do_cos_int_reg                         |   1|   0|    1|          0|
    |do_cos_read_reg_1269                   |   1|   0|    1|          0|
    |icmp_ln271_1_reg_1328                  |   1|   0|    1|          0|
    |icmp_ln282_reg_1380                    |   1|   0|    1|          0|
    |icmp_ln282_reg_1380_pp0_iter4_reg      |   1|   0|    1|          0|
    |k_reg_1323                             |   3|   0|    3|          0|
    |results_sign_3_reg_1387                |   1|   0|    1|          0|
    |results_sign_3_reg_1387_pp0_iter4_reg  |   1|   0|    1|          0|
    |t_in_int_reg                           |  32|   0|   32|          0|
    |trunc_ln379_reg_1307                   |   4|   0|    4|          0|
    |closepath_reg_1296                     |  64|  32|    1|          0|
    |din_exp_reg_1283                       |  64|  32|    8|          0|
    |din_sign_reg_1277                      |  64|  32|    1|          0|
    |do_cos_read_reg_1269                   |  64|  32|    1|          0|
    +---------------------------------------+----+----+-----+-----------+
    |Total                                  | 674| 128|  429|          0|
    +---------------------------------------+----+----+-----+-----------+



================================================================
== Interface
================================================================
* Summary: 
+-----------+-----+-----+------------+-------------------+--------------+
| RTL Ports | Dir | Bits|  Protocol  |   Source Object   |    C Type    |
+-----------+-----+-----+------------+-------------------+--------------+
|ap_clk     |   in|    1|  ap_ctrl_hs|  sin_or_cos<float>|  return value|
|ap_rst     |   in|    1|  ap_ctrl_hs|  sin_or_cos<float>|  return value|
|ap_return  |  out|   32|  ap_ctrl_hs|  sin_or_cos<float>|  return value|
|ap_ce      |   in|    1|  ap_ctrl_hs|  sin_or_cos<float>|  return value|
|t_in       |   in|   32|     ap_none|               t_in|        scalar|
|do_cos     |   in|    1|     ap_none|             do_cos|        scalar|
+-----------+-----+-----+------------+-------------------+--------------+

