

================================================================
== Vitis HLS Report for 'sin_or_cos_double_Pipeline_3'
================================================================
* Date:           Thu Apr 16 17:18:45 2026

* Version:        2024.1 (Build 5069499 on May 21 2024)
* Project:        calculateCoefficients
* Solution:       hls (Vivado IP Flow Target)
* Product family: zynquplus
* Target device:  xczu3eg-sfvc784-2-e


================================================================
== Performance Estimates
================================================================
+ Timing: 
    * Summary: 
    +--------+----------+----------+------------+
    |  Clock |  Target  | Estimated| Uncertainty|
    +--------+----------+----------+------------+
    |ap_clk  |  10.00 ns|  1.527 ns|     2.70 ns|
    +--------+----------+----------+------------+

+ Latency: 
    * Summary: 
    +---------+---------+-----------+-----------+-----+-----+-----------------------------------------------+
    |  Latency (cycles) |   Latency (absolute)  |  Interval |                    Pipeline                   |
    |   min   |   max   |    min    |    max    | min | max |                      Type                     |
    +---------+---------+-----------+-----------+-----+-----+-----------------------------------------------+
    |        6|        6|  60.000 ns|  60.000 ns|    5|    5|  loop auto-rewind stp(delay=0 clock cycles(s))|
    +---------+---------+-----------+-----------+-----+-----+-----------------------------------------------+

    + Detail: 
        * Instance: 
        N/A

        * Loop: 
        +----------+---------+---------+----------+-----------+-----------+------+----------+
        |          |  Latency (cycles) | Iteration|  Initiation Interval  | Trip |          |
        | Loop Name|   min   |   max   |  Latency |  achieved |   target  | Count| Pipelined|
        +----------+---------+---------+----------+-----------+-----------+------+----------+
        |- Loop 1  |        4|        4|         1|          1|          1|     4|       yes|
        +----------+---------+---------+----------+-----------+-----------+------+----------+



================================================================
== Utilization Estimates
================================================================
* Summary: 
+-----------------+---------+-----+--------+-------+-----+
|       Name      | BRAM_18K| DSP |   FF   |  LUT  | URAM|
+-----------------+---------+-----+--------+-------+-----+
|DSP              |        -|    -|       -|      -|    -|
|Expression       |        -|    -|       0|     68|    -|
|FIFO             |        -|    -|       -|      -|    -|
|Instance         |        -|    -|       0|     20|    -|
|Memory           |        -|    -|       -|      -|    -|
|Multiplexer      |        -|    -|       0|     27|    -|
|Register         |        -|    -|     133|      -|    -|
+-----------------+---------+-----+--------+-------+-----+
|Total            |        0|    0|     133|    115|    0|
+-----------------+---------+-----+--------+-------+-----+
|Available        |      432|  360|  141120|  70560|    0|
+-----------------+---------+-----+--------+-------+-----+
|Utilization (%)  |        0|    0|      ~0|     ~0|    0|
+-----------------+---------+-----+--------+-------+-----+

+ Detail: 
    * Instance: 
    +--------------------------+----------------------+---------+----+---+----+-----+
    |         Instance         |        Module        | BRAM_18K| DSP| FF| LUT| URAM|
    +--------------------------+----------------------+---------+----+---+----+-----+
    |sparsemux_9_2_32_1_1_U14  |sparsemux_9_2_32_1_1  |        0|   0|  0|  20|    0|
    +--------------------------+----------------------+---------+----+---+----+-----+
    |Total                     |                      |        0|   0|  0|  20|    0|
    +--------------------------+----------------------+---------+----+---+----+-----+

    * DSP: 
    N/A

    * Memory: 
    N/A

    * FIFO: 
    N/A

    * Expression: 
    +----------------------+----------+----+---+----+------------+------------+
    |     Variable Name    | Operation| DSP| FF| LUT| Bitwidth P0| Bitwidth P1|
    +----------------------+----------+----+---+----+------------+------------+
    |add_ln414_fu_146_p2   |         +|   0|  0|  10|           3|           1|
    |c_4_fu_190_p3         |      cttz|   0|  0|  46|          32|           0|
    |icmp_ln414_fu_140_p2  |      icmp|   0|  0|  12|           3|           4|
    +----------------------+----------+----+---+----+------------+------------+
    |Total                 |          |   0|  0|  68|          38|           5|
    +----------------------+----------+----+---+----+------------+------------+

    * Multiplexer: 
    +--------------------+----+-----------+-----+-----------+
    |        Name        | LUT| Input Size| Bits| Total Bits|
    +--------------------+----+-----------+-----+-----------+
    |ap_done_int         |   9|          2|    1|          2|
    |ap_sig_allocacmp_i  |   9|          2|    3|          6|
    |i_1_fu_60           |   9|          2|    3|          6|
    +--------------------+----+-----------+-----+-----------+
    |Total               |  27|          6|    7|         14|
    +--------------------+----+-----------+-----+-----------+

    * Register: 
    +-------------+----+----+-----+-----------+
    |     Name    | FF | LUT| Bits| Const Bits|
    +-------------+----+----+-----+-----------+
    |ap_CS_fsm    |   1|   0|    1|          0|
    |ap_done_reg  |   1|   0|    1|          0|
    |c_1_fu_68    |  32|   0|   32|          0|
    |c_2_fu_72    |  32|   0|   32|          0|
    |c_3_fu_76    |  32|   0|   32|          0|
    |c_fu_64      |  32|   0|   32|          0|
    |i_1_fu_60    |   3|   0|    3|          0|
    +-------------+----+----+-----+-----------+
    |Total        | 133|   0|  133|          0|
    +-------------+----+----+-----+-----------+



================================================================
== Interface
================================================================
* Summary: 
+-------------------+-----+-----+------------+-------------------------------+--------------+
|     RTL Ports     | Dir | Bits|  Protocol  |         Source Object         |    C Type    |
+-------------------+-----+-----+------------+-------------------------------+--------------+
|ap_clk             |   in|    1|  ap_ctrl_hs|  sin_or_cos<double>_Pipeline_3|  return value|
|ap_rst             |   in|    1|  ap_ctrl_hs|  sin_or_cos<double>_Pipeline_3|  return value|
|ap_start           |   in|    1|  ap_ctrl_hs|  sin_or_cos<double>_Pipeline_3|  return value|
|ap_done            |  out|    1|  ap_ctrl_hs|  sin_or_cos<double>_Pipeline_3|  return value|
|ap_idle            |  out|    1|  ap_ctrl_hs|  sin_or_cos<double>_Pipeline_3|  return value|
|ap_ready           |  out|    1|  ap_ctrl_hs|  sin_or_cos<double>_Pipeline_3|  return value|
|out_bits_7_reload  |   in|   32|     ap_none|              out_bits_7_reload|        scalar|
|out_bits_8_reload  |   in|   32|     ap_none|              out_bits_8_reload|        scalar|
|out_bits_9_reload  |   in|   32|     ap_none|              out_bits_9_reload|        scalar|
|out_bits_6         |   in|   32|     ap_none|                     out_bits_6|        scalar|
|c_3_out            |  out|   32|      ap_vld|                        c_3_out|       pointer|
|c_3_out_ap_vld     |  out|    1|      ap_vld|                        c_3_out|       pointer|
|c_2_out            |  out|   32|      ap_vld|                        c_2_out|       pointer|
|c_2_out_ap_vld     |  out|    1|      ap_vld|                        c_2_out|       pointer|
|c_1_out            |  out|   32|      ap_vld|                        c_1_out|       pointer|
|c_1_out_ap_vld     |  out|    1|      ap_vld|                        c_1_out|       pointer|
|c_out              |  out|   32|      ap_vld|                          c_out|       pointer|
|c_out_ap_vld       |  out|    1|      ap_vld|                          c_out|       pointer|
+-------------------+-----+-----+------------+-------------------------------+--------------+

