INFO: [v++ 60-1548] Creating build summary session with primary output C:/Motor-Simulator/Coefficients/FirFilter/calculateCoefficients\calculateCoefficients.hlscompile_summary, at 04/16/26 17:18:01
INFO: [v++ 82-31] Launching vitis_hls: vitis_hls -nolog -run csynth -work_dir C:/Motor-Simulator/Coefficients/FirFilter/calculateCoefficients -config C:/Motor-Simulator/Coefficients/FirFilter/hls_config.cfg -cmdlineconfig C:/Motor-Simulator/Coefficients/FirFilter/calculateCoefficients/hls/config.cmdline

****** Vitis HLS - High-Level Synthesis from C, C++ and OpenCL v2024.1 (64-bit)
  **** SW Build 5069499 on May 21 2024
  **** IP Build 5075265 on Wed May 22 21:45:21 MDT 2024
  **** SharedData Build 5076995 on Wed May 22 18:29:18 MDT 2024
  **** Start of session at: Thu Apr 16 17:18:03 2026
    ** Copyright 1986-2022 Xilinx, Inc. All Rights Reserved.
    ** Copyright 2022-2024 Advanced Micro Devices, Inc. All Rights Reserved.

source C:/Xilinx/Vitis_HLS/2024.1/scripts/vitis_hls/hls.tcl -notrace
INFO: [HLS 200-10] For user 'maxls' on host 'max-zbk' (Windows NT_amd64 version 10.0) on Thu Apr 16 17:18:03 -0400 2026
INFO: [HLS 200-10] In directory 'C:/Motor-Simulator/Coefficients/FirFilter'
INFO: [HLS 200-2005] Using work_dir C:/Motor-Simulator/Coefficients/FirFilter/calculateCoefficients 
INFO: [HLS 200-1505] Using default flow_target 'vivado'
Resolution: For help on HLS 200-1505 see docs.xilinx.com/access/sources/dita/topic?Doc_Version=2024.1%20English&url=ug1448-hls-guidance&resourceid=200-1505.html
INFO: [HLS 200-1465] Applying ini 'syn.file=Coefficients.cpp' from C:/Motor-Simulator/Coefficients/FirFilter/hls_config.cfg(8)
INFO: [HLS 200-10] Adding design file 'C:/Motor-Simulator/Coefficients/FirFilter/Coefficients.cpp' to the project
INFO: [HLS 200-1465] Applying ini 'syn.file=Coefficients.h' from C:/Motor-Simulator/Coefficients/FirFilter/hls_config.cfg(9)
INFO: [HLS 200-10] Adding design file 'C:/Motor-Simulator/Coefficients/FirFilter/Coefficients.h' to the project
INFO: [HLS 200-1465] Applying ini 'tb.file=tb_coefficients.cpp' from C:/Motor-Simulator/Coefficients/FirFilter/hls_config.cfg(10)
INFO: [HLS 200-10] Adding test bench file 'C:/Motor-Simulator/Coefficients/FirFilter/tb_coefficients.cpp' to the project
INFO: [HLS 200-1465] Applying ini 'syn.top=firTop' from C:/Motor-Simulator/Coefficients/FirFilter/hls_config.cfg(7)
INFO: [HLS 200-1465] Applying ini 'flow_target=vivado' from C:/Motor-Simulator/Coefficients/FirFilter/hls_config.cfg(4)
INFO: [HLS 200-1505] Using flow_target 'vivado'
Resolution: For help on HLS 200-1505 see docs.xilinx.com/access/sources/dita/topic?Doc_Version=2024.1%20English&url=ug1448-hls-guidance&resourceid=200-1505.html
INFO: [HLS 200-1465] Applying ini 'part=xczu3eg-sfvc784-2-e' from C:/Motor-Simulator/Coefficients/FirFilter/hls_config.cfg(1)
INFO: [HLS 200-1611] Setting target device to 'xczu3eg-sfvc784-2-e'
INFO: [HLS 200-1465] Applying ini 'package.output.format=ip_catalog' from C:/Motor-Simulator/Coefficients/FirFilter/hls_config.cfg(5)
INFO: [HLS 200-111] Finished File checks and directory preparation: CPU user time: 1 seconds. CPU system time: 1 seconds. Elapsed time: 2.072 seconds; current allocated memory: 175.297 MB.
INFO: [HLS 200-10] Analyzing design file 'Coefficients.cpp' ... 
INFO: [HLS 200-111] Finished Source Code Analysis and Preprocessing: CPU user time: 0 seconds. CPU system time: 0 seconds. Elapsed time: 17.516 seconds; current allocated memory: 183.113 MB.
INFO: [HLS 200-777] Using interface defaults for 'Vivado' flow target.
INFO: [HLS 200-1995] There were 47,061 instructions in the design after the 'Compile/Link' phase of compilation. See the Design Size Report for more details: C:/Motor-Simulator/Coefficients/FirFilter/calculateCoefficients/hls/syn/report/csynth_design_size.rpt
INFO: [HLS 200-1995] There were 4,027 instructions in the design after the 'Unroll/Inline (step 1)' phase of compilation. See the Design Size Report for more details: C:/Motor-Simulator/Coefficients/FirFilter/calculateCoefficients/hls/syn/report/csynth_design_size.rpt
INFO: [HLS 200-1995] There were 2,388 instructions in the design after the 'Unroll/Inline (step 2)' phase of compilation. See the Design Size Report for more details: C:/Motor-Simulator/Coefficients/FirFilter/calculateCoefficients/hls/syn/report/csynth_design_size.rpt
INFO: [HLS 200-1995] There were 2,324 instructions in the design after the 'Unroll/Inline (step 3)' phase of compilation. See the Design Size Report for more details: C:/Motor-Simulator/Coefficients/FirFilter/calculateCoefficients/hls/syn/report/csynth_design_size.rpt
INFO: [HLS 200-1995] There were 1,701 instructions in the design after the 'Unroll/Inline (step 4)' phase of compilation. See the Design Size Report for more details: C:/Motor-Simulator/Coefficients/FirFilter/calculateCoefficients/hls/syn/report/csynth_design_size.rpt
INFO: [HLS 200-1995] There were 1,868 instructions in the design after the 'Array/Struct (step 1)' phase of compilation. See the Design Size Report for more details: C:/Motor-Simulator/Coefficients/FirFilter/calculateCoefficients/hls/syn/report/csynth_design_size.rpt
INFO: [HLS 200-1995] There were 1,648 instructions in the design after the 'Array/Struct (step 2)' phase of compilation. See the Design Size Report for more details: C:/Motor-Simulator/Coefficients/FirFilter/calculateCoefficients/hls/syn/report/csynth_design_size.rpt
INFO: [HLS 200-1995] There were 1,648 instructions in the design after the 'Array/Struct (step 3)' phase of compilation. See the Design Size Report for more details: C:/Motor-Simulator/Coefficients/FirFilter/calculateCoefficients/hls/syn/report/csynth_design_size.rpt
INFO: [HLS 200-1995] There were 1,648 instructions in the design after the 'Array/Struct (step 4)' phase of compilation. See the Design Size Report for more details: C:/Motor-Simulator/Coefficients/FirFilter/calculateCoefficients/hls/syn/report/csynth_design_size.rpt
INFO: [HLS 200-1995] There were 1,775 instructions in the design after the 'Array/Struct (step 5)' phase of compilation. See the Design Size Report for more details: C:/Motor-Simulator/Coefficients/FirFilter/calculateCoefficients/hls/syn/report/csynth_design_size.rpt
INFO: [HLS 200-1995] There were 1,789 instructions in the design after the 'Performance (step 1)' phase of compilation. See the Design Size Report for more details: C:/Motor-Simulator/Coefficients/FirFilter/calculateCoefficients/hls/syn/report/csynth_design_size.rpt
INFO: [HLS 200-1995] There were 1,765 instructions in the design after the 'Performance (step 2)' phase of compilation. See the Design Size Report for more details: C:/Motor-Simulator/Coefficients/FirFilter/calculateCoefficients/hls/syn/report/csynth_design_size.rpt
INFO: [HLS 200-1995] There were 1,879 instructions in the design after the 'Performance (step 3)' phase of compilation. See the Design Size Report for more details: C:/Motor-Simulator/Coefficients/FirFilter/calculateCoefficients/hls/syn/report/csynth_design_size.rpt
INFO: [HLS 200-1995] There were 1,739 instructions in the design after the 'Performance (step 4)' phase of compilation. See the Design Size Report for more details: C:/Motor-Simulator/Coefficients/FirFilter/calculateCoefficients/hls/syn/report/csynth_design_size.rpt
INFO: [HLS 200-1995] There were 1,693 instructions in the design after the 'HW Transforms (step 1)' phase of compilation. See the Design Size Report for more details: C:/Motor-Simulator/Coefficients/FirFilter/calculateCoefficients/hls/syn/report/csynth_design_size.rpt
INFO: [HLS 200-1995] There were 1,721 instructions in the design after the 'HW Transforms (step 2)' phase of compilation. See the Design Size Report for more details: C:/Motor-Simulator/Coefficients/FirFilter/calculateCoefficients/hls/syn/report/csynth_design_size.rpt
WARNING: [HLS 214-386] A depth specification is required for MAXI interface port 'bram' for cosimulation. (Coefficients.cpp:5:0)
INFO: [HLS 214-186] Unrolling loop 'VITIS_LOOP_58_1' (Coefficients.cpp:58:22) in function 'fir' completely with a factor of 301 (Coefficients.cpp:51:0)
INFO: [HLS 214-178] Inlining function 'fp_struct<double>::fp_struct(double)' into 'void range_redux_payne_hanek_hotbm<61, double, 63, 63>(double, ap_uint<3>&, ap_ufixed<63, 0, (ap_q_mode)5, (ap_o_mode)3, 0>&, ap_ufixed<63, 0, (ap_q_mode)5, (ap_o_mode)3, 0>&, ap_int<fp_struct<double>::EXP_BITS>&)' (C:\scratch\2024.1\hls_product\545\2024.1\src\shared\hls\clib/hlsmath/include/FloatingPoint/hls_range_redux.h:437:0)
INFO: [HLS 214-178] Inlining function 'fp_struct<double>::expv() const' into 'void range_redux_payne_hanek_hotbm<61, double, 63, 63>(double, ap_uint<3>&, ap_ufixed<63, 0, (ap_q_mode)5, (ap_o_mode)3, 0>&, ap_ufixed<63, 0, (ap_q_mode)5, (ap_o_mode)3, 0>&, ap_int<fp_struct<double>::EXP_BITS>&)' (C:\scratch\2024.1\hls_product\545\2024.1\src\shared\hls\clib/hlsmath/include/FloatingPoint/hls_range_redux.h:437:0)
INFO: [HLS 214-178] Inlining function 'ap_uint<(((2) * ((52) + (1))) + (61)) + (3)> table_lookup_4oPi_hotbm<52, 61>(int, double)' into 'void range_redux_payne_hanek_hotbm<61, double, 63, 63>(double, ap_uint<3>&, ap_ufixed<63, 0, (ap_q_mode)5, (ap_o_mode)3, 0>&, ap_ufixed<63, 0, (ap_q_mode)5, (ap_o_mode)3, 0>&, ap_int<fp_struct<double>::EXP_BITS>&)' (C:\scratch\2024.1\hls_product\545\2024.1\src\shared\hls\clib/hlsmath/include/FloatingPoint/hls_range_redux.h:437:0)
INFO: [HLS 214-178] Inlining function 'unsigned int clz<61, 124, 0>(ap_ufixed<124, 0, (ap_q_mode)5, (ap_o_mode)3, 0>)' into 'void range_redux_payne_hanek_hotbm<61, double, 63, 63>(double, ap_uint<3>&, ap_ufixed<63, 0, (ap_q_mode)5, (ap_o_mode)3, 0>&, ap_ufixed<63, 0, (ap_q_mode)5, (ap_o_mode)3, 0>&, ap_int<fp_struct<double>::EXP_BITS>&)' (C:\scratch\2024.1\hls_product\545\2024.1\src\shared\hls\clib/hlsmath/include/FloatingPoint/hls_range_redux.h:437:0)
INFO: [HLS 214-178] Inlining function 'fp_struct<double>::data() const (.62.71.82.91)' into 'fp_struct<double>::to_double() const (.59.68.79.88)' (C:\scratch\2024.1\hls_product\545\2024.1\src\shared\hls\clib/src/hls\utils/x_hls_utils.h:494:0)
INFO: [HLS 214-178] Inlining function 'fp_struct<double>::to_double() const (.59.68.79.88)' into 'fp_struct<double>::to_ieee() const' (C:\scratch\2024.1\hls_product\545\2024.1\src\shared\hls\clib/src/hls\utils/x_hls_utils.h:509:0)
INFO: [HLS 214-178] Inlining function 'clz(int) (.3641)' into 'void scaled_fixed2ieee<63, 1>(ap_ufixed<63, 1, (ap_q_mode)5, (ap_o_mode)3, 0>, double&, int)' (C:\scratch\2024.1\hls_product\545\2024.1\src\shared\hls\clib/src/hls\utils/x_hls_float_utils.h:390:0)
INFO: [HLS 214-178] Inlining function 'fp_struct<double>::set_mantissa(ap_ufixed<53, 1, (ap_q_mode)5, (ap_o_mode)3, 0>)' into 'void scaled_fixed2ieee<63, 1>(ap_ufixed<63, 1, (ap_q_mode)5, (ap_o_mode)3, 0>, double&, int)' (C:\scratch\2024.1\hls_product\545\2024.1\src\shared\hls\clib/src/hls\utils/x_hls_float_utils.h:390:0)
INFO: [HLS 214-178] Inlining function 'fp_struct<double>::to_ieee() const' into 'void scaled_fixed2ieee<63, 1>(ap_ufixed<63, 1, (ap_q_mode)5, (ap_o_mode)3, 0>, double&, int)' (C:\scratch\2024.1\hls_product\545\2024.1\src\shared\hls\clib/src/hls\utils/x_hls_float_utils.h:390:0)
INFO: [HLS 214-178] Inlining function 'fp_struct<double>::fp_struct(double)' into 'double hotbm_::sin_or_cos<double>(double, bool, bool)' (C:\scratch\2024.1\hls_product\545\2024.1\src\shared\hls\clib/hlsmath/include/FloatingPoint\hls_hotbm.h:210:0)
INFO: [HLS 214-178] Inlining function 'void range_redux_payne_hanek_hotbm<61, double, 63, 63>(double, ap_uint<3>&, ap_ufixed<63, 0, (ap_q_mode)5, (ap_o_mode)3, 0>&, ap_ufixed<63, 0, (ap_q_mode)5, (ap_o_mode)3, 0>&, ap_int<fp_struct<double>::EXP_BITS>&)' into 'double hotbm_::sin_or_cos<double>(double, bool, bool)' (C:\scratch\2024.1\hls_product\545\2024.1\src\shared\hls\clib/hlsmath/include/FloatingPoint\hls_hotbm.h:210:0)
INFO: [HLS 214-178] Inlining function 'ap_ufixed<63, 1, (ap_q_mode)5, (ap_o_mode)3, 0> hotbm_::value_list<double>::sin_or_cos_approximation<63, 63>(bool, ap_uint<3>&, ap_ufixed<63, 0, (ap_q_mode)5, (ap_o_mode)3, 0>&, ap_ufixed<63, 0, (ap_q_mode)5, (ap_o_mode)3, 0>&, ap_int<11>&)' into 'double hotbm_::sin_or_cos<double>(double, bool, bool)' (C:\scratch\2024.1\hls_product\545\2024.1\src\shared\hls\clib/hlsmath/include/FloatingPoint\hls_hotbm.h:210:0)
INFO: [HLS 214-178] Inlining function 'void scaled_fixed2ieee<63, 1>(ap_ufixed<63, 1, (ap_q_mode)5, (ap_o_mode)3, 0>, double&, int)' into 'double hotbm_::sin_or_cos<double>(double, bool, bool)' (C:\scratch\2024.1\hls_product\545\2024.1\src\shared\hls\clib/hlsmath/include/FloatingPoint\hls_hotbm.h:210:0)
INFO: [HLS 214-178] Inlining function 'fp_struct<double>::to_ieee() const' into 'double hotbm_::sin_or_cos<double>(double, bool, bool)' (C:\scratch\2024.1\hls_product\545\2024.1\src\shared\hls\clib/hlsmath/include/FloatingPoint\hls_hotbm.h:210:0)
INFO: [HLS 214-178] Inlining function 'hotbm_::sin(double)' into 'hls::hotbm::sin(double)' (C:\scratch\2024.1\hls_product\545\2024.1\src\shared\hls\clib\hlsmath\src\c++\sincoshotbmdouble.cpp:9:0)
INFO: [HLS 214-178] Inlining function 'hls::hotbm::sin(double)' into 'hls::sin(double)' (C:\scratch\2024.1\hls_product\545\2024.1\src\shared\hls\clib\hlsmath\src\c++\sincoshotbmdouble.cpp:24:0)
INFO: [HLS 214-178] Inlining function 'hotbm_::cos(double)' into 'hls::hotbm::cos(double)' (C:\scratch\2024.1\hls_product\545\2024.1\src\shared\hls\clib\hlsmath\src\c++\sincoshotbmdouble.cpp:14:0)
INFO: [HLS 214-178] Inlining function 'hls::hotbm::cos(double)' into 'hls::cos(double)' (C:\scratch\2024.1\hls_product\545\2024.1\src\shared\hls\clib\hlsmath\src\c++\sincoshotbmdouble.cpp:28:0)
INFO: [HLS 214-178] Inlining function 'hls::sin(double)' into 'calculateCoefficients(int, int, int, int, double*)' (Coefficients.cpp:80:0)
INFO: [HLS 214-178] Inlining function 'hls::cos(double)' into 'calculateCoefficients(int, int, int, int, double*)' (Coefficients.cpp:80:0)
INFO: [HLS 214-178] Inlining function 'fp_struct<double>::fp_struct(double)' into 'int generic_cast_IEEE754<int, (ap_q_mode)6, double>(double, bool, hls::enable_if<std::numeric_limits<int>::is_signed, bool>::type)' (C:\scratch\2024.1\hls_product\545\2024.1\src\shared\hls\clib/hlsmath/include/FloatingPoint\hls_case_IEEE754.h:12:0)
INFO: [HLS 214-178] Inlining function 'fp_struct<double>::mantissa() const' into 'int generic_cast_IEEE754<int, (ap_q_mode)6, double>(double, bool, hls::enable_if<std::numeric_limits<int>::is_signed, bool>::type)' (C:\scratch\2024.1\hls_product\545\2024.1\src\shared\hls\clib/hlsmath/include/FloatingPoint\hls_case_IEEE754.h:12:0)
INFO: [HLS 214-178] Inlining function 'fp_struct<double>::expv() const' into 'int generic_cast_IEEE754<int, (ap_q_mode)6, double>(double, bool, hls::enable_if<std::numeric_limits<int>::is_signed, bool>::type)' (C:\scratch\2024.1\hls_product\545\2024.1\src\shared\hls\clib/hlsmath/include/FloatingPoint\hls_case_IEEE754.h:12:0)
INFO: [HLS 214-178] Inlining function 'fp_struct<double>::__signbit() const' into 'int generic_cast_IEEE754<int, (ap_q_mode)6, double>(double, bool, hls::enable_if<std::numeric_limits<int>::is_signed, bool>::type)' (C:\scratch\2024.1\hls_product\545\2024.1\src\shared\hls\clib/hlsmath/include/FloatingPoint\hls_case_IEEE754.h:12:0)
INFO: [HLS 214-178] Inlining function 'int generic_cast_IEEE754<int, (ap_q_mode)6, double>(double, bool, hls::enable_if<std::numeric_limits<int>::is_signed, bool>::type)' into 'int generic_cast_IEEE754<int, double>(double, bool)' (C:\scratch\2024.1\hls_product\545\2024.1\src\shared\hls\clib/hlsmath/include/FloatingPoint\hls_case_IEEE754.h:116:0)
INFO: [HLS 214-178] Inlining function 'int generic_cast_IEEE754<int, double>(double, bool)' into '__hls_fptosi_double_i32' (C:\scratch\2024.1\hls_product\545\2024.1\src\shared\hls\clib\hlsmath\src\lib_floatconversion.cpp:55:0)
INFO: [HLS 214-178] Inlining function 'calculateCoefficients(int, int, int, int, double*)' into 'firTop(hls::stream<hls::axis<ap_int<32>, 2ul, 5ul, 6ul, (unsigned char)56, false>, 0>&, hls::stream<hls::axis<ap_int<32>, 2ul, 5ul, 6ul, (unsigned char)56, false>, 0>&, unsigned int*)' (Coefficients.cpp:5:0)
INFO: [HLS 214-178] Inlining function '__hls_fptosi_double_i32' into 'firTop(hls::stream<hls::axis<ap_int<32>, 2ul, 5ul, 6ul, (unsigned char)56, false>, 0>&, hls::stream<hls::axis<ap_int<32>, 2ul, 5ul, 6ul, (unsigned char)56, false>, 0>&, unsigned int*)' (Coefficients.cpp:5:0)
INFO: [HLS 214-248] Applying array_partition to '_ZZN6hotbm_10value_listIdE24sin_or_cos_approximationILi63ELi63EEE9ap_ufixedIXT_ELi1EL9ap_q_mode5EL9ap_o_mode3ELi0EEbR7ap_uintILi3EERS3_IXT_ELi0ELS4_5ELS5_3ELi0EERS3_IXT0_ELi0ELS4_5ELS5_3ELi0EER6ap_intILi11EEE10swap_table': Complete partitioning on dimension 1. (C:\scratch\2024.1\hls_product\545\2024.1\src\shared\hls\clib\hlsmath\src\common\hls_hotbm_double.cpp:14:0)
INFO: [HLS 214-248] Applying array_partition to '_ZZN6hotbm_10sin_or_cosIdEET_S1_bbE13neg_cos_table': Complete partitioning on dimension 1. (C:\scratch\2024.1\hls_product\545\2024.1\src\shared\hls\clib/hlsmath/include/FloatingPoint\hls_hotbm.h:217:0)
INFO: [HLS 214-248] Applying array_partition to '_ZZN6hotbm_10sin_or_cosIdEET_S1_bbE13neg_sin_table': Complete partitioning on dimension 1. (C:\scratch\2024.1\hls_product\545\2024.1\src\shared\hls\clib/hlsmath/include/FloatingPoint\hls_hotbm.h:216:0)
INFO: [HLS 214-248] Applying array_partition to '_ZZN6hotbm_10sin_or_cosIdEET_S1_bbE10swap_table': Complete partitioning on dimension 1. (C:\scratch\2024.1\hls_product\545\2024.1\src\shared\hls\clib/hlsmath/include/FloatingPoint\hls_hotbm.h:215:0)
WARNING: [HLS 214-358] Array transformation on index using bit extension logic may lead to poor performance. Please use int or long for array index computation to benefit from optimizations. (C:\scratch\2024.1\hls_product\545\2024.1\src\shared\hls\clib/hlsmath/include/FloatingPoint\hls_hotbm.h:242:30)
WARNING: [HLS 214-358] Array transformation on index using bit extension logic may lead to poor performance. Please use int or long for array index computation to benefit from optimizations. (C:\scratch\2024.1\hls_product\545\2024.1\src\shared\hls\clib\hlsmath\src\common\hls_hotbm_double.cpp:29:67)
WARNING: [HLS 214-358] Array transformation on index using bit extension logic may lead to poor performance. Please use int or long for array index computation to benefit from optimizations. (C:\scratch\2024.1\hls_product\545\2024.1\src\shared\hls\clib/hlsmath/include/FloatingPoint\hls_hotbm.h:267:8)
INFO: [HLS 214-376] automatically set the pipeline for Loop< Shift_Accum_Loop> at Coefficients.cpp:66:3 
INFO: [HLS 214-376] automatically set the pipeline for Loop< unknown> at C:\scratch\2024.1\hls_product\545\2024.1\src\shared\hls\clib/src/hls\utils/x_hls_float_utils.h:421:5 
INFO: [HLS 214-376] automatically set the pipeline for Loop< unknown> at C:\scratch\2024.1\hls_product\545\2024.1\src\shared\hls\clib/src/hls\utils/x_hls_float_utils.h:414:5 
INFO: [HLS 214-376] automatically set the pipeline for Loop< unknown> at C:\scratch\2024.1\hls_product\545\2024.1\src\shared\hls\clib/src/hls\utils/x_hls_float_utils.h:401:5 
INFO: [HLS 214-376] automatically set the pipeline for Loop< unknown> at C:\scratch\2024.1\hls_product\545\2024.1\src\shared\hls\clib/src/hls\utils/x_hls_float_utils.h:400:41 
INFO: [HLS 214-376] automatically set the pipeline for Loop< VITIS_LOOP_14_1> at Coefficients.cpp:14:20 
INFO: [HLS 214-376] automatically set the pipeline for Loop< VITIS_LOOP_113_3> at Coefficients.cpp:113:23 
INFO: [HLS 214-421] Automatically partitioning small array 'out_bits' completely based on array size. (C:\scratch\2024.1\hls_product\545\2024.1\src\shared\hls\clib/src/hls\utils/x_hls_float_utils.h:400:17)
INFO: [HLS 214-421] Automatically partitioning small array 'c' completely based on array size. (C:\scratch\2024.1\hls_product\545\2024.1\src\shared\hls\clib/src/hls\utils/x_hls_float_utils.h:413:9)
INFO: [HLS 214-270] Inferring pragma 'array_partition type=complete dim=1' for array 'out_bits.i' due to pipeline pragma (C:\scratch\2024.1\hls_product\545\2024.1\src\shared\hls\clib/src/hls\utils/x_hls_float_utils.h:400:17)
INFO: [HLS 214-270] Inferring pragma 'array_partition type=complete dim=1' for array 'c.i' due to pipeline pragma (C:\scratch\2024.1\hls_product\545\2024.1\src\shared\hls\clib/src/hls\utils/x_hls_float_utils.h:413:9)
INFO: [HLS 214-248] Applying array_partition to 'out_bits.i': Complete partitioning on dimension 1. (C:\scratch\2024.1\hls_product\545\2024.1\src\shared\hls\clib/src/hls\utils/x_hls_float_utils.h:400:17)
INFO: [HLS 214-248] Applying array_partition to 'c.i': Complete partitioning on dimension 1. (C:\scratch\2024.1\hls_product\545\2024.1\src\shared\hls\clib/src/hls\utils/x_hls_float_utils.h:413:9)
INFO: [HLS 214-115] Multiple burst reads of length 6 and bit width 32 in loop 'VITIS_LOOP_14_1'(Coefficients.cpp:14:20) has been inferred on bundle 'gmem'. These burst requests might be further partitioned into multiple requests during RTL generation, based on max_read_burst_length or max_write_burst_length settings. (Coefficients.cpp:14:20)
INFO: [HLS 200-111] Finished Compiling Optimization and Transform: CPU user time: 1 seconds. CPU system time: 0 seconds. Elapsed time: 14.09 seconds; current allocated memory: 184.629 MB.
INFO: [HLS 200-111] Finished Checking Pragmas: CPU user time: 0 seconds. CPU system time: 0 seconds. Elapsed time: 0.003 seconds; current allocated memory: 184.629 MB.
INFO: [HLS 200-10] Starting code transformations ...
INFO: [HLS 200-111] Finished Standard Transforms: CPU user time: 0 seconds. CPU system time: 0 seconds. Elapsed time: 0.095 seconds; current allocated memory: 195.055 MB.
INFO: [HLS 200-10] Checking synthesizability ...
WARNING: [SYNCHK 200-23] C:\scratch\2024.1\hls_product\545\2024.1\src\shared\hls\clib/src/hls\utils/x_hls_float_utils.h:403: variable-indexed range selection may cause suboptimal QoR.
INFO: [SYNCHK 200-10] 0 error(s), 1 warning(s).
INFO: [HLS 200-111] Finished Checking Synthesizability: CPU user time: 0 seconds. CPU system time: 0 seconds. Elapsed time: 0.142 seconds; current allocated memory: 203.680 MB.
INFO: [XFORM 203-401] Performing if-conversion on hyperblock from (C:\scratch\2024.1\hls_product\545\2024.1\src\shared\hls\clib/src/hls\utils/x_hls_float_utils.h:400:17) to (C:\scratch\2024.1\hls_product\545\2024.1\src\shared\hls\clib/src/hls\utils/x_hls_float_utils.h:400:41) in function 'hotbm_::sin_or_cos<double>'... converting 5 basic blocks.
INFO: [XFORM 203-401] Performing if-conversion on hyperblock from (C:\scratch\2024.1\hls_product\545\2024.1\src\shared\hls\clib/src/hls\utils/x_hls_utils.h:459:31) to (C:\scratch\2024.1\hls_product\545\2024.1\src\shared\hls\clib/src/hls\utils/x_hls_float_utils.h:400:41) in function 'hotbm_::sin_or_cos<double>'... converting 3 basic blocks.
INFO: [XFORM 203-401] Performing if-conversion on hyperblock from (C:\scratch\2024.1\hls_product\545\2024.1\src\shared\hls\clib/hlsmath/include/FloatingPoint\hls_hotbm.h:252:40) to (C:\scratch\2024.1\hls_product\545\2024.1\src\shared\hls\clib/hlsmath/include/FloatingPoint\hls_hotbm.h:287:5) in function 'hotbm_::sin_or_cos<double>'... converting 9 basic blocks.
INFO: [HLS 200-111] Finished Loop, function and other optimizations: CPU user time: 0 seconds. CPU system time: 0 seconds. Elapsed time: 0.295 seconds; current allocated memory: 230.684 MB.
INFO: [HLS 200-111] Finished Architecture Synthesis: CPU user time: 1 seconds. CPU system time: 0 seconds. Elapsed time: 0.807 seconds; current allocated memory: 313.020 MB.
INFO: [HLS 200-10] Starting hardware synthesis ...
INFO: [HLS 200-10] Synthesizing 'firTop' ...
WARNING: [SYN 201-103] Legalizing function name 'sin_or_cos<double>_Pipeline_1' to 'sin_or_cos_double_Pipeline_1'.
WARNING: [SYN 201-103] Legalizing function name 'sin_or_cos<double>_Pipeline_2' to 'sin_or_cos_double_Pipeline_2'.
WARNING: [SYN 201-103] Legalizing function name 'sin_or_cos<double>_Pipeline_3' to 'sin_or_cos_double_Pipeline_3'.
WARNING: [SYN 201-103] Legalizing function name 'sin_or_cos<double>_Pipeline_4' to 'sin_or_cos_double_Pipeline_4'.
WARNING: [SYN 201-103] Legalizing function name 'sin_or_cos<double>' to 'sin_or_cos_double_s'.
INFO: [SYN 201-201] Setting up clock 'default' with a period of 10ns.
INFO: [HLS 200-10] ----------------------------------------------------------------
INFO: [HLS 200-42] -- Implementing module 'firTop_Pipeline_VITIS_LOOP_14_1' 
INFO: [HLS 200-10] ----------------------------------------------------------------
INFO: [SCHED 204-11] Starting scheduling ...
INFO: [SCHED 204-61] Pipelining loop 'VITIS_LOOP_14_1'.
INFO: [HLS 200-1470] Pipelining result : Target II = NA, Final II = 1, Depth = 3, loop 'VITIS_LOOP_14_1'
INFO: [SCHED 204-11] Finished scheduling.
INFO: [HLS 200-111] Finished Scheduling: CPU user time: 0 seconds. CPU system time: 0 seconds. Elapsed time: 0.611 seconds; current allocated memory: 317.359 MB.
INFO: [BIND 205-100] Starting micro-architecture generation ...
INFO: [BIND 205-101] Performing variable lifetime analysis.
INFO: [BIND 205-101] Exploring resource sharing.
INFO: [BIND 205-101] Binding ...
INFO: [BIND 205-100] Finished micro-architecture generation.
INFO: [HLS 200-111] Finished Binding: CPU user time: 0 seconds. CPU system time: 0 seconds. Elapsed time: 0.065 seconds; current allocated memory: 318.496 MB.
INFO: [HLS 200-10] ----------------------------------------------------------------
INFO: [HLS 200-42] -- Implementing module 'sin_or_cos_double_Pipeline_1' 
INFO: [HLS 200-10] ----------------------------------------------------------------
INFO: [SCHED 204-11] Starting scheduling ...
INFO: [SCHED 204-61] Pipelining loop 'Loop 1'.
INFO: [HLS 200-1470] Pipelining result : Target II = NA, Final II = 1, Depth = 1, loop 'Loop 1'
INFO: [SCHED 204-11] Finished scheduling.
INFO: [HLS 200-111] Finished Scheduling: CPU user time: 0 seconds. CPU system time: 0 seconds. Elapsed time: 0.15 seconds; current allocated memory: 318.613 MB.
INFO: [BIND 205-100] Starting micro-architecture generation ...
INFO: [BIND 205-101] Performing variable lifetime analysis.
INFO: [BIND 205-101] Exploring resource sharing.
INFO: [BIND 205-101] Binding ...
INFO: [BIND 205-100] Finished micro-architecture generation.
INFO: [HLS 200-111] Finished Binding: CPU user time: 0 seconds. CPU system time: 0 seconds. Elapsed time: 0.092 seconds; current allocated memory: 318.633 MB.
INFO: [HLS 200-10] ----------------------------------------------------------------
INFO: [HLS 200-42] -- Implementing module 'sin_or_cos_double_Pipeline_2' 
INFO: [HLS 200-10] ----------------------------------------------------------------
INFO: [SCHED 204-11] Starting scheduling ...
INFO: [SCHED 204-61] Pipelining loop 'Loop 1'.
INFO: [HLS 200-1470] Pipelining result : Target II = NA, Final II = 1, Depth = 1, loop 'Loop 1'
INFO: [SCHED 204-11] Finished scheduling.
INFO: [HLS 200-111] Finished Scheduling: CPU user time: 0 seconds. CPU system time: 0 seconds. Elapsed time: 0.156 seconds; current allocated memory: 318.809 MB.
INFO: [BIND 205-100] Starting micro-architecture generation ...
INFO: [BIND 205-101] Performing variable lifetime analysis.
INFO: [BIND 205-101] Exploring resource sharing.
INFO: [BIND 205-101] Binding ...
INFO: [BIND 205-100] Finished micro-architecture generation.
INFO: [HLS 200-111] Finished Binding: CPU user time: 0 seconds. CPU system time: 0 seconds. Elapsed time: 0.075 seconds; current allocated memory: 318.836 MB.
INFO: [HLS 200-10] ----------------------------------------------------------------
INFO: [HLS 200-42] -- Implementing module 'sin_or_cos_double_Pipeline_3' 
INFO: [HLS 200-10] ----------------------------------------------------------------
INFO: [SCHED 204-11] Starting scheduling ...
INFO: [SCHED 204-61] Pipelining loop 'Loop 1'.
INFO: [HLS 200-1470] Pipelining result : Target II = NA, Final II = 1, Depth = 1, loop 'Loop 1'
INFO: [SCHED 204-11] Finished scheduling.
INFO: [HLS 200-111] Finished Scheduling: CPU user time: 0 seconds. CPU system time: 0 seconds. Elapsed time: 0.164 seconds; current allocated memory: 318.855 MB.
INFO: [BIND 205-100] Starting micro-architecture generation ...
INFO: [BIND 205-101] Performing variable lifetime analysis.
INFO: [BIND 205-101] Exploring resource sharing.
INFO: [BIND 205-101] Binding ...
INFO: [BIND 205-100] Finished micro-architecture generation.
INFO: [HLS 200-111] Finished Binding: CPU user time: 0 seconds. CPU system time: 0 seconds. Elapsed time: 0.112 seconds; current allocated memory: 318.855 MB.
INFO: [HLS 200-10] ----------------------------------------------------------------
INFO: [HLS 200-42] -- Implementing module 'sin_or_cos_double_Pipeline_4' 
INFO: [HLS 200-10] ----------------------------------------------------------------
INFO: [SCHED 204-11] Starting scheduling ...
INFO: [SCHED 204-61] Pipelining loop 'Loop 1'.
INFO: [HLS 200-1470] Pipelining result : Target II = NA, Final II = 1, Depth = 2, loop 'Loop 1'
INFO: [SCHED 204-11] Finished scheduling.
INFO: [HLS 200-111] Finished Scheduling: CPU user time: 0 seconds. CPU system time: 0 seconds. Elapsed time: 1.121 seconds; current allocated memory: 318.875 MB.
INFO: [BIND 205-100] Starting micro-architecture generation ...
INFO: [BIND 205-101] Performing variable lifetime analysis.
INFO: [BIND 205-101] Exploring resource sharing.
INFO: [BIND 205-101] Binding ...
INFO: [BIND 205-100] Finished micro-architecture generation.
INFO: [HLS 200-111] Finished Binding: CPU user time: 0 seconds. CPU system time: 0 seconds. Elapsed time: 0.11 seconds; current allocated memory: 318.922 MB.
INFO: [HLS 200-10] ----------------------------------------------------------------
INFO: [HLS 200-42] -- Implementing module 'sin_or_cos_double_s' 
INFO: [HLS 200-10] ----------------------------------------------------------------
INFO: [SCHED 204-11] Starting scheduling ...
INFO: [SCHED 204-11] Finished scheduling.
INFO: [HLS 200-111] Finished Scheduling: CPU user time: 1 seconds. CPU system time: 0 seconds. Elapsed time: 0.206 seconds; current allocated memory: 319.629 MB.
INFO: [BIND 205-100] Starting micro-architecture generation ...
INFO: [BIND 205-101] Performing variable lifetime analysis.
INFO: [BIND 205-101] Exploring resource sharing.
INFO: [BIND 205-101] Binding ...
INFO: [BIND 205-100] Finished micro-architecture generation.
INFO: [HLS 200-111] Finished Binding: CPU user time: 0 seconds. CPU system time: 0 seconds. Elapsed time: 0.127 seconds; current allocated memory: 319.949 MB.
INFO: [HLS 200-10] ----------------------------------------------------------------
INFO: [HLS 200-42] -- Implementing module 'firTop_Pipeline_VITIS_LOOP_113_3' 
INFO: [HLS 200-10] ----------------------------------------------------------------
INFO: [SCHED 204-11] Starting scheduling ...
INFO: [SCHED 204-61] Pipelining loop 'VITIS_LOOP_113_3'.
INFO: [HLS 200-1470] Pipelining result : Target II = NA, Final II = 1, Depth = 23, loop 'VITIS_LOOP_113_3'
INFO: [SCHED 204-11] Finished scheduling.
INFO: [HLS 200-111] Finished Scheduling: CPU user time: 0 seconds. CPU system time: 0 seconds. Elapsed time: 0.196 seconds; current allocated memory: 320.164 MB.
INFO: [BIND 205-100] Starting micro-architecture generation ...
INFO: [BIND 205-101] Performing variable lifetime analysis.
INFO: [BIND 205-101] Exploring resource sharing.
INFO: [BIND 205-101] Binding ...
INFO: [BIND 205-100] Finished micro-architecture generation.
INFO: [HLS 200-111] Finished Binding: CPU user time: 0 seconds. CPU system time: 0 seconds. Elapsed time: 0.106 seconds; current allocated memory: 320.262 MB.
INFO: [HLS 200-10] ----------------------------------------------------------------
INFO: [HLS 200-42] -- Implementing module 'fir_Pipeline_Shift_Accum_Loop' 
INFO: [HLS 200-10] ----------------------------------------------------------------
INFO: [SCHED 204-11] Starting scheduling ...
INFO: [SCHED 204-61] Pipelining loop 'Shift_Accum_Loop'.
WARNING: [HLS 200-880] The II Violation in module 'fir_Pipeline_Shift_Accum_Loop' (loop 'Shift_Accum_Loop'): Unable to enforce a carried dependence constraint (II = 1, distance = 1, offset = 1) between 'store' operation 0 bit ('shift_reg_addr_1_write_ln71', Coefficients.cpp:71) of variable 'data', Coefficients.cpp:71 on array 'shift_reg' and 'load' operation 64 bit ('data', Coefficients.cpp:71) on array 'shift_reg'.
Resolution: For help on HLS 200-880 see docs.xilinx.com/access/sources/dita/topic?Doc_Version=2024.1%20English&url=ug1448-hls-guidance&resourceid=200-880.html
WARNING: [HLS 200-880] The II Violation in module 'fir_Pipeline_Shift_Accum_Loop' (loop 'Shift_Accum_Loop'): Unable to enforce a carried dependence constraint (II = 2, distance = 1, offset = 0) between 'store' operation 0 bit ('acc_1_write_ln53', Coefficients.cpp:53) of variable 'acc', Coefficients.cpp:74 on local variable 'acc', Coefficients.cpp:53 and 'load' operation 64 bit ('acc_1_load', Coefficients.cpp:74) on local variable 'acc', Coefficients.cpp:53.
Resolution: For help on HLS 200-880 see docs.xilinx.com/access/sources/dita/topic?Doc_Version=2024.1%20English&url=ug1448-hls-guidance&resourceid=200-880.html
WARNING: [HLS 200-880] The II Violation in module 'fir_Pipeline_Shift_Accum_Loop' (loop 'Shift_Accum_Loop'): Unable to enforce a carried dependence constraint (II = 3, distance = 1, offset = 0) between 'store' operation 0 bit ('acc_1_write_ln53', Coefficients.cpp:53) of variable 'acc', Coefficients.cpp:74 on local variable 'acc', Coefficients.cpp:53 and 'load' operation 64 bit ('acc_1_load', Coefficients.cpp:74) on local variable 'acc', Coefficients.cpp:53.
Resolution: For help on HLS 200-880 see docs.xilinx.com/access/sources/dita/topic?Doc_Version=2024.1%20English&url=ug1448-hls-guidance&resourceid=200-880.html
INFO: [HLS 200-1470] Pipelining result : Target II = NA, Final II = 4, Depth = 13, loop 'Shift_Accum_Loop'
INFO: [SCHED 204-11] Finished scheduling.
INFO: [HLS 200-111] Finished Scheduling: CPU user time: 0 seconds. CPU system time: 0 seconds. Elapsed time: 1.147 seconds; current allocated memory: 320.496 MB.
INFO: [BIND 205-100] Starting micro-architecture generation ...
INFO: [BIND 205-101] Performing variable lifetime analysis.
INFO: [BIND 205-101] Exploring resource sharing.
INFO: [BIND 205-101] Binding ...
INFO: [BIND 205-100] Finished micro-architecture generation.
INFO: [HLS 200-111] Finished Binding: CPU user time: 0 seconds. CPU system time: 0 seconds. Elapsed time: 0.118 seconds; current allocated memory: 320.539 MB.
INFO: [HLS 200-10] ----------------------------------------------------------------
INFO: [HLS 200-42] -- Implementing module 'fir' 
INFO: [HLS 200-10] ----------------------------------------------------------------
INFO: [SCHED 204-11] Starting scheduling ...
INFO: [SCHED 204-11] Finished scheduling.
INFO: [HLS 200-111] Finished Scheduling: CPU user time: 0 seconds. CPU system time: 0 seconds. Elapsed time: 0.178 seconds; current allocated memory: 322.941 MB.
INFO: [BIND 205-100] Starting micro-architecture generation ...
INFO: [BIND 205-101] Performing variable lifetime analysis.
INFO: [BIND 205-101] Exploring resource sharing.
INFO: [BIND 205-101] Binding ...
INFO: [BIND 205-100] Finished micro-architecture generation.
INFO: [HLS 200-111] Finished Binding: CPU user time: 0 seconds. CPU system time: 0 seconds. Elapsed time: 0.16 seconds; current allocated memory: 323.109 MB.
INFO: [HLS 200-10] ----------------------------------------------------------------
INFO: [HLS 200-42] -- Implementing module 'firTop' 
INFO: [HLS 200-10] ----------------------------------------------------------------
INFO: [SCHED 204-11] Starting scheduling ...
INFO: [SCHED 204-11] Finished scheduling.
INFO: [HLS 200-111] Finished Scheduling: CPU user time: 0 seconds. CPU system time: 0 seconds. Elapsed time: 0.213 seconds; current allocated memory: 324.023 MB.
INFO: [BIND 205-100] Starting micro-architecture generation ...
INFO: [BIND 205-101] Performing variable lifetime analysis.
INFO: [BIND 205-101] Exploring resource sharing.
INFO: [BIND 205-101] Binding ...
INFO: [BIND 205-100] Finished micro-architecture generation.
INFO: [HLS 200-111] Finished Binding: CPU user time: 0 seconds. CPU system time: 0 seconds. Elapsed time: 0.135 seconds; current allocated memory: 324.934 MB.
INFO: [HLS 200-10] ----------------------------------------------------------------
INFO: [HLS 200-10] -- Generating RTL for module 'firTop_Pipeline_VITIS_LOOP_14_1' 
INFO: [HLS 200-10] ----------------------------------------------------------------
INFO: [HLS 200-1030] Apply Unified Pipeline Control on module 'firTop_Pipeline_VITIS_LOOP_14_1' pipeline 'VITIS_LOOP_14_1' pipeline type 'loop pipeline'
WARNING: [RTGEN 206-101] Setting dangling out port 'firTop_Pipeline_VITIS_LOOP_14_1/m_axi_gmem_ARVALID' to 0.
WARNING: [RTGEN 206-101] Setting dangling out port 'firTop_Pipeline_VITIS_LOOP_14_1/m_axi_gmem_ARADDR' to 0.
WARNING: [RTGEN 206-101] Setting dangling out port 'firTop_Pipeline_VITIS_LOOP_14_1/m_axi_gmem_ARID' to 0.
WARNING: [RTGEN 206-101] Setting dangling out port 'firTop_Pipeline_VITIS_LOOP_14_1/m_axi_gmem_ARLEN' to 0.
WARNING: [RTGEN 206-101] Setting dangling out port 'firTop_Pipeline_VITIS_LOOP_14_1/m_axi_gmem_ARSIZE' to 0.
WARNING: [RTGEN 206-101] Setting dangling out port 'firTop_Pipeline_VITIS_LOOP_14_1/m_axi_gmem_ARBURST' to 0.
WARNING: [RTGEN 206-101] Setting dangling out port 'firTop_Pipeline_VITIS_LOOP_14_1/m_axi_gmem_ARLOCK' to 0.
WARNING: [RTGEN 206-101] Setting dangling out port 'firTop_Pipeline_VITIS_LOOP_14_1/m_axi_gmem_ARCACHE' to 0.
WARNING: [RTGEN 206-101] Setting dangling out port 'firTop_Pipeline_VITIS_LOOP_14_1/m_axi_gmem_ARPROT' to 0.
WARNING: [RTGEN 206-101] Setting dangling out port 'firTop_Pipeline_VITIS_LOOP_14_1/m_axi_gmem_ARQOS' to 0.
WARNING: [RTGEN 206-101] Setting dangling out port 'firTop_Pipeline_VITIS_LOOP_14_1/m_axi_gmem_ARREGION' to 0.
WARNING: [RTGEN 206-101] Setting dangling out port 'firTop_Pipeline_VITIS_LOOP_14_1/m_axi_gmem_ARUSER' to 0.
INFO: [RTGEN 206-100] Finished creating RTL model for 'firTop_Pipeline_VITIS_LOOP_14_1'.
INFO: [HLS 200-111] Finished Creating RTL model: CPU user time: 0 seconds. CPU system time: 0 seconds. Elapsed time: 1.118 seconds; current allocated memory: 326.867 MB.
INFO: [HLS 200-10] ----------------------------------------------------------------
INFO: [HLS 200-10] -- Generating RTL for module 'sin_or_cos_double_Pipeline_1' 
INFO: [HLS 200-10] ----------------------------------------------------------------
INFO: [RTGEN 206-100] Finished creating RTL model for 'sin_or_cos_double_Pipeline_1'.
INFO: [HLS 200-111] Finished Creating RTL model: CPU user time: 0 seconds. CPU system time: 0 seconds. Elapsed time: 0.146 seconds; current allocated memory: 328.176 MB.
INFO: [HLS 200-10] ----------------------------------------------------------------
INFO: [HLS 200-10] -- Generating RTL for module 'sin_or_cos_double_Pipeline_2' 
INFO: [HLS 200-10] ----------------------------------------------------------------
INFO: [RTGEN 206-100] Finished creating RTL model for 'sin_or_cos_double_Pipeline_2'.
INFO: [HLS 200-111] Finished Creating RTL model: CPU user time: 0 seconds. CPU system time: 0 seconds. Elapsed time: 0.178 seconds; current allocated memory: 328.875 MB.
INFO: [HLS 200-10] ----------------------------------------------------------------
INFO: [HLS 200-10] -- Generating RTL for module 'sin_or_cos_double_Pipeline_3' 
INFO: [HLS 200-10] ----------------------------------------------------------------
INFO: [RTGEN 206-100] Generating core module 'sparsemux_9_2_32_1_1': 1 instance(s).
INFO: [RTGEN 206-100] Finished creating RTL model for 'sin_or_cos_double_Pipeline_3'.
INFO: [HLS 200-111] Finished Creating RTL model: CPU user time: 0 seconds. CPU system time: 1 seconds. Elapsed time: 0.182 seconds; current allocated memory: 330.250 MB.
INFO: [HLS 200-10] ----------------------------------------------------------------
INFO: [HLS 200-10] -- Generating RTL for module 'sin_or_cos_double_Pipeline_4' 
INFO: [HLS 200-10] ----------------------------------------------------------------
INFO: [HLS 200-1030] Apply Unified Pipeline Control on module 'sin_or_cos_double_Pipeline_4' pipeline 'Loop 1' pipeline type 'loop pipeline'
INFO: [RTGEN 206-100] Generating core module 'sparsemux_9_2_32_1_1': 1 instance(s).
INFO: [RTGEN 206-100] Finished creating RTL model for 'sin_or_cos_double_Pipeline_4'.
INFO: [HLS 200-111] Finished Creating RTL model: CPU user time: 0 seconds. CPU system time: 0 seconds. Elapsed time: 0.21 seconds; current allocated memory: 331.262 MB.
INFO: [HLS 200-10] ----------------------------------------------------------------
INFO: [HLS 200-10] -- Generating RTL for module 'sin_or_cos_double_s' 
INFO: [HLS 200-10] ----------------------------------------------------------------
INFO: [RTGEN 206-100] Generating core module 'mul_170s_53ns_170_2_1': 1 instance(s).
INFO: [RTGEN 206-100] Generating core module 'mul_35ns_25ns_60_1_1': 1 instance(s).
INFO: [RTGEN 206-100] Generating core module 'mul_42ns_33ns_75_1_1': 1 instance(s).
INFO: [RTGEN 206-100] Generating core module 'mul_49ns_44s_93_1_1': 1 instance(s).
INFO: [RTGEN 206-100] Generating core module 'mul_49ns_49ns_98_1_1': 2 instance(s).
INFO: [RTGEN 206-100] Generating core module 'mul_56ns_52s_108_1_1': 1 instance(s).
INFO: [RTGEN 206-100] Generating core module 'mul_64s_63ns_126_1_1': 1 instance(s).
INFO: [RTGEN 206-100] Generating core module 'sparsemux_17_3_1_1_1': 1 instance(s).
INFO: [RTGEN 206-100] Generating core module 'sparsemux_33_4_1_1_1': 2 instance(s).
INFO: [RTGEN 206-100] Finished creating RTL model for 'sin_or_cos_double_s'.
INFO: [RTMG 210-279] Implementing memory 'firTop_sin_or_cos_double_s_ref_4oPi_table_256_ROM_AUTO_1R' using auto ROMs.
INFO: [RTMG 210-279] Implementing memory 'firTop_sin_or_cos_double_s_fourth_order_double_sin_cos_K0_ROM_1P_LUTRAM_1R' using distributed ROMs.
INFO: [RTMG 210-279] Implementing memory 'firTop_sin_or_cos_double_s_fourth_order_double_sin_cos_K1_ROM_1P_LUTRAM_1R' using distributed ROMs.
INFO: [RTMG 210-279] Implementing memory 'firTop_sin_or_cos_double_s_fourth_order_double_sin_cos_K2_ROM_1P_LUTRAM_1R' using distributed ROMs.
INFO: [RTMG 210-279] Implementing memory 'firTop_sin_or_cos_double_s_fourth_order_double_sin_cos_K3_ROM_1P_LUTRAM_1R' using distributed ROMs.
INFO: [RTMG 210-279] Implementing memory 'firTop_sin_or_cos_double_s_fourth_order_double_sin_cos_K4_ROM_1P_LUTRAM_1R' using distributed ROMs.
INFO: [HLS 200-111] Finished Creating RTL model: CPU user time: 1 seconds. CPU system time: 0 seconds. Elapsed time: 1.262 seconds; current allocated memory: 334.391 MB.
INFO: [HLS 200-10] ----------------------------------------------------------------
INFO: [HLS 200-10] -- Generating RTL for module 'firTop_Pipeline_VITIS_LOOP_113_3' 
INFO: [HLS 200-10] ----------------------------------------------------------------
INFO: [HLS 200-1030] Apply Unified Pipeline Control on module 'firTop_Pipeline_VITIS_LOOP_113_3' pipeline 'VITIS_LOOP_113_3' pipeline type 'loop pipeline'
INFO: [RTGEN 206-100] Generating core module 'ddiv_64ns_64ns_64_22_no_dsp_1': 1 instance(s).
INFO: [RTGEN 206-100] Finished creating RTL model for 'firTop_Pipeline_VITIS_LOOP_113_3'.
INFO: [HLS 200-111] Finished Creating RTL model: CPU user time: 0 seconds. CPU system time: 0 seconds. Elapsed time: 0.362 seconds; current allocated memory: 337.621 MB.
INFO: [HLS 200-10] ----------------------------------------------------------------
INFO: [HLS 200-10] -- Generating RTL for module 'fir_Pipeline_Shift_Accum_Loop' 
INFO: [HLS 200-10] ----------------------------------------------------------------
INFO: [HLS 200-1030] Apply Unified Pipeline Control on module 'fir_Pipeline_Shift_Accum_Loop' pipeline 'Shift_Accum_Loop' pipeline type 'loop pipeline'
INFO: [RTGEN 206-100] Generating core module 'dadddsub_64ns_64ns_64_5_full_dsp_1': 1 instance(s).
INFO: [RTGEN 206-100] Generating core module 'dmul_64ns_64ns_64_5_max_dsp_1': 1 instance(s).
INFO: [RTGEN 206-100] Finished creating RTL model for 'fir_Pipeline_Shift_Accum_Loop'.
INFO: [HLS 200-111] Finished Creating RTL model: CPU user time: 0 seconds. CPU system time: 0 seconds. Elapsed time: 0.231 seconds; current allocated memory: 338.391 MB.
INFO: [HLS 200-10] ----------------------------------------------------------------
INFO: [HLS 200-10] -- Generating RTL for module 'fir' 
INFO: [HLS 200-10] ----------------------------------------------------------------
INFO: [RTGEN 206-100] Generating core module 'dadddsub_64ns_64ns_64_5_full_dsp_1': 1 instance(s).
INFO: [RTGEN 206-100] Generating core module 'dmul_64ns_64ns_64_5_max_dsp_1': 1 instance(s).
INFO: [RTGEN 206-100] Finished creating RTL model for 'fir'.
INFO: [RTMG 210-278] Implementing memory 'firTop_fir_shift_reg_RAM_AUTO_1R1W' using auto RAMs.
INFO: [HLS 200-111] Finished Creating RTL model: CPU user time: 0 seconds. CPU system time: 0 seconds. Elapsed time: 0.369 seconds; current allocated memory: 343.934 MB.
INFO: [HLS 200-10] ----------------------------------------------------------------
INFO: [HLS 200-10] -- Generating RTL for module 'firTop' 
INFO: [HLS 200-10] ----------------------------------------------------------------
WARNING: [RTGEN 206-101] Design contains AXI ports. Reset is fixed to synchronous and active low.
INFO: [RTGEN 206-500] Setting interface mode on port 'firTop/gmem' to 'm_axi'.
INFO: [RTGEN 206-500] Setting interface mode on port 'firTop/in_stream_V_data_V' to 'axis' (register, both mode).
INFO: [RTGEN 206-500] Setting interface mode on port 'firTop/in_stream_V_keep_V' to 'axis' (register, both mode).
INFO: [RTGEN 206-500] Setting interface mode on port 'firTop/in_stream_V_strb_V' to 'axis' (register, both mode).
INFO: [RTGEN 206-500] Setting interface mode on port 'firTop/in_stream_V_user_V' to 'axis' (register, both mode).
INFO: [RTGEN 206-500] Setting interface mode on port 'firTop/in_stream_V_last_V' to 'axis' (register, both mode).
INFO: [RTGEN 206-500] Setting interface mode on port 'firTop/in_stream_V_id_V' to 'axis' (register, both mode).
INFO: [RTGEN 206-500] Setting interface mode on port 'firTop/in_stream_V_dest_V' to 'axis' (register, both mode).
INFO: [RTGEN 206-500] Setting interface mode on port 'firTop/out_stream_V_data_V' to 'axis' (register, both mode).
INFO: [RTGEN 206-500] Setting interface mode on port 'firTop/out_stream_V_keep_V' to 'axis' (register, both mode).
INFO: [RTGEN 206-500] Setting interface mode on port 'firTop/out_stream_V_strb_V' to 'axis' (register, both mode).
INFO: [RTGEN 206-500] Setting interface mode on port 'firTop/out_stream_V_user_V' to 'axis' (register, both mode).
INFO: [RTGEN 206-500] Setting interface mode on port 'firTop/out_stream_V_last_V' to 'axis' (register, both mode).
INFO: [RTGEN 206-500] Setting interface mode on port 'firTop/out_stream_V_id_V' to 'axis' (register, both mode).
INFO: [RTGEN 206-500] Setting interface mode on port 'firTop/out_stream_V_dest_V' to 'axis' (register, both mode).
INFO: [RTGEN 206-500] Setting interface mode on port 'firTop/bram' to 's_axilite & ap_none'.
INFO: [RTGEN 206-500] Setting interface mode on function 'firTop' to 's_axilite & ap_ctrl_none'.
INFO: [RTGEN 206-100] Bundling port 'bram' and 'return' to AXI-Lite port control.
INFO: [RTGEN 206-100] Generating core module 'dadddsub_64ns_64ns_64_5_full_dsp_1': 1 instance(s).
INFO: [RTGEN 206-100] Generating core module 'dcmp_64ns_64ns_1_2_no_dsp_1': 1 instance(s).
INFO: [RTGEN 206-100] Generating core module 'ddiv_64ns_64ns_64_22_no_dsp_1': 2 instance(s).
INFO: [RTGEN 206-100] Generating core module 'dmul_64ns_64ns_64_5_max_dsp_1': 2 instance(s).
INFO: [RTGEN 206-100] Generating core module 'sitodp_32ns_64_4_no_dsp_1': 2 instance(s).
INFO: [RTGEN 206-100] Finished creating RTL model for 'firTop'.
INFO: [RTMG 210-278] Implementing memory 'firTop_taps_RAM_AUTO_1R1W' using auto RAMs.
INFO: [RTMG 210-278] Implementing memory 'firTop_bramVal_RAM_AUTO_1R1W' using auto RAMs.
INFO: [HLS 200-111] Finished Creating RTL model: CPU user time: 0 seconds. CPU system time: 0 seconds. Elapsed time: 1.331 seconds; current allocated memory: 354.160 MB.
INFO: [HLS 200-111] Finished Generating all RTL models: CPU user time: 1 seconds. CPU system time: 0 seconds. Elapsed time: 1.101 seconds; current allocated memory: 359.918 MB.
INFO: [HLS 200-1603] Design has inferred MAXI bursts and missed bursts, see Vitis HLS GUI synthesis summary report for detailed information.
INFO: [HLS 200-111] Finished Updating report files: CPU user time: 0 seconds. CPU system time: 1 seconds. Elapsed time: 1.991 seconds; current allocated memory: 369.500 MB.
INFO: [VHDL 208-304] Generating VHDL RTL for firTop.
INFO: [VLOG 209-307] Generating Verilog RTL for firTop.
INFO: [HLS 200-790] **** Loop Constraint Status: All loop constraints were satisfied.
INFO: [HLS 200-789] **** Estimated Fmax: 136.99 MHz
INFO: [HLS 200-112] Total CPU user time: 6 seconds. Total CPU system time: 3 seconds. Total elapsed time: 49.454 seconds; peak allocated memory: 369.664 MB.
INFO: [v++ 60-791] Total elapsed time: 0h 0m 53s
