

================================================================
== Vitis HLS Report for 'calculateCoefficients'
================================================================
* Date:           Fri Mar 27 14:36:01 2026

* Version:        2024.1 (Build 5069499 on May 21 2024)
* Project:        calculateCoefficients
* Solution:       hls (Vivado IP Flow Target)
* Product family: zynquplus
* Target device:  xczu3eg-sfvc784-2-e


================================================================
== Performance Estimates
================================================================
+ Timing: 
    * Summary: 
    +--------+----------+----------+------------+
    |  Clock |  Target  | Estimated| Uncertainty|
    +--------+----------+----------+------------+
    |ap_clk  |  10.00 ns|  7.300 ns|     2.70 ns|
    +--------+----------+----------+------------+

+ Latency: 
    * Summary: 
    +---------+---------+----------+----------+-----+-----+---------+
    |  Latency (cycles) |  Latency (absolute) |  Interval | Pipeline|
    |   min   |   max   |    min   |    max   | min | max |   Type  |
    +---------+---------+----------+----------+-----+-----+---------+
    |       93|       93|  0.930 us|  0.930 us|   94|   94|       no|
    +---------+---------+----------+----------+-----+-----+---------+

    + Detail: 
        * Instance: 
        N/A

        * Loop: 
        N/A

============================================================
+ Verbose Summary: Synthesis Manager
============================================================
InlineROM: 1
ExposeGlobal: 0
============================================================
+ Verbose Summary: CDFG Model
============================================================
IsTopModel: 1
ResetActiveHigh: 1
IsCombinational: 0
IsDatapathOnly: 0
HasWiredReturn: 1
HasMFsm: 0
HasVarLatency: 1
IsPipeline: 0
IsRtlPipelined: 0
IsInstanceOverlapped: 0
IsDontTouch: 0
HasImplIP: 0
IsGatedGlobalClock: 0


============================================================
+ Verbose Summary: Schedule
============================================================
* Number of FSM states : 36
* Pipeline : 0
* Dataflow Pipeline: 0

* FSM state transitions: 
1 --> 2 
2 --> 3 
3 --> 4 
4 --> 5 
5 --> 6 
6 --> 7 
7 --> 8 
8 --> 9 
9 --> 10 
10 --> 11 
11 --> 12 
12 --> 13 
13 --> 14 
14 --> 15 
15 --> 16 
16 --> 17 
17 --> 18 
18 --> 19 
19 --> 20 
20 --> 21 
21 --> 22 
22 --> 23 
23 --> 24 
24 --> 25 
25 --> 26 
26 --> 27 
27 --> 28 
28 --> 29 
29 --> 30 
30 --> 31 
31 --> 32 
32 --> 33 
33 --> 34 
34 --> 35 
35 --> 36 
36 --> 

* FSM state operations: 

State 1 <SV = 0> <Delay = 6.19>
ST_1 : Operation 37 [1/1] (1.00ns)   --->   "%bram_read = read i64 @_ssdm_op_Read.s_axilite.i64, i64 %bram" [Coefficients.cpp:6]   --->   Operation 37 'read' 'bram_read' <Predicate = true> <Delay = 1.00> <CoreInst = "s_axilite">   --->   Core 120 's_axilite' <Latency = 0> <II = 1> <Delay = 1.00> <Adapter> <Opcode : 'read' 'write'>
ST_1 : Operation 38 [1/1] (1.00ns)   --->   "%samplingRate_read = read i32 @_ssdm_op_Read.s_axilite.i32, i32 %samplingRate" [Coefficients.cpp:6]   --->   Operation 38 'read' 'samplingRate_read' <Predicate = true> <Delay = 1.00> <CoreInst = "s_axilite">   --->   Core 120 's_axilite' <Latency = 0> <II = 1> <Delay = 1.00> <Adapter> <Opcode : 'read' 'write'>
ST_1 : Operation 39 [1/1] (1.00ns)   --->   "%upperCutoff_read = read i32 @_ssdm_op_Read.s_axilite.i32, i32 %upperCutoff" [Coefficients.cpp:6]   --->   Operation 39 'read' 'upperCutoff_read' <Predicate = true> <Delay = 1.00> <CoreInst = "s_axilite">   --->   Core 120 's_axilite' <Latency = 0> <II = 1> <Delay = 1.00> <Adapter> <Opcode : 'read' 'write'>
ST_1 : Operation 40 [1/1] (1.00ns)   --->   "%lowerCutoff_read = read i32 @_ssdm_op_Read.s_axilite.i32, i32 %lowerCutoff" [Coefficients.cpp:6]   --->   Operation 40 'read' 'lowerCutoff_read' <Predicate = true> <Delay = 1.00> <CoreInst = "s_axilite">   --->   Core 120 's_axilite' <Latency = 0> <II = 1> <Delay = 1.00> <Adapter> <Opcode : 'read' 'write'>
ST_1 : Operation 41 [4/4] (5.19ns)   --->   "%conv = sitofp i32 %lowerCutoff_read" [Coefficients.cpp:19]   --->   Operation 41 'sitofp' 'conv' <Predicate = true> <Delay = 5.19> <CoreInst = "Int2Float">   --->   Core 62 'Int2Float' <Latency = 3> <II = 1> <Delay = 5.19> <FuncUnit> <Opcode : 'uitofp' 'sitofp'> <InPorts = 1> <OutPorts = 1>
ST_1 : Operation 42 [4/4] (5.19ns)   --->   "%conv2 = sitofp i32 %upperCutoff_read" [Coefficients.cpp:20]   --->   Operation 42 'sitofp' 'conv2' <Predicate = true> <Delay = 5.19> <CoreInst = "Int2Float">   --->   Core 62 'Int2Float' <Latency = 3> <II = 1> <Delay = 5.19> <FuncUnit> <Opcode : 'uitofp' 'sitofp'> <InPorts = 1> <OutPorts = 1>
ST_1 : Operation 43 [1/1] (0.00ns)   --->   "%trunc_ln = partselect i61 @_ssdm_op_PartSelect.i61.i64.i32.i32, i64 %bram_read, i32 3, i32 63" [Coefficients.cpp:22]   --->   Operation 43 'partselect' 'trunc_ln' <Predicate = true> <Delay = 0.00>

State 2 <SV = 1> <Delay = 5.19>
ST_2 : Operation 44 [3/4] (5.19ns)   --->   "%conv = sitofp i32 %lowerCutoff_read" [Coefficients.cpp:19]   --->   Operation 44 'sitofp' 'conv' <Predicate = true> <Delay = 5.19> <CoreInst = "Int2Float">   --->   Core 62 'Int2Float' <Latency = 3> <II = 1> <Delay = 5.19> <FuncUnit> <Opcode : 'uitofp' 'sitofp'> <InPorts = 1> <OutPorts = 1>
ST_2 : Operation 45 [3/4] (5.19ns)   --->   "%conv2 = sitofp i32 %upperCutoff_read" [Coefficients.cpp:20]   --->   Operation 45 'sitofp' 'conv2' <Predicate = true> <Delay = 5.19> <CoreInst = "Int2Float">   --->   Core 62 'Int2Float' <Latency = 3> <II = 1> <Delay = 5.19> <FuncUnit> <Opcode : 'uitofp' 'sitofp'> <InPorts = 1> <OutPorts = 1>

State 3 <SV = 2> <Delay = 5.19>
ST_3 : Operation 46 [2/4] (5.19ns)   --->   "%conv = sitofp i32 %lowerCutoff_read" [Coefficients.cpp:19]   --->   Operation 46 'sitofp' 'conv' <Predicate = true> <Delay = 5.19> <CoreInst = "Int2Float">   --->   Core 62 'Int2Float' <Latency = 3> <II = 1> <Delay = 5.19> <FuncUnit> <Opcode : 'uitofp' 'sitofp'> <InPorts = 1> <OutPorts = 1>
ST_3 : Operation 47 [2/4] (5.19ns)   --->   "%conv2 = sitofp i32 %upperCutoff_read" [Coefficients.cpp:20]   --->   Operation 47 'sitofp' 'conv2' <Predicate = true> <Delay = 5.19> <CoreInst = "Int2Float">   --->   Core 62 'Int2Float' <Latency = 3> <II = 1> <Delay = 5.19> <FuncUnit> <Opcode : 'uitofp' 'sitofp'> <InPorts = 1> <OutPorts = 1>

State 4 <SV = 3> <Delay = 5.19>
ST_4 : Operation 48 [1/4] (5.19ns)   --->   "%conv = sitofp i32 %lowerCutoff_read" [Coefficients.cpp:19]   --->   Operation 48 'sitofp' 'conv' <Predicate = true> <Delay = 5.19> <CoreInst = "Int2Float">   --->   Core 62 'Int2Float' <Latency = 3> <II = 1> <Delay = 5.19> <FuncUnit> <Opcode : 'uitofp' 'sitofp'> <InPorts = 1> <OutPorts = 1>
ST_4 : Operation 49 [4/4] (5.19ns)   --->   "%conv1 = sitofp i32 %samplingRate_read" [Coefficients.cpp:19]   --->   Operation 49 'sitofp' 'conv1' <Predicate = true> <Delay = 5.19> <CoreInst = "Int2Float">   --->   Core 62 'Int2Float' <Latency = 3> <II = 1> <Delay = 5.19> <FuncUnit> <Opcode : 'uitofp' 'sitofp'> <InPorts = 1> <OutPorts = 1>
ST_4 : Operation 50 [1/4] (5.19ns)   --->   "%conv2 = sitofp i32 %upperCutoff_read" [Coefficients.cpp:20]   --->   Operation 50 'sitofp' 'conv2' <Predicate = true> <Delay = 5.19> <CoreInst = "Int2Float">   --->   Core 62 'Int2Float' <Latency = 3> <II = 1> <Delay = 5.19> <FuncUnit> <Opcode : 'uitofp' 'sitofp'> <InPorts = 1> <OutPorts = 1>

State 5 <SV = 4> <Delay = 7.01>
ST_5 : Operation 51 [3/3] (7.01ns)   --->   "%mul = fmul i32 %conv, i32 6.28319" [Coefficients.cpp:19]   --->   Operation 51 'fmul' 'mul' <Predicate = true> <Delay = 7.01> <CoreInst = "FMul_maxdsp">   --->   Core 30 'FMul_maxdsp' <Latency = 2> <II = 1> <Delay = 7.01> <FuncUnit> <Opcode : 'fmul'> <InPorts = 2> <OutPorts = 1>
ST_5 : Operation 52 [3/4] (5.19ns)   --->   "%conv1 = sitofp i32 %samplingRate_read" [Coefficients.cpp:19]   --->   Operation 52 'sitofp' 'conv1' <Predicate = true> <Delay = 5.19> <CoreInst = "Int2Float">   --->   Core 62 'Int2Float' <Latency = 3> <II = 1> <Delay = 5.19> <FuncUnit> <Opcode : 'uitofp' 'sitofp'> <InPorts = 1> <OutPorts = 1>
ST_5 : Operation 53 [3/3] (7.01ns)   --->   "%mul3 = fmul i32 %conv2, i32 6.28319" [Coefficients.cpp:20]   --->   Operation 53 'fmul' 'mul3' <Predicate = true> <Delay = 7.01> <CoreInst = "FMul_maxdsp">   --->   Core 30 'FMul_maxdsp' <Latency = 2> <II = 1> <Delay = 7.01> <FuncUnit> <Opcode : 'fmul'> <InPorts = 2> <OutPorts = 1>

State 6 <SV = 5> <Delay = 7.01>
ST_6 : Operation 54 [2/3] (7.01ns)   --->   "%mul = fmul i32 %conv, i32 6.28319" [Coefficients.cpp:19]   --->   Operation 54 'fmul' 'mul' <Predicate = true> <Delay = 7.01> <CoreInst = "FMul_maxdsp">   --->   Core 30 'FMul_maxdsp' <Latency = 2> <II = 1> <Delay = 7.01> <FuncUnit> <Opcode : 'fmul'> <InPorts = 2> <OutPorts = 1>
ST_6 : Operation 55 [2/4] (5.19ns)   --->   "%conv1 = sitofp i32 %samplingRate_read" [Coefficients.cpp:19]   --->   Operation 55 'sitofp' 'conv1' <Predicate = true> <Delay = 5.19> <CoreInst = "Int2Float">   --->   Core 62 'Int2Float' <Latency = 3> <II = 1> <Delay = 5.19> <FuncUnit> <Opcode : 'uitofp' 'sitofp'> <InPorts = 1> <OutPorts = 1>
ST_6 : Operation 56 [2/3] (7.01ns)   --->   "%mul3 = fmul i32 %conv2, i32 6.28319" [Coefficients.cpp:20]   --->   Operation 56 'fmul' 'mul3' <Predicate = true> <Delay = 7.01> <CoreInst = "FMul_maxdsp">   --->   Core 30 'FMul_maxdsp' <Latency = 2> <II = 1> <Delay = 7.01> <FuncUnit> <Opcode : 'fmul'> <InPorts = 2> <OutPorts = 1>

State 7 <SV = 6> <Delay = 7.01>
ST_7 : Operation 57 [1/3] (7.01ns)   --->   "%mul = fmul i32 %conv, i32 6.28319" [Coefficients.cpp:19]   --->   Operation 57 'fmul' 'mul' <Predicate = true> <Delay = 7.01> <CoreInst = "FMul_maxdsp">   --->   Core 30 'FMul_maxdsp' <Latency = 2> <II = 1> <Delay = 7.01> <FuncUnit> <Opcode : 'fmul'> <InPorts = 2> <OutPorts = 1>
ST_7 : Operation 58 [1/4] (5.19ns)   --->   "%conv1 = sitofp i32 %samplingRate_read" [Coefficients.cpp:19]   --->   Operation 58 'sitofp' 'conv1' <Predicate = true> <Delay = 5.19> <CoreInst = "Int2Float">   --->   Core 62 'Int2Float' <Latency = 3> <II = 1> <Delay = 5.19> <FuncUnit> <Opcode : 'uitofp' 'sitofp'> <InPorts = 1> <OutPorts = 1>
ST_7 : Operation 59 [1/3] (7.01ns)   --->   "%mul3 = fmul i32 %conv2, i32 6.28319" [Coefficients.cpp:20]   --->   Operation 59 'fmul' 'mul3' <Predicate = true> <Delay = 7.01> <CoreInst = "FMul_maxdsp">   --->   Core 30 'FMul_maxdsp' <Latency = 2> <II = 1> <Delay = 7.01> <FuncUnit> <Opcode : 'fmul'> <InPorts = 2> <OutPorts = 1>

State 8 <SV = 7> <Delay = 7.05>
ST_8 : Operation 60 [9/9] (7.05ns)   --->   "%omegaLower = fdiv i32 %mul, i32 %conv1" [Coefficients.cpp:19]   --->   Operation 60 'fdiv' 'omegaLower' <Predicate = true> <Delay = 7.05> <CoreInst = "FDiv">   --->   Core 20 'FDiv' <Latency = 8> <II = 1> <Delay = 7.05> <FuncUnit> <Opcode : 'fdiv' 'frem'> <InPorts = 2> <OutPorts = 1>
ST_8 : Operation 61 [9/9] (7.05ns)   --->   "%omegaUpper = fdiv i32 %mul3, i32 %conv1" [Coefficients.cpp:20]   --->   Operation 61 'fdiv' 'omegaUpper' <Predicate = true> <Delay = 7.05> <CoreInst = "FDiv">   --->   Core 20 'FDiv' <Latency = 8> <II = 1> <Delay = 7.05> <FuncUnit> <Opcode : 'fdiv' 'frem'> <InPorts = 2> <OutPorts = 1>

State 9 <SV = 8> <Delay = 7.05>
ST_9 : Operation 62 [8/9] (7.05ns)   --->   "%omegaLower = fdiv i32 %mul, i32 %conv1" [Coefficients.cpp:19]   --->   Operation 62 'fdiv' 'omegaLower' <Predicate = true> <Delay = 7.05> <CoreInst = "FDiv">   --->   Core 20 'FDiv' <Latency = 8> <II = 1> <Delay = 7.05> <FuncUnit> <Opcode : 'fdiv' 'frem'> <InPorts = 2> <OutPorts = 1>
ST_9 : Operation 63 [8/9] (7.05ns)   --->   "%omegaUpper = fdiv i32 %mul3, i32 %conv1" [Coefficients.cpp:20]   --->   Operation 63 'fdiv' 'omegaUpper' <Predicate = true> <Delay = 7.05> <CoreInst = "FDiv">   --->   Core 20 'FDiv' <Latency = 8> <II = 1> <Delay = 7.05> <FuncUnit> <Opcode : 'fdiv' 'frem'> <InPorts = 2> <OutPorts = 1>

State 10 <SV = 9> <Delay = 7.05>
ST_10 : Operation 64 [7/9] (7.05ns)   --->   "%omegaLower = fdiv i32 %mul, i32 %conv1" [Coefficients.cpp:19]   --->   Operation 64 'fdiv' 'omegaLower' <Predicate = true> <Delay = 7.05> <CoreInst = "FDiv">   --->   Core 20 'FDiv' <Latency = 8> <II = 1> <Delay = 7.05> <FuncUnit> <Opcode : 'fdiv' 'frem'> <InPorts = 2> <OutPorts = 1>
ST_10 : Operation 65 [7/9] (7.05ns)   --->   "%omegaUpper = fdiv i32 %mul3, i32 %conv1" [Coefficients.cpp:20]   --->   Operation 65 'fdiv' 'omegaUpper' <Predicate = true> <Delay = 7.05> <CoreInst = "FDiv">   --->   Core 20 'FDiv' <Latency = 8> <II = 1> <Delay = 7.05> <FuncUnit> <Opcode : 'fdiv' 'frem'> <InPorts = 2> <OutPorts = 1>

State 11 <SV = 10> <Delay = 7.05>
ST_11 : Operation 66 [6/9] (7.05ns)   --->   "%omegaLower = fdiv i32 %mul, i32 %conv1" [Coefficients.cpp:19]   --->   Operation 66 'fdiv' 'omegaLower' <Predicate = true> <Delay = 7.05> <CoreInst = "FDiv">   --->   Core 20 'FDiv' <Latency = 8> <II = 1> <Delay = 7.05> <FuncUnit> <Opcode : 'fdiv' 'frem'> <InPorts = 2> <OutPorts = 1>
ST_11 : Operation 67 [6/9] (7.05ns)   --->   "%omegaUpper = fdiv i32 %mul3, i32 %conv1" [Coefficients.cpp:20]   --->   Operation 67 'fdiv' 'omegaUpper' <Predicate = true> <Delay = 7.05> <CoreInst = "FDiv">   --->   Core 20 'FDiv' <Latency = 8> <II = 1> <Delay = 7.05> <FuncUnit> <Opcode : 'fdiv' 'frem'> <InPorts = 2> <OutPorts = 1>

State 12 <SV = 11> <Delay = 7.05>
ST_12 : Operation 68 [5/9] (7.05ns)   --->   "%omegaLower = fdiv i32 %mul, i32 %conv1" [Coefficients.cpp:19]   --->   Operation 68 'fdiv' 'omegaLower' <Predicate = true> <Delay = 7.05> <CoreInst = "FDiv">   --->   Core 20 'FDiv' <Latency = 8> <II = 1> <Delay = 7.05> <FuncUnit> <Opcode : 'fdiv' 'frem'> <InPorts = 2> <OutPorts = 1>
ST_12 : Operation 69 [5/9] (7.05ns)   --->   "%omegaUpper = fdiv i32 %mul3, i32 %conv1" [Coefficients.cpp:20]   --->   Operation 69 'fdiv' 'omegaUpper' <Predicate = true> <Delay = 7.05> <CoreInst = "FDiv">   --->   Core 20 'FDiv' <Latency = 8> <II = 1> <Delay = 7.05> <FuncUnit> <Opcode : 'fdiv' 'frem'> <InPorts = 2> <OutPorts = 1>

State 13 <SV = 12> <Delay = 7.05>
ST_13 : Operation 70 [4/9] (7.05ns)   --->   "%omegaLower = fdiv i32 %mul, i32 %conv1" [Coefficients.cpp:19]   --->   Operation 70 'fdiv' 'omegaLower' <Predicate = true> <Delay = 7.05> <CoreInst = "FDiv">   --->   Core 20 'FDiv' <Latency = 8> <II = 1> <Delay = 7.05> <FuncUnit> <Opcode : 'fdiv' 'frem'> <InPorts = 2> <OutPorts = 1>
ST_13 : Operation 71 [4/9] (7.05ns)   --->   "%omegaUpper = fdiv i32 %mul3, i32 %conv1" [Coefficients.cpp:20]   --->   Operation 71 'fdiv' 'omegaUpper' <Predicate = true> <Delay = 7.05> <CoreInst = "FDiv">   --->   Core 20 'FDiv' <Latency = 8> <II = 1> <Delay = 7.05> <FuncUnit> <Opcode : 'fdiv' 'frem'> <InPorts = 2> <OutPorts = 1>

State 14 <SV = 13> <Delay = 7.05>
ST_14 : Operation 72 [3/9] (7.05ns)   --->   "%omegaLower = fdiv i32 %mul, i32 %conv1" [Coefficients.cpp:19]   --->   Operation 72 'fdiv' 'omegaLower' <Predicate = true> <Delay = 7.05> <CoreInst = "FDiv">   --->   Core 20 'FDiv' <Latency = 8> <II = 1> <Delay = 7.05> <FuncUnit> <Opcode : 'fdiv' 'frem'> <InPorts = 2> <OutPorts = 1>
ST_14 : Operation 73 [3/9] (7.05ns)   --->   "%omegaUpper = fdiv i32 %mul3, i32 %conv1" [Coefficients.cpp:20]   --->   Operation 73 'fdiv' 'omegaUpper' <Predicate = true> <Delay = 7.05> <CoreInst = "FDiv">   --->   Core 20 'FDiv' <Latency = 8> <II = 1> <Delay = 7.05> <FuncUnit> <Opcode : 'fdiv' 'frem'> <InPorts = 2> <OutPorts = 1>

State 15 <SV = 14> <Delay = 7.05>
ST_15 : Operation 74 [2/9] (7.05ns)   --->   "%omegaLower = fdiv i32 %mul, i32 %conv1" [Coefficients.cpp:19]   --->   Operation 74 'fdiv' 'omegaLower' <Predicate = true> <Delay = 7.05> <CoreInst = "FDiv">   --->   Core 20 'FDiv' <Latency = 8> <II = 1> <Delay = 7.05> <FuncUnit> <Opcode : 'fdiv' 'frem'> <InPorts = 2> <OutPorts = 1>
ST_15 : Operation 75 [2/9] (7.05ns)   --->   "%omegaUpper = fdiv i32 %mul3, i32 %conv1" [Coefficients.cpp:20]   --->   Operation 75 'fdiv' 'omegaUpper' <Predicate = true> <Delay = 7.05> <CoreInst = "FDiv">   --->   Core 20 'FDiv' <Latency = 8> <II = 1> <Delay = 7.05> <FuncUnit> <Opcode : 'fdiv' 'frem'> <InPorts = 2> <OutPorts = 1>

State 16 <SV = 15> <Delay = 7.05>
ST_16 : Operation 76 [1/9] (7.05ns)   --->   "%omegaLower = fdiv i32 %mul, i32 %conv1" [Coefficients.cpp:19]   --->   Operation 76 'fdiv' 'omegaLower' <Predicate = true> <Delay = 7.05> <CoreInst = "FDiv">   --->   Core 20 'FDiv' <Latency = 8> <II = 1> <Delay = 7.05> <FuncUnit> <Opcode : 'fdiv' 'frem'> <InPorts = 2> <OutPorts = 1>
ST_16 : Operation 77 [1/9] (7.05ns)   --->   "%omegaUpper = fdiv i32 %mul3, i32 %conv1" [Coefficients.cpp:20]   --->   Operation 77 'fdiv' 'omegaUpper' <Predicate = true> <Delay = 7.05> <CoreInst = "FDiv">   --->   Core 20 'FDiv' <Latency = 8> <II = 1> <Delay = 7.05> <FuncUnit> <Opcode : 'fdiv' 'frem'> <InPorts = 2> <OutPorts = 1>

State 17 <SV = 16> <Delay = 6.43>
ST_17 : Operation 78 [4/4] (6.43ns)   --->   "%sub7 = fsub i32 %omegaUpper, i32 %omegaLower" [Coefficients.cpp:20]   --->   Operation 78 'fsub' 'sub7' <Predicate = true> <Delay = 6.43> <CoreInst = "FAddSub_fulldsp">   --->   Core 18 'FAddSub_fulldsp' <Latency = 3> <II = 1> <Delay = 6.43> <FuncUnit> <Opcode : 'fadd' 'fsub'> <InPorts = 2> <OutPorts = 1>

State 18 <SV = 17> <Delay = 6.43>
ST_18 : Operation 79 [3/4] (6.43ns)   --->   "%sub7 = fsub i32 %omegaUpper, i32 %omegaLower" [Coefficients.cpp:20]   --->   Operation 79 'fsub' 'sub7' <Predicate = true> <Delay = 6.43> <CoreInst = "FAddSub_fulldsp">   --->   Core 18 'FAddSub_fulldsp' <Latency = 3> <II = 1> <Delay = 6.43> <FuncUnit> <Opcode : 'fadd' 'fsub'> <InPorts = 2> <OutPorts = 1>

State 19 <SV = 18> <Delay = 6.43>
ST_19 : Operation 80 [2/4] (6.43ns)   --->   "%sub7 = fsub i32 %omegaUpper, i32 %omegaLower" [Coefficients.cpp:20]   --->   Operation 80 'fsub' 'sub7' <Predicate = true> <Delay = 6.43> <CoreInst = "FAddSub_fulldsp">   --->   Core 18 'FAddSub_fulldsp' <Latency = 3> <II = 1> <Delay = 6.43> <FuncUnit> <Opcode : 'fadd' 'fsub'> <InPorts = 2> <OutPorts = 1>

State 20 <SV = 19> <Delay = 6.43>
ST_20 : Operation 81 [1/4] (6.43ns)   --->   "%sub7 = fsub i32 %omegaUpper, i32 %omegaLower" [Coefficients.cpp:20]   --->   Operation 81 'fsub' 'sub7' <Predicate = true> <Delay = 6.43> <CoreInst = "FAddSub_fulldsp">   --->   Core 18 'FAddSub_fulldsp' <Latency = 3> <II = 1> <Delay = 6.43> <FuncUnit> <Opcode : 'fadd' 'fsub'> <InPorts = 2> <OutPorts = 1>

State 21 <SV = 20> <Delay = 7.05>
ST_21 : Operation 82 [9/9] (7.05ns)   --->   "%div8 = fdiv i32 %sub7, i32 3.14159" [Coefficients.cpp:20]   --->   Operation 82 'fdiv' 'div8' <Predicate = true> <Delay = 7.05> <CoreInst = "FDiv">   --->   Core 20 'FDiv' <Latency = 8> <II = 1> <Delay = 7.05> <FuncUnit> <Opcode : 'fdiv' 'frem'> <InPorts = 2> <OutPorts = 1>

State 22 <SV = 21> <Delay = 7.05>
ST_22 : Operation 83 [8/9] (7.05ns)   --->   "%div8 = fdiv i32 %sub7, i32 3.14159" [Coefficients.cpp:20]   --->   Operation 83 'fdiv' 'div8' <Predicate = true> <Delay = 7.05> <CoreInst = "FDiv">   --->   Core 20 'FDiv' <Latency = 8> <II = 1> <Delay = 7.05> <FuncUnit> <Opcode : 'fdiv' 'frem'> <InPorts = 2> <OutPorts = 1>

State 23 <SV = 22> <Delay = 7.05>
ST_23 : Operation 84 [7/9] (7.05ns)   --->   "%div8 = fdiv i32 %sub7, i32 3.14159" [Coefficients.cpp:20]   --->   Operation 84 'fdiv' 'div8' <Predicate = true> <Delay = 7.05> <CoreInst = "FDiv">   --->   Core 20 'FDiv' <Latency = 8> <II = 1> <Delay = 7.05> <FuncUnit> <Opcode : 'fdiv' 'frem'> <InPorts = 2> <OutPorts = 1>

State 24 <SV = 23> <Delay = 7.05>
ST_24 : Operation 85 [6/9] (7.05ns)   --->   "%div8 = fdiv i32 %sub7, i32 3.14159" [Coefficients.cpp:20]   --->   Operation 85 'fdiv' 'div8' <Predicate = true> <Delay = 7.05> <CoreInst = "FDiv">   --->   Core 20 'FDiv' <Latency = 8> <II = 1> <Delay = 7.05> <FuncUnit> <Opcode : 'fdiv' 'frem'> <InPorts = 2> <OutPorts = 1>

State 25 <SV = 24> <Delay = 7.05>
ST_25 : Operation 86 [5/9] (7.05ns)   --->   "%div8 = fdiv i32 %sub7, i32 3.14159" [Coefficients.cpp:20]   --->   Operation 86 'fdiv' 'div8' <Predicate = true> <Delay = 7.05> <CoreInst = "FDiv">   --->   Core 20 'FDiv' <Latency = 8> <II = 1> <Delay = 7.05> <FuncUnit> <Opcode : 'fdiv' 'frem'> <InPorts = 2> <OutPorts = 1>

State 26 <SV = 25> <Delay = 7.05>
ST_26 : Operation 87 [4/9] (7.05ns)   --->   "%div8 = fdiv i32 %sub7, i32 3.14159" [Coefficients.cpp:20]   --->   Operation 87 'fdiv' 'div8' <Predicate = true> <Delay = 7.05> <CoreInst = "FDiv">   --->   Core 20 'FDiv' <Latency = 8> <II = 1> <Delay = 7.05> <FuncUnit> <Opcode : 'fdiv' 'frem'> <InPorts = 2> <OutPorts = 1>

State 27 <SV = 26> <Delay = 7.05>
ST_27 : Operation 88 [3/9] (7.05ns)   --->   "%div8 = fdiv i32 %sub7, i32 3.14159" [Coefficients.cpp:20]   --->   Operation 88 'fdiv' 'div8' <Predicate = true> <Delay = 7.05> <CoreInst = "FDiv">   --->   Core 20 'FDiv' <Latency = 8> <II = 1> <Delay = 7.05> <FuncUnit> <Opcode : 'fdiv' 'frem'> <InPorts = 2> <OutPorts = 1>

State 28 <SV = 27> <Delay = 7.05>
ST_28 : Operation 89 [2/9] (7.05ns)   --->   "%div8 = fdiv i32 %sub7, i32 3.14159" [Coefficients.cpp:20]   --->   Operation 89 'fdiv' 'div8' <Predicate = true> <Delay = 7.05> <CoreInst = "FDiv">   --->   Core 20 'FDiv' <Latency = 8> <II = 1> <Delay = 7.05> <FuncUnit> <Opcode : 'fdiv' 'frem'> <InPorts = 2> <OutPorts = 1>

State 29 <SV = 28> <Delay = 7.30>
ST_29 : Operation 90 [1/9] (7.05ns)   --->   "%div8 = fdiv i32 %sub7, i32 3.14159" [Coefficients.cpp:20]   --->   Operation 90 'fdiv' 'div8' <Predicate = true> <Delay = 7.05> <CoreInst = "FDiv">   --->   Core 20 'FDiv' <Latency = 8> <II = 1> <Delay = 7.05> <FuncUnit> <Opcode : 'fdiv' 'frem'> <InPorts = 2> <OutPorts = 1>
ST_29 : Operation 91 [1/1] (0.00ns)   --->   "%sext_ln22 = sext i61 %trunc_ln" [Coefficients.cpp:22]   --->   Operation 91 'sext' 'sext_ln22' <Predicate = true> <Delay = 0.00>
ST_29 : Operation 92 [1/1] (0.00ns)   --->   "%gmem_addr = getelementptr i64 %gmem, i64 %sext_ln22" [Coefficients.cpp:22]   --->   Operation 92 'getelementptr' 'gmem_addr' <Predicate = true> <Delay = 0.00>
ST_29 : Operation 93 [1/1] (7.30ns)   --->   "%empty = writereq i1 @_ssdm_op_WriteReq.m_axi.p1i64, i64 %gmem_addr, i64 25" [Coefficients.cpp:22]   --->   Operation 93 'writereq' 'empty' <Predicate = true> <Delay = 7.30> <CoreInst = "m_axi">   --->   Core 119 'm_axi' <Latency = 0> <II = 1> <Delay = 1.00> <Adapter> <Opcode : 'read' 'write' 'readreq' 'writereq' 'writeresp'>

State 30 <SV = 29> <Delay = 0.00>
ST_30 : Operation 94 [2/2] (0.00ns)   --->   "%call_ln22 = call void @calculateCoefficients_Pipeline_VITIS_LOOP_22_1, i64 %gmem, i61 %trunc_ln, i32 %div8, i32 %omegaUpper, i32 %omegaLower, i100 %ref_4oPi_table_100, i30 %second_order_float_sin_cos_K0, i23 %second_order_float_sin_cos_K1, i15 %second_order_float_sin_cos_K2" [Coefficients.cpp:22]   --->   Operation 94 'call' 'call_ln22' <Predicate = true> <Delay = 0.00> <CoreType = "Generic">   --->   Core 0 '' <Latency = 0> <II = 1> <Delay = 1.00> <Generic> <Opcode : >

State 31 <SV = 30> <Delay = 0.00>
ST_31 : Operation 95 [1/2] (0.00ns)   --->   "%call_ln22 = call void @calculateCoefficients_Pipeline_VITIS_LOOP_22_1, i64 %gmem, i61 %trunc_ln, i32 %div8, i32 %omegaUpper, i32 %omegaLower, i100 %ref_4oPi_table_100, i30 %second_order_float_sin_cos_K0, i23 %second_order_float_sin_cos_K1, i15 %second_order_float_sin_cos_K2" [Coefficients.cpp:22]   --->   Operation 95 'call' 'call_ln22' <Predicate = true> <Delay = 0.00> <CoreType = "Generic">   --->   Core 0 '' <Latency = 0> <II = 1> <Delay = 1.00> <Generic> <Opcode : >

State 32 <SV = 31> <Delay = 7.30>
ST_32 : Operation 96 [5/5] (7.30ns)   --->   "%empty_38 = writeresp i1 @_ssdm_op_WriteResp.m_axi.p1i64, i64 %gmem_addr" [Coefficients.cpp:38]   --->   Operation 96 'writeresp' 'empty_38' <Predicate = true> <Delay = 7.30> <CoreInst = "m_axi">   --->   Core 119 'm_axi' <Latency = 0> <II = 1> <Delay = 1.00> <Adapter> <Opcode : 'read' 'write' 'readreq' 'writereq' 'writeresp'>

State 33 <SV = 32> <Delay = 7.30>
ST_33 : Operation 97 [4/5] (7.30ns)   --->   "%empty_38 = writeresp i1 @_ssdm_op_WriteResp.m_axi.p1i64, i64 %gmem_addr" [Coefficients.cpp:38]   --->   Operation 97 'writeresp' 'empty_38' <Predicate = true> <Delay = 7.30> <CoreInst = "m_axi">   --->   Core 119 'm_axi' <Latency = 0> <II = 1> <Delay = 1.00> <Adapter> <Opcode : 'read' 'write' 'readreq' 'writereq' 'writeresp'>

State 34 <SV = 33> <Delay = 7.30>
ST_34 : Operation 98 [3/5] (7.30ns)   --->   "%empty_38 = writeresp i1 @_ssdm_op_WriteResp.m_axi.p1i64, i64 %gmem_addr" [Coefficients.cpp:38]   --->   Operation 98 'writeresp' 'empty_38' <Predicate = true> <Delay = 7.30> <CoreInst = "m_axi">   --->   Core 119 'm_axi' <Latency = 0> <II = 1> <Delay = 1.00> <Adapter> <Opcode : 'read' 'write' 'readreq' 'writereq' 'writeresp'>

State 35 <SV = 34> <Delay = 7.30>
ST_35 : Operation 99 [2/5] (7.30ns)   --->   "%empty_38 = writeresp i1 @_ssdm_op_WriteResp.m_axi.p1i64, i64 %gmem_addr" [Coefficients.cpp:38]   --->   Operation 99 'writeresp' 'empty_38' <Predicate = true> <Delay = 7.30> <CoreInst = "m_axi">   --->   Core 119 'm_axi' <Latency = 0> <II = 1> <Delay = 1.00> <Adapter> <Opcode : 'read' 'write' 'readreq' 'writereq' 'writeresp'>

State 36 <SV = 35> <Delay = 7.30>
ST_36 : Operation 100 [1/1] (0.00ns)   --->   "%spectopmodule_ln6 = spectopmodule void @_ssdm_op_SpecTopModule, void @empty_12" [Coefficients.cpp:6]   --->   Operation 100 'spectopmodule' 'spectopmodule_ln6' <Predicate = true> <Delay = 0.00>
ST_36 : Operation 101 [1/1] (0.00ns)   --->   "%specinterface_ln0 = specinterface void @_ssdm_op_SpecInterface, i64 %gmem, void @empty, i32 0, i32 0, void @empty_0, i32 0, i32 25, void @empty_1, void @empty_2, void @empty_0, i32 16, i32 16, i32 16, i32 16, void @empty_0, void @empty_0, i32 4294967295, i32 0, i32 0"   --->   Operation 101 'specinterface' 'specinterface_ln0' <Predicate = true> <Delay = 0.00>
ST_36 : Operation 102 [1/1] (0.00ns)   --->   "%specbitsmap_ln0 = specbitsmap void @_ssdm_op_SpecBitsMap, i64 %gmem"   --->   Operation 102 'specbitsmap' 'specbitsmap_ln0' <Predicate = true> <Delay = 0.00>
ST_36 : Operation 103 [1/1] (0.00ns)   --->   "%specbitsmap_ln0 = specbitsmap void @_ssdm_op_SpecBitsMap, i32 %lowerCutoff"   --->   Operation 103 'specbitsmap' 'specbitsmap_ln0' <Predicate = true> <Delay = 0.00>
ST_36 : Operation 104 [1/1] (0.00ns)   --->   "%specinterface_ln0 = specinterface void @_ssdm_op_SpecInterface, i32 %lowerCutoff, void @empty_3, i32 4294967295, i32 4294967295, void @empty_4, i32 0, i32 0, void @empty_5, void @empty_6, void @empty_0, i32 0, i32 0, i32 0, i32 0, void @empty_0, void @empty_0, i32 4294967295, i32 0, i32 0"   --->   Operation 104 'specinterface' 'specinterface_ln0' <Predicate = true> <Delay = 0.00>
ST_36 : Operation 105 [1/1] (0.00ns)   --->   "%specinterface_ln0 = specinterface void @_ssdm_op_SpecInterface, i32 %lowerCutoff, void @empty_7, i32 4294967295, i32 4294967295, void @empty_0, i32 0, i32 0, void @empty_0, void @empty_0, void @empty_0, i32 0, i32 0, i32 0, i32 0, void @empty_0, void @empty_0, i32 4294967295, i32 0, i32 0"   --->   Operation 105 'specinterface' 'specinterface_ln0' <Predicate = true> <Delay = 0.00>
ST_36 : Operation 106 [1/1] (0.00ns)   --->   "%specbitsmap_ln0 = specbitsmap void @_ssdm_op_SpecBitsMap, i32 %upperCutoff"   --->   Operation 106 'specbitsmap' 'specbitsmap_ln0' <Predicate = true> <Delay = 0.00>
ST_36 : Operation 107 [1/1] (0.00ns)   --->   "%specinterface_ln0 = specinterface void @_ssdm_op_SpecInterface, i32 %upperCutoff, void @empty_3, i32 4294967295, i32 4294967295, void @empty_4, i32 0, i32 0, void @empty_5, void @empty_8, void @empty_0, i32 0, i32 0, i32 0, i32 0, void @empty_0, void @empty_0, i32 4294967295, i32 0, i32 0"   --->   Operation 107 'specinterface' 'specinterface_ln0' <Predicate = true> <Delay = 0.00>
ST_36 : Operation 108 [1/1] (0.00ns)   --->   "%specinterface_ln0 = specinterface void @_ssdm_op_SpecInterface, i32 %upperCutoff, void @empty_7, i32 4294967295, i32 4294967295, void @empty_0, i32 0, i32 0, void @empty_0, void @empty_0, void @empty_0, i32 0, i32 0, i32 0, i32 0, void @empty_0, void @empty_0, i32 4294967295, i32 0, i32 0"   --->   Operation 108 'specinterface' 'specinterface_ln0' <Predicate = true> <Delay = 0.00>
ST_36 : Operation 109 [1/1] (0.00ns)   --->   "%specbitsmap_ln0 = specbitsmap void @_ssdm_op_SpecBitsMap, i32 %samplingRate"   --->   Operation 109 'specbitsmap' 'specbitsmap_ln0' <Predicate = true> <Delay = 0.00>
ST_36 : Operation 110 [1/1] (0.00ns)   --->   "%specinterface_ln0 = specinterface void @_ssdm_op_SpecInterface, i32 %samplingRate, void @empty_3, i32 4294967295, i32 4294967295, void @empty_4, i32 0, i32 0, void @empty_5, void @empty_9, void @empty_0, i32 0, i32 0, i32 0, i32 0, void @empty_0, void @empty_0, i32 4294967295, i32 0, i32 0"   --->   Operation 110 'specinterface' 'specinterface_ln0' <Predicate = true> <Delay = 0.00>
ST_36 : Operation 111 [1/1] (0.00ns)   --->   "%specinterface_ln0 = specinterface void @_ssdm_op_SpecInterface, i32 %samplingRate, void @empty_7, i32 4294967295, i32 4294967295, void @empty_0, i32 0, i32 0, void @empty_0, void @empty_0, void @empty_0, i32 0, i32 0, i32 0, i32 0, void @empty_0, void @empty_0, i32 4294967295, i32 0, i32 0"   --->   Operation 111 'specinterface' 'specinterface_ln0' <Predicate = true> <Delay = 0.00>
ST_36 : Operation 112 [1/1] (0.00ns)   --->   "%specinterface_ln0 = specinterface void @_ssdm_op_SpecInterface, i64 %bram, void @empty_3, i32 0, i32 0, void @empty_0, i32 0, i32 0, void @empty_5, void @empty_10, void @empty_0, i32 0, i32 0, i32 0, i32 0, void @empty_0, void @empty_11, i32 4294967295, i32 0, i32 0"   --->   Operation 112 'specinterface' 'specinterface_ln0' <Predicate = true> <Delay = 0.00>
ST_36 : Operation 113 [1/1] (0.00ns)   --->   "%specinterface_ln0 = specinterface void @_ssdm_op_SpecInterface, i64 %bram, void @empty_7, i32 0, i32 0, void @empty_0, i32 0, i32 0, void @empty_0, void @empty_0, void @empty_0, i32 0, i32 0, i32 0, i32 0, void @empty_0, void @empty_11, i32 4294967295, i32 0, i32 0"   --->   Operation 113 'specinterface' 'specinterface_ln0' <Predicate = true> <Delay = 0.00>
ST_36 : Operation 114 [1/1] (0.00ns)   --->   "%specinterface_ln0 = specinterface void @_ssdm_op_SpecInterface, i32 0, void @empty_3, i32 0, i32 0, void @empty_0, i32 0, i32 0, void @empty_5, void @empty_0, void @empty_0, i32 0, i32 0, i32 0, i32 0, void @empty_0, void @empty_0, i32 4294967295, i32 0, i32 0"   --->   Operation 114 'specinterface' 'specinterface_ln0' <Predicate = true> <Delay = 0.00>
ST_36 : Operation 115 [1/5] (7.30ns)   --->   "%empty_38 = writeresp i1 @_ssdm_op_WriteResp.m_axi.p1i64, i64 %gmem_addr" [Coefficients.cpp:38]   --->   Operation 115 'writeresp' 'empty_38' <Predicate = true> <Delay = 7.30> <CoreInst = "m_axi">   --->   Core 119 'm_axi' <Latency = 0> <II = 1> <Delay = 1.00> <Adapter> <Opcode : 'read' 'write' 'readreq' 'writereq' 'writeresp'>
ST_36 : Operation 116 [1/1] (0.00ns)   --->   "%ret_ln38 = ret" [Coefficients.cpp:38]   --->   Operation 116 'ret' 'ret_ln38' <Predicate = true> <Delay = 0.00>


============================================================
+ Verbose Summary: Timing violations
============================================================
Target clock period: 10.000ns, clock uncertainty: 2.700ns.

 <State 1>: 6.197ns
The critical path consists of the following:
	s_axi read operation ('lowerCutoff_read', Coefficients.cpp:6) on port 'lowerCutoff' (Coefficients.cpp:6) [28]  (1.000 ns)
	'sitofp' operation 32 bit ('conv', Coefficients.cpp:19) [29]  (5.197 ns)

 <State 2>: 5.197ns
The critical path consists of the following:
	'sitofp' operation 32 bit ('conv', Coefficients.cpp:19) [29]  (5.197 ns)

 <State 3>: 5.197ns
The critical path consists of the following:
	'sitofp' operation 32 bit ('conv', Coefficients.cpp:19) [29]  (5.197 ns)

 <State 4>: 5.197ns
The critical path consists of the following:
	'sitofp' operation 32 bit ('conv', Coefficients.cpp:19) [29]  (5.197 ns)

 <State 5>: 7.016ns
The critical path consists of the following:
	'fmul' operation 32 bit ('mul', Coefficients.cpp:19) [30]  (7.016 ns)

 <State 6>: 7.016ns
The critical path consists of the following:
	'fmul' operation 32 bit ('mul', Coefficients.cpp:19) [30]  (7.016 ns)

 <State 7>: 7.016ns
The critical path consists of the following:
	'fmul' operation 32 bit ('mul', Coefficients.cpp:19) [30]  (7.016 ns)

 <State 8>: 7.057ns
The critical path consists of the following:
	'fdiv' operation 32 bit ('omegaLower', Coefficients.cpp:19) [32]  (7.057 ns)

 <State 9>: 7.057ns
The critical path consists of the following:
	'fdiv' operation 32 bit ('omegaLower', Coefficients.cpp:19) [32]  (7.057 ns)

 <State 10>: 7.057ns
The critical path consists of the following:
	'fdiv' operation 32 bit ('omegaLower', Coefficients.cpp:19) [32]  (7.057 ns)

 <State 11>: 7.057ns
The critical path consists of the following:
	'fdiv' operation 32 bit ('omegaLower', Coefficients.cpp:19) [32]  (7.057 ns)

 <State 12>: 7.057ns
The critical path consists of the following:
	'fdiv' operation 32 bit ('omegaLower', Coefficients.cpp:19) [32]  (7.057 ns)

 <State 13>: 7.057ns
The critical path consists of the following:
	'fdiv' operation 32 bit ('omegaLower', Coefficients.cpp:19) [32]  (7.057 ns)

 <State 14>: 7.057ns
The critical path consists of the following:
	'fdiv' operation 32 bit ('omegaLower', Coefficients.cpp:19) [32]  (7.057 ns)

 <State 15>: 7.057ns
The critical path consists of the following:
	'fdiv' operation 32 bit ('omegaLower', Coefficients.cpp:19) [32]  (7.057 ns)

 <State 16>: 7.057ns
The critical path consists of the following:
	'fdiv' operation 32 bit ('omegaLower', Coefficients.cpp:19) [32]  (7.057 ns)

 <State 17>: 6.437ns
The critical path consists of the following:
	'fsub' operation 32 bit ('sub7', Coefficients.cpp:20) [36]  (6.437 ns)

 <State 18>: 6.437ns
The critical path consists of the following:
	'fsub' operation 32 bit ('sub7', Coefficients.cpp:20) [36]  (6.437 ns)

 <State 19>: 6.437ns
The critical path consists of the following:
	'fsub' operation 32 bit ('sub7', Coefficients.cpp:20) [36]  (6.437 ns)

 <State 20>: 6.437ns
The critical path consists of the following:
	'fsub' operation 32 bit ('sub7', Coefficients.cpp:20) [36]  (6.437 ns)

 <State 21>: 7.057ns
The critical path consists of the following:
	'fdiv' operation 32 bit ('div8', Coefficients.cpp:20) [37]  (7.057 ns)

 <State 22>: 7.057ns
The critical path consists of the following:
	'fdiv' operation 32 bit ('div8', Coefficients.cpp:20) [37]  (7.057 ns)

 <State 23>: 7.057ns
The critical path consists of the following:
	'fdiv' operation 32 bit ('div8', Coefficients.cpp:20) [37]  (7.057 ns)

 <State 24>: 7.057ns
The critical path consists of the following:
	'fdiv' operation 32 bit ('div8', Coefficients.cpp:20) [37]  (7.057 ns)

 <State 25>: 7.057ns
The critical path consists of the following:
	'fdiv' operation 32 bit ('div8', Coefficients.cpp:20) [37]  (7.057 ns)

 <State 26>: 7.057ns
The critical path consists of the following:
	'fdiv' operation 32 bit ('div8', Coefficients.cpp:20) [37]  (7.057 ns)

 <State 27>: 7.057ns
The critical path consists of the following:
	'fdiv' operation 32 bit ('div8', Coefficients.cpp:20) [37]  (7.057 ns)

 <State 28>: 7.057ns
The critical path consists of the following:
	'fdiv' operation 32 bit ('div8', Coefficients.cpp:20) [37]  (7.057 ns)

 <State 29>: 7.300ns
The critical path consists of the following:
	'getelementptr' operation 64 bit ('gmem_addr', Coefficients.cpp:22) [40]  (0.000 ns)
	bus request operation ('empty', Coefficients.cpp:22) on port 'gmem' (Coefficients.cpp:22) [41]  (7.300 ns)

 <State 30>: 0.000ns
The critical path consists of the following:

 <State 31>: 0.000ns
The critical path consists of the following:

 <State 32>: 7.300ns
The critical path consists of the following:
	bus response operation ('empty_38', Coefficients.cpp:38) on port 'gmem' (Coefficients.cpp:38) [43]  (7.300 ns)

 <State 33>: 7.300ns
The critical path consists of the following:
	bus response operation ('empty_38', Coefficients.cpp:38) on port 'gmem' (Coefficients.cpp:38) [43]  (7.300 ns)

 <State 34>: 7.300ns
The critical path consists of the following:
	bus response operation ('empty_38', Coefficients.cpp:38) on port 'gmem' (Coefficients.cpp:38) [43]  (7.300 ns)

 <State 35>: 7.300ns
The critical path consists of the following:
	bus response operation ('empty_38', Coefficients.cpp:38) on port 'gmem' (Coefficients.cpp:38) [43]  (7.300 ns)

 <State 36>: 7.300ns
The critical path consists of the following:
	bus response operation ('empty_38', Coefficients.cpp:38) on port 'gmem' (Coefficients.cpp:38) [43]  (7.300 ns)


============================================================
+ Verbose Summary: Binding
============================================================
N/A
* FSMD analyzer results:
  - Output states:
 - Input state : 
  - Chain level:
	State 1
	State 2
	State 3
	State 4
	State 5
	State 6
	State 7
	State 8
	State 9
	State 10
	State 11
	State 12
	State 13
	State 14
	State 15
	State 16
	State 17
	State 18
	State 19
	State 20
	State 21
	State 22
	State 23
	State 24
	State 25
	State 26
	State 27
	State 28
	State 29
	State 30
	State 31
	State 32
	State 33
	State 34
	State 35
	State 36


============================================================
+ Verbose Summary: Datapath Resource usage 
============================================================
N/A
