

================================================================
== Vitis HLS Report for 'calculateCoefficients_Pipeline_VITIS_LOOP_22_1'
================================================================
* Date:           Fri Mar 27 14:36:01 2026

* Version:        2024.1 (Build 5069499 on May 21 2024)
* Project:        calculateCoefficients
* Solution:       hls (Vivado IP Flow Target)
* Product family: zynquplus
* Target device:  xczu3eg-sfvc784-2-e


================================================================
== Performance Estimates
================================================================
+ Timing: 
    * Summary: 
    +--------+----------+----------+------------+
    |  Clock |  Target  | Estimated| Uncertainty|
    +--------+----------+----------+------------+
    |ap_clk  |  10.00 ns|  7.300 ns|     2.70 ns|
    +--------+----------+----------+------------+

+ Latency: 
    * Summary: 
    +---------+---------+----------+----------+-----+-----+-----------------------------------------------+
    |  Latency (cycles) |  Latency (absolute) |  Interval |                    Pipeline                   |
    |   min   |   max   |    min   |    max   | min | max |                      Type                     |
    +---------+---------+----------+----------+-----+-----+-----------------------------------------------+
    |       58|       58|  0.580 us|  0.580 us|   25|   25|  loop auto-rewind stp(delay=0 clock cycles(s))|
    +---------+---------+----------+----------+-----+-----+-----------------------------------------------+

    + Detail: 
        * Instance: 
        N/A

        * Loop: 
        +-------------------+---------+---------+----------+-----------+-----------+------+----------+
        |                   |  Latency (cycles) | Iteration|  Initiation Interval  | Trip |          |
        |     Loop Name     |   min   |   max   |  Latency |  achieved |   target  | Count| Pipelined|
        +-------------------+---------+---------+----------+-----------+-----------+------+----------+
        |- VITIS_LOOP_22_1  |       56|       56|        33|          1|          1|    25|       yes|
        +-------------------+---------+---------+----------+-----------+-----------+------+----------+

============================================================
+ Verbose Summary: Synthesis Manager
============================================================
InlineROM: 1
ExposeGlobal: 0
============================================================
+ Verbose Summary: CDFG Model
============================================================
IsTopModel: 0
ResetActiveHigh: 1
IsCombinational: 0
IsDatapathOnly: 0
HasWiredReturn: 1
HasMFsm: 2
HasVarLatency: 1
IsPipeline: 0
IsRtlPipelined: 0
IsInstanceOverlapped: 0
IsDontTouch: 0
HasImplIP: 0
IsGatedGlobalClock: 0

+ Individual pipeline summary: 
  * Pipeline-0: initiation interval (II) = 1, depth = 33


============================================================
+ Verbose Summary: Schedule
============================================================
* Number of FSM states : 33
* Pipeline : 1
  Pipeline-0 : II = 1, D = 33, States = { 1 2 3 4 5 6 7 8 9 10 11 12 13 14 15 16 17 18 19 20 21 22 23 24 25 26 27 28 29 30 31 32 33 }
* Dataflow Pipeline: 0

* FSM state transitions: 
1 --> 2 
2 --> 3 
3 --> 4 
4 --> 5 
5 --> 6 
6 --> 7 
7 --> 8 
8 --> 9 
9 --> 10 
10 --> 11 
11 --> 12 
12 --> 13 
13 --> 14 
14 --> 15 
15 --> 16 
16 --> 17 
17 --> 18 
18 --> 19 
19 --> 20 
20 --> 21 
21 --> 22 
22 --> 23 
23 --> 24 
24 --> 25 
25 --> 26 
26 --> 27 
27 --> 28 
28 --> 29 
29 --> 30 
30 --> 31 
31 --> 32 
32 --> 33 
33 --> 

* FSM state operations: 

State 1 <SV = 0> <Delay = 6.41>
ST_1 : Operation 36 [1/1] (0.00ns)   --->   "%i1 = alloca i32 1"   --->   Operation 36 'alloca' 'i1' <Predicate = true> <Delay = 0.00>
ST_1 : Operation 37 [1/1] (0.00ns)   --->   "%omegaLower_read = read i32 @_ssdm_op_Read.ap_auto.float, i32 %omegaLower"   --->   Operation 37 'read' 'omegaLower_read' <Predicate = true> <Delay = 0.00>
ST_1 : Operation 38 [1/1] (0.00ns)   --->   "%omegaUpper_read = read i32 @_ssdm_op_Read.ap_auto.float, i32 %omegaUpper"   --->   Operation 38 'read' 'omegaUpper_read' <Predicate = true> <Delay = 0.00>
ST_1 : Operation 39 [1/1] (0.00ns)   --->   "%div8_read = read i32 @_ssdm_op_Read.ap_auto.float, i32 %div8"   --->   Operation 39 'read' 'div8_read' <Predicate = true> <Delay = 0.00>
ST_1 : Operation 40 [1/1] (0.00ns)   --->   "%sext_ln22_read = read i61 @_ssdm_op_Read.ap_auto.i61, i61 %sext_ln22"   --->   Operation 40 'read' 'sext_ln22_read' <Predicate = true> <Delay = 0.00>
ST_1 : Operation 41 [1/1] (0.00ns)   --->   "%sext_ln22_cast = sext i61 %sext_ln22_read"   --->   Operation 41 'sext' 'sext_ln22_cast' <Predicate = true> <Delay = 0.00>
ST_1 : Operation 42 [1/1] (0.00ns)   --->   "%specinterface_ln0 = specinterface void @_ssdm_op_SpecInterface, i64 %gmem, void @empty, i32 0, i32 0, void @empty_0, i32 0, i32 25, void @empty_1, void @empty_2, void @empty_0, i32 16, i32 16, i32 16, i32 16, void @empty_0, void @empty_0, i32 4294967295, i32 0, i32 0"   --->   Operation 42 'specinterface' 'specinterface_ln0' <Predicate = true> <Delay = 0.00>
ST_1 : Operation 43 [1/1] (0.42ns)   --->   "%store_ln0 = store i5 0, i5 %i1"   --->   Operation 43 'store' 'store_ln0' <Predicate = true> <Delay = 0.42>
ST_1 : Operation 44 [1/1] (0.00ns)   --->   "%br_ln0 = br void %for.body.split"   --->   Operation 44 'br' 'br_ln0' <Predicate = true> <Delay = 0.00>
ST_1 : Operation 45 [1/1] (0.00ns)   --->   "%i1_load = load i5 %i1" [Coefficients.cpp:28]   --->   Operation 45 'load' 'i1_load' <Predicate = true> <Delay = 0.00>
ST_1 : Operation 46 [1/1] (0.78ns)   --->   "%add_ln28 = add i5 %i1_load, i5 20" [Coefficients.cpp:28]   --->   Operation 46 'add' 'add_ln28' <Predicate = true> <Delay = 0.78> <CoreInst = "Adder">   --->   Core 1 'Adder' <Latency = 0> <II = 1> <Delay = 0.78> <FuncUnit> <Opcode : 'add' 'sub'> <InPorts = 2> <OutPorts = 1>
ST_1 : Operation 47 [1/1] (0.78ns)   --->   "%icmp_ln28 = icmp_eq  i5 %add_ln28, i5 0" [Coefficients.cpp:28]   --->   Operation 47 'icmp' 'icmp_ln28' <Predicate = true> <Delay = 0.78> <CoreInst = "Cmp">   --->   Core 9 'Cmp' <Latency = 0> <II = 1> <Delay = 0.78> <FuncUnit> <Opcode : 'seteq' 'setne' 'setle' 'setge' 'setlt' 'setgt'> <InPorts = 2> <OutPorts = 1>
ST_1 : Operation 48 [1/1] (0.78ns)   --->   "%i = add i5 %i1_load, i5 1" [Coefficients.cpp:22]   --->   Operation 48 'add' 'i' <Predicate = true> <Delay = 0.78> <CoreInst = "Adder">   --->   Core 1 'Adder' <Latency = 0> <II = 1> <Delay = 0.78> <FuncUnit> <Opcode : 'add' 'sub'> <InPorts = 2> <OutPorts = 1>
ST_1 : Operation 49 [1/1] (0.42ns)   --->   "%br_ln28 = br i1 %icmp_ln28, void %if.else, void %for.inc" [Coefficients.cpp:28]   --->   Operation 49 'br' 'br_ln28' <Predicate = true> <Delay = 0.42>
ST_1 : Operation 50 [1/1] (0.00ns)   --->   "%sext_ln31 = sext i5 %add_ln28" [Coefficients.cpp:31]   --->   Operation 50 'sext' 'sext_ln31' <Predicate = (!icmp_ln28)> <Delay = 0.00>
ST_1 : Operation 51 [4/4] (5.19ns)   --->   "%conv9 = sitofp i32 %sext_ln31" [Coefficients.cpp:31]   --->   Operation 51 'sitofp' 'conv9' <Predicate = (!icmp_ln28)> <Delay = 5.19> <CoreInst = "Int2Float">   --->   Core 62 'Int2Float' <Latency = 3> <II = 1> <Delay = 5.19> <FuncUnit> <Opcode : 'uitofp' 'sitofp'> <InPorts = 1> <OutPorts = 1>
ST_1 : Operation 52 [1/1] (0.78ns)   --->   "%icmp_ln22 = icmp_eq  i5 %i1_load, i5 24" [Coefficients.cpp:22]   --->   Operation 52 'icmp' 'icmp_ln22' <Predicate = true> <Delay = 0.78> <CoreInst = "Cmp">   --->   Core 9 'Cmp' <Latency = 0> <II = 1> <Delay = 0.78> <FuncUnit> <Opcode : 'seteq' 'setne' 'setle' 'setge' 'setlt' 'setgt'> <InPorts = 2> <OutPorts = 1>
ST_1 : Operation 53 [1/1] (0.42ns)   --->   "%store_ln22 = store i5 %i, i5 %i1" [Coefficients.cpp:22]   --->   Operation 53 'store' 'store_ln22' <Predicate = true> <Delay = 0.42>
ST_1 : Operation 54 [1/1] (0.00ns)   --->   "%br_ln22 = br i1 %icmp_ln22, void %for.body.split, void %for.end.exitStub" [Coefficients.cpp:22]   --->   Operation 54 'br' 'br_ln22' <Predicate = true> <Delay = 0.00>

State 2 <SV = 1> <Delay = 5.19>
ST_2 : Operation 55 [3/4] (5.19ns)   --->   "%conv9 = sitofp i32 %sext_ln31" [Coefficients.cpp:31]   --->   Operation 55 'sitofp' 'conv9' <Predicate = (!icmp_ln28)> <Delay = 5.19> <CoreInst = "Int2Float">   --->   Core 62 'Int2Float' <Latency = 3> <II = 1> <Delay = 5.19> <FuncUnit> <Opcode : 'uitofp' 'sitofp'> <InPorts = 1> <OutPorts = 1>

State 3 <SV = 2> <Delay = 5.19>
ST_3 : Operation 56 [2/4] (5.19ns)   --->   "%conv9 = sitofp i32 %sext_ln31" [Coefficients.cpp:31]   --->   Operation 56 'sitofp' 'conv9' <Predicate = (!icmp_ln28)> <Delay = 5.19> <CoreInst = "Int2Float">   --->   Core 62 'Int2Float' <Latency = 3> <II = 1> <Delay = 5.19> <FuncUnit> <Opcode : 'uitofp' 'sitofp'> <InPorts = 1> <OutPorts = 1>

State 4 <SV = 3> <Delay = 5.19>
ST_4 : Operation 57 [1/4] (5.19ns)   --->   "%conv9 = sitofp i32 %sext_ln31" [Coefficients.cpp:31]   --->   Operation 57 'sitofp' 'conv9' <Predicate = (!icmp_ln28)> <Delay = 5.19> <CoreInst = "Int2Float">   --->   Core 62 'Int2Float' <Latency = 3> <II = 1> <Delay = 5.19> <FuncUnit> <Opcode : 'uitofp' 'sitofp'> <InPorts = 1> <OutPorts = 1>

State 5 <SV = 4> <Delay = 7.01>
ST_5 : Operation 58 [3/3] (7.01ns)   --->   "%x_assign = fmul i32 %omegaUpper_read, i32 %conv9" [Coefficients.cpp:31]   --->   Operation 58 'fmul' 'x_assign' <Predicate = (!icmp_ln28)> <Delay = 7.01> <CoreInst = "FMul_maxdsp">   --->   Core 30 'FMul_maxdsp' <Latency = 2> <II = 1> <Delay = 7.01> <FuncUnit> <Opcode : 'fmul'> <InPorts = 2> <OutPorts = 1>
ST_5 : Operation 59 [3/3] (7.01ns)   --->   "%x_assign_1 = fmul i32 %omegaLower_read, i32 %conv9" [Coefficients.cpp:31]   --->   Operation 59 'fmul' 'x_assign_1' <Predicate = (!icmp_ln28)> <Delay = 7.01> <CoreInst = "FMul_maxdsp">   --->   Core 30 'FMul_maxdsp' <Latency = 2> <II = 1> <Delay = 7.01> <FuncUnit> <Opcode : 'fmul'> <InPorts = 2> <OutPorts = 1>

State 6 <SV = 5> <Delay = 7.01>
ST_6 : Operation 60 [2/3] (7.01ns)   --->   "%x_assign = fmul i32 %omegaUpper_read, i32 %conv9" [Coefficients.cpp:31]   --->   Operation 60 'fmul' 'x_assign' <Predicate = (!icmp_ln28)> <Delay = 7.01> <CoreInst = "FMul_maxdsp">   --->   Core 30 'FMul_maxdsp' <Latency = 2> <II = 1> <Delay = 7.01> <FuncUnit> <Opcode : 'fmul'> <InPorts = 2> <OutPorts = 1>
ST_6 : Operation 61 [2/3] (7.01ns)   --->   "%x_assign_1 = fmul i32 %omegaLower_read, i32 %conv9" [Coefficients.cpp:31]   --->   Operation 61 'fmul' 'x_assign_1' <Predicate = (!icmp_ln28)> <Delay = 7.01> <CoreInst = "FMul_maxdsp">   --->   Core 30 'FMul_maxdsp' <Latency = 2> <II = 1> <Delay = 7.01> <FuncUnit> <Opcode : 'fmul'> <InPorts = 2> <OutPorts = 1>

State 7 <SV = 6> <Delay = 7.01>
ST_7 : Operation 62 [1/3] (7.01ns)   --->   "%x_assign = fmul i32 %omegaUpper_read, i32 %conv9" [Coefficients.cpp:31]   --->   Operation 62 'fmul' 'x_assign' <Predicate = (!icmp_ln28)> <Delay = 7.01> <CoreInst = "FMul_maxdsp">   --->   Core 30 'FMul_maxdsp' <Latency = 2> <II = 1> <Delay = 7.01> <FuncUnit> <Opcode : 'fmul'> <InPorts = 2> <OutPorts = 1>
ST_7 : Operation 63 [1/3] (7.01ns)   --->   "%x_assign_1 = fmul i32 %omegaLower_read, i32 %conv9" [Coefficients.cpp:31]   --->   Operation 63 'fmul' 'x_assign_1' <Predicate = (!icmp_ln28)> <Delay = 7.01> <CoreInst = "FMul_maxdsp">   --->   Core 30 'FMul_maxdsp' <Latency = 2> <II = 1> <Delay = 7.01> <FuncUnit> <Opcode : 'fmul'> <InPorts = 2> <OutPorts = 1>

State 8 <SV = 7> <Delay = 1.83>
ST_8 : Operation 64 [7/7] (1.83ns)   --->   "%tmp = call i32 @sin_or_cos<float>, i32 %x_assign, i100 %ref_4oPi_table_100, i30 %second_order_float_sin_cos_K0, i23 %second_order_float_sin_cos_K1, i15 %second_order_float_sin_cos_K2" [C:\scratch\2024.1\hls_product\545\2024.1\src\shared\hls\clib\hlsmath\src\common\hls_hotbm_float.cpp:123->C:\scratch\2024.1\hls_product\545\2024.1\src\shared\hls\clib\hlsmath\src\c++\sincoshotbmfloat.cpp:10->C:\scratch\2024.1\hls_product\545\2024.1\src\shared\hls\clib\hlsmath\src\c++\sincoshotbmfloat.cpp:42->Coefficients.cpp:31]   --->   Operation 64 'call' 'tmp' <Predicate = (!icmp_ln28)> <Delay = 1.83> <CoreType = "Generic">   --->   Core 0 '' <Latency = 0> <II = 1> <Delay = 1.00> <Generic> <Opcode : >
ST_8 : Operation 65 [7/7] (1.83ns)   --->   "%tmp_s = call i32 @sin_or_cos<float>, i32 %x_assign_1, i100 %ref_4oPi_table_100, i30 %second_order_float_sin_cos_K0, i23 %second_order_float_sin_cos_K1, i15 %second_order_float_sin_cos_K2" [C:\scratch\2024.1\hls_product\545\2024.1\src\shared\hls\clib\hlsmath\src\common\hls_hotbm_float.cpp:123->C:\scratch\2024.1\hls_product\545\2024.1\src\shared\hls\clib\hlsmath\src\c++\sincoshotbmfloat.cpp:10->C:\scratch\2024.1\hls_product\545\2024.1\src\shared\hls\clib\hlsmath\src\c++\sincoshotbmfloat.cpp:42->Coefficients.cpp:31]   --->   Operation 65 'call' 'tmp_s' <Predicate = (!icmp_ln28)> <Delay = 1.83> <CoreType = "Generic">   --->   Core 0 '' <Latency = 0> <II = 1> <Delay = 1.00> <Generic> <Opcode : >

State 9 <SV = 8> <Delay = 7.00>
ST_9 : Operation 66 [6/7] (7.00ns)   --->   "%tmp = call i32 @sin_or_cos<float>, i32 %x_assign, i100 %ref_4oPi_table_100, i30 %second_order_float_sin_cos_K0, i23 %second_order_float_sin_cos_K1, i15 %second_order_float_sin_cos_K2" [C:\scratch\2024.1\hls_product\545\2024.1\src\shared\hls\clib\hlsmath\src\common\hls_hotbm_float.cpp:123->C:\scratch\2024.1\hls_product\545\2024.1\src\shared\hls\clib\hlsmath\src\c++\sincoshotbmfloat.cpp:10->C:\scratch\2024.1\hls_product\545\2024.1\src\shared\hls\clib\hlsmath\src\c++\sincoshotbmfloat.cpp:42->Coefficients.cpp:31]   --->   Operation 66 'call' 'tmp' <Predicate = (!icmp_ln28)> <Delay = 7.00> <CoreType = "Generic">   --->   Core 0 '' <Latency = 0> <II = 1> <Delay = 1.00> <Generic> <Opcode : >
ST_9 : Operation 67 [6/7] (7.00ns)   --->   "%tmp_s = call i32 @sin_or_cos<float>, i32 %x_assign_1, i100 %ref_4oPi_table_100, i30 %second_order_float_sin_cos_K0, i23 %second_order_float_sin_cos_K1, i15 %second_order_float_sin_cos_K2" [C:\scratch\2024.1\hls_product\545\2024.1\src\shared\hls\clib\hlsmath\src\common\hls_hotbm_float.cpp:123->C:\scratch\2024.1\hls_product\545\2024.1\src\shared\hls\clib\hlsmath\src\c++\sincoshotbmfloat.cpp:10->C:\scratch\2024.1\hls_product\545\2024.1\src\shared\hls\clib\hlsmath\src\c++\sincoshotbmfloat.cpp:42->Coefficients.cpp:31]   --->   Operation 67 'call' 'tmp_s' <Predicate = (!icmp_ln28)> <Delay = 7.00> <CoreType = "Generic">   --->   Core 0 '' <Latency = 0> <II = 1> <Delay = 1.00> <Generic> <Opcode : >

State 10 <SV = 9> <Delay = 7.00>
ST_10 : Operation 68 [5/7] (7.00ns)   --->   "%tmp = call i32 @sin_or_cos<float>, i32 %x_assign, i100 %ref_4oPi_table_100, i30 %second_order_float_sin_cos_K0, i23 %second_order_float_sin_cos_K1, i15 %second_order_float_sin_cos_K2" [C:\scratch\2024.1\hls_product\545\2024.1\src\shared\hls\clib\hlsmath\src\common\hls_hotbm_float.cpp:123->C:\scratch\2024.1\hls_product\545\2024.1\src\shared\hls\clib\hlsmath\src\c++\sincoshotbmfloat.cpp:10->C:\scratch\2024.1\hls_product\545\2024.1\src\shared\hls\clib\hlsmath\src\c++\sincoshotbmfloat.cpp:42->Coefficients.cpp:31]   --->   Operation 68 'call' 'tmp' <Predicate = (!icmp_ln28)> <Delay = 7.00> <CoreType = "Generic">   --->   Core 0 '' <Latency = 0> <II = 1> <Delay = 1.00> <Generic> <Opcode : >
ST_10 : Operation 69 [5/7] (7.00ns)   --->   "%tmp_s = call i32 @sin_or_cos<float>, i32 %x_assign_1, i100 %ref_4oPi_table_100, i30 %second_order_float_sin_cos_K0, i23 %second_order_float_sin_cos_K1, i15 %second_order_float_sin_cos_K2" [C:\scratch\2024.1\hls_product\545\2024.1\src\shared\hls\clib\hlsmath\src\common\hls_hotbm_float.cpp:123->C:\scratch\2024.1\hls_product\545\2024.1\src\shared\hls\clib\hlsmath\src\c++\sincoshotbmfloat.cpp:10->C:\scratch\2024.1\hls_product\545\2024.1\src\shared\hls\clib\hlsmath\src\c++\sincoshotbmfloat.cpp:42->Coefficients.cpp:31]   --->   Operation 69 'call' 'tmp_s' <Predicate = (!icmp_ln28)> <Delay = 7.00> <CoreType = "Generic">   --->   Core 0 '' <Latency = 0> <II = 1> <Delay = 1.00> <Generic> <Opcode : >

State 11 <SV = 10> <Delay = 7.00>
ST_11 : Operation 70 [4/7] (7.00ns)   --->   "%tmp = call i32 @sin_or_cos<float>, i32 %x_assign, i100 %ref_4oPi_table_100, i30 %second_order_float_sin_cos_K0, i23 %second_order_float_sin_cos_K1, i15 %second_order_float_sin_cos_K2" [C:\scratch\2024.1\hls_product\545\2024.1\src\shared\hls\clib\hlsmath\src\common\hls_hotbm_float.cpp:123->C:\scratch\2024.1\hls_product\545\2024.1\src\shared\hls\clib\hlsmath\src\c++\sincoshotbmfloat.cpp:10->C:\scratch\2024.1\hls_product\545\2024.1\src\shared\hls\clib\hlsmath\src\c++\sincoshotbmfloat.cpp:42->Coefficients.cpp:31]   --->   Operation 70 'call' 'tmp' <Predicate = (!icmp_ln28)> <Delay = 7.00> <CoreType = "Generic">   --->   Core 0 '' <Latency = 0> <II = 1> <Delay = 1.00> <Generic> <Opcode : >
ST_11 : Operation 71 [4/7] (7.00ns)   --->   "%tmp_s = call i32 @sin_or_cos<float>, i32 %x_assign_1, i100 %ref_4oPi_table_100, i30 %second_order_float_sin_cos_K0, i23 %second_order_float_sin_cos_K1, i15 %second_order_float_sin_cos_K2" [C:\scratch\2024.1\hls_product\545\2024.1\src\shared\hls\clib\hlsmath\src\common\hls_hotbm_float.cpp:123->C:\scratch\2024.1\hls_product\545\2024.1\src\shared\hls\clib\hlsmath\src\c++\sincoshotbmfloat.cpp:10->C:\scratch\2024.1\hls_product\545\2024.1\src\shared\hls\clib\hlsmath\src\c++\sincoshotbmfloat.cpp:42->Coefficients.cpp:31]   --->   Operation 71 'call' 'tmp_s' <Predicate = (!icmp_ln28)> <Delay = 7.00> <CoreType = "Generic">   --->   Core 0 '' <Latency = 0> <II = 1> <Delay = 1.00> <Generic> <Opcode : >

State 12 <SV = 11> <Delay = 7.00>
ST_12 : Operation 72 [3/7] (7.00ns)   --->   "%tmp = call i32 @sin_or_cos<float>, i32 %x_assign, i100 %ref_4oPi_table_100, i30 %second_order_float_sin_cos_K0, i23 %second_order_float_sin_cos_K1, i15 %second_order_float_sin_cos_K2" [C:\scratch\2024.1\hls_product\545\2024.1\src\shared\hls\clib\hlsmath\src\common\hls_hotbm_float.cpp:123->C:\scratch\2024.1\hls_product\545\2024.1\src\shared\hls\clib\hlsmath\src\c++\sincoshotbmfloat.cpp:10->C:\scratch\2024.1\hls_product\545\2024.1\src\shared\hls\clib\hlsmath\src\c++\sincoshotbmfloat.cpp:42->Coefficients.cpp:31]   --->   Operation 72 'call' 'tmp' <Predicate = (!icmp_ln28)> <Delay = 7.00> <CoreType = "Generic">   --->   Core 0 '' <Latency = 0> <II = 1> <Delay = 1.00> <Generic> <Opcode : >
ST_12 : Operation 73 [3/7] (7.00ns)   --->   "%tmp_s = call i32 @sin_or_cos<float>, i32 %x_assign_1, i100 %ref_4oPi_table_100, i30 %second_order_float_sin_cos_K0, i23 %second_order_float_sin_cos_K1, i15 %second_order_float_sin_cos_K2" [C:\scratch\2024.1\hls_product\545\2024.1\src\shared\hls\clib\hlsmath\src\common\hls_hotbm_float.cpp:123->C:\scratch\2024.1\hls_product\545\2024.1\src\shared\hls\clib\hlsmath\src\c++\sincoshotbmfloat.cpp:10->C:\scratch\2024.1\hls_product\545\2024.1\src\shared\hls\clib\hlsmath\src\c++\sincoshotbmfloat.cpp:42->Coefficients.cpp:31]   --->   Operation 73 'call' 'tmp_s' <Predicate = (!icmp_ln28)> <Delay = 7.00> <CoreType = "Generic">   --->   Core 0 '' <Latency = 0> <II = 1> <Delay = 1.00> <Generic> <Opcode : >

State 13 <SV = 12> <Delay = 7.00>
ST_13 : Operation 74 [2/7] (7.00ns)   --->   "%tmp = call i32 @sin_or_cos<float>, i32 %x_assign, i100 %ref_4oPi_table_100, i30 %second_order_float_sin_cos_K0, i23 %second_order_float_sin_cos_K1, i15 %second_order_float_sin_cos_K2" [C:\scratch\2024.1\hls_product\545\2024.1\src\shared\hls\clib\hlsmath\src\common\hls_hotbm_float.cpp:123->C:\scratch\2024.1\hls_product\545\2024.1\src\shared\hls\clib\hlsmath\src\c++\sincoshotbmfloat.cpp:10->C:\scratch\2024.1\hls_product\545\2024.1\src\shared\hls\clib\hlsmath\src\c++\sincoshotbmfloat.cpp:42->Coefficients.cpp:31]   --->   Operation 74 'call' 'tmp' <Predicate = (!icmp_ln28)> <Delay = 7.00> <CoreType = "Generic">   --->   Core 0 '' <Latency = 0> <II = 1> <Delay = 1.00> <Generic> <Opcode : >
ST_13 : Operation 75 [2/7] (7.00ns)   --->   "%tmp_s = call i32 @sin_or_cos<float>, i32 %x_assign_1, i100 %ref_4oPi_table_100, i30 %second_order_float_sin_cos_K0, i23 %second_order_float_sin_cos_K1, i15 %second_order_float_sin_cos_K2" [C:\scratch\2024.1\hls_product\545\2024.1\src\shared\hls\clib\hlsmath\src\common\hls_hotbm_float.cpp:123->C:\scratch\2024.1\hls_product\545\2024.1\src\shared\hls\clib\hlsmath\src\c++\sincoshotbmfloat.cpp:10->C:\scratch\2024.1\hls_product\545\2024.1\src\shared\hls\clib\hlsmath\src\c++\sincoshotbmfloat.cpp:42->Coefficients.cpp:31]   --->   Operation 75 'call' 'tmp_s' <Predicate = (!icmp_ln28)> <Delay = 7.00> <CoreType = "Generic">   --->   Core 0 '' <Latency = 0> <II = 1> <Delay = 1.00> <Generic> <Opcode : >

State 14 <SV = 13> <Delay = 7.00>
ST_14 : Operation 76 [1/7] (7.00ns)   --->   "%tmp = call i32 @sin_or_cos<float>, i32 %x_assign, i100 %ref_4oPi_table_100, i30 %second_order_float_sin_cos_K0, i23 %second_order_float_sin_cos_K1, i15 %second_order_float_sin_cos_K2" [C:\scratch\2024.1\hls_product\545\2024.1\src\shared\hls\clib\hlsmath\src\common\hls_hotbm_float.cpp:123->C:\scratch\2024.1\hls_product\545\2024.1\src\shared\hls\clib\hlsmath\src\c++\sincoshotbmfloat.cpp:10->C:\scratch\2024.1\hls_product\545\2024.1\src\shared\hls\clib\hlsmath\src\c++\sincoshotbmfloat.cpp:42->Coefficients.cpp:31]   --->   Operation 76 'call' 'tmp' <Predicate = (!icmp_ln28)> <Delay = 7.00> <CoreType = "Generic">   --->   Core 0 '' <Latency = 0> <II = 1> <Delay = 1.00> <Generic> <Opcode : >
ST_14 : Operation 77 [1/7] (7.00ns)   --->   "%tmp_s = call i32 @sin_or_cos<float>, i32 %x_assign_1, i100 %ref_4oPi_table_100, i30 %second_order_float_sin_cos_K0, i23 %second_order_float_sin_cos_K1, i15 %second_order_float_sin_cos_K2" [C:\scratch\2024.1\hls_product\545\2024.1\src\shared\hls\clib\hlsmath\src\common\hls_hotbm_float.cpp:123->C:\scratch\2024.1\hls_product\545\2024.1\src\shared\hls\clib\hlsmath\src\c++\sincoshotbmfloat.cpp:10->C:\scratch\2024.1\hls_product\545\2024.1\src\shared\hls\clib\hlsmath\src\c++\sincoshotbmfloat.cpp:42->Coefficients.cpp:31]   --->   Operation 77 'call' 'tmp_s' <Predicate = (!icmp_ln28)> <Delay = 7.00> <CoreType = "Generic">   --->   Core 0 '' <Latency = 0> <II = 1> <Delay = 1.00> <Generic> <Opcode : >

State 15 <SV = 14> <Delay = 6.43>
ST_15 : Operation 78 [4/4] (6.43ns)   --->   "%sub = fsub i32 %tmp, i32 %tmp_s" [Coefficients.cpp:31]   --->   Operation 78 'fsub' 'sub' <Predicate = (!icmp_ln28)> <Delay = 6.43> <CoreInst = "FAddSub_fulldsp">   --->   Core 18 'FAddSub_fulldsp' <Latency = 3> <II = 1> <Delay = 6.43> <FuncUnit> <Opcode : 'fadd' 'fsub'> <InPorts = 2> <OutPorts = 1>

State 16 <SV = 15> <Delay = 7.01>
ST_16 : Operation 79 [3/4] (6.43ns)   --->   "%sub = fsub i32 %tmp, i32 %tmp_s" [Coefficients.cpp:31]   --->   Operation 79 'fsub' 'sub' <Predicate = (!icmp_ln28)> <Delay = 6.43> <CoreInst = "FAddSub_fulldsp">   --->   Core 18 'FAddSub_fulldsp' <Latency = 3> <II = 1> <Delay = 6.43> <FuncUnit> <Opcode : 'fadd' 'fsub'> <InPorts = 2> <OutPorts = 1>
ST_16 : Operation 80 [3/3] (7.01ns)   --->   "%mul4 = fmul i32 %conv9, i32 3.14159" [Coefficients.cpp:31]   --->   Operation 80 'fmul' 'mul4' <Predicate = (!icmp_ln28)> <Delay = 7.01> <CoreInst = "FMul_maxdsp">   --->   Core 30 'FMul_maxdsp' <Latency = 2> <II = 1> <Delay = 7.01> <FuncUnit> <Opcode : 'fmul'> <InPorts = 2> <OutPorts = 1>

State 17 <SV = 16> <Delay = 7.01>
ST_17 : Operation 81 [2/4] (6.43ns)   --->   "%sub = fsub i32 %tmp, i32 %tmp_s" [Coefficients.cpp:31]   --->   Operation 81 'fsub' 'sub' <Predicate = (!icmp_ln28)> <Delay = 6.43> <CoreInst = "FAddSub_fulldsp">   --->   Core 18 'FAddSub_fulldsp' <Latency = 3> <II = 1> <Delay = 6.43> <FuncUnit> <Opcode : 'fadd' 'fsub'> <InPorts = 2> <OutPorts = 1>
ST_17 : Operation 82 [2/3] (7.01ns)   --->   "%mul4 = fmul i32 %conv9, i32 3.14159" [Coefficients.cpp:31]   --->   Operation 82 'fmul' 'mul4' <Predicate = (!icmp_ln28)> <Delay = 7.01> <CoreInst = "FMul_maxdsp">   --->   Core 30 'FMul_maxdsp' <Latency = 2> <II = 1> <Delay = 7.01> <FuncUnit> <Opcode : 'fmul'> <InPorts = 2> <OutPorts = 1>

State 18 <SV = 17> <Delay = 7.01>
ST_18 : Operation 83 [1/4] (6.43ns)   --->   "%sub = fsub i32 %tmp, i32 %tmp_s" [Coefficients.cpp:31]   --->   Operation 83 'fsub' 'sub' <Predicate = (!icmp_ln28)> <Delay = 6.43> <CoreInst = "FAddSub_fulldsp">   --->   Core 18 'FAddSub_fulldsp' <Latency = 3> <II = 1> <Delay = 6.43> <FuncUnit> <Opcode : 'fadd' 'fsub'> <InPorts = 2> <OutPorts = 1>
ST_18 : Operation 84 [1/3] (7.01ns)   --->   "%mul4 = fmul i32 %conv9, i32 3.14159" [Coefficients.cpp:31]   --->   Operation 84 'fmul' 'mul4' <Predicate = (!icmp_ln28)> <Delay = 7.01> <CoreInst = "FMul_maxdsp">   --->   Core 30 'FMul_maxdsp' <Latency = 2> <II = 1> <Delay = 7.01> <FuncUnit> <Opcode : 'fmul'> <InPorts = 2> <OutPorts = 1>

State 19 <SV = 18> <Delay = 7.05>
ST_19 : Operation 85 [9/9] (7.05ns)   --->   "%val = fdiv i32 %sub, i32 %mul4" [Coefficients.cpp:31]   --->   Operation 85 'fdiv' 'val' <Predicate = (!icmp_ln28)> <Delay = 7.05> <CoreInst = "FDiv">   --->   Core 20 'FDiv' <Latency = 8> <II = 1> <Delay = 7.05> <FuncUnit> <Opcode : 'fdiv' 'frem'> <InPorts = 2> <OutPorts = 1>

State 20 <SV = 19> <Delay = 7.05>
ST_20 : Operation 86 [8/9] (7.05ns)   --->   "%val = fdiv i32 %sub, i32 %mul4" [Coefficients.cpp:31]   --->   Operation 86 'fdiv' 'val' <Predicate = (!icmp_ln28)> <Delay = 7.05> <CoreInst = "FDiv">   --->   Core 20 'FDiv' <Latency = 8> <II = 1> <Delay = 7.05> <FuncUnit> <Opcode : 'fdiv' 'frem'> <InPorts = 2> <OutPorts = 1>

State 21 <SV = 20> <Delay = 7.05>
ST_21 : Operation 87 [7/9] (7.05ns)   --->   "%val = fdiv i32 %sub, i32 %mul4" [Coefficients.cpp:31]   --->   Operation 87 'fdiv' 'val' <Predicate = (!icmp_ln28)> <Delay = 7.05> <CoreInst = "FDiv">   --->   Core 20 'FDiv' <Latency = 8> <II = 1> <Delay = 7.05> <FuncUnit> <Opcode : 'fdiv' 'frem'> <InPorts = 2> <OutPorts = 1>

State 22 <SV = 21> <Delay = 7.05>
ST_22 : Operation 88 [6/9] (7.05ns)   --->   "%val = fdiv i32 %sub, i32 %mul4" [Coefficients.cpp:31]   --->   Operation 88 'fdiv' 'val' <Predicate = (!icmp_ln28)> <Delay = 7.05> <CoreInst = "FDiv">   --->   Core 20 'FDiv' <Latency = 8> <II = 1> <Delay = 7.05> <FuncUnit> <Opcode : 'fdiv' 'frem'> <InPorts = 2> <OutPorts = 1>

State 23 <SV = 22> <Delay = 7.05>
ST_23 : Operation 89 [5/9] (7.05ns)   --->   "%val = fdiv i32 %sub, i32 %mul4" [Coefficients.cpp:31]   --->   Operation 89 'fdiv' 'val' <Predicate = (!icmp_ln28)> <Delay = 7.05> <CoreInst = "FDiv">   --->   Core 20 'FDiv' <Latency = 8> <II = 1> <Delay = 7.05> <FuncUnit> <Opcode : 'fdiv' 'frem'> <InPorts = 2> <OutPorts = 1>

State 24 <SV = 23> <Delay = 7.05>
ST_24 : Operation 90 [4/9] (7.05ns)   --->   "%val = fdiv i32 %sub, i32 %mul4" [Coefficients.cpp:31]   --->   Operation 90 'fdiv' 'val' <Predicate = (!icmp_ln28)> <Delay = 7.05> <CoreInst = "FDiv">   --->   Core 20 'FDiv' <Latency = 8> <II = 1> <Delay = 7.05> <FuncUnit> <Opcode : 'fdiv' 'frem'> <InPorts = 2> <OutPorts = 1>

State 25 <SV = 24> <Delay = 7.05>
ST_25 : Operation 91 [3/9] (7.05ns)   --->   "%val = fdiv i32 %sub, i32 %mul4" [Coefficients.cpp:31]   --->   Operation 91 'fdiv' 'val' <Predicate = (!icmp_ln28)> <Delay = 7.05> <CoreInst = "FDiv">   --->   Core 20 'FDiv' <Latency = 8> <II = 1> <Delay = 7.05> <FuncUnit> <Opcode : 'fdiv' 'frem'> <InPorts = 2> <OutPorts = 1>

State 26 <SV = 25> <Delay = 7.05>
ST_26 : Operation 92 [2/9] (7.05ns)   --->   "%val = fdiv i32 %sub, i32 %mul4" [Coefficients.cpp:31]   --->   Operation 92 'fdiv' 'val' <Predicate = (!icmp_ln28)> <Delay = 7.05> <CoreInst = "FDiv">   --->   Core 20 'FDiv' <Latency = 8> <II = 1> <Delay = 7.05> <FuncUnit> <Opcode : 'fdiv' 'frem'> <InPorts = 2> <OutPorts = 1>

State 27 <SV = 26> <Delay = 7.05>
ST_27 : Operation 93 [1/9] (7.05ns)   --->   "%val = fdiv i32 %sub, i32 %mul4" [Coefficients.cpp:31]   --->   Operation 93 'fdiv' 'val' <Predicate = (!icmp_ln28)> <Delay = 7.05> <CoreInst = "FDiv">   --->   Core 20 'FDiv' <Latency = 8> <II = 1> <Delay = 7.05> <FuncUnit> <Opcode : 'fdiv' 'frem'> <InPorts = 2> <OutPorts = 1>

State 28 <SV = 27> <Delay = 0.42>
ST_28 : Operation 94 [1/1] (0.42ns)   --->   "%br_ln0 = br void %for.inc"   --->   Operation 94 'br' 'br_ln0' <Predicate = (!icmp_ln28)> <Delay = 0.42>

State 29 <SV = 28> <Delay = 7.01>
ST_29 : Operation 95 [1/1] (0.00ns)   --->   "%val_1 = phi i32 %val, void %if.else, i32 %div8_read, void %for.body.split"   --->   Operation 95 'phi' 'val_1' <Predicate = true> <Delay = 0.00>
ST_29 : Operation 96 [3/3] (7.01ns)   --->   "%dc = fmul i32 %val_1, i32 1e+09" [Coefficients.cpp:35]   --->   Operation 96 'fmul' 'dc' <Predicate = true> <Delay = 7.01> <CoreInst = "FMul_maxdsp">   --->   Core 30 'FMul_maxdsp' <Latency = 2> <II = 1> <Delay = 7.01> <FuncUnit> <Opcode : 'fmul'> <InPorts = 2> <OutPorts = 1>

State 30 <SV = 29> <Delay = 7.01>
ST_30 : Operation 97 [2/3] (7.01ns)   --->   "%dc = fmul i32 %val_1, i32 1e+09" [Coefficients.cpp:35]   --->   Operation 97 'fmul' 'dc' <Predicate = true> <Delay = 7.01> <CoreInst = "FMul_maxdsp">   --->   Core 30 'FMul_maxdsp' <Latency = 2> <II = 1> <Delay = 7.01> <FuncUnit> <Opcode : 'fmul'> <InPorts = 2> <OutPorts = 1>

State 31 <SV = 30> <Delay = 7.01>
ST_31 : Operation 98 [1/3] (7.01ns)   --->   "%dc = fmul i32 %val_1, i32 1e+09" [Coefficients.cpp:35]   --->   Operation 98 'fmul' 'dc' <Predicate = true> <Delay = 7.01> <CoreInst = "FMul_maxdsp">   --->   Core 30 'FMul_maxdsp' <Latency = 2> <II = 1> <Delay = 7.01> <FuncUnit> <Opcode : 'fmul'> <InPorts = 2> <OutPorts = 1>

State 32 <SV = 31> <Delay = 4.48>
ST_32 : Operation 99 [1/1] (0.00ns)   --->   "%data = bitcast i32 %dc" [C:\scratch\2024.1\hls_product\545\2024.1\src\shared\hls\clib/src/hls\utils/x_hls_utils.h:288->C:\scratch\2024.1\hls_product\545\2024.1\src\shared\hls\clib/hlsmath/include/FloatingPoint\hls_case_IEEE754.h:13->C:\scratch\2024.1\hls_product\545\2024.1\src\shared\hls\clib/hlsmath/include/FloatingPoint\hls_case_IEEE754.h:117->C:\scratch\2024.1\hls_product\545\2024.1\src\shared\hls\clib\hlsmath\src\lib_floatconversion.cpp:52->Coefficients.cpp:35]   --->   Operation 99 'bitcast' 'data' <Predicate = true> <Delay = 0.00>
ST_32 : Operation 100 [1/1] (0.00ns)   --->   "%xs_sign = bitselect i1 @_ssdm_op_BitSelect.i1.i32.i32, i32 %data, i32 31" [C:\scratch\2024.1\hls_product\545\2024.1\src\shared\hls\clib/src/hls\utils/x_hls_utils.h:294->C:\scratch\2024.1\hls_product\545\2024.1\src\shared\hls\clib/hlsmath/include/FloatingPoint\hls_case_IEEE754.h:13->C:\scratch\2024.1\hls_product\545\2024.1\src\shared\hls\clib/hlsmath/include/FloatingPoint\hls_case_IEEE754.h:117->C:\scratch\2024.1\hls_product\545\2024.1\src\shared\hls\clib\hlsmath\src\lib_floatconversion.cpp:52->Coefficients.cpp:35]   --->   Operation 100 'bitselect' 'xs_sign' <Predicate = true> <Delay = 0.00>
ST_32 : Operation 101 [1/1] (0.00ns)   --->   "%xs_exp = partselect i8 @_ssdm_op_PartSelect.i8.i32.i32.i32, i32 %data, i32 23, i32 30" [C:\scratch\2024.1\hls_product\545\2024.1\src\shared\hls\clib/src/hls\utils/x_hls_utils.h:295->C:\scratch\2024.1\hls_product\545\2024.1\src\shared\hls\clib/hlsmath/include/FloatingPoint\hls_case_IEEE754.h:13->C:\scratch\2024.1\hls_product\545\2024.1\src\shared\hls\clib/hlsmath/include/FloatingPoint\hls_case_IEEE754.h:117->C:\scratch\2024.1\hls_product\545\2024.1\src\shared\hls\clib\hlsmath\src\lib_floatconversion.cpp:52->Coefficients.cpp:35]   --->   Operation 101 'partselect' 'xs_exp' <Predicate = true> <Delay = 0.00>
ST_32 : Operation 102 [1/1] (0.00ns)   --->   "%trunc_ln342 = trunc i32 %data" [C:\scratch\2024.1\hls_product\545\2024.1\src\shared\hls\clib/src/hls\utils/x_hls_utils.h:342->C:\scratch\2024.1\hls_product\545\2024.1\src\shared\hls\clib/hlsmath/include/FloatingPoint\hls_case_IEEE754.h:15->C:\scratch\2024.1\hls_product\545\2024.1\src\shared\hls\clib/hlsmath/include/FloatingPoint\hls_case_IEEE754.h:117->C:\scratch\2024.1\hls_product\545\2024.1\src\shared\hls\clib\hlsmath\src\lib_floatconversion.cpp:52->Coefficients.cpp:35]   --->   Operation 102 'trunc' 'trunc_ln342' <Predicate = true> <Delay = 0.00>
ST_32 : Operation 103 [1/1] (0.00ns)   --->   "%mantissa = bitconcatenate i25 @_ssdm_op_BitConcatenate.i25.i1.i23.i1, i1 1, i23 %trunc_ln342, i1 0" [C:\scratch\2024.1\hls_product\545\2024.1\src\shared\hls\clib/hlsmath/include/FloatingPoint\hls_case_IEEE754.h:15->C:\scratch\2024.1\hls_product\545\2024.1\src\shared\hls\clib/hlsmath/include/FloatingPoint\hls_case_IEEE754.h:117->C:\scratch\2024.1\hls_product\545\2024.1\src\shared\hls\clib\hlsmath\src\lib_floatconversion.cpp:52->Coefficients.cpp:35]   --->   Operation 103 'bitconcatenate' 'mantissa' <Predicate = true> <Delay = 0.00>
ST_32 : Operation 104 [1/1] (0.00ns)   --->   "%zext_ln15 = zext i25 %mantissa" [C:\scratch\2024.1\hls_product\545\2024.1\src\shared\hls\clib/hlsmath/include/FloatingPoint\hls_case_IEEE754.h:15->C:\scratch\2024.1\hls_product\545\2024.1\src\shared\hls\clib/hlsmath/include/FloatingPoint\hls_case_IEEE754.h:117->C:\scratch\2024.1\hls_product\545\2024.1\src\shared\hls\clib\hlsmath\src\lib_floatconversion.cpp:52->Coefficients.cpp:35]   --->   Operation 104 'zext' 'zext_ln15' <Predicate = true> <Delay = 0.00>
ST_32 : Operation 105 [1/1] (0.00ns)   --->   "%zext_ln317 = zext i8 %xs_exp" [C:\scratch\2024.1\hls_product\545\2024.1\src\shared\hls\clib/src/hls\utils/x_hls_utils.h:317->C:\scratch\2024.1\hls_product\545\2024.1\src\shared\hls\clib/hlsmath/include/FloatingPoint\hls_case_IEEE754.h:18->C:\scratch\2024.1\hls_product\545\2024.1\src\shared\hls\clib/hlsmath/include/FloatingPoint\hls_case_IEEE754.h:117->C:\scratch\2024.1\hls_product\545\2024.1\src\shared\hls\clib\hlsmath\src\lib_floatconversion.cpp:52->Coefficients.cpp:35]   --->   Operation 105 'zext' 'zext_ln317' <Predicate = true> <Delay = 0.00>
ST_32 : Operation 106 [1/1] (0.76ns)   --->   "%add_ln317 = add i9 %zext_ln317, i9 385" [C:\scratch\2024.1\hls_product\545\2024.1\src\shared\hls\clib/src/hls\utils/x_hls_utils.h:317->C:\scratch\2024.1\hls_product\545\2024.1\src\shared\hls\clib/hlsmath/include/FloatingPoint\hls_case_IEEE754.h:18->C:\scratch\2024.1\hls_product\545\2024.1\src\shared\hls\clib/hlsmath/include/FloatingPoint\hls_case_IEEE754.h:117->C:\scratch\2024.1\hls_product\545\2024.1\src\shared\hls\clib\hlsmath\src\lib_floatconversion.cpp:52->Coefficients.cpp:35]   --->   Operation 106 'add' 'add_ln317' <Predicate = true> <Delay = 0.76> <CoreInst = "Adder">   --->   Core 1 'Adder' <Latency = 0> <II = 1> <Delay = 0.76> <FuncUnit> <Opcode : 'add' 'sub'> <InPorts = 2> <OutPorts = 1>
ST_32 : Operation 107 [1/1] (0.00ns)   --->   "%tmp_9 = bitselect i1 @_ssdm_op_BitSelect.i1.i9.i32, i9 %add_ln317, i32 8" [C:\scratch\2024.1\hls_product\545\2024.1\src\shared\hls\clib/hlsmath/include/FloatingPoint\hls_case_IEEE754.h:18->C:\scratch\2024.1\hls_product\545\2024.1\src\shared\hls\clib/hlsmath/include/FloatingPoint\hls_case_IEEE754.h:117->C:\scratch\2024.1\hls_product\545\2024.1\src\shared\hls\clib\hlsmath\src\lib_floatconversion.cpp:52->Coefficients.cpp:35]   --->   Operation 107 'bitselect' 'tmp_9' <Predicate = true> <Delay = 0.00>
ST_32 : Operation 108 [1/1] (0.76ns)   --->   "%sub_ln18 = sub i8 127, i8 %xs_exp" [C:\scratch\2024.1\hls_product\545\2024.1\src\shared\hls\clib/hlsmath/include/FloatingPoint\hls_case_IEEE754.h:18->C:\scratch\2024.1\hls_product\545\2024.1\src\shared\hls\clib/hlsmath/include/FloatingPoint\hls_case_IEEE754.h:117->C:\scratch\2024.1\hls_product\545\2024.1\src\shared\hls\clib\hlsmath\src\lib_floatconversion.cpp:52->Coefficients.cpp:35]   --->   Operation 108 'sub' 'sub_ln18' <Predicate = true> <Delay = 0.76> <CoreInst = "Adder">   --->   Core 1 'Adder' <Latency = 0> <II = 1> <Delay = 0.76> <FuncUnit> <Opcode : 'add' 'sub'> <InPorts = 2> <OutPorts = 1>
ST_32 : Operation 109 [1/1] (0.00ns)   --->   "%sext_ln18 = sext i8 %sub_ln18" [C:\scratch\2024.1\hls_product\545\2024.1\src\shared\hls\clib/hlsmath/include/FloatingPoint\hls_case_IEEE754.h:18->C:\scratch\2024.1\hls_product\545\2024.1\src\shared\hls\clib/hlsmath/include/FloatingPoint\hls_case_IEEE754.h:117->C:\scratch\2024.1\hls_product\545\2024.1\src\shared\hls\clib\hlsmath\src\lib_floatconversion.cpp:52->Coefficients.cpp:35]   --->   Operation 109 'sext' 'sext_ln18' <Predicate = true> <Delay = 0.00>
ST_32 : Operation 110 [1/1] (0.39ns)   --->   "%select_ln18 = select i1 %tmp_9, i9 %sext_ln18, i9 %add_ln317" [C:\scratch\2024.1\hls_product\545\2024.1\src\shared\hls\clib/hlsmath/include/FloatingPoint\hls_case_IEEE754.h:18->C:\scratch\2024.1\hls_product\545\2024.1\src\shared\hls\clib/hlsmath/include/FloatingPoint\hls_case_IEEE754.h:117->C:\scratch\2024.1\hls_product\545\2024.1\src\shared\hls\clib\hlsmath\src\lib_floatconversion.cpp:52->Coefficients.cpp:35]   --->   Operation 110 'select' 'select_ln18' <Predicate = true> <Delay = 0.39> <CoreInst = "Sel">   --->   Core 73 'Sel' <Latency = 0> <II = 1> <Delay = 0.39> <FuncUnit> <Opcode : 'select'> <InPorts = 3> <OutPorts = 1>
ST_32 : Operation 111 [1/1] (0.00ns)   --->   "%sext_ln18_1 = sext i9 %select_ln18" [C:\scratch\2024.1\hls_product\545\2024.1\src\shared\hls\clib/hlsmath/include/FloatingPoint\hls_case_IEEE754.h:18->C:\scratch\2024.1\hls_product\545\2024.1\src\shared\hls\clib/hlsmath/include/FloatingPoint\hls_case_IEEE754.h:117->C:\scratch\2024.1\hls_product\545\2024.1\src\shared\hls\clib\hlsmath\src\lib_floatconversion.cpp:52->Coefficients.cpp:35]   --->   Operation 111 'sext' 'sext_ln18_1' <Predicate = true> <Delay = 0.00>
ST_32 : Operation 112 [1/1] (0.00ns)   --->   "%zext_ln18 = zext i32 %sext_ln18_1" [C:\scratch\2024.1\hls_product\545\2024.1\src\shared\hls\clib/hlsmath/include/FloatingPoint\hls_case_IEEE754.h:18->C:\scratch\2024.1\hls_product\545\2024.1\src\shared\hls\clib/hlsmath/include/FloatingPoint\hls_case_IEEE754.h:117->C:\scratch\2024.1\hls_product\545\2024.1\src\shared\hls\clib\hlsmath\src\lib_floatconversion.cpp:52->Coefficients.cpp:35]   --->   Operation 112 'zext' 'zext_ln18' <Predicate = true> <Delay = 0.00>
ST_32 : Operation 113 [1/1] (1.38ns)   --->   "%lshr_ln18 = lshr i111 %zext_ln15, i111 %zext_ln18" [C:\scratch\2024.1\hls_product\545\2024.1\src\shared\hls\clib/hlsmath/include/FloatingPoint\hls_case_IEEE754.h:18->C:\scratch\2024.1\hls_product\545\2024.1\src\shared\hls\clib/hlsmath/include/FloatingPoint\hls_case_IEEE754.h:117->C:\scratch\2024.1\hls_product\545\2024.1\src\shared\hls\clib\hlsmath\src\lib_floatconversion.cpp:52->Coefficients.cpp:35]   --->   Operation 113 'lshr' 'lshr_ln18' <Predicate = true> <Delay = 1.38> <CoreInst = "Shifter">   --->   Core 75 'Shifter' <Latency = 0> <II = 1> <Delay = 1.38> <FuncUnit> <Opcode : 'shl' 'lshr' 'ashr'> <InPorts = 2> <OutPorts = 1>
ST_32 : Operation 114 [1/1] (1.38ns)   --->   "%shl_ln18 = shl i111 %zext_ln15, i111 %zext_ln18" [C:\scratch\2024.1\hls_product\545\2024.1\src\shared\hls\clib/hlsmath/include/FloatingPoint\hls_case_IEEE754.h:18->C:\scratch\2024.1\hls_product\545\2024.1\src\shared\hls\clib/hlsmath/include/FloatingPoint\hls_case_IEEE754.h:117->C:\scratch\2024.1\hls_product\545\2024.1\src\shared\hls\clib\hlsmath\src\lib_floatconversion.cpp:52->Coefficients.cpp:35]   --->   Operation 114 'shl' 'shl_ln18' <Predicate = true> <Delay = 1.38> <CoreInst = "Shifter">   --->   Core 75 'Shifter' <Latency = 0> <II = 1> <Delay = 1.38> <FuncUnit> <Opcode : 'shl' 'lshr' 'ashr'> <InPorts = 2> <OutPorts = 1>
ST_32 : Operation 115 [1/1] (0.00ns)   --->   "%tmp_14 = partselect i64 @_ssdm_op_PartSelect.i64.i111.i32.i32, i111 %lshr_ln18, i32 24, i32 87" [C:\scratch\2024.1\hls_product\545\2024.1\src\shared\hls\clib/hlsmath/include/FloatingPoint\hls_case_IEEE754.h:21->C:\scratch\2024.1\hls_product\545\2024.1\src\shared\hls\clib/hlsmath/include/FloatingPoint\hls_case_IEEE754.h:117->C:\scratch\2024.1\hls_product\545\2024.1\src\shared\hls\clib\hlsmath\src\lib_floatconversion.cpp:52->Coefficients.cpp:35]   --->   Operation 115 'partselect' 'tmp_14' <Predicate = true> <Delay = 0.00>
ST_32 : Operation 116 [1/1] (0.00ns)   --->   "%tmp_15 = partselect i64 @_ssdm_op_PartSelect.i64.i111.i32.i32, i111 %shl_ln18, i32 24, i32 87" [C:\scratch\2024.1\hls_product\545\2024.1\src\shared\hls\clib/hlsmath/include/FloatingPoint\hls_case_IEEE754.h:21->C:\scratch\2024.1\hls_product\545\2024.1\src\shared\hls\clib/hlsmath/include/FloatingPoint\hls_case_IEEE754.h:117->C:\scratch\2024.1\hls_product\545\2024.1\src\shared\hls\clib\hlsmath\src\lib_floatconversion.cpp:52->Coefficients.cpp:35]   --->   Operation 116 'partselect' 'tmp_15' <Predicate = true> <Delay = 0.00>
ST_32 : Operation 117 [1/1] (0.42ns)   --->   "%val_3 = select i1 %tmp_9, i64 %tmp_14, i64 %tmp_15" [C:\scratch\2024.1\hls_product\545\2024.1\src\shared\hls\clib/hlsmath/include/FloatingPoint\hls_case_IEEE754.h:18->C:\scratch\2024.1\hls_product\545\2024.1\src\shared\hls\clib/hlsmath/include/FloatingPoint\hls_case_IEEE754.h:117->C:\scratch\2024.1\hls_product\545\2024.1\src\shared\hls\clib\hlsmath\src\lib_floatconversion.cpp:52->Coefficients.cpp:35]   --->   Operation 117 'select' 'val_3' <Predicate = true> <Delay = 0.42> <CoreInst = "Sel">   --->   Core 73 'Sel' <Latency = 0> <II = 1> <Delay = 0.42> <FuncUnit> <Opcode : 'select'> <InPorts = 3> <OutPorts = 1>
ST_32 : Operation 118 [1/1] (1.08ns)   --->   "%result_1 = sub i64 0, i64 %val_3" [C:\scratch\2024.1\hls_product\545\2024.1\src\shared\hls\clib/hlsmath/include/FloatingPoint\hls_case_IEEE754.h:59->C:\scratch\2024.1\hls_product\545\2024.1\src\shared\hls\clib/hlsmath/include/FloatingPoint\hls_case_IEEE754.h:117->C:\scratch\2024.1\hls_product\545\2024.1\src\shared\hls\clib\hlsmath\src\lib_floatconversion.cpp:52->Coefficients.cpp:35]   --->   Operation 118 'sub' 'result_1' <Predicate = true> <Delay = 1.08> <CoreInst = "Adder">   --->   Core 1 'Adder' <Latency = 0> <II = 1> <Delay = 1.08> <FuncUnit> <Opcode : 'add' 'sub'> <InPorts = 2> <OutPorts = 1>
ST_32 : Operation 119 [1/1] (0.42ns)   --->   "%result_2 = select i1 %xs_sign, i64 %result_1, i64 %val_3" [C:\scratch\2024.1\hls_product\545\2024.1\src\shared\hls\clib/hlsmath/include/FloatingPoint\hls_case_IEEE754.h:59->C:\scratch\2024.1\hls_product\545\2024.1\src\shared\hls\clib/hlsmath/include/FloatingPoint\hls_case_IEEE754.h:117->C:\scratch\2024.1\hls_product\545\2024.1\src\shared\hls\clib\hlsmath\src\lib_floatconversion.cpp:52->Coefficients.cpp:35]   --->   Operation 119 'select' 'result_2' <Predicate = true> <Delay = 0.42> <CoreInst = "Sel">   --->   Core 73 'Sel' <Latency = 0> <II = 1> <Delay = 0.42> <FuncUnit> <Opcode : 'select'> <InPorts = 3> <OutPorts = 1>

State 33 <SV = 32> <Delay = 7.30>
ST_33 : Operation 120 [1/1] (0.00ns)   --->   "%specbitsmap_ln0 = specbitsmap void @_ssdm_op_SpecBitsMap, i64 %gmem"   --->   Operation 120 'specbitsmap' 'specbitsmap_ln0' <Predicate = true> <Delay = 0.00>
ST_33 : Operation 121 [1/1] (0.00ns)   --->   "%gmem_addr = getelementptr i64 %gmem, i64 %sext_ln22_cast" [Coefficients.cpp:22]   --->   Operation 121 'getelementptr' 'gmem_addr' <Predicate = true> <Delay = 0.00>
ST_33 : Operation 122 [1/1] (0.00ns)   --->   "%specpipeline_ln23 = specpipeline void @_ssdm_op_SpecPipeline, i32 4294967295, i32 0, i32 0, i32 0, void @empty_0" [Coefficients.cpp:23]   --->   Operation 122 'specpipeline' 'specpipeline_ln23' <Predicate = true> <Delay = 0.00>
ST_33 : Operation 123 [1/1] (0.00ns)   --->   "%speclooptripcount_ln22 = speclooptripcount void @_ssdm_op_SpecLoopTripCount, i64 25, i64 25, i64 25" [Coefficients.cpp:22]   --->   Operation 123 'speclooptripcount' 'speclooptripcount_ln22' <Predicate = true> <Delay = 0.00>
ST_33 : Operation 124 [1/1] (0.00ns)   --->   "%specloopname_ln22 = specloopname void @_ssdm_op_SpecLoopName, void @empty_13" [Coefficients.cpp:22]   --->   Operation 124 'specloopname' 'specloopname_ln22' <Predicate = true> <Delay = 0.00>
ST_33 : Operation 125 [1/1] (7.30ns)   --->   "%write_ln35 = write void @_ssdm_op_Write.m_axi.p1i64, i64 %gmem_addr, i64 %result_2, i8 255" [Coefficients.cpp:35]   --->   Operation 125 'write' 'write_ln35' <Predicate = true> <Delay = 7.30> <CoreInst = "m_axi">   --->   Core 119 'm_axi' <Latency = 0> <II = 1> <Delay = 1.00> <Adapter> <Opcode : 'read' 'write' 'readreq' 'writereq' 'writeresp'>
ST_33 : Operation 126 [1/1] (0.42ns)   --->   "%ret_ln0 = ret"   --->   Operation 126 'ret' 'ret_ln0' <Predicate = (icmp_ln22)> <Delay = 0.42>


============================================================
+ Verbose Summary: Timing violations
============================================================
Target clock period: 10.000ns, clock uncertainty: 2.700ns.

 <State 1>: 6.413ns
The critical path consists of the following:
	'store' operation 0 bit ('store_ln0') of constant 0 on local variable 'i1' [17]  (0.427 ns)
	'load' operation 5 bit ('i1_load', Coefficients.cpp:28) on local variable 'i1' [20]  (0.000 ns)
	'add' operation 5 bit ('add_ln28', Coefficients.cpp:28) [26]  (0.789 ns)
	'sitofp' operation 32 bit ('conv9', Coefficients.cpp:31) [32]  (5.197 ns)

 <State 2>: 5.197ns
The critical path consists of the following:
	'sitofp' operation 32 bit ('conv9', Coefficients.cpp:31) [32]  (5.197 ns)

 <State 3>: 5.197ns
The critical path consists of the following:
	'sitofp' operation 32 bit ('conv9', Coefficients.cpp:31) [32]  (5.197 ns)

 <State 4>: 5.197ns
The critical path consists of the following:
	'sitofp' operation 32 bit ('conv9', Coefficients.cpp:31) [32]  (5.197 ns)

 <State 5>: 7.016ns
The critical path consists of the following:
	'fmul' operation 32 bit ('x', Coefficients.cpp:31) [33]  (7.016 ns)

 <State 6>: 7.016ns
The critical path consists of the following:
	'fmul' operation 32 bit ('x', Coefficients.cpp:31) [33]  (7.016 ns)

 <State 7>: 7.016ns
The critical path consists of the following:
	'fmul' operation 32 bit ('x', Coefficients.cpp:31) [33]  (7.016 ns)

 <State 8>: 1.831ns
The critical path consists of the following:
	'call' operation 32 bit ('tmp', C:\scratch\2024.1\hls_product\545\2024.1\src\shared\hls\clib\hlsmath\src\common\hls_hotbm_float.cpp:123->C:\scratch\2024.1\hls_product\545\2024.1\src\shared\hls\clib\hlsmath\src\c++\sincoshotbmfloat.cpp:10->C:\scratch\2024.1\hls_product\545\2024.1\src\shared\hls\clib\hlsmath\src\c++\sincoshotbmfloat.cpp:42->Coefficients.cpp:31) to 'sin_or_cos<float>' [34]  (1.831 ns)

 <State 9>: 7.002ns
The critical path consists of the following:
	'call' operation 32 bit ('tmp', C:\scratch\2024.1\hls_product\545\2024.1\src\shared\hls\clib\hlsmath\src\common\hls_hotbm_float.cpp:123->C:\scratch\2024.1\hls_product\545\2024.1\src\shared\hls\clib\hlsmath\src\c++\sincoshotbmfloat.cpp:10->C:\scratch\2024.1\hls_product\545\2024.1\src\shared\hls\clib\hlsmath\src\c++\sincoshotbmfloat.cpp:42->Coefficients.cpp:31) to 'sin_or_cos<float>' [34]  (7.002 ns)

 <State 10>: 7.002ns
The critical path consists of the following:
	'call' operation 32 bit ('tmp', C:\scratch\2024.1\hls_product\545\2024.1\src\shared\hls\clib\hlsmath\src\common\hls_hotbm_float.cpp:123->C:\scratch\2024.1\hls_product\545\2024.1\src\shared\hls\clib\hlsmath\src\c++\sincoshotbmfloat.cpp:10->C:\scratch\2024.1\hls_product\545\2024.1\src\shared\hls\clib\hlsmath\src\c++\sincoshotbmfloat.cpp:42->Coefficients.cpp:31) to 'sin_or_cos<float>' [34]  (7.002 ns)

 <State 11>: 7.002ns
The critical path consists of the following:
	'call' operation 32 bit ('tmp', C:\scratch\2024.1\hls_product\545\2024.1\src\shared\hls\clib\hlsmath\src\common\hls_hotbm_float.cpp:123->C:\scratch\2024.1\hls_product\545\2024.1\src\shared\hls\clib\hlsmath\src\c++\sincoshotbmfloat.cpp:10->C:\scratch\2024.1\hls_product\545\2024.1\src\shared\hls\clib\hlsmath\src\c++\sincoshotbmfloat.cpp:42->Coefficients.cpp:31) to 'sin_or_cos<float>' [34]  (7.002 ns)

 <State 12>: 7.002ns
The critical path consists of the following:
	'call' operation 32 bit ('tmp', C:\scratch\2024.1\hls_product\545\2024.1\src\shared\hls\clib\hlsmath\src\common\hls_hotbm_float.cpp:123->C:\scratch\2024.1\hls_product\545\2024.1\src\shared\hls\clib\hlsmath\src\c++\sincoshotbmfloat.cpp:10->C:\scratch\2024.1\hls_product\545\2024.1\src\shared\hls\clib\hlsmath\src\c++\sincoshotbmfloat.cpp:42->Coefficients.cpp:31) to 'sin_or_cos<float>' [34]  (7.002 ns)

 <State 13>: 7.002ns
The critical path consists of the following:
	'call' operation 32 bit ('tmp', C:\scratch\2024.1\hls_product\545\2024.1\src\shared\hls\clib\hlsmath\src\common\hls_hotbm_float.cpp:123->C:\scratch\2024.1\hls_product\545\2024.1\src\shared\hls\clib\hlsmath\src\c++\sincoshotbmfloat.cpp:10->C:\scratch\2024.1\hls_product\545\2024.1\src\shared\hls\clib\hlsmath\src\c++\sincoshotbmfloat.cpp:42->Coefficients.cpp:31) to 'sin_or_cos<float>' [34]  (7.002 ns)

 <State 14>: 7.002ns
The critical path consists of the following:
	'call' operation 32 bit ('tmp', C:\scratch\2024.1\hls_product\545\2024.1\src\shared\hls\clib\hlsmath\src\common\hls_hotbm_float.cpp:123->C:\scratch\2024.1\hls_product\545\2024.1\src\shared\hls\clib\hlsmath\src\c++\sincoshotbmfloat.cpp:10->C:\scratch\2024.1\hls_product\545\2024.1\src\shared\hls\clib\hlsmath\src\c++\sincoshotbmfloat.cpp:42->Coefficients.cpp:31) to 'sin_or_cos<float>' [34]  (7.002 ns)

 <State 15>: 6.437ns
The critical path consists of the following:
	'fsub' operation 32 bit ('sub', Coefficients.cpp:31) [37]  (6.437 ns)

 <State 16>: 7.016ns
The critical path consists of the following:
	'fmul' operation 32 bit ('mul4', Coefficients.cpp:31) [38]  (7.016 ns)

 <State 17>: 7.016ns
The critical path consists of the following:
	'fmul' operation 32 bit ('mul4', Coefficients.cpp:31) [38]  (7.016 ns)

 <State 18>: 7.016ns
The critical path consists of the following:
	'fmul' operation 32 bit ('mul4', Coefficients.cpp:31) [38]  (7.016 ns)

 <State 19>: 7.057ns
The critical path consists of the following:
	'fdiv' operation 32 bit ('val', Coefficients.cpp:31) [39]  (7.057 ns)

 <State 20>: 7.057ns
The critical path consists of the following:
	'fdiv' operation 32 bit ('val', Coefficients.cpp:31) [39]  (7.057 ns)

 <State 21>: 7.057ns
The critical path consists of the following:
	'fdiv' operation 32 bit ('val', Coefficients.cpp:31) [39]  (7.057 ns)

 <State 22>: 7.057ns
The critical path consists of the following:
	'fdiv' operation 32 bit ('val', Coefficients.cpp:31) [39]  (7.057 ns)

 <State 23>: 7.057ns
The critical path consists of the following:
	'fdiv' operation 32 bit ('val', Coefficients.cpp:31) [39]  (7.057 ns)

 <State 24>: 7.057ns
The critical path consists of the following:
	'fdiv' operation 32 bit ('val', Coefficients.cpp:31) [39]  (7.057 ns)

 <State 25>: 7.057ns
The critical path consists of the following:
	'fdiv' operation 32 bit ('val', Coefficients.cpp:31) [39]  (7.057 ns)

 <State 26>: 7.057ns
The critical path consists of the following:
	'fdiv' operation 32 bit ('val', Coefficients.cpp:31) [39]  (7.057 ns)

 <State 27>: 7.057ns
The critical path consists of the following:
	'fdiv' operation 32 bit ('val', Coefficients.cpp:31) [39]  (7.057 ns)

 <State 28>: 0.427ns
The critical path consists of the following:
	multiplexor before 'phi' operation 32 bit ('val') with incoming values : ('div8_read') ('val', Coefficients.cpp:31) [42]  (0.427 ns)

 <State 29>: 7.016ns
The critical path consists of the following:
	'phi' operation 32 bit ('val') with incoming values : ('div8_read') ('val', Coefficients.cpp:31) [42]  (0.000 ns)
	'fmul' operation 32 bit ('x', Coefficients.cpp:35) [43]  (7.016 ns)

 <State 30>: 7.016ns
The critical path consists of the following:
	'fmul' operation 32 bit ('x', Coefficients.cpp:35) [43]  (7.016 ns)

 <State 31>: 7.016ns
The critical path consists of the following:
	'fmul' operation 32 bit ('x', Coefficients.cpp:35) [43]  (7.016 ns)

 <State 32>: 4.484ns
The critical path consists of the following:
	'sub' operation 8 bit ('sub_ln18', C:\scratch\2024.1\hls_product\545\2024.1\src\shared\hls\clib/hlsmath/include/FloatingPoint\hls_case_IEEE754.h:18->C:\scratch\2024.1\hls_product\545\2024.1\src\shared\hls\clib/hlsmath/include/FloatingPoint\hls_case_IEEE754.h:117->C:\scratch\2024.1\hls_product\545\2024.1\src\shared\hls\clib\hlsmath\src\lib_floatconversion.cpp:52->Coefficients.cpp:35) [53]  (0.765 ns)
	'select' operation 9 bit ('select_ln18', C:\scratch\2024.1\hls_product\545\2024.1\src\shared\hls\clib/hlsmath/include/FloatingPoint\hls_case_IEEE754.h:18->C:\scratch\2024.1\hls_product\545\2024.1\src\shared\hls\clib/hlsmath/include/FloatingPoint\hls_case_IEEE754.h:117->C:\scratch\2024.1\hls_product\545\2024.1\src\shared\hls\clib\hlsmath\src\lib_floatconversion.cpp:52->Coefficients.cpp:35) [55]  (0.398 ns)
	'lshr' operation 111 bit ('lshr_ln18', C:\scratch\2024.1\hls_product\545\2024.1\src\shared\hls\clib/hlsmath/include/FloatingPoint\hls_case_IEEE754.h:18->C:\scratch\2024.1\hls_product\545\2024.1\src\shared\hls\clib/hlsmath/include/FloatingPoint\hls_case_IEEE754.h:117->C:\scratch\2024.1\hls_product\545\2024.1\src\shared\hls\clib\hlsmath\src\lib_floatconversion.cpp:52->Coefficients.cpp:35) [58]  (1.388 ns)
	'select' operation 64 bit ('val', C:\scratch\2024.1\hls_product\545\2024.1\src\shared\hls\clib/hlsmath/include/FloatingPoint\hls_case_IEEE754.h:18->C:\scratch\2024.1\hls_product\545\2024.1\src\shared\hls\clib/hlsmath/include/FloatingPoint\hls_case_IEEE754.h:117->C:\scratch\2024.1\hls_product\545\2024.1\src\shared\hls\clib\hlsmath\src\lib_floatconversion.cpp:52->Coefficients.cpp:35) [62]  (0.424 ns)
	'sub' operation 64 bit ('result', C:\scratch\2024.1\hls_product\545\2024.1\src\shared\hls\clib/hlsmath/include/FloatingPoint\hls_case_IEEE754.h:59->C:\scratch\2024.1\hls_product\545\2024.1\src\shared\hls\clib/hlsmath/include/FloatingPoint\hls_case_IEEE754.h:117->C:\scratch\2024.1\hls_product\545\2024.1\src\shared\hls\clib\hlsmath\src\lib_floatconversion.cpp:52->Coefficients.cpp:35) [63]  (1.085 ns)
	'select' operation 64 bit ('result', C:\scratch\2024.1\hls_product\545\2024.1\src\shared\hls\clib/hlsmath/include/FloatingPoint\hls_case_IEEE754.h:59->C:\scratch\2024.1\hls_product\545\2024.1\src\shared\hls\clib/hlsmath/include/FloatingPoint\hls_case_IEEE754.h:117->C:\scratch\2024.1\hls_product\545\2024.1\src\shared\hls\clib\hlsmath\src\lib_floatconversion.cpp:52->Coefficients.cpp:35) [64]  (0.424 ns)

 <State 33>: 7.300ns
The critical path consists of the following:
	'getelementptr' operation 64 bit ('gmem_addr', Coefficients.cpp:22) [22]  (0.000 ns)
	bus write operation ('write_ln35', Coefficients.cpp:35) on port 'gmem' (Coefficients.cpp:35) [65]  (7.300 ns)


============================================================
+ Verbose Summary: Binding
============================================================
N/A
* FSMD analyzer results:
  - Output states:
 - Input state : 
  - Chain level:
	State 1
	State 2
	State 3
	State 4
	State 5
	State 6
	State 7
	State 8
	State 9
	State 10
	State 11
	State 12
	State 13
	State 14
	State 15
	State 16
	State 17
	State 18
	State 19
	State 20
	State 21
	State 22
	State 23
	State 24
	State 25
	State 26
	State 27
	State 28
	State 29
	State 30
	State 31
	State 32
	State 33


============================================================
+ Verbose Summary: Datapath Resource usage 
============================================================
N/A
