

================================================================
== Vitis HLS Report for 'calculateCoefficients'
================================================================
* Date:           Fri Mar 27 14:36:02 2026

* Version:        2024.1 (Build 5069499 on May 21 2024)
* Project:        calculateCoefficients
* Solution:       hls (Vivado IP Flow Target)
* Product family: zynquplus
* Target device:  xczu3eg-sfvc784-2-e


================================================================
== Performance Estimates
================================================================
+ Timing: 
    * Summary: 
    +--------+----------+----------+------------+
    |  Clock |  Target  | Estimated| Uncertainty|
    +--------+----------+----------+------------+
    |ap_clk  |  10.00 ns|  7.300 ns|     2.70 ns|
    +--------+----------+----------+------------+

+ Latency: 
    * Summary: 
    +---------+---------+----------+----------+-----+-----+---------+
    |  Latency (cycles) |  Latency (absolute) |  Interval | Pipeline|
    |   min   |   max   |    min   |    max   | min | max |   Type  |
    +---------+---------+----------+----------+-----+-----+---------+
    |       93|       93|  0.930 us|  0.930 us|   94|   94|       no|
    +---------+---------+----------+----------+-----+-----+---------+

    + Detail: 
        * Instance: 
        +-----------------------------------------------------------+------------------------------------------------+---------+---------+----------+----------+-----+-----+-----------------------------------------------+
        |                                                           |                                                |  Latency (cycles) |  Latency (absolute) |  Interval |                    Pipeline                   |
        |                          Instance                         |                     Module                     |   min   |   max   |    min   |    max   | min | max |                      Type                     |
        +-----------------------------------------------------------+------------------------------------------------+---------+---------+----------+----------+-----+-----+-----------------------------------------------+
        |grp_calculateCoefficients_Pipeline_VITIS_LOOP_22_1_fu_114  |calculateCoefficients_Pipeline_VITIS_LOOP_22_1  |       58|       58|  0.580 us|  0.580 us|   25|   25|  loop auto-rewind stp(delay=0 clock cycles(s))|
        +-----------------------------------------------------------+------------------------------------------------+---------+---------+----------+----------+-----+-----+-----------------------------------------------+

        * Loop: 
        N/A

============================================================
+ Verbose Summary: Synthesis Manager
============================================================
InlineROM: 1
ExposeGlobal: 0
============================================================
+ Verbose Summary: CDFG Model
============================================================
IsTopModel: 1
ResetActiveHigh: 1
IsCombinational: 0
IsDatapathOnly: 0
HasWiredReturn: 1
HasMFsm: 0
HasVarLatency: 1
IsPipeline: 0
IsRtlPipelined: 0
IsInstanceOverlapped: 0
IsDontTouch: 0
HasImplIP: 0
IsGatedGlobalClock: 0


============================================================
+ Verbose Summary: Schedule
============================================================
* Number of FSM states : 36
* Pipeline : 0
* Dataflow Pipeline: 0

* FSM state transitions: 
1 --> 2 
2 --> 3 
3 --> 4 
4 --> 5 
5 --> 6 
6 --> 7 
7 --> 8 
8 --> 9 
9 --> 10 
10 --> 11 
11 --> 12 
12 --> 13 
13 --> 14 
14 --> 15 
15 --> 16 
16 --> 17 
17 --> 18 
18 --> 19 
19 --> 20 
20 --> 21 
21 --> 22 
22 --> 23 
23 --> 24 
24 --> 25 
25 --> 26 
26 --> 27 
27 --> 28 
28 --> 29 
29 --> 30 
30 --> 31 
31 --> 32 
32 --> 33 
33 --> 34 
34 --> 35 
35 --> 36 
36 --> 

* FSM state operations: 

State 1 <SV = 0> <Delay = 6.19>
ST_1 : Operation 37 [1/1] (1.00ns)   --->   "%bram_read = read i64 @_ssdm_op_Read.s_axilite.i64, i64 %bram" [Coefficients.cpp:6]   --->   Operation 37 'read' 'bram_read' <Predicate = true> <Delay = 1.00> <CoreInst = "s_axilite">   --->   Core 120 's_axilite' <Latency = 0> <II = 1> <Delay = 1.00> <Adapter> <Opcode : 'read' 'write'>
ST_1 : Operation 38 [1/1] (1.00ns)   --->   "%samplingRate_read = read i32 @_ssdm_op_Read.s_axilite.i32, i32 %samplingRate" [Coefficients.cpp:6]   --->   Operation 38 'read' 'samplingRate_read' <Predicate = true> <Delay = 1.00> <CoreInst = "s_axilite">   --->   Core 120 's_axilite' <Latency = 0> <II = 1> <Delay = 1.00> <Adapter> <Opcode : 'read' 'write'>
ST_1 : Operation 39 [1/1] (1.00ns)   --->   "%upperCutoff_read = read i32 @_ssdm_op_Read.s_axilite.i32, i32 %upperCutoff" [Coefficients.cpp:6]   --->   Operation 39 'read' 'upperCutoff_read' <Predicate = true> <Delay = 1.00> <CoreInst = "s_axilite">   --->   Core 120 's_axilite' <Latency = 0> <II = 1> <Delay = 1.00> <Adapter> <Opcode : 'read' 'write'>
ST_1 : Operation 40 [1/1] (1.00ns)   --->   "%lowerCutoff_read = read i32 @_ssdm_op_Read.s_axilite.i32, i32 %lowerCutoff" [Coefficients.cpp:6]   --->   Operation 40 'read' 'lowerCutoff_read' <Predicate = true> <Delay = 1.00> <CoreInst = "s_axilite">   --->   Core 120 's_axilite' <Latency = 0> <II = 1> <Delay = 1.00> <Adapter> <Opcode : 'read' 'write'>
ST_1 : Operation 41 [4/4] (5.19ns)   --->   "%conv = sitofp i32 %lowerCutoff_read" [Coefficients.cpp:19]   --->   Operation 41 'sitofp' 'conv' <Predicate = true> <Delay = 5.19> <CoreInst = "Int2Float">   --->   Core 62 'Int2Float' <Latency = 3> <II = 1> <Delay = 5.19> <FuncUnit> <Opcode : 'uitofp' 'sitofp'> <InPorts = 1> <OutPorts = 1>
ST_1 : Operation 42 [4/4] (5.19ns)   --->   "%conv2 = sitofp i32 %upperCutoff_read" [Coefficients.cpp:20]   --->   Operation 42 'sitofp' 'conv2' <Predicate = true> <Delay = 5.19> <CoreInst = "Int2Float">   --->   Core 62 'Int2Float' <Latency = 3> <II = 1> <Delay = 5.19> <FuncUnit> <Opcode : 'uitofp' 'sitofp'> <InPorts = 1> <OutPorts = 1>
ST_1 : Operation 43 [1/1] (0.00ns)   --->   "%trunc_ln = partselect i61 @_ssdm_op_PartSelect.i61.i64.i32.i32, i64 %bram_read, i32 3, i32 63" [Coefficients.cpp:22]   --->   Operation 43 'partselect' 'trunc_ln' <Predicate = true> <Delay = 0.00>

State 2 <SV = 1> <Delay = 5.19>
ST_2 : Operation 44 [3/4] (5.19ns)   --->   "%conv = sitofp i32 %lowerCutoff_read" [Coefficients.cpp:19]   --->   Operation 44 'sitofp' 'conv' <Predicate = true> <Delay = 5.19> <CoreInst = "Int2Float">   --->   Core 62 'Int2Float' <Latency = 3> <II = 1> <Delay = 5.19> <FuncUnit> <Opcode : 'uitofp' 'sitofp'> <InPorts = 1> <OutPorts = 1>
ST_2 : Operation 45 [3/4] (5.19ns)   --->   "%conv2 = sitofp i32 %upperCutoff_read" [Coefficients.cpp:20]   --->   Operation 45 'sitofp' 'conv2' <Predicate = true> <Delay = 5.19> <CoreInst = "Int2Float">   --->   Core 62 'Int2Float' <Latency = 3> <II = 1> <Delay = 5.19> <FuncUnit> <Opcode : 'uitofp' 'sitofp'> <InPorts = 1> <OutPorts = 1>

State 3 <SV = 2> <Delay = 5.19>
ST_3 : Operation 46 [2/4] (5.19ns)   --->   "%conv = sitofp i32 %lowerCutoff_read" [Coefficients.cpp:19]   --->   Operation 46 'sitofp' 'conv' <Predicate = true> <Delay = 5.19> <CoreInst = "Int2Float">   --->   Core 62 'Int2Float' <Latency = 3> <II = 1> <Delay = 5.19> <FuncUnit> <Opcode : 'uitofp' 'sitofp'> <InPorts = 1> <OutPorts = 1>
ST_3 : Operation 47 [2/4] (5.19ns)   --->   "%conv2 = sitofp i32 %upperCutoff_read" [Coefficients.cpp:20]   --->   Operation 47 'sitofp' 'conv2' <Predicate = true> <Delay = 5.19> <CoreInst = "Int2Float">   --->   Core 62 'Int2Float' <Latency = 3> <II = 1> <Delay = 5.19> <FuncUnit> <Opcode : 'uitofp' 'sitofp'> <InPorts = 1> <OutPorts = 1>

State 4 <SV = 3> <Delay = 5.19>
ST_4 : Operation 48 [1/4] (5.19ns)   --->   "%conv = sitofp i32 %lowerCutoff_read" [Coefficients.cpp:19]   --->   Operation 48 'sitofp' 'conv' <Predicate = true> <Delay = 5.19> <CoreInst = "Int2Float">   --->   Core 62 'Int2Float' <Latency = 3> <II = 1> <Delay = 5.19> <FuncUnit> <Opcode : 'uitofp' 'sitofp'> <InPorts = 1> <OutPorts = 1>
ST_4 : Operation 49 [4/4] (5.19ns)   --->   "%conv1 = sitofp i32 %samplingRate_read" [Coefficients.cpp:19]   --->   Operation 49 'sitofp' 'conv1' <Predicate = true> <Delay = 5.19> <CoreInst = "Int2Float">   --->   Core 62 'Int2Float' <Latency = 3> <II = 1> <Delay = 5.19> <FuncUnit> <Opcode : 'uitofp' 'sitofp'> <InPorts = 1> <OutPorts = 1>
ST_4 : Operation 50 [1/4] (5.19ns)   --->   "%conv2 = sitofp i32 %upperCutoff_read" [Coefficients.cpp:20]   --->   Operation 50 'sitofp' 'conv2' <Predicate = true> <Delay = 5.19> <CoreInst = "Int2Float">   --->   Core 62 'Int2Float' <Latency = 3> <II = 1> <Delay = 5.19> <FuncUnit> <Opcode : 'uitofp' 'sitofp'> <InPorts = 1> <OutPorts = 1>

State 5 <SV = 4> <Delay = 7.01>
ST_5 : Operation 51 [3/3] (7.01ns)   --->   "%mul = fmul i32 %conv, i32 6.28319" [Coefficients.cpp:19]   --->   Operation 51 'fmul' 'mul' <Predicate = true> <Delay = 7.01> <CoreInst = "FMul_maxdsp">   --->   Core 30 'FMul_maxdsp' <Latency = 2> <II = 1> <Delay = 7.01> <FuncUnit> <Opcode : 'fmul'> <InPorts = 2> <OutPorts = 1>
ST_5 : Operation 52 [3/4] (5.19ns)   --->   "%conv1 = sitofp i32 %samplingRate_read" [Coefficients.cpp:19]   --->   Operation 52 'sitofp' 'conv1' <Predicate = true> <Delay = 5.19> <CoreInst = "Int2Float">   --->   Core 62 'Int2Float' <Latency = 3> <II = 1> <Delay = 5.19> <FuncUnit> <Opcode : 'uitofp' 'sitofp'> <InPorts = 1> <OutPorts = 1>
ST_5 : Operation 53 [3/3] (7.01ns)   --->   "%mul3 = fmul i32 %conv2, i32 6.28319" [Coefficients.cpp:20]   --->   Operation 53 'fmul' 'mul3' <Predicate = true> <Delay = 7.01> <CoreInst = "FMul_maxdsp">   --->   Core 30 'FMul_maxdsp' <Latency = 2> <II = 1> <Delay = 7.01> <FuncUnit> <Opcode : 'fmul'> <InPorts = 2> <OutPorts = 1>

State 6 <SV = 5> <Delay = 7.01>
ST_6 : Operation 54 [2/3] (7.01ns)   --->   "%mul = fmul i32 %conv, i32 6.28319" [Coefficients.cpp:19]   --->   Operation 54 'fmul' 'mul' <Predicate = true> <Delay = 7.01> <CoreInst = "FMul_maxdsp">   --->   Core 30 'FMul_maxdsp' <Latency = 2> <II = 1> <Delay = 7.01> <FuncUnit> <Opcode : 'fmul'> <InPorts = 2> <OutPorts = 1>
ST_6 : Operation 55 [2/4] (5.19ns)   --->   "%conv1 = sitofp i32 %samplingRate_read" [Coefficients.cpp:19]   --->   Operation 55 'sitofp' 'conv1' <Predicate = true> <Delay = 5.19> <CoreInst = "Int2Float">   --->   Core 62 'Int2Float' <Latency = 3> <II = 1> <Delay = 5.19> <FuncUnit> <Opcode : 'uitofp' 'sitofp'> <InPorts = 1> <OutPorts = 1>
ST_6 : Operation 56 [2/3] (7.01ns)   --->   "%mul3 = fmul i32 %conv2, i32 6.28319" [Coefficients.cpp:20]   --->   Operation 56 'fmul' 'mul3' <Predicate = true> <Delay = 7.01> <CoreInst = "FMul_maxdsp">   --->   Core 30 'FMul_maxdsp' <Latency = 2> <II = 1> <Delay = 7.01> <FuncUnit> <Opcode : 'fmul'> <InPorts = 2> <OutPorts = 1>

State 7 <SV = 6> <Delay = 7.01>
ST_7 : Operation 57 [1/3] (7.01ns)   --->   "%mul = fmul i32 %conv, i32 6.28319" [Coefficients.cpp:19]   --->   Operation 57 'fmul' 'mul' <Predicate = true> <Delay = 7.01> <CoreInst = "FMul_maxdsp">   --->   Core 30 'FMul_maxdsp' <Latency = 2> <II = 1> <Delay = 7.01> <FuncUnit> <Opcode : 'fmul'> <InPorts = 2> <OutPorts = 1>
ST_7 : Operation 58 [1/4] (5.19ns)   --->   "%conv1 = sitofp i32 %samplingRate_read" [Coefficients.cpp:19]   --->   Operation 58 'sitofp' 'conv1' <Predicate = true> <Delay = 5.19> <CoreInst = "Int2Float">   --->   Core 62 'Int2Float' <Latency = 3> <II = 1> <Delay = 5.19> <FuncUnit> <Opcode : 'uitofp' 'sitofp'> <InPorts = 1> <OutPorts = 1>
ST_7 : Operation 59 [1/3] (7.01ns)   --->   "%mul3 = fmul i32 %conv2, i32 6.28319" [Coefficients.cpp:20]   --->   Operation 59 'fmul' 'mul3' <Predicate = true> <Delay = 7.01> <CoreInst = "FMul_maxdsp">   --->   Core 30 'FMul_maxdsp' <Latency = 2> <II = 1> <Delay = 7.01> <FuncUnit> <Opcode : 'fmul'> <InPorts = 2> <OutPorts = 1>

State 8 <SV = 7> <Delay = 7.05>
ST_8 : Operation 60 [9/9] (7.05ns)   --->   "%omegaLower = fdiv i32 %mul, i32 %conv1" [Coefficients.cpp:19]   --->   Operation 60 'fdiv' 'omegaLower' <Predicate = true> <Delay = 7.05> <CoreInst = "FDiv">   --->   Core 20 'FDiv' <Latency = 8> <II = 1> <Delay = 7.05> <FuncUnit> <Opcode : 'fdiv' 'frem'> <InPorts = 2> <OutPorts = 1>
ST_8 : Operation 61 [9/9] (7.05ns)   --->   "%omegaUpper = fdiv i32 %mul3, i32 %conv1" [Coefficients.cpp:20]   --->   Operation 61 'fdiv' 'omegaUpper' <Predicate = true> <Delay = 7.05> <CoreInst = "FDiv">   --->   Core 20 'FDiv' <Latency = 8> <II = 1> <Delay = 7.05> <FuncUnit> <Opcode : 'fdiv' 'frem'> <InPorts = 2> <OutPorts = 1>

State 9 <SV = 8> <Delay = 7.05>
ST_9 : Operation 62 [8/9] (7.05ns)   --->   "%omegaLower = fdiv i32 %mul, i32 %conv1" [Coefficients.cpp:19]   --->   Operation 62 'fdiv' 'omegaLower' <Predicate = true> <Delay = 7.05> <CoreInst = "FDiv">   --->   Core 20 'FDiv' <Latency = 8> <II = 1> <Delay = 7.05> <FuncUnit> <Opcode : 'fdiv' 'frem'> <InPorts = 2> <OutPorts = 1>
ST_9 : Operation 63 [8/9] (7.05ns)   --->   "%omegaUpper = fdiv i32 %mul3, i32 %conv1" [Coefficients.cpp:20]   --->   Operation 63 'fdiv' 'omegaUpper' <Predicate = true> <Delay = 7.05> <CoreInst = "FDiv">   --->   Core 20 'FDiv' <Latency = 8> <II = 1> <Delay = 7.05> <FuncUnit> <Opcode : 'fdiv' 'frem'> <InPorts = 2> <OutPorts = 1>

State 10 <SV = 9> <Delay = 7.05>
ST_10 : Operation 64 [7/9] (7.05ns)   --->   "%omegaLower = fdiv i32 %mul, i32 %conv1" [Coefficients.cpp:19]   --->   Operation 64 'fdiv' 'omegaLower' <Predicate = true> <Delay = 7.05> <CoreInst = "FDiv">   --->   Core 20 'FDiv' <Latency = 8> <II = 1> <Delay = 7.05> <FuncUnit> <Opcode : 'fdiv' 'frem'> <InPorts = 2> <OutPorts = 1>
ST_10 : Operation 65 [7/9] (7.05ns)   --->   "%omegaUpper = fdiv i32 %mul3, i32 %conv1" [Coefficients.cpp:20]   --->   Operation 65 'fdiv' 'omegaUpper' <Predicate = true> <Delay = 7.05> <CoreInst = "FDiv">   --->   Core 20 'FDiv' <Latency = 8> <II = 1> <Delay = 7.05> <FuncUnit> <Opcode : 'fdiv' 'frem'> <InPorts = 2> <OutPorts = 1>

State 11 <SV = 10> <Delay = 7.05>
ST_11 : Operation 66 [6/9] (7.05ns)   --->   "%omegaLower = fdiv i32 %mul, i32 %conv1" [Coefficients.cpp:19]   --->   Operation 66 'fdiv' 'omegaLower' <Predicate = true> <Delay = 7.05> <CoreInst = "FDiv">   --->   Core 20 'FDiv' <Latency = 8> <II = 1> <Delay = 7.05> <FuncUnit> <Opcode : 'fdiv' 'frem'> <InPorts = 2> <OutPorts = 1>
ST_11 : Operation 67 [6/9] (7.05ns)   --->   "%omegaUpper = fdiv i32 %mul3, i32 %conv1" [Coefficients.cpp:20]   --->   Operation 67 'fdiv' 'omegaUpper' <Predicate = true> <Delay = 7.05> <CoreInst = "FDiv">   --->   Core 20 'FDiv' <Latency = 8> <II = 1> <Delay = 7.05> <FuncUnit> <Opcode : 'fdiv' 'frem'> <InPorts = 2> <OutPorts = 1>

State 12 <SV = 11> <Delay = 7.05>
ST_12 : Operation 68 [5/9] (7.05ns)   --->   "%omegaLower = fdiv i32 %mul, i32 %conv1" [Coefficients.cpp:19]   --->   Operation 68 'fdiv' 'omegaLower' <Predicate = true> <Delay = 7.05> <CoreInst = "FDiv">   --->   Core 20 'FDiv' <Latency = 8> <II = 1> <Delay = 7.05> <FuncUnit> <Opcode : 'fdiv' 'frem'> <InPorts = 2> <OutPorts = 1>
ST_12 : Operation 69 [5/9] (7.05ns)   --->   "%omegaUpper = fdiv i32 %mul3, i32 %conv1" [Coefficients.cpp:20]   --->   Operation 69 'fdiv' 'omegaUpper' <Predicate = true> <Delay = 7.05> <CoreInst = "FDiv">   --->   Core 20 'FDiv' <Latency = 8> <II = 1> <Delay = 7.05> <FuncUnit> <Opcode : 'fdiv' 'frem'> <InPorts = 2> <OutPorts = 1>

State 13 <SV = 12> <Delay = 7.05>
ST_13 : Operation 70 [4/9] (7.05ns)   --->   "%omegaLower = fdiv i32 %mul, i32 %conv1" [Coefficients.cpp:19]   --->   Operation 70 'fdiv' 'omegaLower' <Predicate = true> <Delay = 7.05> <CoreInst = "FDiv">   --->   Core 20 'FDiv' <Latency = 8> <II = 1> <Delay = 7.05> <FuncUnit> <Opcode : 'fdiv' 'frem'> <InPorts = 2> <OutPorts = 1>
ST_13 : Operation 71 [4/9] (7.05ns)   --->   "%omegaUpper = fdiv i32 %mul3, i32 %conv1" [Coefficients.cpp:20]   --->   Operation 71 'fdiv' 'omegaUpper' <Predicate = true> <Delay = 7.05> <CoreInst = "FDiv">   --->   Core 20 'FDiv' <Latency = 8> <II = 1> <Delay = 7.05> <FuncUnit> <Opcode : 'fdiv' 'frem'> <InPorts = 2> <OutPorts = 1>

State 14 <SV = 13> <Delay = 7.05>
ST_14 : Operation 72 [3/9] (7.05ns)   --->   "%omegaLower = fdiv i32 %mul, i32 %conv1" [Coefficients.cpp:19]   --->   Operation 72 'fdiv' 'omegaLower' <Predicate = true> <Delay = 7.05> <CoreInst = "FDiv">   --->   Core 20 'FDiv' <Latency = 8> <II = 1> <Delay = 7.05> <FuncUnit> <Opcode : 'fdiv' 'frem'> <InPorts = 2> <OutPorts = 1>
ST_14 : Operation 73 [3/9] (7.05ns)   --->   "%omegaUpper = fdiv i32 %mul3, i32 %conv1" [Coefficients.cpp:20]   --->   Operation 73 'fdiv' 'omegaUpper' <Predicate = true> <Delay = 7.05> <CoreInst = "FDiv">   --->   Core 20 'FDiv' <Latency = 8> <II = 1> <Delay = 7.05> <FuncUnit> <Opcode : 'fdiv' 'frem'> <InPorts = 2> <OutPorts = 1>

State 15 <SV = 14> <Delay = 7.05>
ST_15 : Operation 74 [2/9] (7.05ns)   --->   "%omegaLower = fdiv i32 %mul, i32 %conv1" [Coefficients.cpp:19]   --->   Operation 74 'fdiv' 'omegaLower' <Predicate = true> <Delay = 7.05> <CoreInst = "FDiv">   --->   Core 20 'FDiv' <Latency = 8> <II = 1> <Delay = 7.05> <FuncUnit> <Opcode : 'fdiv' 'frem'> <InPorts = 2> <OutPorts = 1>
ST_15 : Operation 75 [2/9] (7.05ns)   --->   "%omegaUpper = fdiv i32 %mul3, i32 %conv1" [Coefficients.cpp:20]   --->   Operation 75 'fdiv' 'omegaUpper' <Predicate = true> <Delay = 7.05> <CoreInst = "FDiv">   --->   Core 20 'FDiv' <Latency = 8> <II = 1> <Delay = 7.05> <FuncUnit> <Opcode : 'fdiv' 'frem'> <InPorts = 2> <OutPorts = 1>

State 16 <SV = 15> <Delay = 7.05>
ST_16 : Operation 76 [1/9] (7.05ns)   --->   "%omegaLower = fdiv i32 %mul, i32 %conv1" [Coefficients.cpp:19]   --->   Operation 76 'fdiv' 'omegaLower' <Predicate = true> <Delay = 7.05> <CoreInst = "FDiv">   --->   Core 20 'FDiv' <Latency = 8> <II = 1> <Delay = 7.05> <FuncUnit> <Opcode : 'fdiv' 'frem'> <InPorts = 2> <OutPorts = 1>
ST_16 : Operation 77 [1/9] (7.05ns)   --->   "%omegaUpper = fdiv i32 %mul3, i32 %conv1" [Coefficients.cpp:20]   --->   Operation 77 'fdiv' 'omegaUpper' <Predicate = true> <Delay = 7.05> <CoreInst = "FDiv">   --->   Core 20 'FDiv' <Latency = 8> <II = 1> <Delay = 7.05> <FuncUnit> <Opcode : 'fdiv' 'frem'> <InPorts = 2> <OutPorts = 1>

State 17 <SV = 16> <Delay = 6.43>
ST_17 : Operation 78 [4/4] (6.43ns)   --->   "%sub7 = fsub i32 %omegaUpper, i32 %omegaLower" [Coefficients.cpp:20]   --->   Operation 78 'fsub' 'sub7' <Predicate = true> <Delay = 6.43> <CoreInst = "FAddSub_fulldsp">   --->   Core 18 'FAddSub_fulldsp' <Latency = 3> <II = 1> <Delay = 6.43> <FuncUnit> <Opcode : 'fadd' 'fsub'> <InPorts = 2> <OutPorts = 1>

State 18 <SV = 17> <Delay = 6.43>
ST_18 : Operation 79 [3/4] (6.43ns)   --->   "%sub7 = fsub i32 %omegaUpper, i32 %omegaLower" [Coefficients.cpp:20]   --->   Operation 79 'fsub' 'sub7' <Predicate = true> <Delay = 6.43> <CoreInst = "FAddSub_fulldsp">   --->   Core 18 'FAddSub_fulldsp' <Latency = 3> <II = 1> <Delay = 6.43> <FuncUnit> <Opcode : 'fadd' 'fsub'> <InPorts = 2> <OutPorts = 1>

State 19 <SV = 18> <Delay = 6.43>
ST_19 : Operation 80 [2/4] (6.43ns)   --->   "%sub7 = fsub i32 %omegaUpper, i32 %omegaLower" [Coefficients.cpp:20]   --->   Operation 80 'fsub' 'sub7' <Predicate = true> <Delay = 6.43> <CoreInst = "FAddSub_fulldsp">   --->   Core 18 'FAddSub_fulldsp' <Latency = 3> <II = 1> <Delay = 6.43> <FuncUnit> <Opcode : 'fadd' 'fsub'> <InPorts = 2> <OutPorts = 1>

State 20 <SV = 19> <Delay = 6.43>
ST_20 : Operation 81 [1/4] (6.43ns)   --->   "%sub7 = fsub i32 %omegaUpper, i32 %omegaLower" [Coefficients.cpp:20]   --->   Operation 81 'fsub' 'sub7' <Predicate = true> <Delay = 6.43> <CoreInst = "FAddSub_fulldsp">   --->   Core 18 'FAddSub_fulldsp' <Latency = 3> <II = 1> <Delay = 6.43> <FuncUnit> <Opcode : 'fadd' 'fsub'> <InPorts = 2> <OutPorts = 1>

State 21 <SV = 20> <Delay = 7.05>
ST_21 : Operation 82 [9/9] (7.05ns)   --->   "%div8 = fdiv i32 %sub7, i32 3.14159" [Coefficients.cpp:20]   --->   Operation 82 'fdiv' 'div8' <Predicate = true> <Delay = 7.05> <CoreInst = "FDiv">   --->   Core 20 'FDiv' <Latency = 8> <II = 1> <Delay = 7.05> <FuncUnit> <Opcode : 'fdiv' 'frem'> <InPorts = 2> <OutPorts = 1>

State 22 <SV = 21> <Delay = 7.05>
ST_22 : Operation 83 [8/9] (7.05ns)   --->   "%div8 = fdiv i32 %sub7, i32 3.14159" [Coefficients.cpp:20]   --->   Operation 83 'fdiv' 'div8' <Predicate = true> <Delay = 7.05> <CoreInst = "FDiv">   --->   Core 20 'FDiv' <Latency = 8> <II = 1> <Delay = 7.05> <FuncUnit> <Opcode : 'fdiv' 'frem'> <InPorts = 2> <OutPorts = 1>

State 23 <SV = 22> <Delay = 7.05>
ST_23 : Operation 84 [7/9] (7.05ns)   --->   "%div8 = fdiv i32 %sub7, i32 3.14159" [Coefficients.cpp:20]   --->   Operation 84 'fdiv' 'div8' <Predicate = true> <Delay = 7.05> <CoreInst = "FDiv">   --->   Core 20 'FDiv' <Latency = 8> <II = 1> <Delay = 7.05> <FuncUnit> <Opcode : 'fdiv' 'frem'> <InPorts = 2> <OutPorts = 1>

State 24 <SV = 23> <Delay = 7.05>
ST_24 : Operation 85 [6/9] (7.05ns)   --->   "%div8 = fdiv i32 %sub7, i32 3.14159" [Coefficients.cpp:20]   --->   Operation 85 'fdiv' 'div8' <Predicate = true> <Delay = 7.05> <CoreInst = "FDiv">   --->   Core 20 'FDiv' <Latency = 8> <II = 1> <Delay = 7.05> <FuncUnit> <Opcode : 'fdiv' 'frem'> <InPorts = 2> <OutPorts = 1>

State 25 <SV = 24> <Delay = 7.05>
ST_25 : Operation 86 [5/9] (7.05ns)   --->   "%div8 = fdiv i32 %sub7, i32 3.14159" [Coefficients.cpp:20]   --->   Operation 86 'fdiv' 'div8' <Predicate = true> <Delay = 7.05> <CoreInst = "FDiv">   --->   Core 20 'FDiv' <Latency = 8> <II = 1> <Delay = 7.05> <FuncUnit> <Opcode : 'fdiv' 'frem'> <InPorts = 2> <OutPorts = 1>

State 26 <SV = 25> <Delay = 7.05>
ST_26 : Operation 87 [4/9] (7.05ns)   --->   "%div8 = fdiv i32 %sub7, i32 3.14159" [Coefficients.cpp:20]   --->   Operation 87 'fdiv' 'div8' <Predicate = true> <Delay = 7.05> <CoreInst = "FDiv">   --->   Core 20 'FDiv' <Latency = 8> <II = 1> <Delay = 7.05> <FuncUnit> <Opcode : 'fdiv' 'frem'> <InPorts = 2> <OutPorts = 1>

State 27 <SV = 26> <Delay = 7.05>
ST_27 : Operation 88 [3/9] (7.05ns)   --->   "%div8 = fdiv i32 %sub7, i32 3.14159" [Coefficients.cpp:20]   --->   Operation 88 'fdiv' 'div8' <Predicate = true> <Delay = 7.05> <CoreInst = "FDiv">   --->   Core 20 'FDiv' <Latency = 8> <II = 1> <Delay = 7.05> <FuncUnit> <Opcode : 'fdiv' 'frem'> <InPorts = 2> <OutPorts = 1>

State 28 <SV = 27> <Delay = 7.05>
ST_28 : Operation 89 [2/9] (7.05ns)   --->   "%div8 = fdiv i32 %sub7, i32 3.14159" [Coefficients.cpp:20]   --->   Operation 89 'fdiv' 'div8' <Predicate = true> <Delay = 7.05> <CoreInst = "FDiv">   --->   Core 20 'FDiv' <Latency = 8> <II = 1> <Delay = 7.05> <FuncUnit> <Opcode : 'fdiv' 'frem'> <InPorts = 2> <OutPorts = 1>

State 29 <SV = 28> <Delay = 7.30>
ST_29 : Operation 90 [1/9] (7.05ns)   --->   "%div8 = fdiv i32 %sub7, i32 3.14159" [Coefficients.cpp:20]   --->   Operation 90 'fdiv' 'div8' <Predicate = true> <Delay = 7.05> <CoreInst = "FDiv">   --->   Core 20 'FDiv' <Latency = 8> <II = 1> <Delay = 7.05> <FuncUnit> <Opcode : 'fdiv' 'frem'> <InPorts = 2> <OutPorts = 1>
ST_29 : Operation 91 [1/1] (0.00ns)   --->   "%sext_ln22 = sext i61 %trunc_ln" [Coefficients.cpp:22]   --->   Operation 91 'sext' 'sext_ln22' <Predicate = true> <Delay = 0.00>
ST_29 : Operation 92 [1/1] (0.00ns)   --->   "%gmem_addr = getelementptr i64 %gmem, i64 %sext_ln22" [Coefficients.cpp:22]   --->   Operation 92 'getelementptr' 'gmem_addr' <Predicate = true> <Delay = 0.00>
ST_29 : Operation 93 [1/1] (7.30ns)   --->   "%empty = writereq i1 @_ssdm_op_WriteReq.m_axi.p1i64, i64 %gmem_addr, i64 25" [Coefficients.cpp:22]   --->   Operation 93 'writereq' 'empty' <Predicate = true> <Delay = 7.30> <CoreInst = "m_axi">   --->   Core 119 'm_axi' <Latency = 0> <II = 1> <Delay = 1.00> <Adapter> <Opcode : 'read' 'write' 'readreq' 'writereq' 'writeresp'>

State 30 <SV = 29> <Delay = 0.00>
ST_30 : Operation 94 [2/2] (0.00ns)   --->   "%call_ln22 = call void @calculateCoefficients_Pipeline_VITIS_LOOP_22_1, i64 %gmem, i61 %trunc_ln, i32 %div8, i32 %omegaUpper, i32 %omegaLower, i100 %ref_4oPi_table_100, i30 %second_order_float_sin_cos_K0, i23 %second_order_float_sin_cos_K1, i15 %second_order_float_sin_cos_K2" [Coefficients.cpp:22]   --->   Operation 94 'call' 'call_ln22' <Predicate = true> <Delay = 0.00> <CoreType = "Generic">   --->   Core 0 '' <Latency = 0> <II = 1> <Delay = 1.00> <Generic> <Opcode : >

State 31 <SV = 30> <Delay = 0.00>
ST_31 : Operation 95 [1/2] (0.00ns)   --->   "%call_ln22 = call void @calculateCoefficients_Pipeline_VITIS_LOOP_22_1, i64 %gmem, i61 %trunc_ln, i32 %div8, i32 %omegaUpper, i32 %omegaLower, i100 %ref_4oPi_table_100, i30 %second_order_float_sin_cos_K0, i23 %second_order_float_sin_cos_K1, i15 %second_order_float_sin_cos_K2" [Coefficients.cpp:22]   --->   Operation 95 'call' 'call_ln22' <Predicate = true> <Delay = 0.00> <CoreType = "Generic">   --->   Core 0 '' <Latency = 0> <II = 1> <Delay = 1.00> <Generic> <Opcode : >

State 32 <SV = 31> <Delay = 7.30>
ST_32 : Operation 96 [5/5] (7.30ns)   --->   "%empty_38 = writeresp i1 @_ssdm_op_WriteResp.m_axi.p1i64, i64 %gmem_addr" [Coefficients.cpp:38]   --->   Operation 96 'writeresp' 'empty_38' <Predicate = true> <Delay = 7.30> <CoreInst = "m_axi">   --->   Core 119 'm_axi' <Latency = 0> <II = 1> <Delay = 1.00> <Adapter> <Opcode : 'read' 'write' 'readreq' 'writereq' 'writeresp'>

State 33 <SV = 32> <Delay = 7.30>
ST_33 : Operation 97 [4/5] (7.30ns)   --->   "%empty_38 = writeresp i1 @_ssdm_op_WriteResp.m_axi.p1i64, i64 %gmem_addr" [Coefficients.cpp:38]   --->   Operation 97 'writeresp' 'empty_38' <Predicate = true> <Delay = 7.30> <CoreInst = "m_axi">   --->   Core 119 'm_axi' <Latency = 0> <II = 1> <Delay = 1.00> <Adapter> <Opcode : 'read' 'write' 'readreq' 'writereq' 'writeresp'>

State 34 <SV = 33> <Delay = 7.30>
ST_34 : Operation 98 [3/5] (7.30ns)   --->   "%empty_38 = writeresp i1 @_ssdm_op_WriteResp.m_axi.p1i64, i64 %gmem_addr" [Coefficients.cpp:38]   --->   Operation 98 'writeresp' 'empty_38' <Predicate = true> <Delay = 7.30> <CoreInst = "m_axi">   --->   Core 119 'm_axi' <Latency = 0> <II = 1> <Delay = 1.00> <Adapter> <Opcode : 'read' 'write' 'readreq' 'writereq' 'writeresp'>

State 35 <SV = 34> <Delay = 7.30>
ST_35 : Operation 99 [2/5] (7.30ns)   --->   "%empty_38 = writeresp i1 @_ssdm_op_WriteResp.m_axi.p1i64, i64 %gmem_addr" [Coefficients.cpp:38]   --->   Operation 99 'writeresp' 'empty_38' <Predicate = true> <Delay = 7.30> <CoreInst = "m_axi">   --->   Core 119 'm_axi' <Latency = 0> <II = 1> <Delay = 1.00> <Adapter> <Opcode : 'read' 'write' 'readreq' 'writereq' 'writeresp'>

State 36 <SV = 35> <Delay = 7.30>
ST_36 : Operation 100 [1/1] (0.00ns)   --->   "%spectopmodule_ln6 = spectopmodule void @_ssdm_op_SpecTopModule, void @empty_12" [Coefficients.cpp:6]   --->   Operation 100 'spectopmodule' 'spectopmodule_ln6' <Predicate = true> <Delay = 0.00>
ST_36 : Operation 101 [1/1] (0.00ns)   --->   "%specinterface_ln0 = specinterface void @_ssdm_op_SpecInterface, i64 %gmem, void @empty, i32 0, i32 0, void @empty_0, i32 0, i32 25, void @empty_1, void @empty_2, void @empty_0, i32 16, i32 16, i32 16, i32 16, void @empty_0, void @empty_0, i32 4294967295, i32 0, i32 0"   --->   Operation 101 'specinterface' 'specinterface_ln0' <Predicate = true> <Delay = 0.00>
ST_36 : Operation 102 [1/1] (0.00ns)   --->   "%specbitsmap_ln0 = specbitsmap void @_ssdm_op_SpecBitsMap, i64 %gmem"   --->   Operation 102 'specbitsmap' 'specbitsmap_ln0' <Predicate = true> <Delay = 0.00>
ST_36 : Operation 103 [1/1] (0.00ns)   --->   "%specbitsmap_ln0 = specbitsmap void @_ssdm_op_SpecBitsMap, i32 %lowerCutoff"   --->   Operation 103 'specbitsmap' 'specbitsmap_ln0' <Predicate = true> <Delay = 0.00>
ST_36 : Operation 104 [1/1] (0.00ns)   --->   "%specinterface_ln0 = specinterface void @_ssdm_op_SpecInterface, i32 %lowerCutoff, void @empty_3, i32 4294967295, i32 4294967295, void @empty_4, i32 0, i32 0, void @empty_5, void @empty_6, void @empty_0, i32 0, i32 0, i32 0, i32 0, void @empty_0, void @empty_0, i32 4294967295, i32 0, i32 0"   --->   Operation 104 'specinterface' 'specinterface_ln0' <Predicate = true> <Delay = 0.00>
ST_36 : Operation 105 [1/1] (0.00ns)   --->   "%specinterface_ln0 = specinterface void @_ssdm_op_SpecInterface, i32 %lowerCutoff, void @empty_7, i32 4294967295, i32 4294967295, void @empty_0, i32 0, i32 0, void @empty_0, void @empty_0, void @empty_0, i32 0, i32 0, i32 0, i32 0, void @empty_0, void @empty_0, i32 4294967295, i32 0, i32 0"   --->   Operation 105 'specinterface' 'specinterface_ln0' <Predicate = true> <Delay = 0.00>
ST_36 : Operation 106 [1/1] (0.00ns)   --->   "%specbitsmap_ln0 = specbitsmap void @_ssdm_op_SpecBitsMap, i32 %upperCutoff"   --->   Operation 106 'specbitsmap' 'specbitsmap_ln0' <Predicate = true> <Delay = 0.00>
ST_36 : Operation 107 [1/1] (0.00ns)   --->   "%specinterface_ln0 = specinterface void @_ssdm_op_SpecInterface, i32 %upperCutoff, void @empty_3, i32 4294967295, i32 4294967295, void @empty_4, i32 0, i32 0, void @empty_5, void @empty_8, void @empty_0, i32 0, i32 0, i32 0, i32 0, void @empty_0, void @empty_0, i32 4294967295, i32 0, i32 0"   --->   Operation 107 'specinterface' 'specinterface_ln0' <Predicate = true> <Delay = 0.00>
ST_36 : Operation 108 [1/1] (0.00ns)   --->   "%specinterface_ln0 = specinterface void @_ssdm_op_SpecInterface, i32 %upperCutoff, void @empty_7, i32 4294967295, i32 4294967295, void @empty_0, i32 0, i32 0, void @empty_0, void @empty_0, void @empty_0, i32 0, i32 0, i32 0, i32 0, void @empty_0, void @empty_0, i32 4294967295, i32 0, i32 0"   --->   Operation 108 'specinterface' 'specinterface_ln0' <Predicate = true> <Delay = 0.00>
ST_36 : Operation 109 [1/1] (0.00ns)   --->   "%specbitsmap_ln0 = specbitsmap void @_ssdm_op_SpecBitsMap, i32 %samplingRate"   --->   Operation 109 'specbitsmap' 'specbitsmap_ln0' <Predicate = true> <Delay = 0.00>
ST_36 : Operation 110 [1/1] (0.00ns)   --->   "%specinterface_ln0 = specinterface void @_ssdm_op_SpecInterface, i32 %samplingRate, void @empty_3, i32 4294967295, i32 4294967295, void @empty_4, i32 0, i32 0, void @empty_5, void @empty_9, void @empty_0, i32 0, i32 0, i32 0, i32 0, void @empty_0, void @empty_0, i32 4294967295, i32 0, i32 0"   --->   Operation 110 'specinterface' 'specinterface_ln0' <Predicate = true> <Delay = 0.00>
ST_36 : Operation 111 [1/1] (0.00ns)   --->   "%specinterface_ln0 = specinterface void @_ssdm_op_SpecInterface, i32 %samplingRate, void @empty_7, i32 4294967295, i32 4294967295, void @empty_0, i32 0, i32 0, void @empty_0, void @empty_0, void @empty_0, i32 0, i32 0, i32 0, i32 0, void @empty_0, void @empty_0, i32 4294967295, i32 0, i32 0"   --->   Operation 111 'specinterface' 'specinterface_ln0' <Predicate = true> <Delay = 0.00>
ST_36 : Operation 112 [1/1] (0.00ns)   --->   "%specinterface_ln0 = specinterface void @_ssdm_op_SpecInterface, i64 %bram, void @empty_3, i32 0, i32 0, void @empty_0, i32 0, i32 0, void @empty_5, void @empty_10, void @empty_0, i32 0, i32 0, i32 0, i32 0, void @empty_0, void @empty_11, i32 4294967295, i32 0, i32 0"   --->   Operation 112 'specinterface' 'specinterface_ln0' <Predicate = true> <Delay = 0.00>
ST_36 : Operation 113 [1/1] (0.00ns)   --->   "%specinterface_ln0 = specinterface void @_ssdm_op_SpecInterface, i64 %bram, void @empty_7, i32 0, i32 0, void @empty_0, i32 0, i32 0, void @empty_0, void @empty_0, void @empty_0, i32 0, i32 0, i32 0, i32 0, void @empty_0, void @empty_11, i32 4294967295, i32 0, i32 0"   --->   Operation 113 'specinterface' 'specinterface_ln0' <Predicate = true> <Delay = 0.00>
ST_36 : Operation 114 [1/1] (0.00ns)   --->   "%specinterface_ln0 = specinterface void @_ssdm_op_SpecInterface, i32 0, void @empty_3, i32 0, i32 0, void @empty_0, i32 0, i32 0, void @empty_5, void @empty_0, void @empty_0, i32 0, i32 0, i32 0, i32 0, void @empty_0, void @empty_0, i32 4294967295, i32 0, i32 0"   --->   Operation 114 'specinterface' 'specinterface_ln0' <Predicate = true> <Delay = 0.00>
ST_36 : Operation 115 [1/5] (7.30ns)   --->   "%empty_38 = writeresp i1 @_ssdm_op_WriteResp.m_axi.p1i64, i64 %gmem_addr" [Coefficients.cpp:38]   --->   Operation 115 'writeresp' 'empty_38' <Predicate = true> <Delay = 7.30> <CoreInst = "m_axi">   --->   Core 119 'm_axi' <Latency = 0> <II = 1> <Delay = 1.00> <Adapter> <Opcode : 'read' 'write' 'readreq' 'writereq' 'writeresp'>
ST_36 : Operation 116 [1/1] (0.00ns)   --->   "%ret_ln38 = ret" [Coefficients.cpp:38]   --->   Operation 116 'ret' 'ret_ln38' <Predicate = true> <Delay = 0.00>


============================================================
+ Verbose Summary: Binding
============================================================
STG Binding: 
---------------- STG Properties BEGIN ----------------
- Is combinational: 0
- Is one-state seq: 0
- Is datapath-only: 0
- Is pipelined: 0
- Is top level: 1
Port [ Return ] is wired: 1; IO mode=ap_ctrl_hs:ce=0
Port [ gmem]:  wired=1; compound=1; hidden=0; nouse=0; global=0; static=0; extern=0; dir=1; type=4; pingpong=0; private_global=0; IO mode=m_axi:ce=0
Port [ lowerCutoff]:  wired=1; compound=0; hidden=0; nouse=0; global=0; static=0; extern=0; dir=0; type=0; pingpong=0; private_global=0; IO mode=ap_none:ce=0
Port [ upperCutoff]:  wired=1; compound=0; hidden=0; nouse=0; global=0; static=0; extern=0; dir=0; type=0; pingpong=0; private_global=0; IO mode=ap_none:ce=0
Port [ samplingRate]:  wired=1; compound=0; hidden=0; nouse=0; global=0; static=0; extern=0; dir=0; type=0; pingpong=0; private_global=0; IO mode=ap_none:ce=0
Port [ bram]:  wired=1; compound=0; hidden=0; nouse=0; global=0; static=0; extern=0; dir=0; type=0; pingpong=0; private_global=0; IO mode=ap_none:ce=0
Port [ ref_4oPi_table_100]:  wired=0; compound=1; hidden=1; nouse=1; global=1; static=1; extern=0; dir=0; type=1; pingpong=0; private_global=0; MemPort=[1]; IO mode=ap_memory:ce=0
Port [ second_order_float_sin_cos_K0]:  wired=0; compound=1; hidden=1; nouse=1; global=1; static=1; extern=0; dir=0; type=1; pingpong=0; private_global=0; MemPort=[1]; IO mode=ap_memory:ce=0
Port [ second_order_float_sin_cos_K1]:  wired=0; compound=1; hidden=1; nouse=1; global=1; static=1; extern=0; dir=0; type=1; pingpong=0; private_global=0; MemPort=[1]; IO mode=ap_memory:ce=0
Port [ second_order_float_sin_cos_K2]:  wired=0; compound=1; hidden=1; nouse=1; global=1; static=1; extern=0; dir=0; type=1; pingpong=0; private_global=0; MemPort=[1]; IO mode=ap_memory:ce=0
---------------- STG Properties END ------------------

---------------- Datapath Model BEGIN ----------------

<LifeTime>
<method=bitvector/>
bram_read         (read         ) [ 0000000000000000000000000000000000000]
samplingRate_read (read         ) [ 0011111100000000000000000000000000000]
upperCutoff_read  (read         ) [ 0011100000000000000000000000000000000]
lowerCutoff_read  (read         ) [ 0011100000000000000000000000000000000]
trunc_ln          (partselect   ) [ 0011111111111111111111111111111100000]
conv              (sitofp       ) [ 0000011100000000000000000000000000000]
conv2             (sitofp       ) [ 0000011100000000000000000000000000000]
mul               (fmul         ) [ 0000000011111111100000000000000000000]
conv1             (sitofp       ) [ 0000000011111111100000000000000000000]
mul3              (fmul         ) [ 0000000011111111100000000000000000000]
omegaLower        (fdiv         ) [ 0000000000000000011111111111111100000]
omegaUpper        (fdiv         ) [ 0000000000000000011111111111111100000]
sub7              (fsub         ) [ 0000000000000000000001111111110000000]
div8              (fdiv         ) [ 0000000000000000000000000000001100000]
sext_ln22         (sext         ) [ 0000000000000000000000000000000000000]
gmem_addr         (getelementptr) [ 0000000000000000000000000000001111111]
empty             (writereq     ) [ 0000000000000000000000000000000000000]
call_ln22         (call         ) [ 0000000000000000000000000000000000000]
spectopmodule_ln6 (spectopmodule) [ 0000000000000000000000000000000000000]
specinterface_ln0 (specinterface) [ 0000000000000000000000000000000000000]
specbitsmap_ln0   (specbitsmap  ) [ 0000000000000000000000000000000000000]
specbitsmap_ln0   (specbitsmap  ) [ 0000000000000000000000000000000000000]
specinterface_ln0 (specinterface) [ 0000000000000000000000000000000000000]
specinterface_ln0 (specinterface) [ 0000000000000000000000000000000000000]
specbitsmap_ln0   (specbitsmap  ) [ 0000000000000000000000000000000000000]
specinterface_ln0 (specinterface) [ 0000000000000000000000000000000000000]
specinterface_ln0 (specinterface) [ 0000000000000000000000000000000000000]
specbitsmap_ln0   (specbitsmap  ) [ 0000000000000000000000000000000000000]
specinterface_ln0 (specinterface) [ 0000000000000000000000000000000000000]
specinterface_ln0 (specinterface) [ 0000000000000000000000000000000000000]
specinterface_ln0 (specinterface) [ 0000000000000000000000000000000000000]
specinterface_ln0 (specinterface) [ 0000000000000000000000000000000000000]
specinterface_ln0 (specinterface) [ 0000000000000000000000000000000000000]
empty_38          (writeresp    ) [ 0000000000000000000000000000000000000]
ret_ln38          (ret          ) [ 0000000000000000000000000000000000000]
</LifeTime>

<model>

<comp_list>
<comp id="0" class="1000" name="gmem">
<pin_list>
<pin id="1" dir="1" index="0" bw="1" slack="0"/>
</pin_list>
<bind>
<StgValue><ssdm name="gmem"/></StgValue>
</bind>
</comp>

<comp id="2" class="1000" name="lowerCutoff">
<pin_list>
<pin id="3" dir="1" index="0" bw="1" slack="0"/>
</pin_list>
<bind>
<StgValue><ssdm name="lowerCutoff"/></StgValue>
</bind>
</comp>

<comp id="4" class="1000" name="upperCutoff">
<pin_list>
<pin id="5" dir="1" index="0" bw="1" slack="0"/>
</pin_list>
<bind>
<StgValue><ssdm name="upperCutoff"/></StgValue>
</bind>
</comp>

<comp id="6" class="1000" name="samplingRate">
<pin_list>
<pin id="7" dir="1" index="0" bw="1" slack="0"/>
</pin_list>
<bind>
<StgValue><ssdm name="samplingRate"/></StgValue>
</bind>
</comp>

<comp id="8" class="1000" name="bram">
<pin_list>
<pin id="9" dir="1" index="0" bw="1" slack="0"/>
</pin_list>
<bind>
<StgValue><ssdm name="bram"/></StgValue>
</bind>
</comp>

<comp id="10" class="1000" name="ref_4oPi_table_100">
<pin_list>
<pin id="11" dir="1" index="0" bw="1" slack="0"/>
</pin_list>
<bind>
<StgValue><ssdm name="ref_4oPi_table_100"/><MemPortTyVec>1 </MemPortTyVec>
</StgValue>
</bind>
</comp>

<comp id="12" class="1000" name="second_order_float_sin_cos_K0">
<pin_list>
<pin id="13" dir="1" index="0" bw="1" slack="0"/>
</pin_list>
<bind>
<StgValue><ssdm name="second_order_float_sin_cos_K0"/><MemPortTyVec>1 </MemPortTyVec>
</StgValue>
</bind>
</comp>

<comp id="14" class="1000" name="second_order_float_sin_cos_K1">
<pin_list>
<pin id="15" dir="1" index="0" bw="1" slack="0"/>
</pin_list>
<bind>
<StgValue><ssdm name="second_order_float_sin_cos_K1"/><MemPortTyVec>1 </MemPortTyVec>
</StgValue>
</bind>
</comp>

<comp id="16" class="1000" name="second_order_float_sin_cos_K2">
<pin_list>
<pin id="17" dir="1" index="0" bw="1" slack="0"/>
</pin_list>
<bind>
<StgValue><ssdm name="second_order_float_sin_cos_K2"/><MemPortTyVec>1 </MemPortTyVec>
</StgValue>
</bind>
</comp>

<comp id="18" class="1001" name="const_18">
<pin_list>
<pin id="19" dir="1" index="0" bw="1" slack="0"/>
</pin_list>
<bind>
<StgValue><ssdm name="_ssdm_op_Read.s_axilite.i64"/></StgValue>
</bind>
</comp>

<comp id="20" class="1001" name="const_20">
<pin_list>
<pin id="21" dir="1" index="0" bw="1" slack="0"/>
</pin_list>
<bind>
<StgValue><ssdm name="_ssdm_op_Read.s_axilite.i32"/></StgValue>
</bind>
</comp>

<comp id="22" class="1001" name="const_22">
<pin_list>
<pin id="23" dir="1" index="0" bw="1" slack="0"/>
</pin_list>
<bind>
<StgValue><ssdm name="_ssdm_op_PartSelect.i61.i64.i32.i32"/></StgValue>
</bind>
</comp>

<comp id="24" class="1001" name="const_24">
<pin_list>
<pin id="25" dir="1" index="0" bw="1" slack="0"/>
</pin_list>
<bind>
<StgValue><ssdm name=""/></StgValue>
</bind>
</comp>

<comp id="26" class="1001" name="const_26">
<pin_list>
<pin id="27" dir="1" index="0" bw="1" slack="0"/>
</pin_list>
<bind>
<StgValue><ssdm name=""/></StgValue>
</bind>
</comp>

<comp id="28" class="1001" name="const_28">
<pin_list>
<pin id="29" dir="1" index="0" bw="1" slack="0"/>
</pin_list>
<bind>
<StgValue><ssdm name=""/></StgValue>
</bind>
</comp>

<comp id="30" class="1001" name="const_30">
<pin_list>
<pin id="31" dir="1" index="0" bw="1" slack="0"/>
</pin_list>
<bind>
<StgValue><ssdm name=""/></StgValue>
</bind>
</comp>

<comp id="32" class="1001" name="const_32">
<pin_list>
<pin id="33" dir="1" index="0" bw="1" slack="0"/>
</pin_list>
<bind>
<StgValue><ssdm name="_ssdm_op_WriteReq.m_axi.p1i64"/></StgValue>
</bind>
</comp>

<comp id="34" class="1001" name="const_34">
<pin_list>
<pin id="35" dir="1" index="0" bw="1" slack="0"/>
</pin_list>
<bind>
<StgValue><ssdm name=""/></StgValue>
</bind>
</comp>

<comp id="36" class="1001" name="const_36">
<pin_list>
<pin id="37" dir="1" index="0" bw="1" slack="0"/>
</pin_list>
<bind>
<StgValue><ssdm name="calculateCoefficients_Pipeline_VITIS_LOOP_22_1"/></StgValue>
</bind>
</comp>

<comp id="38" class="1001" name="const_38">
<pin_list>
<pin id="39" dir="1" index="0" bw="1" slack="0"/>
</pin_list>
<bind>
<StgValue><ssdm name="_ssdm_op_WriteResp.m_axi.p1i64"/></StgValue>
</bind>
</comp>

<comp id="40" class="1001" name="const_40">
<pin_list>
<pin id="41" dir="1" index="0" bw="1" slack="2147483647"/>
</pin_list>
<bind>
<StgValue><ssdm name="_ssdm_op_SpecTopModule"/></StgValue>
</bind>
</comp>

<comp id="42" class="1001" name="const_42">
<pin_list>
<pin id="43" dir="1" index="0" bw="1" slack="2147483647"/>
</pin_list>
<bind>
<StgValue><ssdm name="empty_12"/></StgValue>
</bind>
</comp>

<comp id="44" class="1001" name="const_44">
<pin_list>
<pin id="45" dir="1" index="0" bw="1" slack="2147483647"/>
</pin_list>
<bind>
<StgValue><ssdm name="_ssdm_op_SpecInterface"/></StgValue>
</bind>
</comp>

<comp id="46" class="1001" name="const_46">
<pin_list>
<pin id="47" dir="1" index="0" bw="1" slack="2147483647"/>
</pin_list>
<bind>
<StgValue><ssdm name="empty"/></StgValue>
</bind>
</comp>

<comp id="48" class="1001" name="const_48">
<pin_list>
<pin id="49" dir="1" index="0" bw="1" slack="2147483647"/>
</pin_list>
<bind>
<StgValue><ssdm name=""/></StgValue>
</bind>
</comp>

<comp id="50" class="1001" name="const_50">
<pin_list>
<pin id="51" dir="1" index="0" bw="1" slack="2147483647"/>
</pin_list>
<bind>
<StgValue><ssdm name="empty_0"/></StgValue>
</bind>
</comp>

<comp id="52" class="1001" name="const_52">
<pin_list>
<pin id="53" dir="1" index="0" bw="1" slack="2147483647"/>
</pin_list>
<bind>
<StgValue><ssdm name=""/></StgValue>
</bind>
</comp>

<comp id="54" class="1001" name="const_54">
<pin_list>
<pin id="55" dir="1" index="0" bw="1" slack="2147483647"/>
</pin_list>
<bind>
<StgValue><ssdm name="empty_1"/></StgValue>
</bind>
</comp>

<comp id="56" class="1001" name="const_56">
<pin_list>
<pin id="57" dir="1" index="0" bw="1" slack="2147483647"/>
</pin_list>
<bind>
<StgValue><ssdm name="empty_2"/></StgValue>
</bind>
</comp>

<comp id="58" class="1001" name="const_58">
<pin_list>
<pin id="59" dir="1" index="0" bw="1" slack="2147483647"/>
</pin_list>
<bind>
<StgValue><ssdm name=""/></StgValue>
</bind>
</comp>

<comp id="60" class="1001" name="const_60">
<pin_list>
<pin id="61" dir="1" index="0" bw="1" slack="2147483647"/>
</pin_list>
<bind>
<StgValue><ssdm name=""/></StgValue>
</bind>
</comp>

<comp id="62" class="1001" name="const_62">
<pin_list>
<pin id="63" dir="1" index="0" bw="1" slack="2147483647"/>
</pin_list>
<bind>
<StgValue><ssdm name="_ssdm_op_SpecBitsMap"/></StgValue>
</bind>
</comp>

<comp id="64" class="1001" name="const_64">
<pin_list>
<pin id="65" dir="1" index="0" bw="1" slack="2147483647"/>
</pin_list>
<bind>
<StgValue><ssdm name="empty_3"/></StgValue>
</bind>
</comp>

<comp id="66" class="1001" name="const_66">
<pin_list>
<pin id="67" dir="1" index="0" bw="1" slack="2147483647"/>
</pin_list>
<bind>
<StgValue><ssdm name="empty_4"/></StgValue>
</bind>
</comp>

<comp id="68" class="1001" name="const_68">
<pin_list>
<pin id="69" dir="1" index="0" bw="1" slack="2147483647"/>
</pin_list>
<bind>
<StgValue><ssdm name="empty_5"/></StgValue>
</bind>
</comp>

<comp id="70" class="1001" name="const_70">
<pin_list>
<pin id="71" dir="1" index="0" bw="1" slack="2147483647"/>
</pin_list>
<bind>
<StgValue><ssdm name="empty_6"/></StgValue>
</bind>
</comp>

<comp id="72" class="1001" name="const_72">
<pin_list>
<pin id="73" dir="1" index="0" bw="1" slack="2147483647"/>
</pin_list>
<bind>
<StgValue><ssdm name="empty_7"/></StgValue>
</bind>
</comp>

<comp id="74" class="1001" name="const_74">
<pin_list>
<pin id="75" dir="1" index="0" bw="1" slack="2147483647"/>
</pin_list>
<bind>
<StgValue><ssdm name="empty_8"/></StgValue>
</bind>
</comp>

<comp id="76" class="1001" name="const_76">
<pin_list>
<pin id="77" dir="1" index="0" bw="1" slack="2147483647"/>
</pin_list>
<bind>
<StgValue><ssdm name="empty_9"/></StgValue>
</bind>
</comp>

<comp id="78" class="1001" name="const_78">
<pin_list>
<pin id="79" dir="1" index="0" bw="1" slack="2147483647"/>
</pin_list>
<bind>
<StgValue><ssdm name="empty_10"/></StgValue>
</bind>
</comp>

<comp id="80" class="1001" name="const_80">
<pin_list>
<pin id="81" dir="1" index="0" bw="1" slack="2147483647"/>
</pin_list>
<bind>
<StgValue><ssdm name="empty_11"/></StgValue>
</bind>
</comp>

<comp id="82" class="1004" name="bram_read_read_fu_82">
<pin_list>
<pin id="83" dir="0" index="0" bw="64" slack="0"/>
<pin id="84" dir="0" index="1" bw="64" slack="0"/>
<pin id="85" dir="1" index="2" bw="64" slack="0"/>
</pin_list>
<bind>
<opcode="read(1150) " fcode="read"/>
<opset="bram_read/1 "/>
</bind>
</comp>

<comp id="88" class="1004" name="samplingRate_read_read_fu_88">
<pin_list>
<pin id="89" dir="0" index="0" bw="32" slack="0"/>
<pin id="90" dir="0" index="1" bw="32" slack="0"/>
<pin id="91" dir="1" index="2" bw="32" slack="3"/>
</pin_list>
<bind>
<opcode="read(1150) " fcode="read"/>
<opset="samplingRate_read/1 "/>
</bind>
</comp>

<comp id="94" class="1004" name="upperCutoff_read_read_fu_94">
<pin_list>
<pin id="95" dir="0" index="0" bw="32" slack="0"/>
<pin id="96" dir="0" index="1" bw="32" slack="0"/>
<pin id="97" dir="1" index="2" bw="32" slack="0"/>
</pin_list>
<bind>
<opcode="read(1150) " fcode="read"/>
<opset="upperCutoff_read/1 "/>
</bind>
</comp>

<comp id="100" class="1004" name="lowerCutoff_read_read_fu_100">
<pin_list>
<pin id="101" dir="0" index="0" bw="32" slack="0"/>
<pin id="102" dir="0" index="1" bw="32" slack="0"/>
<pin id="103" dir="1" index="2" bw="32" slack="0"/>
</pin_list>
<bind>
<opcode="read(1150) " fcode="read"/>
<opset="lowerCutoff_read/1 "/>
</bind>
</comp>

<comp id="106" class="1004" name="grp_writeresp_fu_106">
<pin_list>
<pin id="107" dir="0" index="0" bw="1" slack="0"/>
<pin id="108" dir="0" index="1" bw="64" slack="0"/>
<pin id="109" dir="0" index="2" bw="6" slack="0"/>
<pin id="110" dir="1" index="3" bw="1" slack="2147483647"/>
</pin_list>
<bind>
<opcode="writereq(1155) writeresp(1158) " fcode="writeresp"/>
<opset="empty/29 empty_38/32 "/>
</bind>
</comp>

<comp id="114" class="1004" name="grp_calculateCoefficients_Pipeline_VITIS_LOOP_22_1_fu_114">
<pin_list>
<pin id="115" dir="0" index="0" bw="0" slack="0"/>
<pin id="116" dir="0" index="1" bw="64" slack="0"/>
<pin id="117" dir="0" index="2" bw="61" slack="29"/>
<pin id="118" dir="0" index="3" bw="32" slack="1"/>
<pin id="119" dir="0" index="4" bw="32" slack="14"/>
<pin id="120" dir="0" index="5" bw="32" slack="14"/>
<pin id="121" dir="0" index="6" bw="100" slack="0"/>
<pin id="122" dir="0" index="7" bw="30" slack="0"/>
<pin id="123" dir="0" index="8" bw="23" slack="0"/>
<pin id="124" dir="0" index="9" bw="15" slack="0"/>
<pin id="125" dir="1" index="10" bw="0" slack="2147483647"/>
</pin_list>
<bind>
<opcode="call(48) " fcode="call"/>
<opset="call_ln22/30 "/>
</bind>
</comp>

<comp id="132" class="1004" name="grp_fu_132">
<pin_list>
<pin id="133" dir="0" index="0" bw="32" slack="1"/>
<pin id="134" dir="0" index="1" bw="32" slack="1"/>
<pin id="135" dir="1" index="2" bw="32" slack="1"/>
</pin_list>
<bind>
<opcode="fsub(11) " fcode="fadd"/>
<opset="sub7/17 "/>
</bind>
</comp>

<comp id="136" class="1004" name="grp_fu_136">
<pin_list>
<pin id="137" dir="0" index="0" bw="32" slack="1"/>
<pin id="138" dir="0" index="1" bw="32" slack="0"/>
<pin id="139" dir="1" index="2" bw="32" slack="1"/>
</pin_list>
<bind>
<opcode="fmul(13) " fcode="fmul"/>
<opset="mul/5 "/>
</bind>
</comp>

<comp id="141" class="1004" name="grp_fu_141">
<pin_list>
<pin id="142" dir="0" index="0" bw="32" slack="1"/>
<pin id="143" dir="0" index="1" bw="32" slack="0"/>
<pin id="144" dir="1" index="2" bw="32" slack="1"/>
</pin_list>
<bind>
<opcode="fmul(13) " fcode="fmul"/>
<opset="mul3/5 "/>
</bind>
</comp>

<comp id="146" class="1004" name="grp_fu_146">
<pin_list>
<pin id="147" dir="0" index="0" bw="32" slack="1"/>
<pin id="148" dir="0" index="1" bw="32" slack="0"/>
<pin id="149" dir="1" index="2" bw="32" slack="1"/>
</pin_list>
<bind>
<opcode="fdiv(16) " fcode="fdiv"/>
<opset="omegaLower/8 div8/21 "/>
</bind>
</comp>

<comp id="150" class="1004" name="grp_fu_150">
<pin_list>
<pin id="151" dir="0" index="0" bw="32" slack="1"/>
<pin id="152" dir="0" index="1" bw="32" slack="1"/>
<pin id="153" dir="1" index="2" bw="32" slack="1"/>
</pin_list>
<bind>
<opcode="fdiv(16) " fcode="fdiv"/>
<opset="omegaUpper/8 "/>
</bind>
</comp>

<comp id="155" class="1004" name="grp_fu_155">
<pin_list>
<pin id="156" dir="0" index="0" bw="32" slack="0"/>
<pin id="157" dir="1" index="1" bw="32" slack="1"/>
</pin_list>
<bind>
<opcode="sitofp(39) " fcode="sitofp"/>
<opset="conv/1 conv1/4 "/>
</bind>
</comp>

<comp id="159" class="1004" name="grp_fu_159">
<pin_list>
<pin id="160" dir="0" index="0" bw="32" slack="0"/>
<pin id="161" dir="1" index="1" bw="32" slack="1"/>
</pin_list>
<bind>
<opcode="sitofp(39) " fcode="sitofp"/>
<opset="conv2/1 "/>
</bind>
</comp>

<comp id="163" class="1005" name="reg_163">
<pin_list>
<pin id="164" dir="0" index="0" bw="32" slack="1"/>
<pin id="165" dir="1" index="1" bw="32" slack="1"/>
</pin_list>
<bind>
<opset="conv conv1 "/>
</bind>
</comp>

<comp id="170" class="1004" name="trunc_ln_fu_170">
<pin_list>
<pin id="171" dir="0" index="0" bw="61" slack="0"/>
<pin id="172" dir="0" index="1" bw="64" slack="0"/>
<pin id="173" dir="0" index="2" bw="3" slack="0"/>
<pin id="174" dir="0" index="3" bw="7" slack="0"/>
<pin id="175" dir="1" index="4" bw="61" slack="28"/>
</pin_list>
<bind>
<opcode="partselect(1002) " fcode="partselect"/>
<opset="trunc_ln/1 "/>
</bind>
</comp>

<comp id="180" class="1004" name="sext_ln22_fu_180">
<pin_list>
<pin id="181" dir="0" index="0" bw="61" slack="28"/>
<pin id="182" dir="1" index="1" bw="64" slack="0"/>
</pin_list>
<bind>
<opcode="sext(35) " fcode="sext"/>
<opset="sext_ln22/29 "/>
</bind>
</comp>

<comp id="183" class="1004" name="gmem_addr_fu_183">
<pin_list>
<pin id="184" dir="0" index="0" bw="64" slack="0"/>
<pin id="185" dir="0" index="1" bw="61" slack="0"/>
<pin id="186" dir="1" index="2" bw="64" slack="0"/>
</pin_list>
<bind>
<opcode="getelementptr(29) " fcode="getelementptr"/>
<opset="gmem_addr/29 "/>
</bind>
</comp>

<comp id="190" class="1005" name="samplingRate_read_reg_190">
<pin_list>
<pin id="191" dir="0" index="0" bw="32" slack="3"/>
<pin id="192" dir="1" index="1" bw="32" slack="3"/>
</pin_list>
<bind>
<opset="samplingRate_read "/>
</bind>
</comp>

<comp id="195" class="1005" name="upperCutoff_read_reg_195">
<pin_list>
<pin id="196" dir="0" index="0" bw="32" slack="1"/>
<pin id="197" dir="1" index="1" bw="32" slack="1"/>
</pin_list>
<bind>
<opset="upperCutoff_read "/>
</bind>
</comp>

<comp id="200" class="1005" name="lowerCutoff_read_reg_200">
<pin_list>
<pin id="201" dir="0" index="0" bw="32" slack="1"/>
<pin id="202" dir="1" index="1" bw="32" slack="1"/>
</pin_list>
<bind>
<opset="lowerCutoff_read "/>
</bind>
</comp>

<comp id="205" class="1005" name="trunc_ln_reg_205">
<pin_list>
<pin id="206" dir="0" index="0" bw="61" slack="28"/>
<pin id="207" dir="1" index="1" bw="61" slack="28"/>
</pin_list>
<bind>
<opset="trunc_ln "/>
</bind>
</comp>

<comp id="211" class="1005" name="conv2_reg_211">
<pin_list>
<pin id="212" dir="0" index="0" bw="32" slack="1"/>
<pin id="213" dir="1" index="1" bw="32" slack="1"/>
</pin_list>
<bind>
<opset="conv2 "/>
</bind>
</comp>

<comp id="216" class="1005" name="mul_reg_216">
<pin_list>
<pin id="217" dir="0" index="0" bw="32" slack="1"/>
<pin id="218" dir="1" index="1" bw="32" slack="1"/>
</pin_list>
<bind>
<opset="mul "/>
</bind>
</comp>

<comp id="221" class="1005" name="mul3_reg_221">
<pin_list>
<pin id="222" dir="0" index="0" bw="32" slack="1"/>
<pin id="223" dir="1" index="1" bw="32" slack="1"/>
</pin_list>
<bind>
<opset="mul3 "/>
</bind>
</comp>

<comp id="226" class="1005" name="omegaLower_reg_226">
<pin_list>
<pin id="227" dir="0" index="0" bw="32" slack="1"/>
<pin id="228" dir="1" index="1" bw="32" slack="1"/>
</pin_list>
<bind>
<opset="omegaLower "/>
</bind>
</comp>

<comp id="232" class="1005" name="omegaUpper_reg_232">
<pin_list>
<pin id="233" dir="0" index="0" bw="32" slack="1"/>
<pin id="234" dir="1" index="1" bw="32" slack="1"/>
</pin_list>
<bind>
<opset="omegaUpper "/>
</bind>
</comp>

<comp id="238" class="1005" name="sub7_reg_238">
<pin_list>
<pin id="239" dir="0" index="0" bw="32" slack="1"/>
<pin id="240" dir="1" index="1" bw="32" slack="1"/>
</pin_list>
<bind>
<opset="sub7 "/>
</bind>
</comp>

<comp id="243" class="1005" name="div8_reg_243">
<pin_list>
<pin id="244" dir="0" index="0" bw="32" slack="1"/>
<pin id="245" dir="1" index="1" bw="32" slack="1"/>
</pin_list>
<bind>
<opset="div8 "/>
</bind>
</comp>

<comp id="248" class="1005" name="gmem_addr_reg_248">
<pin_list>
<pin id="249" dir="0" index="0" bw="64" slack="3"/>
<pin id="250" dir="1" index="1" bw="64" slack="3"/>
</pin_list>
<bind>
<opset="gmem_addr "/>
</bind>
</comp>

</comp_list>

<net_list>
<net id="86"><net_src comp="18" pin="0"/><net_sink comp="82" pin=0"/></net>

<net id="87"><net_src comp="8" pin="0"/><net_sink comp="82" pin=1"/></net>

<net id="92"><net_src comp="20" pin="0"/><net_sink comp="88" pin=0"/></net>

<net id="93"><net_src comp="6" pin="0"/><net_sink comp="88" pin=1"/></net>

<net id="98"><net_src comp="20" pin="0"/><net_sink comp="94" pin=0"/></net>

<net id="99"><net_src comp="4" pin="0"/><net_sink comp="94" pin=1"/></net>

<net id="104"><net_src comp="20" pin="0"/><net_sink comp="100" pin=0"/></net>

<net id="105"><net_src comp="2" pin="0"/><net_sink comp="100" pin=1"/></net>

<net id="111"><net_src comp="32" pin="0"/><net_sink comp="106" pin=0"/></net>

<net id="112"><net_src comp="34" pin="0"/><net_sink comp="106" pin=2"/></net>

<net id="113"><net_src comp="38" pin="0"/><net_sink comp="106" pin=0"/></net>

<net id="126"><net_src comp="36" pin="0"/><net_sink comp="114" pin=0"/></net>

<net id="127"><net_src comp="0" pin="0"/><net_sink comp="114" pin=1"/></net>

<net id="128"><net_src comp="10" pin="0"/><net_sink comp="114" pin=6"/></net>

<net id="129"><net_src comp="12" pin="0"/><net_sink comp="114" pin=7"/></net>

<net id="130"><net_src comp="14" pin="0"/><net_sink comp="114" pin=8"/></net>

<net id="131"><net_src comp="16" pin="0"/><net_sink comp="114" pin=9"/></net>

<net id="140"><net_src comp="28" pin="0"/><net_sink comp="136" pin=1"/></net>

<net id="145"><net_src comp="28" pin="0"/><net_sink comp="141" pin=1"/></net>

<net id="154"><net_src comp="30" pin="0"/><net_sink comp="146" pin=1"/></net>

<net id="158"><net_src comp="100" pin="2"/><net_sink comp="155" pin=0"/></net>

<net id="162"><net_src comp="94" pin="2"/><net_sink comp="159" pin=0"/></net>

<net id="166"><net_src comp="155" pin="1"/><net_sink comp="163" pin=0"/></net>

<net id="167"><net_src comp="163" pin="1"/><net_sink comp="136" pin=0"/></net>

<net id="168"><net_src comp="163" pin="1"/><net_sink comp="146" pin=1"/></net>

<net id="169"><net_src comp="163" pin="1"/><net_sink comp="150" pin=1"/></net>

<net id="176"><net_src comp="22" pin="0"/><net_sink comp="170" pin=0"/></net>

<net id="177"><net_src comp="82" pin="2"/><net_sink comp="170" pin=1"/></net>

<net id="178"><net_src comp="24" pin="0"/><net_sink comp="170" pin=2"/></net>

<net id="179"><net_src comp="26" pin="0"/><net_sink comp="170" pin=3"/></net>

<net id="187"><net_src comp="0" pin="0"/><net_sink comp="183" pin=0"/></net>

<net id="188"><net_src comp="180" pin="1"/><net_sink comp="183" pin=1"/></net>

<net id="189"><net_src comp="183" pin="2"/><net_sink comp="106" pin=1"/></net>

<net id="193"><net_src comp="88" pin="2"/><net_sink comp="190" pin=0"/></net>

<net id="194"><net_src comp="190" pin="1"/><net_sink comp="155" pin=0"/></net>

<net id="198"><net_src comp="94" pin="2"/><net_sink comp="195" pin=0"/></net>

<net id="199"><net_src comp="195" pin="1"/><net_sink comp="159" pin=0"/></net>

<net id="203"><net_src comp="100" pin="2"/><net_sink comp="200" pin=0"/></net>

<net id="204"><net_src comp="200" pin="1"/><net_sink comp="155" pin=0"/></net>

<net id="208"><net_src comp="170" pin="4"/><net_sink comp="205" pin=0"/></net>

<net id="209"><net_src comp="205" pin="1"/><net_sink comp="180" pin=0"/></net>

<net id="210"><net_src comp="205" pin="1"/><net_sink comp="114" pin=2"/></net>

<net id="214"><net_src comp="159" pin="1"/><net_sink comp="211" pin=0"/></net>

<net id="215"><net_src comp="211" pin="1"/><net_sink comp="141" pin=0"/></net>

<net id="219"><net_src comp="136" pin="2"/><net_sink comp="216" pin=0"/></net>

<net id="220"><net_src comp="216" pin="1"/><net_sink comp="146" pin=0"/></net>

<net id="224"><net_src comp="141" pin="2"/><net_sink comp="221" pin=0"/></net>

<net id="225"><net_src comp="221" pin="1"/><net_sink comp="150" pin=0"/></net>

<net id="229"><net_src comp="146" pin="2"/><net_sink comp="226" pin=0"/></net>

<net id="230"><net_src comp="226" pin="1"/><net_sink comp="132" pin=1"/></net>

<net id="231"><net_src comp="226" pin="1"/><net_sink comp="114" pin=5"/></net>

<net id="235"><net_src comp="150" pin="2"/><net_sink comp="232" pin=0"/></net>

<net id="236"><net_src comp="232" pin="1"/><net_sink comp="132" pin=0"/></net>

<net id="237"><net_src comp="232" pin="1"/><net_sink comp="114" pin=4"/></net>

<net id="241"><net_src comp="132" pin="2"/><net_sink comp="238" pin=0"/></net>

<net id="242"><net_src comp="238" pin="1"/><net_sink comp="146" pin=0"/></net>

<net id="246"><net_src comp="146" pin="2"/><net_sink comp="243" pin=0"/></net>

<net id="247"><net_src comp="243" pin="1"/><net_sink comp="114" pin=3"/></net>

<net id="251"><net_src comp="183" pin="2"/><net_sink comp="248" pin=0"/></net>

<net id="252"><net_src comp="248" pin="1"/><net_sink comp="106" pin=1"/></net>

</net_list>

</model> 
---------------- Datapath Model END ------------------

* FSMD analyzer results:
  - Output states:
	Port: gmem | {29 30 31 32 33 34 35 36 }
 - Input state : 
	Port: calculateCoefficients : lowerCutoff | {1 }
	Port: calculateCoefficients : upperCutoff | {1 }
	Port: calculateCoefficients : samplingRate | {1 }
	Port: calculateCoefficients : bram | {1 }
	Port: calculateCoefficients : ref_4oPi_table_100 | {30 31 }
	Port: calculateCoefficients : second_order_float_sin_cos_K0 | {30 31 }
	Port: calculateCoefficients : second_order_float_sin_cos_K1 | {30 31 }
	Port: calculateCoefficients : second_order_float_sin_cos_K2 | {30 31 }
  - Chain level:
	State 1
	State 2
	State 3
	State 4
	State 5
	State 6
	State 7
	State 8
	State 9
	State 10
	State 11
	State 12
	State 13
	State 14
	State 15
	State 16
	State 17
	State 18
	State 19
	State 20
	State 21
	State 22
	State 23
	State 24
	State 25
	State 26
	State 27
	State 28
	State 29
		gmem_addr : 1
		empty : 2
	State 30
	State 31
	State 32
	State 33
	State 34
	State 35
	State 36


============================================================
+ Verbose Summary: Datapath Resource usage 
============================================================

* Functional unit list:
|----------|-----------------------------------------------------------|---------|---------|---------|---------|
| Operation|                      Functional Unit                      |   DSP   |  Delay  |    FF   |   LUT   |
|----------|-----------------------------------------------------------|---------|---------|---------|---------|
|   call   | grp_calculateCoefficients_Pipeline_VITIS_LOOP_22_1_fu_114 |    40   |  3.843  |   2004  |   5333  |
|----------|-----------------------------------------------------------|---------|---------|---------|---------|
|   fmul   |                         grp_fu_136                        |    3    |    0    |   128   |   135   |
|          |                         grp_fu_141                        |    3    |    0    |   128   |   135   |
|----------|-----------------------------------------------------------|---------|---------|---------|---------|
|   fadd   |                         grp_fu_132                        |    2    |    0    |   227   |   214   |
|----------|-----------------------------------------------------------|---------|---------|---------|---------|
|          |                    bram_read_read_fu_82                   |    0    |    0    |    0    |    0    |
|   read   |                samplingRate_read_read_fu_88               |    0    |    0    |    0    |    0    |
|          |                upperCutoff_read_read_fu_94                |    0    |    0    |    0    |    0    |
|          |                lowerCutoff_read_read_fu_100               |    0    |    0    |    0    |    0    |
|----------|-----------------------------------------------------------|---------|---------|---------|---------|
| writeresp|                    grp_writeresp_fu_106                   |    0    |    0    |    0    |    0    |
|----------|-----------------------------------------------------------|---------|---------|---------|---------|
|   fdiv   |                         grp_fu_146                        |    0    |    0    |    0    |    0    |
|          |                         grp_fu_150                        |    0    |    0    |    0    |    0    |
|----------|-----------------------------------------------------------|---------|---------|---------|---------|
|  sitofp  |                         grp_fu_155                        |    0    |    0    |    0    |    0    |
|          |                         grp_fu_159                        |    0    |    0    |    0    |    0    |
|----------|-----------------------------------------------------------|---------|---------|---------|---------|
|partselect|                      trunc_ln_fu_170                      |    0    |    0    |    0    |    0    |
|----------|-----------------------------------------------------------|---------|---------|---------|---------|
|   sext   |                      sext_ln22_fu_180                     |    0    |    0    |    0    |    0    |
|----------|-----------------------------------------------------------|---------|---------|---------|---------|
|   Total  |                                                           |    48   |  3.843  |   2487  |   5817  |
|----------|-----------------------------------------------------------|---------|---------|---------|---------|

Memories:
+-----------------------------+--------+--------+
|                             |   FF   |   LUT  |
+-----------------------------+--------+--------+
|      ref_4oPi_table_100     |   100  |   21   |
|second_order_float_sin_cos_K0|   30   |   120  |
|second_order_float_sin_cos_K1|   23   |   92   |
|second_order_float_sin_cos_K2|   15   |   60   |
+-----------------------------+--------+--------+
|            Total            |   168  |   293  |
+-----------------------------+--------+--------+

* Register list:
+-------------------------+--------+
|                         |   FF   |
+-------------------------+--------+
|      conv2_reg_211      |   32   |
|       div8_reg_243      |   32   |
|    gmem_addr_reg_248    |   64   |
| lowerCutoff_read_reg_200|   32   |
|       mul3_reg_221      |   32   |
|       mul_reg_216       |   32   |
|    omegaLower_reg_226   |   32   |
|    omegaUpper_reg_232   |   32   |
|         reg_163         |   32   |
|samplingRate_read_reg_190|   32   |
|       sub7_reg_238      |   32   |
|     trunc_ln_reg_205    |   61   |
| upperCutoff_read_reg_195|   32   |
+-------------------------+--------+
|          Total          |   477  |
+-------------------------+--------+

* Multiplexer (MUX) list: 
|----------------------|------|------|------|--------||---------||---------||---------|
|         Comp         |  Pin | Size |  BW  | S x BW ||  Delay  ||    FF   ||   LUT   |
|----------------------|------|------|------|--------||---------||---------||---------|
| grp_writeresp_fu_106 |  p0  |   2  |   1  |    2   |
| grp_writeresp_fu_106 |  p1  |   2  |  64  |   128  ||    0    ||    9    |
|      grp_fu_146      |  p0  |   2  |  32  |   64   ||    0    ||    9    |
|      grp_fu_146      |  p1  |   2  |  32  |   64   ||    0    ||    9    |
|      grp_fu_155      |  p0  |   3  |  32  |   96   ||    0    ||    14   |
|      grp_fu_159      |  p0  |   2  |  32  |   64   ||    0    ||    9    |
|----------------------|------|------|------|--------||---------||---------||---------|
|         Total        |      |      |      |   418  ||  2.611  ||    0    ||    50   |
|----------------------|------|------|------|--------||---------||---------||---------|



* Summary:
+-----------+--------+--------+--------+--------+
|           |   DSP  |  Delay |   FF   |   LUT  |
+-----------+--------+--------+--------+--------+
|  Function |   48   |    3   |  2487  |  5817  |
|   Memory  |    -   |    -   |   168  |   293  |
|Multiplexer|    -   |    2   |    0   |   50   |
|  Register |    -   |    -   |   477  |    -   |
+-----------+--------+--------+--------+--------+
|   Total   |   48   |    6   |  3132  |  6160  |
+-----------+--------+--------+--------+--------+
