C:\Motor-Simulator\Coefficients\FirFilter\calculateCoefficients\hls\.autopilot\db\Coefficients.pp.0.cpp:26996:7: warning: Added loop label VITIS_LOOP_1223_1:   [xilinx-label-all-loops]
      for (i = 0; i < __N - 1; ++i) {
      ^~~
      VITIS_LOOP_1223_1: 
C:\Motor-Simulator\Coefficients\FirFilter\calculateCoefficients\hls\.autopilot\db\Coefficients.pp.0.cpp:26996:7: note: FIX-IT applied suggested code changes
C:\Motor-Simulator\Coefficients\FirFilter\calculateCoefficients\hls\.autopilot\db\Coefficients.pp.0.cpp:27970:5: warning: Added loop label VITIS_LOOP_676_1:   [xilinx-label-all-loops]
    for (unsigned i = low; i != high; ++i) {
    ^~~
    VITIS_LOOP_676_1: 
C:\Motor-Simulator\Coefficients\FirFilter\calculateCoefficients\hls\.autopilot\db\Coefficients.pp.0.cpp:27970:5: note: FIX-IT applied suggested code changes
C:\Motor-Simulator\Coefficients\FirFilter\calculateCoefficients\hls\.autopilot\db\Coefficients.pp.0.cpp:27984:5: warning: Added loop label VITIS_LOOP_690_1:   [xilinx-label-all-loops]
    for (unsigned i = low; i != high; ++i) {
    ^~~
    VITIS_LOOP_690_1: 
C:\Motor-Simulator\Coefficients\FirFilter\calculateCoefficients\hls\.autopilot\db\Coefficients.pp.0.cpp:27984:5: note: FIX-IT applied suggested code changes
C:\Motor-Simulator\Coefficients\FirFilter\calculateCoefficients\hls\.autopilot\db\Coefficients.pp.0.cpp:27998:5: warning: Added loop label VITIS_LOOP_704_1:   [xilinx-label-all-loops]
    for (unsigned i = low; i != high; ++i) {
    ^~~
    VITIS_LOOP_704_1: 
C:\Motor-Simulator\Coefficients\FirFilter\calculateCoefficients\hls\.autopilot\db\Coefficients.pp.0.cpp:27998:5: note: FIX-IT applied suggested code changes
C:\Motor-Simulator\Coefficients\FirFilter\calculateCoefficients\hls\.autopilot\db\Coefficients.pp.0.cpp:29627:7: warning: Added loop label VITIS_LOOP_1247_1:   [xilinx-label-all-loops]
      for (i = 0; i < __N - 1; ++i) {
      ^~~
      VITIS_LOOP_1247_1: 
C:\Motor-Simulator\Coefficients\FirFilter\calculateCoefficients\hls\.autopilot\db\Coefficients.pp.0.cpp:29627:7: note: FIX-IT applied suggested code changes
C:\Motor-Simulator\Coefficients\FirFilter\calculateCoefficients\hls\.autopilot\db\Coefficients.pp.0.cpp:37144:72: error: Invalid Directive: for current device, ROM_1P + LUTRAM is invalid combination for BIND_STORAGE's option 'type + impl' [clang-diagnostic-error]
#pragma HLS BIND_STORAGE variable=fourth_order_double::sin_cos_K0 type=ROM_1P impl=LUTRAM
                                                                       ^
C:\Motor-Simulator\Coefficients\FirFilter\calculateCoefficients\hls\.autopilot\db\Coefficients.pp.0.cpp:37145:72: error: Invalid Directive: for current device, ROM_1P + LUTRAM is invalid combination for BIND_STORAGE's option 'type + impl' [clang-diagnostic-error]
#pragma HLS BIND_STORAGE variable=fourth_order_double::sin_cos_K1 type=ROM_1P impl=LUTRAM
                                                                       ^
C:\Motor-Simulator\Coefficients\FirFilter\calculateCoefficients\hls\.autopilot\db\Coefficients.pp.0.cpp:37146:72: error: Invalid Directive: for current device, ROM_1P + LUTRAM is invalid combination for BIND_STORAGE's option 'type + impl' [clang-diagnostic-error]
#pragma HLS BIND_STORAGE variable=fourth_order_double::sin_cos_K2 type=ROM_1P impl=LUTRAM
                                                                       ^
C:\Motor-Simulator\Coefficients\FirFilter\calculateCoefficients\hls\.autopilot\db\Coefficients.pp.0.cpp:37147:72: error: Invalid Directive: for current device, ROM_1P + LUTRAM is invalid combination for BIND_STORAGE's option 'type + impl' [clang-diagnostic-error]
#pragma HLS BIND_STORAGE variable=fourth_order_double::sin_cos_K3 type=ROM_1P impl=LUTRAM
                                                                       ^
C:\Motor-Simulator\Coefficients\FirFilter\calculateCoefficients\hls\.autopilot\db\Coefficients.pp.0.cpp:37148:72: error: Invalid Directive: for current device, ROM_1P + LUTRAM is invalid combination for BIND_STORAGE's option 'type + impl' [clang-diagnostic-error]
#pragma HLS BIND_STORAGE variable=fourth_order_double::sin_cos_K4 type=ROM_1P impl=LUTRAM
                                                                       ^
C:\Motor-Simulator\Coefficients\FirFilter\calculateCoefficients\hls\.autopilot\db\Coefficients.pp.0.cpp:37178:68: error: Invalid Directive: for current device, ROM_1P + LUTRAM is invalid combination for BIND_STORAGE's option 'type + impl' [clang-diagnostic-error]
#pragma HLS BIND_STORAGE variable=fourth_order_double::cos_K0 type=ROM_1P impl=LUTRAM
                                                                   ^
C:\Motor-Simulator\Coefficients\FirFilter\calculateCoefficients\hls\.autopilot\db\Coefficients.pp.0.cpp:37179:68: error: Invalid Directive: for current device, ROM_1P + LUTRAM is invalid combination for BIND_STORAGE's option 'type + impl' [clang-diagnostic-error]
#pragma HLS BIND_STORAGE variable=fourth_order_double::cos_K1 type=ROM_1P impl=LUTRAM
                                                                   ^
C:\Motor-Simulator\Coefficients\FirFilter\calculateCoefficients\hls\.autopilot\db\Coefficients.pp.0.cpp:37180:68: error: Invalid Directive: for current device, ROM_1P + LUTRAM is invalid combination for BIND_STORAGE's option 'type + impl' [clang-diagnostic-error]
#pragma HLS BIND_STORAGE variable=fourth_order_double::cos_K2 type=ROM_1P impl=LUTRAM
                                                                   ^
C:\Motor-Simulator\Coefficients\FirFilter\calculateCoefficients\hls\.autopilot\db\Coefficients.pp.0.cpp:37181:68: error: Invalid Directive: for current device, ROM_1P + LUTRAM is invalid combination for BIND_STORAGE's option 'type + impl' [clang-diagnostic-error]
#pragma HLS BIND_STORAGE variable=fourth_order_double::cos_K3 type=ROM_1P impl=LUTRAM
                                                                   ^
C:\Motor-Simulator\Coefficients\FirFilter\calculateCoefficients\hls\.autopilot\db\Coefficients.pp.0.cpp:37182:68: error: Invalid Directive: for current device, ROM_1P + LUTRAM is invalid combination for BIND_STORAGE's option 'type + impl' [clang-diagnostic-error]
#pragma HLS BIND_STORAGE variable=fourth_order_double::cos_K4 type=ROM_1P impl=LUTRAM
                                                                   ^
C:\Motor-Simulator\Coefficients\FirFilter\calculateCoefficients\hls\.autopilot\db\Coefficients.pp.0.cpp:37183:68: error: Invalid Directive: for current device, ROM_1P + LUTRAM is invalid combination for BIND_STORAGE's option 'type + impl' [clang-diagnostic-error]
#pragma HLS BIND_STORAGE variable=fourth_order_double::sin_K0 type=ROM_1P impl=LUTRAM
                                                                   ^
C:\Motor-Simulator\Coefficients\FirFilter\calculateCoefficients\hls\.autopilot\db\Coefficients.pp.0.cpp:37184:68: error: Invalid Directive: for current device, ROM_1P + LUTRAM is invalid combination for BIND_STORAGE's option 'type + impl' [clang-diagnostic-error]
#pragma HLS BIND_STORAGE variable=fourth_order_double::sin_K1 type=ROM_1P impl=LUTRAM
                                                                   ^
C:\Motor-Simulator\Coefficients\FirFilter\calculateCoefficients\hls\.autopilot\db\Coefficients.pp.0.cpp:37185:68: error: Invalid Directive: for current device, ROM_1P + LUTRAM is invalid combination for BIND_STORAGE's option 'type + impl' [clang-diagnostic-error]
#pragma HLS BIND_STORAGE variable=fourth_order_double::sin_K2 type=ROM_1P impl=LUTRAM
                                                                   ^
C:\Motor-Simulator\Coefficients\FirFilter\calculateCoefficients\hls\.autopilot\db\Coefficients.pp.0.cpp:37186:68: error: Invalid Directive: for current device, ROM_1P + LUTRAM is invalid combination for BIND_STORAGE's option 'type + impl' [clang-diagnostic-error]
#pragma HLS BIND_STORAGE variable=fourth_order_double::sin_K3 type=ROM_1P impl=LUTRAM
                                                                   ^
C:\Motor-Simulator\Coefficients\FirFilter\calculateCoefficients\hls\.autopilot\db\Coefficients.pp.0.cpp:37187:68: error: Invalid Directive: for current device, ROM_1P + LUTRAM is invalid combination for BIND_STORAGE's option 'type + impl' [clang-diagnostic-error]
#pragma HLS BIND_STORAGE variable=fourth_order_double::sin_K4 type=ROM_1P impl=LUTRAM
                                                                   ^
C:\Motor-Simulator\Coefficients\FirFilter\calculateCoefficients\hls\.autopilot\db\Coefficients.pp.0.cpp:37237:71: error: Invalid Directive: for current device, ROM_1P + LUTRAM is invalid combination for BIND_STORAGE's option 'type + impl' [clang-diagnostic-error]
#pragma HLS BIND_STORAGE variable=second_order_float::sin_cos_K0 type=ROM_1P impl=LUTRAM
                                                                      ^
C:\Motor-Simulator\Coefficients\FirFilter\calculateCoefficients\hls\.autopilot\db\Coefficients.pp.0.cpp:37238:71: error: Invalid Directive: for current device, ROM_1P + LUTRAM is invalid combination for BIND_STORAGE's option 'type + impl' [clang-diagnostic-error]
#pragma HLS BIND_STORAGE variable=second_order_float::sin_cos_K1 type=ROM_1P impl=LUTRAM
                                                                      ^
C:\Motor-Simulator\Coefficients\FirFilter\calculateCoefficients\hls\.autopilot\db\Coefficients.pp.0.cpp:37239:71: error: Invalid Directive: for current device, ROM_1P + LUTRAM is invalid combination for BIND_STORAGE's option 'type + impl' [clang-diagnostic-error]
#pragma HLS BIND_STORAGE variable=second_order_float::sin_cos_K2 type=ROM_1P impl=LUTRAM
                                                                      ^
C:\Motor-Simulator\Coefficients\FirFilter\calculateCoefficients\hls\.autopilot\db\Coefficients.pp.0.cpp:37266:67: error: Invalid Directive: for current device, ROM_1P + LUTRAM is invalid combination for BIND_STORAGE's option 'type + impl' [clang-diagnostic-error]
#pragma HLS BIND_STORAGE variable=second_order_float::cos_K0 type=ROM_1P impl=LUTRAM
                                                                  ^
C:\Motor-Simulator\Coefficients\FirFilter\calculateCoefficients\hls\.autopilot\db\Coefficients.pp.0.cpp:37267:67: error: Invalid Directive: for current device, ROM_1P + LUTRAM is invalid combination for BIND_STORAGE's option 'type + impl' [clang-diagnostic-error]
#pragma HLS BIND_STORAGE variable=second_order_float::cos_K1 type=ROM_1P impl=LUTRAM
                                                                  ^
C:\Motor-Simulator\Coefficients\FirFilter\calculateCoefficients\hls\.autopilot\db\Coefficients.pp.0.cpp:37268:67: error: Invalid Directive: for current device, ROM_1P + LUTRAM is invalid combination for BIND_STORAGE's option 'type + impl' [clang-diagnostic-error]
#pragma HLS BIND_STORAGE variable=second_order_float::cos_K2 type=ROM_1P impl=LUTRAM
                                                                  ^
C:\Motor-Simulator\Coefficients\FirFilter\calculateCoefficients\hls\.autopilot\db\Coefficients.pp.0.cpp:37269:67: error: Invalid Directive: for current device, ROM_1P + LUTRAM is invalid combination for BIND_STORAGE's option 'type + impl' [clang-diagnostic-error]
#pragma HLS BIND_STORAGE variable=second_order_float::sin_K0 type=ROM_1P impl=LUTRAM
                                                                  ^
C:\Motor-Simulator\Coefficients\FirFilter\calculateCoefficients\hls\.autopilot\db\Coefficients.pp.0.cpp:37270:67: error: Invalid Directive: for current device, ROM_1P + LUTRAM is invalid combination for BIND_STORAGE's option 'type + impl' [clang-diagnostic-error]
#pragma HLS BIND_STORAGE variable=second_order_float::sin_K1 type=ROM_1P impl=LUTRAM
                                                                  ^
C:\Motor-Simulator\Coefficients\FirFilter\calculateCoefficients\hls\.autopilot\db\Coefficients.pp.0.cpp:37271:67: error: Invalid Directive: for current device, ROM_1P + LUTRAM is invalid combination for BIND_STORAGE's option 'type + impl' [clang-diagnostic-error]
#pragma HLS BIND_STORAGE variable=second_order_float::sin_K2 type=ROM_1P impl=LUTRAM
                                                                  ^
C:\Motor-Simulator\Coefficients\FirFilter\calculateCoefficients\hls\.autopilot\db\Coefficients.pp.0.cpp:37307:73: error: Invalid Directive: for current device, ROM_1P + LUTRAM is invalid combination for BIND_STORAGE's option 'type + impl' [clang-diagnostic-error]
#pragma HLS BIND_STORAGE variable=first_order_fixed_16::sin_cos_K0 type=ROM_1P impl=LUTRAM
                                                                        ^
C:\Motor-Simulator\Coefficients\FirFilter\calculateCoefficients\hls\.autopilot\db\Coefficients.pp.0.cpp:37308:73: error: Invalid Directive: for current device, ROM_1P + LUTRAM is invalid combination for BIND_STORAGE's option 'type + impl' [clang-diagnostic-error]
#pragma HLS BIND_STORAGE variable=first_order_fixed_16::sin_cos_K1 type=ROM_1P impl=LUTRAM
                                                                        ^
C:\Motor-Simulator\Coefficients\FirFilter\calculateCoefficients\hls\.autopilot\db\Coefficients.pp.0.cpp:37582:5: warning: Added loop label VITIS_LOOP_61_1:   [xilinx-label-all-loops]
    for (int n=0; n<Nmax; n++){
    ^~~
    VITIS_LOOP_61_1: 
C:\Motor-Simulator\Coefficients\FirFilter\calculateCoefficients\hls\.autopilot\db\Coefficients.pp.0.cpp:37582:5: note: FIX-IT applied suggested code changes
C:\Motor-Simulator\Coefficients\FirFilter\calculateCoefficients\hls\.autopilot\db\Coefficients.pp.0.cpp:37628:5: warning: Added loop label VITIS_LOOP_117_1:   [xilinx-label-all-loops]
    for (int n=0; n<Nmax; n++){
    ^~~
    VITIS_LOOP_117_1: 
C:\Motor-Simulator\Coefficients\FirFilter\calculateCoefficients\hls\.autopilot\db\Coefficients.pp.0.cpp:37628:5: note: FIX-IT applied suggested code changes
C:\Motor-Simulator\Coefficients\FirFilter\calculateCoefficients\hls\.autopilot\db\Coefficients.pp.0.cpp:37791:9: warning: Added loop label VITIS_LOOP_289_1:   [xilinx-label-all-loops]
        for(int i=0;i<W-1;i++){
        ^~~
        VITIS_LOOP_289_1: 
C:\Motor-Simulator\Coefficients\FirFilter\calculateCoefficients\hls\.autopilot\db\Coefficients.pp.0.cpp:37791:9: note: FIX-IT applied suggested code changes
C:\Motor-Simulator\Coefficients\FirFilter\calculateCoefficients\hls\.autopilot\db\Coefficients.pp.0.cpp:37943:9: warning: Added loop label VITIS_LOOP_449_1:   [xilinx-label-all-loops]
        for(int i=0;i<W-1;i++){
        ^~~
        VITIS_LOOP_449_1: 
C:\Motor-Simulator\Coefficients\FirFilter\calculateCoefficients\hls\.autopilot\db\Coefficients.pp.0.cpp:37943:9: note: FIX-IT applied suggested code changes
C:\Motor-Simulator\Coefficients\FirFilter\calculateCoefficients\hls\.autopilot\db\Coefficients.pp.0.cpp:38123:5: warning: Added loop label VITIS_LOOP_629_1:   [xilinx-label-all-loops]
    for(int i=0;i<W+1;i++){
    ^~~
    VITIS_LOOP_629_1: 
C:\Motor-Simulator\Coefficients\FirFilter\calculateCoefficients\hls\.autopilot\db\Coefficients.pp.0.cpp:38123:5: note: FIX-IT applied suggested code changes
C:\Motor-Simulator\Coefficients\FirFilter\calculateCoefficients\hls\.autopilot\db\Coefficients.pp.0.cpp:38127:5: warning: Added loop label VITIS_LOOP_633_2:   [xilinx-label-all-loops]
    for(int i=0;i<W+1;i++){
    ^~~
    VITIS_LOOP_633_2: 
C:\Motor-Simulator\Coefficients\FirFilter\calculateCoefficients\hls\.autopilot\db\Coefficients.pp.0.cpp:38127:5: note: FIX-IT applied suggested code changes
C:\Motor-Simulator\Coefficients\FirFilter\calculateCoefficients\hls\.autopilot\db\Coefficients.pp.0.cpp:38237:5: warning: Added loop label VITIS_LOOP_743_1:   [xilinx-label-all-loops]
    for (int n=0; n<Nmax; n++){
    ^~~
    VITIS_LOOP_743_1: 
C:\Motor-Simulator\Coefficients\FirFilter\calculateCoefficients\hls\.autopilot\db\Coefficients.pp.0.cpp:38237:5: note: FIX-IT applied suggested code changes
C:\Motor-Simulator\Coefficients\FirFilter\calculateCoefficients\hls\.autopilot\db\Coefficients.pp.0.cpp:38327:7: warning: Added loop label VITIS_LOOP_840_1:   [xilinx-label-all-loops]
      for(int i=0;i<W-1;i++){
      ^~~
      VITIS_LOOP_840_1: 
C:\Motor-Simulator\Coefficients\FirFilter\calculateCoefficients\hls\.autopilot\db\Coefficients.pp.0.cpp:38327:7: note: FIX-IT applied suggested code changes
C:\Motor-Simulator\Coefficients\FirFilter\calculateCoefficients\hls\.autopilot\db\Coefficients.pp.0.cpp:38346:7: warning: Added loop label VITIS_LOOP_859_2:   [xilinx-label-all-loops]
      for(int i=0;i<W-1;i++){
      ^~~
      VITIS_LOOP_859_2: 
C:\Motor-Simulator\Coefficients\FirFilter\calculateCoefficients\hls\.autopilot\db\Coefficients.pp.0.cpp:38346:7: note: FIX-IT applied suggested code changes
C:\Motor-Simulator\Coefficients\FirFilter\calculateCoefficients\hls\.autopilot\db\Coefficients.pp.0.cpp:38636:5: warning: Added loop label VITIS_LOOP_1173_1:   [xilinx-label-all-loops]
    for(int i=0; i<Nmax; i++) {
    ^~~
    VITIS_LOOP_1173_1: 
C:\Motor-Simulator\Coefficients\FirFilter\calculateCoefficients\hls\.autopilot\db\Coefficients.pp.0.cpp:38636:5: note: FIX-IT applied suggested code changes
C:\Motor-Simulator\Coefficients\FirFilter\calculateCoefficients\hls\.autopilot\db\Coefficients.pp.0.cpp:38719:5: warning: Added loop label VITIS_LOOP_1256_1:   [xilinx-label-all-loops]
    for(int i=0; i<Nmax; i++) {
    ^~~
    VITIS_LOOP_1256_1: 
C:\Motor-Simulator\Coefficients\FirFilter\calculateCoefficients\hls\.autopilot\db\Coefficients.pp.0.cpp:38719:5: note: FIX-IT applied suggested code changes
C:\Motor-Simulator\Coefficients\FirFilter\calculateCoefficients\hls\.autopilot\db\Coefficients.pp.0.cpp:39125:13: warning: Added loop label VITIS_LOOP_68_1:   [xilinx-label-all-loops]
            for (int j = 3; j >= I_+1; j--) {
            ^~~
            VITIS_LOOP_68_1: 
C:\Motor-Simulator\Coefficients\FirFilter\calculateCoefficients\hls\.autopilot\db\Coefficients.pp.0.cpp:39125:13: note: FIX-IT applied suggested code changes
C:\Motor-Simulator\Coefficients\FirFilter\calculateCoefficients\hls\.autopilot\db\Coefficients.pp.0.cpp:39131:17: warning: Added loop label VITIS_LOOP_74_2:   [xilinx-label-all-loops]
                for (int j = 3; j >= I_+1; j--){
                ^~~
                VITIS_LOOP_74_2: 
C:\Motor-Simulator\Coefficients\FirFilter\calculateCoefficients\hls\.autopilot\db\Coefficients.pp.0.cpp:39131:17: note: FIX-IT applied suggested code changes
C:\Motor-Simulator\Coefficients\FirFilter\calculateCoefficients\hls\.autopilot\db\Coefficients.pp.0.cpp:39135:17: warning: Added loop label VITIS_LOOP_78_3:   [xilinx-label-all-loops]
                for (int j = I_; j >= 0; j--){
                ^~~
                VITIS_LOOP_78_3: 
C:\Motor-Simulator\Coefficients\FirFilter\calculateCoefficients\hls\.autopilot\db\Coefficients.pp.0.cpp:39135:17: note: FIX-IT applied suggested code changes
C:\Motor-Simulator\Coefficients\FirFilter\calculateCoefficients\hls\.autopilot\db\Coefficients.pp.0.cpp:39183:13: warning: Added loop label VITIS_LOOP_145_4:   [xilinx-label-all-loops]
            for (int j = 9; j >= I_+4; j--) {
            ^~~
            VITIS_LOOP_145_4: 
C:\Motor-Simulator\Coefficients\FirFilter\calculateCoefficients\hls\.autopilot\db\Coefficients.pp.0.cpp:39183:13: note: FIX-IT applied suggested code changes
C:\Motor-Simulator\Coefficients\FirFilter\calculateCoefficients\hls\.autopilot\db\Coefficients.pp.0.cpp:39189:17: warning: Added loop label VITIS_LOOP_151_5:   [xilinx-label-all-loops]
                for (int j = 9; j >= I_+4; j--){
                ^~~
                VITIS_LOOP_151_5: 
C:\Motor-Simulator\Coefficients\FirFilter\calculateCoefficients\hls\.autopilot\db\Coefficients.pp.0.cpp:39189:17: note: FIX-IT applied suggested code changes
C:\Motor-Simulator\Coefficients\FirFilter\calculateCoefficients\hls\.autopilot\db\Coefficients.pp.0.cpp:39193:17: warning: Added loop label VITIS_LOOP_155_6:   [xilinx-label-all-loops]
                for (int j = I_+3; j >= 0; j--){
                ^~~
                VITIS_LOOP_155_6: 
C:\Motor-Simulator\Coefficients\FirFilter\calculateCoefficients\hls\.autopilot\db\Coefficients.pp.0.cpp:39193:17: note: FIX-IT applied suggested code changes
C:\Motor-Simulator\Coefficients\FirFilter\calculateCoefficients\hls\.autopilot\db\Coefficients.pp.0.cpp:39208:9: warning: Added loop label VITIS_LOOP_170_7:   [xilinx-label-all-loops]
        for (int j = 14; j < 22; j++){
        ^~~
        VITIS_LOOP_170_7: 
C:\Motor-Simulator\Coefficients\FirFilter\calculateCoefficients\hls\.autopilot\db\Coefficients.pp.0.cpp:39208:9: note: FIX-IT applied suggested code changes
C:\Motor-Simulator\Coefficients\FirFilter\calculateCoefficients\hls\.autopilot\db\Coefficients.pp.0.cpp:39216:17: warning: Added loop label VITIS_LOOP_178_8:   [xilinx-label-all-loops]
                for (int j = 0; j < 22; j++){
                ^~~
                VITIS_LOOP_178_8: 
C:\Motor-Simulator\Coefficients\FirFilter\calculateCoefficients\hls\.autopilot\db\Coefficients.pp.0.cpp:39216:17: note: FIX-IT applied suggested code changes
C:\Motor-Simulator\Coefficients\FirFilter\calculateCoefficients\hls\.autopilot\db\Coefficients.pp.0.cpp:39281:13: warning: Added loop label VITIS_LOOP_243_9:   [xilinx-label-all-loops]
            for (int j = 21; j >= I_+10; j--) {
            ^~~
            VITIS_LOOP_243_9: 
C:\Motor-Simulator\Coefficients\FirFilter\calculateCoefficients\hls\.autopilot\db\Coefficients.pp.0.cpp:39281:13: note: FIX-IT applied suggested code changes
C:\Motor-Simulator\Coefficients\FirFilter\calculateCoefficients\hls\.autopilot\db\Coefficients.pp.0.cpp:39287:17: warning: Added loop label VITIS_LOOP_249_10:   [xilinx-label-all-loops]
                for (int j = 21; j >= I_+10; j--) {
                ^~~
                VITIS_LOOP_249_10: 
C:\Motor-Simulator\Coefficients\FirFilter\calculateCoefficients\hls\.autopilot\db\Coefficients.pp.0.cpp:39287:17: note: FIX-IT applied suggested code changes
C:\Motor-Simulator\Coefficients\FirFilter\calculateCoefficients\hls\.autopilot\db\Coefficients.pp.0.cpp:39291:17: warning: Added loop label VITIS_LOOP_253_11:   [xilinx-label-all-loops]
                for (int j = I_+9; j >= 0; j--) {
                ^~~
                VITIS_LOOP_253_11: 
C:\Motor-Simulator\Coefficients\FirFilter\calculateCoefficients\hls\.autopilot\db\Coefficients.pp.0.cpp:39291:17: note: FIX-IT applied suggested code changes
C:\Motor-Simulator\Coefficients\FirFilter\calculateCoefficients\hls\.autopilot\db\Coefficients.pp.0.cpp:39306:9: warning: Added loop label VITIS_LOOP_268_12:   [xilinx-label-all-loops]
        for (int j = 27; j < 46; j++){
        ^~~
        VITIS_LOOP_268_12: 
C:\Motor-Simulator\Coefficients\FirFilter\calculateCoefficients\hls\.autopilot\db\Coefficients.pp.0.cpp:39306:9: note: FIX-IT applied suggested code changes
C:\Motor-Simulator\Coefficients\FirFilter\calculateCoefficients\hls\.autopilot\db\Coefficients.pp.0.cpp:39314:17: warning: Added loop label VITIS_LOOP_276_13:   [xilinx-label-all-loops]
                for (int j = 0; j < 46; j++) {
                ^~~
                VITIS_LOOP_276_13: 
C:\Motor-Simulator\Coefficients\FirFilter\calculateCoefficients\hls\.autopilot\db\Coefficients.pp.0.cpp:39314:17: note: FIX-IT applied suggested code changes
C:\Motor-Simulator\Coefficients\FirFilter\calculateCoefficients\hls\.autopilot\db\Coefficients.pp.0.cpp:39543:13: warning: Added loop label VITIS_LOOP_505_14:   [xilinx-label-all-loops]
            for (int j = 45; j >= I_+22; j--) {
            ^~~
            VITIS_LOOP_505_14: 
C:\Motor-Simulator\Coefficients\FirFilter\calculateCoefficients\hls\.autopilot\db\Coefficients.pp.0.cpp:39543:13: note: FIX-IT applied suggested code changes
C:\Motor-Simulator\Coefficients\FirFilter\calculateCoefficients\hls\.autopilot\db\Coefficients.pp.0.cpp:39549:17: warning: Added loop label VITIS_LOOP_511_15:   [xilinx-label-all-loops]
                for (int j = 45; j >= I_+22; j--){
                ^~~
                VITIS_LOOP_511_15: 
C:\Motor-Simulator\Coefficients\FirFilter\calculateCoefficients\hls\.autopilot\db\Coefficients.pp.0.cpp:39549:17: note: FIX-IT applied suggested code changes
C:\Motor-Simulator\Coefficients\FirFilter\calculateCoefficients\hls\.autopilot\db\Coefficients.pp.0.cpp:39553:17: warning: Added loop label VITIS_LOOP_515_16:   [xilinx-label-all-loops]
                for (int j = I_+21; j >= 0; j--) {
                ^~~
                VITIS_LOOP_515_16: 
C:\Motor-Simulator\Coefficients\FirFilter\calculateCoefficients\hls\.autopilot\db\Coefficients.pp.0.cpp:39553:17: note: FIX-IT applied suggested code changes
C:\Motor-Simulator\Coefficients\FirFilter\calculateCoefficients\hls\.autopilot\db\Coefficients.pp.0.cpp:39563:9: warning: Added loop label VITIS_LOOP_525_17:   [xilinx-label-all-loops]
        for (int j = 32-F_; j < 32+I_; j++){
        ^~~
        VITIS_LOOP_525_17: 
C:\Motor-Simulator\Coefficients\FirFilter\calculateCoefficients\hls\.autopilot\db\Coefficients.pp.0.cpp:39563:9: note: FIX-IT applied suggested code changes
C:\Motor-Simulator\Coefficients\FirFilter\calculateCoefficients\hls\.autopilot\db\Coefficients.pp.0.cpp:39567:9: warning: Added loop label VITIS_LOOP_529_18:   [xilinx-label-all-loops]
        for (int j = 32+I_; j <= 64; j++){
        ^~~
        VITIS_LOOP_529_18: 
C:\Motor-Simulator\Coefficients\FirFilter\calculateCoefficients\hls\.autopilot\db\Coefficients.pp.0.cpp:39567:9: note: FIX-IT applied suggested code changes
C:\Motor-Simulator\Coefficients\FirFilter\calculateCoefficients\hls\.autopilot\db\Coefficients.pp.0.cpp:39577:9: warning: Added loop label VITIS_LOOP_539_19:   [xilinx-label-all-loops]
        for (int j = 37; j < 64; j++) {
        ^~~
        VITIS_LOOP_539_19: 
C:\Motor-Simulator\Coefficients\FirFilter\calculateCoefficients\hls\.autopilot\db\Coefficients.pp.0.cpp:39577:9: note: FIX-IT applied suggested code changes
C:\Motor-Simulator\Coefficients\FirFilter\calculateCoefficients\hls\.autopilot\db\Coefficients.pp.0.cpp:39585:17: warning: Added loop label VITIS_LOOP_547_20:   [xilinx-label-all-loops]
                for (int j = 0; j < 64; j++){
                ^~~
                VITIS_LOOP_547_20: 
C:\Motor-Simulator\Coefficients\FirFilter\calculateCoefficients\hls\.autopilot\db\Coefficients.pp.0.cpp:39585:17: note: FIX-IT applied suggested code changes
C:\Motor-Simulator\Coefficients\FirFilter\calculateCoefficients\hls\.autopilot\db\Coefficients.pp.0.cpp:39946:13: warning: Added loop label VITIS_LOOP_908_21:   [xilinx-label-all-loops]
            for (int j = 63; j >= I_+31; j--) {
            ^~~
            VITIS_LOOP_908_21: 
C:\Motor-Simulator\Coefficients\FirFilter\calculateCoefficients\hls\.autopilot\db\Coefficients.pp.0.cpp:39946:13: note: FIX-IT applied suggested code changes
C:\Motor-Simulator\Coefficients\FirFilter\calculateCoefficients\hls\.autopilot\db\Coefficients.pp.0.cpp:39952:17: warning: Added loop label VITIS_LOOP_914_22:   [xilinx-label-all-loops]
                for (int j = 63; j >= I_+31; j--) {
                ^~~
                VITIS_LOOP_914_22: 
C:\Motor-Simulator\Coefficients\FirFilter\calculateCoefficients\hls\.autopilot\db\Coefficients.pp.0.cpp:39952:17: note: FIX-IT applied suggested code changes
C:\Motor-Simulator\Coefficients\FirFilter\calculateCoefficients\hls\.autopilot\db\Coefficients.pp.0.cpp:39956:17: warning: Added loop label VITIS_LOOP_918_23:   [xilinx-label-all-loops]
                for (int j = I_+30; j >= 0; j--) {
                ^~~
                VITIS_LOOP_918_23: 
C:\Motor-Simulator\Coefficients\FirFilter\calculateCoefficients\hls\.autopilot\db\Coefficients.pp.0.cpp:39956:17: note: FIX-IT applied suggested code changes
C:\Motor-Simulator\Coefficients\FirFilter\calculateCoefficients\hls\.autopilot\db\Coefficients.pp.0.cpp:40072:13: warning: Added loop label VITIS_LOOP_1034_1:   [xilinx-label-all-loops]
            for (int j = 4; j >= I_+1; j--) {
            ^~~
            VITIS_LOOP_1034_1: 
C:\Motor-Simulator\Coefficients\FirFilter\calculateCoefficients\hls\.autopilot\db\Coefficients.pp.0.cpp:40072:13: note: FIX-IT applied suggested code changes
C:\Motor-Simulator\Coefficients\FirFilter\calculateCoefficients\hls\.autopilot\db\Coefficients.pp.0.cpp:40078:17: warning: Added loop label VITIS_LOOP_1040_2:   [xilinx-label-all-loops]
                for (int j = 4; j >= I_+1; j--) {
                ^~~
                VITIS_LOOP_1040_2: 
C:\Motor-Simulator\Coefficients\FirFilter\calculateCoefficients\hls\.autopilot\db\Coefficients.pp.0.cpp:40078:17: note: FIX-IT applied suggested code changes
C:\Motor-Simulator\Coefficients\FirFilter\calculateCoefficients\hls\.autopilot\db\Coefficients.pp.0.cpp:40082:17: warning: Added loop label VITIS_LOOP_1044_3:   [xilinx-label-all-loops]
                for (int j = I_; j >= 0; j--) {
                ^~~
                VITIS_LOOP_1044_3: 
C:\Motor-Simulator\Coefficients\FirFilter\calculateCoefficients\hls\.autopilot\db\Coefficients.pp.0.cpp:40082:17: note: FIX-IT applied suggested code changes
C:\Motor-Simulator\Coefficients\FirFilter\calculateCoefficients\hls\.autopilot\db\Coefficients.pp.0.cpp:40169:13: warning: Added loop label VITIS_LOOP_1131_4:   [xilinx-label-all-loops]
            for (int j = 10; j >= I_+4; j--) {
            ^~~
            VITIS_LOOP_1131_4: 
C:\Motor-Simulator\Coefficients\FirFilter\calculateCoefficients\hls\.autopilot\db\Coefficients.pp.0.cpp:40169:13: note: FIX-IT applied suggested code changes
C:\Motor-Simulator\Coefficients\FirFilter\calculateCoefficients\hls\.autopilot\db\Coefficients.pp.0.cpp:40175:17: warning: Added loop label VITIS_LOOP_1137_5:   [xilinx-label-all-loops]
                for (int j = 10; j >= I_+4; j--) {
                ^~~
                VITIS_LOOP_1137_5: 
C:\Motor-Simulator\Coefficients\FirFilter\calculateCoefficients\hls\.autopilot\db\Coefficients.pp.0.cpp:40175:17: note: FIX-IT applied suggested code changes
C:\Motor-Simulator\Coefficients\FirFilter\calculateCoefficients\hls\.autopilot\db\Coefficients.pp.0.cpp:40179:17: warning: Added loop label VITIS_LOOP_1141_6:   [xilinx-label-all-loops]
                for (int j = I_+3; j >= 0; j--) {
                ^~~
                VITIS_LOOP_1141_6: 
C:\Motor-Simulator\Coefficients\FirFilter\calculateCoefficients\hls\.autopilot\db\Coefficients.pp.0.cpp:40179:17: note: FIX-IT applied suggested code changes
C:\Motor-Simulator\Coefficients\FirFilter\calculateCoefficients\hls\.autopilot\db\Coefficients.pp.0.cpp:40198:9: warning: Added loop label VITIS_LOOP_1160_7:   [xilinx-label-all-loops]
        for (int j = wf+3; j < w-1; j++) {
        ^~~
        VITIS_LOOP_1160_7: 
C:\Motor-Simulator\Coefficients\FirFilter\calculateCoefficients\hls\.autopilot\db\Coefficients.pp.0.cpp:40198:9: note: FIX-IT applied suggested code changes
C:\Motor-Simulator\Coefficients\FirFilter\calculateCoefficients\hls\.autopilot\db\Coefficients.pp.0.cpp:40205:17: warning: Added loop label VITIS_LOOP_1167_8:   [xilinx-label-all-loops]
                for (int j = 0; j < 22; j++) {
                ^~~
                VITIS_LOOP_1167_8: 
C:\Motor-Simulator\Coefficients\FirFilter\calculateCoefficients\hls\.autopilot\db\Coefficients.pp.0.cpp:40205:17: note: FIX-IT applied suggested code changes
C:\Motor-Simulator\Coefficients\FirFilter\calculateCoefficients\hls\.autopilot\db\Coefficients.pp.0.cpp:40321:13: warning: Added loop label VITIS_LOOP_1283_9:   [xilinx-label-all-loops]
            for (int j = 22; j >= I_+10; j--) {
            ^~~
            VITIS_LOOP_1283_9: 
C:\Motor-Simulator\Coefficients\FirFilter\calculateCoefficients\hls\.autopilot\db\Coefficients.pp.0.cpp:40321:13: note: FIX-IT applied suggested code changes
C:\Motor-Simulator\Coefficients\FirFilter\calculateCoefficients\hls\.autopilot\db\Coefficients.pp.0.cpp:40327:17: warning: Added loop label VITIS_LOOP_1289_10:   [xilinx-label-all-loops]
                for (int j = 22; j >= I_+10; j--){
                ^~~
                VITIS_LOOP_1289_10: 
C:\Motor-Simulator\Coefficients\FirFilter\calculateCoefficients\hls\.autopilot\db\Coefficients.pp.0.cpp:40327:17: note: FIX-IT applied suggested code changes
C:\Motor-Simulator\Coefficients\FirFilter\calculateCoefficients\hls\.autopilot\db\Coefficients.pp.0.cpp:40331:17: warning: Added loop label VITIS_LOOP_1293_11:   [xilinx-label-all-loops]
                for (int j = I_+9; j >= 0; j--) {
                ^~~
                VITIS_LOOP_1293_11: 
C:\Motor-Simulator\Coefficients\FirFilter\calculateCoefficients\hls\.autopilot\db\Coefficients.pp.0.cpp:40331:17: note: FIX-IT applied suggested code changes
C:\Motor-Simulator\Coefficients\FirFilter\calculateCoefficients\hls\.autopilot\db\Coefficients.pp.0.cpp:40351:9: warning: Added loop label VITIS_LOOP_1313_12:   [xilinx-label-all-loops]
        for (int j = wf+4; j < w-1; j++){
        ^~~
        VITIS_LOOP_1313_12: 
C:\Motor-Simulator\Coefficients\FirFilter\calculateCoefficients\hls\.autopilot\db\Coefficients.pp.0.cpp:40351:9: note: FIX-IT applied suggested code changes
C:\Motor-Simulator\Coefficients\FirFilter\calculateCoefficients\hls\.autopilot\db\Coefficients.pp.0.cpp:40358:17: warning: Added loop label VITIS_LOOP_1320_13:   [xilinx-label-all-loops]
                for (int j = 0; j < 46; j++) {
                ^~~
                VITIS_LOOP_1320_13: 
C:\Motor-Simulator\Coefficients\FirFilter\calculateCoefficients\hls\.autopilot\db\Coefficients.pp.0.cpp:40358:17: note: FIX-IT applied suggested code changes
C:\Motor-Simulator\Coefficients\FirFilter\calculateCoefficients\hls\.autopilot\db\Coefficients.pp.0.cpp:40620:13: warning: Added loop label VITIS_LOOP_1582_14:   [xilinx-label-all-loops]
            for (int j = 46; j >= I_+22; j--) {
            ^~~
            VITIS_LOOP_1582_14: 
C:\Motor-Simulator\Coefficients\FirFilter\calculateCoefficients\hls\.autopilot\db\Coefficients.pp.0.cpp:40620:13: note: FIX-IT applied suggested code changes
C:\Motor-Simulator\Coefficients\FirFilter\calculateCoefficients\hls\.autopilot\db\Coefficients.pp.0.cpp:40626:17: warning: Added loop label VITIS_LOOP_1588_15:   [xilinx-label-all-loops]
                for (int j = 46; j >= I_+22; j--) {
                ^~~
                VITIS_LOOP_1588_15: 
C:\Motor-Simulator\Coefficients\FirFilter\calculateCoefficients\hls\.autopilot\db\Coefficients.pp.0.cpp:40626:17: note: FIX-IT applied suggested code changes
C:\Motor-Simulator\Coefficients\FirFilter\calculateCoefficients\hls\.autopilot\db\Coefficients.pp.0.cpp:40630:17: warning: Added loop label VITIS_LOOP_1592_16:   [xilinx-label-all-loops]
                for (int j = I_+21; j >= 0; j--) {
                ^~~
                VITIS_LOOP_1592_16: 
C:\Motor-Simulator\Coefficients\FirFilter\calculateCoefficients\hls\.autopilot\db\Coefficients.pp.0.cpp:40630:17: note: FIX-IT applied suggested code changes
C:\Motor-Simulator\Coefficients\FirFilter\calculateCoefficients\hls\.autopilot\db\Coefficients.pp.0.cpp:40654:9: warning: Added loop label VITIS_LOOP_1616_17:   [xilinx-label-all-loops]
        for (int j = wf+5; j < w-1; j++){
        ^~~
        VITIS_LOOP_1616_17: 
C:\Motor-Simulator\Coefficients\FirFilter\calculateCoefficients\hls\.autopilot\db\Coefficients.pp.0.cpp:40654:9: note: FIX-IT applied suggested code changes
C:\Motor-Simulator\Coefficients\FirFilter\calculateCoefficients\hls\.autopilot\db\Coefficients.pp.0.cpp:40661:17: warning: Added loop label VITIS_LOOP_1623_18:   [xilinx-label-all-loops]
                for (int j = 0; j < 64; j++) {
                ^~~
                VITIS_LOOP_1623_18: 
C:\Motor-Simulator\Coefficients\FirFilter\calculateCoefficients\hls\.autopilot\db\Coefficients.pp.0.cpp:40661:17: note: FIX-IT applied suggested code changes
C:\Motor-Simulator\Coefficients\FirFilter\calculateCoefficients\hls\.autopilot\db\Coefficients.pp.0.cpp:41091:13: warning: Added loop label VITIS_LOOP_2053_19:   [xilinx-label-all-loops]
            for (int j = 64; j >= I_+31; j--) {
            ^~~
            VITIS_LOOP_2053_19: 
C:\Motor-Simulator\Coefficients\FirFilter\calculateCoefficients\hls\.autopilot\db\Coefficients.pp.0.cpp:41091:13: note: FIX-IT applied suggested code changes
C:\Motor-Simulator\Coefficients\FirFilter\calculateCoefficients\hls\.autopilot\db\Coefficients.pp.0.cpp:41097:17: warning: Added loop label VITIS_LOOP_2059_20:   [xilinx-label-all-loops]
                for (int j = 64; j >= I_+31; j--) {
                ^~~
                VITIS_LOOP_2059_20: 
C:\Motor-Simulator\Coefficients\FirFilter\calculateCoefficients\hls\.autopilot\db\Coefficients.pp.0.cpp:41097:17: note: FIX-IT applied suggested code changes
C:\Motor-Simulator\Coefficients\FirFilter\calculateCoefficients\hls\.autopilot\db\Coefficients.pp.0.cpp:41101:17: warning: Added loop label VITIS_LOOP_2063_21:   [xilinx-label-all-loops]
                for (int j = I_+30; j >= 0; j--) {
                ^~~
                VITIS_LOOP_2063_21: 
C:\Motor-Simulator\Coefficients\FirFilter\calculateCoefficients\hls\.autopilot\db\Coefficients.pp.0.cpp:41101:17: note: FIX-IT applied suggested code changes
C:\Motor-Simulator\Coefficients\FirFilter\calculateCoefficients\hls\.autopilot\db\Coefficients.pp.0.cpp:41231:13: warning: Added loop label VITIS_LOOP_2193_1:   [xilinx-label-all-loops]
            for(int j=3; j>=I+1; j--) {
            ^~~
            VITIS_LOOP_2193_1: 
C:\Motor-Simulator\Coefficients\FirFilter\calculateCoefficients\hls\.autopilot\db\Coefficients.pp.0.cpp:41231:13: note: FIX-IT applied suggested code changes
C:\Motor-Simulator\Coefficients\FirFilter\calculateCoefficients\hls\.autopilot\db\Coefficients.pp.0.cpp:41238:17: warning: Added loop label VITIS_LOOP_2200_2:   [xilinx-label-all-loops]
                for(int j=3; j>=I+1; j--) {
                ^~~
                VITIS_LOOP_2200_2: 
C:\Motor-Simulator\Coefficients\FirFilter\calculateCoefficients\hls\.autopilot\db\Coefficients.pp.0.cpp:41238:17: note: FIX-IT applied suggested code changes
C:\Motor-Simulator\Coefficients\FirFilter\calculateCoefficients\hls\.autopilot\db\Coefficients.pp.0.cpp:41242:17: warning: Added loop label VITIS_LOOP_2204_3:   [xilinx-label-all-loops]
                for(int j=I; j>=0; j--) {
                ^~~
                VITIS_LOOP_2204_3: 
C:\Motor-Simulator\Coefficients\FirFilter\calculateCoefficients\hls\.autopilot\db\Coefficients.pp.0.cpp:41242:17: note: FIX-IT applied suggested code changes
C:\Motor-Simulator\Coefficients\FirFilter\calculateCoefficients\hls\.autopilot\db\Coefficients.pp.0.cpp:41289:13: warning: Added loop label VITIS_LOOP_2251_4:   [xilinx-label-all-loops]
            for(int j=7; j>=3+I; j--) {
            ^~~
            VITIS_LOOP_2251_4: 
C:\Motor-Simulator\Coefficients\FirFilter\calculateCoefficients\hls\.autopilot\db\Coefficients.pp.0.cpp:41289:13: note: FIX-IT applied suggested code changes
C:\Motor-Simulator\Coefficients\FirFilter\calculateCoefficients\hls\.autopilot\db\Coefficients.pp.0.cpp:41296:17: warning: Added loop label VITIS_LOOP_2258_5:   [xilinx-label-all-loops]
                for(int j=7; j>=3+I; j--) {
                ^~~
                VITIS_LOOP_2258_5: 
C:\Motor-Simulator\Coefficients\FirFilter\calculateCoefficients\hls\.autopilot\db\Coefficients.pp.0.cpp:41296:17: note: FIX-IT applied suggested code changes
C:\Motor-Simulator\Coefficients\FirFilter\calculateCoefficients\hls\.autopilot\db\Coefficients.pp.0.cpp:41300:17: warning: Added loop label VITIS_LOOP_2262_6:   [xilinx-label-all-loops]
                for(int j=I+2; j>=0; j--) {
                ^~~
                VITIS_LOOP_2262_6: 
C:\Motor-Simulator\Coefficients\FirFilter\calculateCoefficients\hls\.autopilot\db\Coefficients.pp.0.cpp:41300:17: note: FIX-IT applied suggested code changes
C:\Motor-Simulator\Coefficients\FirFilter\calculateCoefficients\hls\.autopilot\db\Coefficients.pp.0.cpp:41318:9: warning: Added loop label VITIS_LOOP_2280_7:   [xilinx-label-all-loops]
        for(int j=11; j<16; j++) {
        ^~~
        VITIS_LOOP_2280_7: 
C:\Motor-Simulator\Coefficients\FirFilter\calculateCoefficients\hls\.autopilot\db\Coefficients.pp.0.cpp:41318:9: note: FIX-IT applied suggested code changes
C:\Motor-Simulator\Coefficients\FirFilter\calculateCoefficients\hls\.autopilot\db\Coefficients.pp.0.cpp:41373:13: warning: Added loop label VITIS_LOOP_2335_8:   [xilinx-label-all-loops]
            for(int j=15; j>=7+I; j--) {
            ^~~
            VITIS_LOOP_2335_8: 
C:\Motor-Simulator\Coefficients\FirFilter\calculateCoefficients\hls\.autopilot\db\Coefficients.pp.0.cpp:41373:13: note: FIX-IT applied suggested code changes
C:\Motor-Simulator\Coefficients\FirFilter\calculateCoefficients\hls\.autopilot\db\Coefficients.pp.0.cpp:41380:17: warning: Added loop label VITIS_LOOP_2342_9:   [xilinx-label-all-loops]
                for(int j=15; j>=7+I; j--) {
                ^~~
                VITIS_LOOP_2342_9: 
C:\Motor-Simulator\Coefficients\FirFilter\calculateCoefficients\hls\.autopilot\db\Coefficients.pp.0.cpp:41380:17: note: FIX-IT applied suggested code changes
C:\Motor-Simulator\Coefficients\FirFilter\calculateCoefficients\hls\.autopilot\db\Coefficients.pp.0.cpp:41384:17: warning: Added loop label VITIS_LOOP_2346_10:   [xilinx-label-all-loops]
                for(int j=6+I; j>=0; j--) {
                ^~~
                VITIS_LOOP_2346_10: 
C:\Motor-Simulator\Coefficients\FirFilter\calculateCoefficients\hls\.autopilot\db\Coefficients.pp.0.cpp:41384:17: note: FIX-IT applied suggested code changes
C:\Motor-Simulator\Coefficients\FirFilter\calculateCoefficients\hls\.autopilot\db\Coefficients.pp.0.cpp:41402:9: warning: Added loop label VITIS_LOOP_2364_11:   [xilinx-label-all-loops]
        for(int j=20; j<32; j++) {
        ^~~
        VITIS_LOOP_2364_11: 
C:\Motor-Simulator\Coefficients\FirFilter\calculateCoefficients\hls\.autopilot\db\Coefficients.pp.0.cpp:41402:9: note: FIX-IT applied suggested code changes
C:\Motor-Simulator\Coefficients\FirFilter\calculateCoefficients\hls\.autopilot\db\Coefficients.pp.0.cpp:41491:13: warning: Added loop label VITIS_LOOP_2453_12:   [xilinx-label-all-loops]
            for(int j=31; j>=I+15; j--) {
            ^~~
            VITIS_LOOP_2453_12: 
C:\Motor-Simulator\Coefficients\FirFilter\calculateCoefficients\hls\.autopilot\db\Coefficients.pp.0.cpp:41491:13: note: FIX-IT applied suggested code changes
C:\Motor-Simulator\Coefficients\FirFilter\calculateCoefficients\hls\.autopilot\db\Coefficients.pp.0.cpp:41498:17: warning: Added loop label VITIS_LOOP_2460_13:   [xilinx-label-all-loops]
                for(int j=31; j>=I+15; j--) {
                ^~~
                VITIS_LOOP_2460_13: 
C:\Motor-Simulator\Coefficients\FirFilter\calculateCoefficients\hls\.autopilot\db\Coefficients.pp.0.cpp:41498:17: note: FIX-IT applied suggested code changes
C:\Motor-Simulator\Coefficients\FirFilter\calculateCoefficients\hls\.autopilot\db\Coefficients.pp.0.cpp:41502:17: warning: Added loop label VITIS_LOOP_2464_14:   [xilinx-label-all-loops]
                for(int j=I+14; j>=0; j--) {
                ^~~
                VITIS_LOOP_2464_14: 
C:\Motor-Simulator\Coefficients\FirFilter\calculateCoefficients\hls\.autopilot\db\Coefficients.pp.0.cpp:41502:17: note: FIX-IT applied suggested code changes
C:\Motor-Simulator\Coefficients\FirFilter\calculateCoefficients\hls\.autopilot\db\Coefficients.pp.0.cpp:41512:9: warning: Added loop label VITIS_LOOP_2474_15:   [xilinx-label-all-loops]
        for(int j=32-F; j<32+I; j++) {
        ^~~
        VITIS_LOOP_2474_15: 
C:\Motor-Simulator\Coefficients\FirFilter\calculateCoefficients\hls\.autopilot\db\Coefficients.pp.0.cpp:41512:9: note: FIX-IT applied suggested code changes
C:\Motor-Simulator\Coefficients\FirFilter\calculateCoefficients\hls\.autopilot\db\Coefficients.pp.0.cpp:41516:9: warning: Added loop label VITIS_LOOP_2478_16:   [xilinx-label-all-loops]
        for(int j=32+I; j<=64; j++) {
        ^~~
        VITIS_LOOP_2478_16: 
C:\Motor-Simulator\Coefficients\FirFilter\calculateCoefficients\hls\.autopilot\db\Coefficients.pp.0.cpp:41516:9: note: FIX-IT applied suggested code changes
C:\Motor-Simulator\Coefficients\FirFilter\calculateCoefficients\hls\.autopilot\db\Coefficients.pp.0.cpp:41527:9: warning: Added loop label VITIS_LOOP_2489_17:   [xilinx-label-all-loops]
        for(int j=37; j<64; j++) {
        ^~~
        VITIS_LOOP_2489_17: 
C:\Motor-Simulator\Coefficients\FirFilter\calculateCoefficients\hls\.autopilot\db\Coefficients.pp.0.cpp:41527:9: note: FIX-IT applied suggested code changes
C:\Motor-Simulator\Coefficients\FirFilter\calculateCoefficients\hls\.autopilot\db\Coefficients.pp.0.cpp:41535:17: warning: Added loop label VITIS_LOOP_2497_18:   [xilinx-label-all-loops]
                for(int j=0; j<64; j++) {
                ^~~
                VITIS_LOOP_2497_18: 
C:\Motor-Simulator\Coefficients\FirFilter\calculateCoefficients\hls\.autopilot\db\Coefficients.pp.0.cpp:41535:17: note: FIX-IT applied suggested code changes
C:\Motor-Simulator\Coefficients\FirFilter\calculateCoefficients\hls\.autopilot\db\Coefficients.pp.0.cpp:41860:13: warning: Added loop label VITIS_LOOP_2822_19:   [xilinx-label-all-loops]
            for(int j=63; j>=I+31; j--) {
            ^~~
            VITIS_LOOP_2822_19: 
C:\Motor-Simulator\Coefficients\FirFilter\calculateCoefficients\hls\.autopilot\db\Coefficients.pp.0.cpp:41860:13: note: FIX-IT applied suggested code changes
C:\Motor-Simulator\Coefficients\FirFilter\calculateCoefficients\hls\.autopilot\db\Coefficients.pp.0.cpp:41867:17: warning: Added loop label VITIS_LOOP_2829_20:   [xilinx-label-all-loops]
                for(int j=63; j>=I+31; j--) {
                ^~~
                VITIS_LOOP_2829_20: 
C:\Motor-Simulator\Coefficients\FirFilter\calculateCoefficients\hls\.autopilot\db\Coefficients.pp.0.cpp:41867:17: note: FIX-IT applied suggested code changes
C:\Motor-Simulator\Coefficients\FirFilter\calculateCoefficients\hls\.autopilot\db\Coefficients.pp.0.cpp:41871:17: warning: Added loop label VITIS_LOOP_2833_21:   [xilinx-label-all-loops]
                for(int j=I+30; j>=0; j--) {
                ^~~
                VITIS_LOOP_2833_21: 
C:\Motor-Simulator\Coefficients\FirFilter\calculateCoefficients\hls\.autopilot\db\Coefficients.pp.0.cpp:41871:17: note: FIX-IT applied suggested code changes
C:\Motor-Simulator\Coefficients\FirFilter\calculateCoefficients\hls\.autopilot\db\Coefficients.pp.0.cpp:41959:4: warning: Added loop label VITIS_LOOP_2921_1:   [xilinx-label-all-loops]
   for(int j = 5; j>=I_+2; j--) {
   ^~~
   VITIS_LOOP_2921_1: 
C:\Motor-Simulator\Coefficients\FirFilter\calculateCoefficients\hls\.autopilot\db\Coefficients.pp.0.cpp:41959:4: note: FIX-IT applied suggested code changes
C:\Motor-Simulator\Coefficients\FirFilter\calculateCoefficients\hls\.autopilot\db\Coefficients.pp.0.cpp:41966:5: warning: Added loop label VITIS_LOOP_2928_2:   [xilinx-label-all-loops]
    for(int j = 5; j>=I_+2; j--) {
    ^~~
    VITIS_LOOP_2928_2: 
C:\Motor-Simulator\Coefficients\FirFilter\calculateCoefficients\hls\.autopilot\db\Coefficients.pp.0.cpp:41966:5: note: FIX-IT applied suggested code changes
C:\Motor-Simulator\Coefficients\FirFilter\calculateCoefficients\hls\.autopilot\db\Coefficients.pp.0.cpp:41970:5: warning: Added loop label VITIS_LOOP_2932_3:   [xilinx-label-all-loops]
    for(int j = I_+1; j>=0; j--) {
    ^~~
    VITIS_LOOP_2932_3: 
C:\Motor-Simulator\Coefficients\FirFilter\calculateCoefficients\hls\.autopilot\db\Coefficients.pp.0.cpp:41970:5: note: FIX-IT applied suggested code changes
C:\Motor-Simulator\Coefficients\FirFilter\calculateCoefficients\hls\.autopilot\db\Coefficients.pp.0.cpp:41985:3: warning: Added loop label VITIS_LOOP_2947_4:   [xilinx-label-all-loops]
  for(int j = 11; j >=7; j--) {
  ^~~
  VITIS_LOOP_2947_4: 
C:\Motor-Simulator\Coefficients\FirFilter\calculateCoefficients\hls\.autopilot\db\Coefficients.pp.0.cpp:41985:3: note: FIX-IT applied suggested code changes
C:\Motor-Simulator\Coefficients\FirFilter\calculateCoefficients\hls\.autopilot\db\Coefficients.pp.0.cpp:42017:4: warning: Added loop label VITIS_LOOP_2979_5:   [xilinx-label-all-loops]
   for(int j = 11; j >= I_+5; j--) {
   ^~~
   VITIS_LOOP_2979_5: 
C:\Motor-Simulator\Coefficients\FirFilter\calculateCoefficients\hls\.autopilot\db\Coefficients.pp.0.cpp:42017:4: note: FIX-IT applied suggested code changes
C:\Motor-Simulator\Coefficients\FirFilter\calculateCoefficients\hls\.autopilot\db\Coefficients.pp.0.cpp:42024:5: warning: Added loop label VITIS_LOOP_2986_6:   [xilinx-label-all-loops]
    for(int j = 11; j>= I_+5; j--) {
    ^~~
    VITIS_LOOP_2986_6: 
C:\Motor-Simulator\Coefficients\FirFilter\calculateCoefficients\hls\.autopilot\db\Coefficients.pp.0.cpp:42024:5: note: FIX-IT applied suggested code changes
C:\Motor-Simulator\Coefficients\FirFilter\calculateCoefficients\hls\.autopilot\db\Coefficients.pp.0.cpp:42028:5: warning: Added loop label VITIS_LOOP_2990_7:   [xilinx-label-all-loops]
    for(int j = I_+4; j>=0; j--) {
    ^~~
    VITIS_LOOP_2990_7: 
C:\Motor-Simulator\Coefficients\FirFilter\calculateCoefficients\hls\.autopilot\db\Coefficients.pp.0.cpp:42028:5: note: FIX-IT applied suggested code changes
C:\Motor-Simulator\Coefficients\FirFilter\calculateCoefficients\hls\.autopilot\db\Coefficients.pp.0.cpp:42043:3: warning: Added loop label VITIS_LOOP_3005_8:   [xilinx-label-all-loops]
  for(int j = 25; j>=15; j--) {
  ^~~
  VITIS_LOOP_3005_8: 
C:\Motor-Simulator\Coefficients\FirFilter\calculateCoefficients\hls\.autopilot\db\Coefficients.pp.0.cpp:42043:3: note: FIX-IT applied suggested code changes
C:\Motor-Simulator\Coefficients\FirFilter\calculateCoefficients\hls\.autopilot\db\Coefficients.pp.0.cpp:42093:4: warning: Added loop label VITIS_LOOP_3055_9:   [xilinx-label-all-loops]
   for(int j = 25; j>= I_+12; j--) {
   ^~~
   VITIS_LOOP_3055_9: 
C:\Motor-Simulator\Coefficients\FirFilter\calculateCoefficients\hls\.autopilot\db\Coefficients.pp.0.cpp:42093:4: note: FIX-IT applied suggested code changes
C:\Motor-Simulator\Coefficients\FirFilter\calculateCoefficients\hls\.autopilot\db\Coefficients.pp.0.cpp:42100:5: warning: Added loop label VITIS_LOOP_3062_10:   [xilinx-label-all-loops]
    for(int j = 25; j>=I_+12; j--) {
    ^~~
    VITIS_LOOP_3062_10: 
C:\Motor-Simulator\Coefficients\FirFilter\calculateCoefficients\hls\.autopilot\db\Coefficients.pp.0.cpp:42100:5: note: FIX-IT applied suggested code changes
C:\Motor-Simulator\Coefficients\FirFilter\calculateCoefficients\hls\.autopilot\db\Coefficients.pp.0.cpp:42104:5: warning: Added loop label VITIS_LOOP_3066_11:   [xilinx-label-all-loops]
    for(int j = I_+11; j>=0; j--) {
    ^~~
    VITIS_LOOP_3066_11: 
C:\Motor-Simulator\Coefficients\FirFilter\calculateCoefficients\hls\.autopilot\db\Coefficients.pp.0.cpp:42104:5: note: FIX-IT applied suggested code changes
C:\Motor-Simulator\Coefficients\FirFilter\calculateCoefficients\hls\.autopilot\db\Coefficients.pp.0.cpp:42119:3: warning: Added loop label VITIS_LOOP_3081_12:   [xilinx-label-all-loops]
  for(int j = 51; j >= 29; j--) {
  ^~~
  VITIS_LOOP_3081_12: 
C:\Motor-Simulator\Coefficients\FirFilter\calculateCoefficients\hls\.autopilot\db\Coefficients.pp.0.cpp:42119:3: note: FIX-IT applied suggested code changes
C:\Motor-Simulator\Coefficients\FirFilter\calculateCoefficients\hls\.autopilot\db\Coefficients.pp.0.cpp:42256:4: warning: Added loop label VITIS_LOOP_3218_13:   [xilinx-label-all-loops]
   for(int j = 51; j >= 25 + I_; j--) {
   ^~~
   VITIS_LOOP_3218_13: 
C:\Motor-Simulator\Coefficients\FirFilter\calculateCoefficients\hls\.autopilot\db\Coefficients.pp.0.cpp:42256:4: note: FIX-IT applied suggested code changes
C:\Motor-Simulator\Coefficients\FirFilter\calculateCoefficients\hls\.autopilot\db\Coefficients.pp.0.cpp:42263:5: warning: Added loop label VITIS_LOOP_3225_14:   [xilinx-label-all-loops]
    for(int j = 51; j>=25 + I_; j--) {
    ^~~
    VITIS_LOOP_3225_14: 
C:\Motor-Simulator\Coefficients\FirFilter\calculateCoefficients\hls\.autopilot\db\Coefficients.pp.0.cpp:42263:5: note: FIX-IT applied suggested code changes
C:\Motor-Simulator\Coefficients\FirFilter\calculateCoefficients\hls\.autopilot\db\Coefficients.pp.0.cpp:42267:5: warning: Added loop label VITIS_LOOP_3229_15:   [xilinx-label-all-loops]
    for(int j = 24 + I_; j >= 0; j--) {
    ^~~
    VITIS_LOOP_3229_15: 
C:\Motor-Simulator\Coefficients\FirFilter\calculateCoefficients\hls\.autopilot\db\Coefficients.pp.0.cpp:42267:5: note: FIX-IT applied suggested code changes
C:\Motor-Simulator\Coefficients\FirFilter\calculateCoefficients\hls\.autopilot\db\Coefficients.pp.0.cpp:42282:3: warning: Added loop label VITIS_LOOP_3244_16:   [xilinx-label-all-loops]
  for(int j = 63; j >= 36; j--) {
  ^~~
  VITIS_LOOP_3244_16: 
C:\Motor-Simulator\Coefficients\FirFilter\calculateCoefficients\hls\.autopilot\db\Coefficients.pp.0.cpp:42282:3: note: FIX-IT applied suggested code changes
C:\Motor-Simulator\Coefficients\FirFilter\calculateCoefficients\hls\.autopilot\db\Coefficients.pp.0.cpp:42442:4: warning: Added loop label VITIS_LOOP_3404_17:   [xilinx-label-all-loops]
   for(int j = 63; j >= 31 + I_; j--) {
   ^~~
   VITIS_LOOP_3404_17: 
C:\Motor-Simulator\Coefficients\FirFilter\calculateCoefficients\hls\.autopilot\db\Coefficients.pp.0.cpp:42442:4: note: FIX-IT applied suggested code changes
C:\Motor-Simulator\Coefficients\FirFilter\calculateCoefficients\hls\.autopilot\db\Coefficients.pp.0.cpp:42449:5: warning: Added loop label VITIS_LOOP_3411_18:   [xilinx-label-all-loops]
    for(int j = 63; j >= 31 + I_; j--) {
    ^~~
    VITIS_LOOP_3411_18: 
C:\Motor-Simulator\Coefficients\FirFilter\calculateCoefficients\hls\.autopilot\db\Coefficients.pp.0.cpp:42449:5: note: FIX-IT applied suggested code changes
C:\Motor-Simulator\Coefficients\FirFilter\calculateCoefficients\hls\.autopilot\db\Coefficients.pp.0.cpp:42453:5: warning: Added loop label VITIS_LOOP_3415_19:   [xilinx-label-all-loops]
    for(int j = 30 + I_; j >= 0; j--) {
    ^~~
    VITIS_LOOP_3415_19: 
C:\Motor-Simulator\Coefficients\FirFilter\calculateCoefficients\hls\.autopilot\db\Coefficients.pp.0.cpp:42453:5: note: FIX-IT applied suggested code changes
C:\Motor-Simulator\Coefficients\FirFilter\calculateCoefficients\hls\.autopilot\db\Coefficients.pp.0.cpp:43168:13: warning: Added loop label VITIS_LOOP_703_1:   [xilinx-label-all-loops]
            for (b_exp = I_-1; b_exp >= -F_; b_exp--) {
            ^~~
            VITIS_LOOP_703_1: 
C:\Motor-Simulator\Coefficients\FirFilter\calculateCoefficients\hls\.autopilot\db\Coefficients.pp.0.cpp:43168:13: note: FIX-IT applied suggested code changes
C:\Motor-Simulator\Coefficients\FirFilter\calculateCoefficients\hls\.autopilot\db\Coefficients.pp.0.cpp:43386:13: warning: Added loop label VITIS_LOOP_921_1:   [xilinx-label-all-loops]
            for (b_exp = I_-1; b_exp >= -F_; b_exp--) {
            ^~~
            VITIS_LOOP_921_1: 
C:\Motor-Simulator\Coefficients\FirFilter\calculateCoefficients\hls\.autopilot\db\Coefficients.pp.0.cpp:43386:13: note: FIX-IT applied suggested code changes
C:\Motor-Simulator\Coefficients\FirFilter\calculateCoefficients\hls\.autopilot\db\Coefficients.pp.0.cpp:43803:13: warning: Added loop label VITIS_LOOP_1345_1:   [xilinx-label-all-loops]
            for (b_exp = I_-1; b_exp >= -F_; b_exp--) {
            ^~~
            VITIS_LOOP_1345_1: 
C:\Motor-Simulator\Coefficients\FirFilter\calculateCoefficients\hls\.autopilot\db\Coefficients.pp.0.cpp:43803:13: note: FIX-IT applied suggested code changes
C:\Motor-Simulator\Coefficients\FirFilter\calculateCoefficients\hls\.autopilot\db\Coefficients.pp.0.cpp:44123:9: warning: Added loop label VITIS_LOOP_240_1:   [xilinx-label-all-loops]
        for ( int pos = msbr-1; pos >= 0; pos-- ) {
        ^~~
        VITIS_LOOP_240_1: 
C:\Motor-Simulator\Coefficients\FirFilter\calculateCoefficients\hls\.autopilot\db\Coefficients.pp.0.cpp:44123:9: note: FIX-IT applied suggested code changes
C:\Motor-Simulator\Coefficients\FirFilter\calculateCoefficients\hls\.autopilot\db\Coefficients.pp.0.cpp:44151:9: warning: Added loop label VITIS_LOOP_268_2:   [xilinx-label-all-loops]
        for ( int pos = -1; pos >= -F_-1; pos-- ) {
        ^~~
        VITIS_LOOP_268_2: 
C:\Motor-Simulator\Coefficients\FirFilter\calculateCoefficients\hls\.autopilot\db\Coefficients.pp.0.cpp:44151:9: note: FIX-IT applied suggested code changes
C:\Motor-Simulator\Coefficients\FirFilter\calculateCoefficients\hls\.autopilot\db\Coefficients.pp.0.cpp:44853:13: warning: Added loop label VITIS_LOOP_48_1:   [xilinx-label-all-loops]
            for (int j = 0; j < W_-1; j++){
            ^~~
            VITIS_LOOP_48_1: 
C:\Motor-Simulator\Coefficients\FirFilter\calculateCoefficients\hls\.autopilot\db\Coefficients.pp.0.cpp:44853:13: note: FIX-IT applied suggested code changes
C:\Motor-Simulator\Coefficients\FirFilter\calculateCoefficients\hls\.autopilot\db\Coefficients.pp.0.cpp:44906:5: warning: Added loop label VITIS_LOOP_109_2:   [xilinx-label-all-loops]
    for (int j = F_l+F_+I_m-1; j < F_l+W_+5; j++){
    ^~~
    VITIS_LOOP_109_2: 
C:\Motor-Simulator\Coefficients\FirFilter\calculateCoefficients\hls\.autopilot\db\Coefficients.pp.0.cpp:44906:5: note: FIX-IT applied suggested code changes
C:\Motor-Simulator\Coefficients\FirFilter\calculateCoefficients\hls\.autopilot\db\Coefficients.pp.0.cpp:44920:13: warning: Added loop label VITIS_LOOP_123_3:   [xilinx-label-all-loops]
            for (int j = WO_m-1; j >= W_-1; j--) {
            ^~~
            VITIS_LOOP_123_3: 
C:\Motor-Simulator\Coefficients\FirFilter\calculateCoefficients\hls\.autopilot\db\Coefficients.pp.0.cpp:44920:13: note: FIX-IT applied suggested code changes
C:\Motor-Simulator\Coefficients\FirFilter\calculateCoefficients\hls\.autopilot\db\Coefficients.pp.0.cpp:44950:13: warning: Added loop label VITIS_LOOP_153_4:   [xilinx-label-all-loops]
            for (int j = W_-2; j >= 0; j--){
            ^~~
            VITIS_LOOP_153_4: 
C:\Motor-Simulator\Coefficients\FirFilter\calculateCoefficients\hls\.autopilot\db\Coefficients.pp.0.cpp:44950:13: note: FIX-IT applied suggested code changes
C:\Motor-Simulator\Coefficients\FirFilter\calculateCoefficients\hls\.autopilot\db\Coefficients.pp.0.cpp:45035:12: warning: Added loop label VITIS_LOOP_281_1:   [xilinx-label-all-loops]
           for(int i = wf_log+we_log-2; i > WI_e - 2; --i) {
           ^~~
           VITIS_LOOP_281_1: 
C:\Motor-Simulator\Coefficients\FirFilter\calculateCoefficients\hls\.autopilot\db\Coefficients.pp.0.cpp:45035:12: note: FIX-IT applied suggested code changes
C:\Motor-Simulator\Coefficients\FirFilter\calculateCoefficients\hls\.autopilot\db\Coefficients.pp.0.cpp:45055:16: warning: Added loop label VITIS_LOOP_301_2:   [xilinx-label-all-loops]
               for (int j = WO_e-1; j >= W_-1; j--) {
               ^~~
               VITIS_LOOP_301_2: 
C:\Motor-Simulator\Coefficients\FirFilter\calculateCoefficients\hls\.autopilot\db\Coefficients.pp.0.cpp:45055:16: note: FIX-IT applied suggested code changes
C:\Motor-Simulator\Coefficients\FirFilter\calculateCoefficients\hls\.autopilot\db\Coefficients.pp.0.cpp:45069:20: warning: Added loop label VITIS_LOOP_315_3:   [xilinx-label-all-loops]
                   for(int i = 0; i < W_-1; ++i) {
                   ^~~
                   VITIS_LOOP_315_3: 
C:\Motor-Simulator\Coefficients\FirFilter\calculateCoefficients\hls\.autopilot\db\Coefficients.pp.0.cpp:45069:20: note: FIX-IT applied suggested code changes
C:\Motor-Simulator\Coefficients\FirFilter\calculateCoefficients\hls\.autopilot\db\Coefficients.pp.0.cpp:45162:12: warning: Added loop label VITIS_LOOP_433_1:   [xilinx-label-all-loops]
           for (int j =WO_d-1; j >= W_-1; j--) {
           ^~~
           VITIS_LOOP_433_1: 
C:\Motor-Simulator\Coefficients\FirFilter\calculateCoefficients\hls\.autopilot\db\Coefficients.pp.0.cpp:45162:12: note: FIX-IT applied suggested code changes
C:\Motor-Simulator\Coefficients\FirFilter\calculateCoefficients\hls\.autopilot\db\Coefficients.pp.0.cpp:45176:15: warning: Added loop label VITIS_LOOP_447_2:   [xilinx-label-all-loops]
              for(int i = 0; i < W_-1; ++i) {
              ^~~
              VITIS_LOOP_447_2: 
C:\Motor-Simulator\Coefficients\FirFilter\calculateCoefficients\hls\.autopilot\db\Coefficients.pp.0.cpp:45176:15: note: FIX-IT applied suggested code changes
C:\Motor-Simulator\Coefficients\FirFilter\calculateCoefficients\hls\.autopilot\db\Coefficients.pp.0.cpp:45296:13: warning: Added loop label VITIS_LOOP_33_1:   [xilinx-label-all-loops]
            for (int i = 0; i < W_-1; i++){
            ^~~
            VITIS_LOOP_33_1: 
C:\Motor-Simulator\Coefficients\FirFilter\calculateCoefficients\hls\.autopilot\db\Coefficients.pp.0.cpp:45296:13: note: FIX-IT applied suggested code changes
C:\Motor-Simulator\Coefficients\FirFilter\calculateCoefficients\hls\.autopilot\db\Coefficients.pp.0.cpp:45420:13: warning: Added loop label VITIS_LOOP_183_1:   [xilinx-label-all-loops]
            for (int i = 0; i < W_-1; i++){
            ^~~
            VITIS_LOOP_183_1: 
C:\Motor-Simulator\Coefficients\FirFilter\calculateCoefficients\hls\.autopilot\db\Coefficients.pp.0.cpp:45420:13: note: FIX-IT applied suggested code changes
C:\Motor-Simulator\Coefficients\FirFilter\calculateCoefficients\hls\.autopilot\db\Coefficients.pp.0.cpp:45475:13: warning: Added loop label VITIS_LOOP_248_1:   [xilinx-label-all-loops]
            for (int i = 0; i < W_-1; i++){
            ^~~
            VITIS_LOOP_248_1: 
C:\Motor-Simulator\Coefficients\FirFilter\calculateCoefficients\hls\.autopilot\db\Coefficients.pp.0.cpp:45475:13: note: FIX-IT applied suggested code changes
C:\Motor-Simulator\Coefficients\FirFilter\calculateCoefficients\hls\.autopilot\db\Coefficients.pp.0.cpp:45994:2: warning: Added loop label VITIS_LOOP_16_1:   [xilinx-label-all-loops]
 for (int i=0; i<W_;i++)
 ^~~
 VITIS_LOOP_16_1: 
C:\Motor-Simulator\Coefficients\FirFilter\calculateCoefficients\hls\.autopilot\db\Coefficients.pp.0.cpp:45994:2: note: FIX-IT applied suggested code changes
C:\Motor-Simulator\Coefficients\FirFilter\calculateCoefficients\hls\.autopilot\db\Coefficients.pp.0.cpp:46005:2: warning: Added loop label VITIS_LOOP_27_1:   [xilinx-label-all-loops]
 for (int i=0; i<W_;i++)
 ^~~
 VITIS_LOOP_27_1: 
C:\Motor-Simulator\Coefficients\FirFilter\calculateCoefficients\hls\.autopilot\db\Coefficients.pp.0.cpp:46005:2: note: FIX-IT applied suggested code changes
C:\Motor-Simulator\Coefficients\FirFilter\calculateCoefficients\hls\.autopilot\db\Coefficients.pp.0.cpp:46016:2: warning: Added loop label VITIS_LOOP_38_1:   [xilinx-label-all-loops]
 for (int i=0; i<I_;i++)
 ^~~
 VITIS_LOOP_38_1: 
C:\Motor-Simulator\Coefficients\FirFilter\calculateCoefficients\hls\.autopilot\db\Coefficients.pp.0.cpp:46016:2: note: FIX-IT applied suggested code changes
C:\Motor-Simulator\Coefficients\FirFilter\calculateCoefficients\hls\.autopilot\db\Coefficients.pp.0.cpp:46027:2: warning: Added loop label VITIS_LOOP_49_1:   [xilinx-label-all-loops]
 for (int i=0; i<I_;i++)
 ^~~
 VITIS_LOOP_49_1: 
C:\Motor-Simulator\Coefficients\FirFilter\calculateCoefficients\hls\.autopilot\db\Coefficients.pp.0.cpp:46027:2: note: FIX-IT applied suggested code changes
C:\Motor-Simulator\Coefficients\FirFilter\calculateCoefficients\hls\.autopilot\db\Coefficients.pp.0.cpp:46038:2: warning: Added loop label VITIS_LOOP_60_1:   [xilinx-label-all-loops]
 for (int i=0; i<W_;i++)
 ^~~
 VITIS_LOOP_60_1: 
C:\Motor-Simulator\Coefficients\FirFilter\calculateCoefficients\hls\.autopilot\db\Coefficients.pp.0.cpp:46038:2: note: FIX-IT applied suggested code changes
C:\Motor-Simulator\Coefficients\FirFilter\calculateCoefficients\hls\.autopilot\db\Coefficients.pp.0.cpp:46049:2: warning: Added loop label VITIS_LOOP_71_1:   [xilinx-label-all-loops]
 for (int i=0; i<W_;i++)
 ^~~
 VITIS_LOOP_71_1: 
C:\Motor-Simulator\Coefficients\FirFilter\calculateCoefficients\hls\.autopilot\db\Coefficients.pp.0.cpp:46049:2: note: FIX-IT applied suggested code changes
C:\Motor-Simulator\Coefficients\FirFilter\calculateCoefficients\hls\.autopilot\db\Coefficients.pp.0.cpp:46060:2: warning: Added loop label VITIS_LOOP_82_1:   [xilinx-label-all-loops]
 for (int i=0; i<I_;i++)
 ^~~
 VITIS_LOOP_82_1: 
C:\Motor-Simulator\Coefficients\FirFilter\calculateCoefficients\hls\.autopilot\db\Coefficients.pp.0.cpp:46060:2: note: FIX-IT applied suggested code changes
C:\Motor-Simulator\Coefficients\FirFilter\calculateCoefficients\hls\.autopilot\db\Coefficients.pp.0.cpp:46071:2: warning: Added loop label VITIS_LOOP_93_1:   [xilinx-label-all-loops]
 for (int i=0; i<I_;i++)
 ^~~
 VITIS_LOOP_93_1: 
C:\Motor-Simulator\Coefficients\FirFilter\calculateCoefficients\hls\.autopilot\db\Coefficients.pp.0.cpp:46071:2: note: FIX-IT applied suggested code changes
C:\Motor-Simulator\Coefficients\FirFilter\calculateCoefficients\hls\.autopilot\db\Coefficients.pp.0.cpp:48431:12: warning: Added loop label VITIS_LOOP_26_1:   [xilinx-label-all-loops]
           for(int i = 0; i < W_-1; ++i) {
           ^~~
           VITIS_LOOP_26_1: 
C:\Motor-Simulator\Coefficients\FirFilter\calculateCoefficients\hls\.autopilot\db\Coefficients.pp.0.cpp:48431:12: note: FIX-IT applied suggested code changes
C:\Motor-Simulator\Coefficients\FirFilter\calculateCoefficients\hls\.autopilot\db\Coefficients.pp.0.cpp:48495:7: warning: Added loop label VITIS_LOOP_40_1:   [xilinx-label-all-loops]
      for(int pos = msbr - 1 ; pos >= -F-1; pos--) {
      ^~~
      VITIS_LOOP_40_1: 
C:\Motor-Simulator\Coefficients\FirFilter\calculateCoefficients\hls\.autopilot\db\Coefficients.pp.0.cpp:48495:7: note: FIX-IT applied suggested code changes
C:\Motor-Simulator\Coefficients\FirFilter\calculateCoefficients\hls\.autopilot\db\Coefficients.pp.0.cpp:48612:9: warning: Added loop label VITIS_LOOP_49_1:   [xilinx-label-all-loops]
        for(int pos = msbr - 1; pos >= 0; pos--) {
        ^~~
        VITIS_LOOP_49_1: 
C:\Motor-Simulator\Coefficients\FirFilter\calculateCoefficients\hls\.autopilot\db\Coefficients.pp.0.cpp:48612:9: note: FIX-IT applied suggested code changes
C:\Motor-Simulator\Coefficients\FirFilter\calculateCoefficients\hls\.autopilot\db\Coefficients.pp.0.cpp:48637:5: warning: Added loop label VITIS_LOOP_81_2:   [xilinx-label-all-loops]
    for(int pos = -1; pos >= -F-1; pos--) {
    ^~~
    VITIS_LOOP_81_2: 
C:\Motor-Simulator\Coefficients\FirFilter\calculateCoefficients\hls\.autopilot\db\Coefficients.pp.0.cpp:48637:5: note: FIX-IT applied suggested code changes
C:\Motor-Simulator\Coefficients\FirFilter\calculateCoefficients\hls\.autopilot\db\Coefficients.pp.0.cpp:48707:8: warning: Added loop label VITIS_LOOP_169_3:   [xilinx-label-all-loops]
       for(int i = 0; i < W - 1; ++i) {
       ^~~
       VITIS_LOOP_169_3: 
C:\Motor-Simulator\Coefficients\FirFilter\calculateCoefficients\hls\.autopilot\db\Coefficients.pp.0.cpp:48707:8: note: FIX-IT applied suggested code changes
C:\Motor-Simulator\Coefficients\FirFilter\calculateCoefficients\hls\.autopilot\db\Coefficients.pp.0.cpp:50962:5: warning: Added loop label VITIS_LOOP_22_1:   [xilinx-label-all-loops]
    for (int i = 0; i < 25; i++) {
    ^~~
    VITIS_LOOP_22_1: 
C:\Motor-Simulator\Coefficients\FirFilter\calculateCoefficients\hls\.autopilot\db\Coefficients.pp.0.cpp:50962:5: note: FIX-IT applied suggested code changes
