

================================================================
== Vitis HLS Report for 'fir_Pipeline_Shift_Accum_Loop'
================================================================
* Date:           Tue Apr 21 17:14:50 2026

* Version:        2024.1 (Build 5069499 on May 21 2024)
* Project:        calculateCoefficients
* Solution:       hls (Vivado IP Flow Target)
* Product family: zynquplus
* Target device:  xczu3eg-sfvc784-2-e


================================================================
== Performance Estimates
================================================================
+ Timing: 
    * Summary: 
    +--------+----------+----------+------------+
    |  Clock |  Target  | Estimated| Uncertainty|
    +--------+----------+----------+------------+
    |ap_clk  |  10.00 ns|  7.042 ns|     2.70 ns|
    +--------+----------+----------+------------+

+ Latency: 
    * Summary: 
    +---------+---------+----------+----------+-----+-----+-----------------------------------------------+
    |  Latency (cycles) |  Latency (absolute) |  Interval |                    Pipeline                   |
    |   min   |   max   |    min   |    max   | min | max |                      Type                     |
    +---------+---------+----------+----------+-----+-----+-----------------------------------------------+
    |        ?|        ?|         ?|         ?|    0|    0|  loop auto-rewind stp(delay=0 clock cycles(s))|
    +---------+---------+----------+----------+-----+-----+-----------------------------------------------+

    + Detail: 
        * Instance: 
        N/A

        * Loop: 
        +--------------------+---------+---------+----------+-----------+-----------+------+----------+
        |                    |  Latency (cycles) | Iteration|  Initiation Interval  | Trip |          |
        |      Loop Name     |   min   |   max   |  Latency |  achieved |   target  | Count| Pipelined|
        +--------------------+---------+---------+----------+-----------+-----------+------+----------+
        |- Shift_Accum_Loop  |        ?|        ?|        11|          3|          3|     ?|       yes|
        +--------------------+---------+---------+----------+-----------+-----------+------+----------+



================================================================
== Utilization Estimates
================================================================
* Summary: 
+-----------------+---------+-----+--------+-------+-----+
|       Name      | BRAM_18K| DSP |   FF   |  LUT  | URAM|
+-----------------+---------+-----+--------+-------+-----+
|DSP              |        -|    -|       -|      -|    -|
|Expression       |        -|    -|       0|    166|    -|
|FIFO             |        -|    -|       -|      -|    -|
|Instance         |        -|    0|     328|    810|    -|
|Memory           |        -|    -|       -|      -|    -|
|Multiplexer      |        -|    -|       0|    117|    -|
|Register         |        -|    -|     524|     32|    -|
+-----------------+---------+-----+--------+-------+-----+
|Total            |        0|    0|     852|   1125|    0|
+-----------------+---------+-----+--------+-------+-----+
|Available        |      432|  360|  141120|  70560|    0|
+-----------------+---------+-----+--------+-------+-----+
|Utilization (%)  |        0|    0|      ~0|      1|    0|
+-----------------+---------+-----+--------+-------+-----+

+ Detail: 
    * Instance: 
    +----------------------------------+------------------------------+---------+----+-----+-----+-----+
    |             Instance             |            Module            | BRAM_18K| DSP|  FF | LUT | URAM|
    +----------------------------------+------------------------------+---------+----+-----+-----+-----+
    |dadd_64ns_64ns_64_4_no_dsp_1_U65  |dadd_64ns_64ns_64_4_no_dsp_1  |        0|   0|  328|  810|    0|
    +----------------------------------+------------------------------+---------+----+-----+-----+-----+
    |Total                             |                              |        0|   0|  328|  810|    0|
    +----------------------------------+------------------------------+---------+----+-----+-----+-----+

    * DSP: 
    N/A

    * Memory: 
    N/A

    * FIFO: 
    N/A

    * Expression: 
    +---------------------+----------+----+---+----+------------+------------+
    |    Variable Name    | Operation| DSP| FF| LUT| Bitwidth P0| Bitwidth P1|
    +---------------------+----------+----+---+----+------------+------------+
    |add_ln68_fu_173_p2   |         +|   0|  0|  71|          64|           2|
    |add_ln74_fu_162_p2   |         +|   0|  0|  16|           9|           2|
    |ap_condition_120     |       and|   0|  0|   2|           1|           1|
    |ap_condition_322     |       and|   0|  0|   2|           1|           1|
    |ap_condition_325     |       and|   0|  0|   2|           1|           1|
    |icmp_ln70_fu_156_p2  |      icmp|   0|  0|  71|          64|           1|
    |ap_enable_pp0        |       xor|   0|  0|   2|           1|           2|
    +---------------------+----------+----+---+----+------------+------------+
    |Total                |          |   0|  0| 166|         141|          10|
    +---------------------+----------+----+---+----+------------+------------+

    * Multiplexer: 
    +-------------------------------------+----+-----------+-----+-----------+
    |                 Name                | LUT| Input Size| Bits| Total Bits|
    +-------------------------------------+----+-----------+-----+-----------+
    |acc_fu_44                            |   9|          2|   64|        128|
    |ap_NS_fsm                            |  20|          4|    1|          4|
    |ap_done_int                          |   9|          2|    1|          2|
    |ap_enable_reg_pp0_iter0              |   9|          2|    1|          2|
    |ap_enable_reg_pp0_iter1              |   9|          2|    1|          2|
    |ap_phi_reg_pp0_iter1_data_1_reg_107  |   9|          2|   64|        128|
    |ap_sig_allocacmp_acc_load            |   9|          2|   64|        128|
    |i_fu_48                              |   9|          2|   64|        128|
    |shift_reg_address0_local             |  20|          4|    9|         36|
    |shift_reg_d0_local                   |  14|          3|   64|        192|
    +-------------------------------------+----+-----------+-----+-----------+
    |Total                                | 117|         25|  333|        750|
    +-------------------------------------+----+-----------+-----+-----------+

    * Register: 
    +-------------------------------------+----+----+-----+-----------+
    |                 Name                | FF | LUT| Bits| Const Bits|
    +-------------------------------------+----+----+-----+-----------+
    |acc_fu_44                            |  64|   0|   64|          0|
    |ap_CS_fsm                            |   3|   0|    3|          0|
    |ap_done_reg                          |   1|   0|    1|          0|
    |ap_enable_reg_pp0_iter0_reg          |   1|   0|    1|          0|
    |ap_enable_reg_pp0_iter1              |   1|   0|    1|          0|
    |ap_enable_reg_pp0_iter2              |   1|   0|    1|          0|
    |ap_enable_reg_pp0_iter3              |   1|   0|    1|          0|
    |ap_loop_exit_ready_pp0_iter1_reg     |   1|   0|    1|          0|
    |ap_loop_exit_ready_pp0_iter2_reg     |   1|   0|    1|          0|
    |ap_phi_reg_pp0_iter0_data_1_reg_107  |  64|   0|   64|          0|
    |ap_phi_reg_pp0_iter1_data_1_reg_107  |  64|   0|   64|          0|
    |c_load_reg_246                       |  64|   0|   64|          0|
    |i_3_reg_218                          |  64|   0|   64|          0|
    |i_fu_48                              |  64|   0|   64|          0|
    |icmp_ln70_reg_227                    |   1|   0|    1|          0|
    |prod_reg_251                         |  64|   0|   64|          0|
    |tmp_reg_223                          |   1|   0|    1|          0|
    |tmp_reg_223                          |  64|  32|    1|          0|
    +-------------------------------------+----+----+-----+-----------+
    |Total                                | 524|  32|  461|          0|
    +-------------------------------------+----+----+-----+-----------+



================================================================
== Interface
================================================================
* Summary: 
+---------------------+-----+-----+------------+-------------------------------+--------------+
|      RTL Ports      | Dir | Bits|  Protocol  |         Source Object         |    C Type    |
+---------------------+-----+-----+------------+-------------------------------+--------------+
|ap_clk               |   in|    1|  ap_ctrl_hs|  fir_Pipeline_Shift_Accum_Loop|  return value|
|ap_rst               |   in|    1|  ap_ctrl_hs|  fir_Pipeline_Shift_Accum_Loop|  return value|
|ap_start             |   in|    1|  ap_ctrl_hs|  fir_Pipeline_Shift_Accum_Loop|  return value|
|ap_done              |  out|    1|  ap_ctrl_hs|  fir_Pipeline_Shift_Accum_Loop|  return value|
|ap_idle              |  out|    1|  ap_ctrl_hs|  fir_Pipeline_Shift_Accum_Loop|  return value|
|ap_ready             |  out|    1|  ap_ctrl_hs|  fir_Pipeline_Shift_Accum_Loop|  return value|
|grp_fu_1015_p_din0   |  out|   64|  ap_ctrl_hs|  fir_Pipeline_Shift_Accum_Loop|  return value|
|grp_fu_1015_p_din1   |  out|   64|  ap_ctrl_hs|  fir_Pipeline_Shift_Accum_Loop|  return value|
|grp_fu_1015_p_dout0  |   in|   64|  ap_ctrl_hs|  fir_Pipeline_Shift_Accum_Loop|  return value|
|grp_fu_1015_p_ce     |  out|    1|  ap_ctrl_hs|  fir_Pipeline_Shift_Accum_Loop|  return value|
|sext_ln68            |   in|   32|     ap_none|                      sext_ln68|        scalar|
|x                    |   in|   64|     ap_none|                              x|        scalar|
|c_address0           |  out|    9|   ap_memory|                              c|         array|
|c_ce0                |  out|    1|   ap_memory|                              c|         array|
|c_q0                 |   in|   64|   ap_memory|                              c|         array|
|acc_out              |  out|   64|      ap_vld|                        acc_out|       pointer|
|acc_out_ap_vld       |  out|    1|      ap_vld|                        acc_out|       pointer|
|shift_reg_address0   |  out|    9|   ap_memory|                      shift_reg|         array|
|shift_reg_ce0        |  out|    1|   ap_memory|                      shift_reg|         array|
|shift_reg_we0        |  out|    1|   ap_memory|                      shift_reg|         array|
|shift_reg_d0         |  out|   64|   ap_memory|                      shift_reg|         array|
|shift_reg_q0         |   in|   64|   ap_memory|                      shift_reg|         array|
+---------------------+-----+-----+------------+-------------------------------+--------------+

============================================================
+ Verbose Summary: Synthesis Manager
============================================================
InlineROM: 1
ExposeGlobal: 0
============================================================
+ Verbose Summary: CDFG Model
============================================================
IsTopModel: 0
ResetActiveHigh: 1
IsCombinational: 2
IsDatapathOnly: 2
HasWiredReturn: 1
HasMFsm: 2
HasVarLatency: 1
IsPipeline: 0
IsRtlPipelined: 0
IsInstanceOverlapped: 0
IsDontTouch: 0
HasImplIP: 0
IsGatedGlobalClock: 0

+ Individual pipeline summary: 
  * Pipeline-0: initiation interval (II) = 3, depth = 12


============================================================
+ Verbose Summary: Schedule
============================================================
* Number of FSM states : 12
* Pipeline : 1
  Pipeline-0 : II = 3, D = 12, States = { 1 2 3 4 5 6 7 8 9 10 11 12 }
* Dataflow Pipeline: 0

* FSM state transitions: 
1 --> 2 
2 --> 3 
3 --> 4 
4 --> 5 
5 --> 6 
6 --> 7 
7 --> 8 
8 --> 9 
9 --> 10 
10 --> 11 
11 --> 12 
12 --> 

* FSM state operations: 

State 1 <SV = 0> <Delay = 0.42>
ST_1 : Operation 14 [1/1] (0.00ns)   --->   "%acc = alloca i32 1" [Coefficients.cpp:53]   --->   Operation 14 'alloca' 'acc' <Predicate = true> <Delay = 0.00>
ST_1 : Operation 15 [1/1] (0.00ns)   --->   "%i = alloca i32 1" [Coefficients.cpp:54]   --->   Operation 15 'alloca' 'i' <Predicate = true> <Delay = 0.00>
ST_1 : Operation 16 [1/1] (0.00ns)   --->   "%x_read = read i64 @_ssdm_op_Read.ap_auto.double, i64 %x"   --->   Operation 16 'read' 'x_read' <Predicate = true> <Delay = 0.00>
ST_1 : Operation 17 [1/1] (0.00ns)   --->   "%sext_ln68_read = read i32 @_ssdm_op_Read.ap_auto.i32, i32 %sext_ln68"   --->   Operation 17 'read' 'sext_ln68_read' <Predicate = true> <Delay = 0.00>
ST_1 : Operation 18 [1/1] (0.00ns)   --->   "%sext_ln68_cast = sext i32 %sext_ln68_read"   --->   Operation 18 'sext' 'sext_ln68_cast' <Predicate = true> <Delay = 0.00>
ST_1 : Operation 19 [1/1] (0.42ns)   --->   "%store_ln54 = store i64 %sext_ln68_cast, i64 %i" [Coefficients.cpp:54]   --->   Operation 19 'store' 'store_ln54' <Predicate = true> <Delay = 0.42>
ST_1 : Operation 20 [1/1] (0.42ns)   --->   "%store_ln53 = store i64 0, i64 %acc" [Coefficients.cpp:53]   --->   Operation 20 'store' 'store_ln53' <Predicate = true> <Delay = 0.42>
ST_1 : Operation 21 [1/1] (0.00ns)   --->   "%br_ln0 = br void %for.body4"   --->   Operation 21 'br' 'br_ln0' <Predicate = true> <Delay = 0.00>

State 2 <SV = 1> <Delay = 2.32>
ST_2 : Operation 22 [1/1] (0.00ns)   --->   "%i_3 = load i64 %i" [Coefficients.cpp:68]   --->   Operation 22 'load' 'i_3' <Predicate = true> <Delay = 0.00>
ST_2 : Operation 23 [1/1] (0.00ns)   --->   "%tmp = bitselect i1 @_ssdm_op_BitSelect.i1.i64.i32, i64 %i_3, i32 63" [Coefficients.cpp:68]   --->   Operation 23 'bitselect' 'tmp' <Predicate = true> <Delay = 0.00>
ST_2 : Operation 24 [1/1] (0.00ns)   --->   "%br_ln68 = br i1 %tmp, void %for.body4.split, void %cleanup.cont.loopexit.exitStub" [Coefficients.cpp:68]   --->   Operation 24 'br' 'br_ln68' <Predicate = true> <Delay = 0.00>
ST_2 : Operation 25 [1/1] (0.00ns)   --->   "%trunc_ln68 = trunc i64 %i_3" [Coefficients.cpp:68]   --->   Operation 25 'trunc' 'trunc_ln68' <Predicate = (!tmp)> <Delay = 0.00>
ST_2 : Operation 26 [1/1] (0.00ns)   --->   "%specpipeline_ln69 = specpipeline void @_ssdm_op_SpecPipeline, i32 3, i32 0, i32 0, i32 0, void @empty_0" [Coefficients.cpp:69]   --->   Operation 26 'specpipeline' 'specpipeline_ln69' <Predicate = (!tmp)> <Delay = 0.00>
ST_2 : Operation 27 [1/1] (0.00ns)   --->   "%specloopname_ln68 = specloopname void @_ssdm_op_SpecLoopName, void @empty_19" [Coefficients.cpp:68]   --->   Operation 27 'specloopname' 'specloopname_ln68' <Predicate = (!tmp)> <Delay = 0.00>
ST_2 : Operation 28 [1/1] (1.08ns)   --->   "%icmp_ln70 = icmp_eq  i64 %i_3, i64 0" [Coefficients.cpp:70]   --->   Operation 28 'icmp' 'icmp_ln70' <Predicate = (!tmp)> <Delay = 1.08> <CoreInst = "Cmp">   --->   Core 9 'Cmp' <Latency = 0> <II = 1> <Delay = 1.08> <FuncUnit> <Opcode : 'seteq' 'setne' 'setle' 'setge' 'setlt' 'setgt'> <InPorts = 2> <OutPorts = 1>
ST_2 : Operation 29 [1/1] (0.00ns)   --->   "%br_ln70 = br i1 %icmp_ln70, void %if.else, void %if.then6" [Coefficients.cpp:70]   --->   Operation 29 'br' 'br_ln70' <Predicate = (!tmp)> <Delay = 0.00>
ST_2 : Operation 30 [1/1] (0.77ns)   --->   "%add_ln74 = add i9 %trunc_ln68, i9 511" [Coefficients.cpp:74]   --->   Operation 30 'add' 'add_ln74' <Predicate = (!tmp & !icmp_ln70)> <Delay = 0.77> <CoreInst = "Adder">   --->   Core 1 'Adder' <Latency = 0> <II = 1> <Delay = 0.77> <FuncUnit> <Opcode : 'add' 'sub'> <InPorts = 2> <OutPorts = 1>
ST_2 : Operation 31 [1/1] (0.00ns)   --->   "%zext_ln74 = zext i9 %add_ln74" [Coefficients.cpp:74]   --->   Operation 31 'zext' 'zext_ln74' <Predicate = (!tmp & !icmp_ln70)> <Delay = 0.00>
ST_2 : Operation 32 [1/1] (0.00ns)   --->   "%shift_reg_addr = getelementptr i64 %shift_reg, i64 0, i64 %zext_ln74" [Coefficients.cpp:74]   --->   Operation 32 'getelementptr' 'shift_reg_addr' <Predicate = (!tmp & !icmp_ln70)> <Delay = 0.00>
ST_2 : Operation 33 [2/2] (1.23ns)   --->   "%data = load i9 %shift_reg_addr" [Coefficients.cpp:74]   --->   Operation 33 'load' 'data' <Predicate = (!tmp & !icmp_ln70)> <Delay = 1.23> <CoreInst = "RAM">   --->   Core 82 'RAM' <Latency = 1> <II = 1> <Delay = 1.23> <Storage> <Opcode : 'load' 'store'> <Ports = 2> <Width = 64> <Depth = 301> <RAM>
ST_2 : Operation 34 [1/1] (1.23ns)   --->   "%store_ln71 = store i64 %x_read, i64 0" [Coefficients.cpp:71]   --->   Operation 34 'store' 'store_ln71' <Predicate = (!tmp & icmp_ln70)> <Delay = 1.23> <CoreInst = "RAM">   --->   Core 82 'RAM' <Latency = 1> <II = 1> <Delay = 1.23> <Storage> <Opcode : 'load' 'store'> <Ports = 2> <Width = 64> <Depth = 301> <RAM>
ST_2 : Operation 35 [1/1] (0.42ns)   --->   "%br_ln73 = br void %for.inc17" [Coefficients.cpp:73]   --->   Operation 35 'br' 'br_ln73' <Predicate = (!tmp & icmp_ln70)> <Delay = 0.42>
ST_2 : Operation 36 [1/1] (0.00ns)   --->   "%c_addr = getelementptr i64 %c, i64 0, i64 %i_3" [Coefficients.cpp:78]   --->   Operation 36 'getelementptr' 'c_addr' <Predicate = (!tmp)> <Delay = 0.00>
ST_2 : Operation 37 [2/2] (1.23ns)   --->   "%c_load = load i9 %c_addr" [Coefficients.cpp:78]   --->   Operation 37 'load' 'c_load' <Predicate = (!tmp)> <Delay = 1.23> <CoreInst = "RAM">   --->   Core 82 'RAM' <Latency = 1> <II = 1> <Delay = 1.23> <Storage> <Opcode : 'load' 'store'> <Ports = 2> <Width = 64> <Depth = 301> <RAM>
ST_2 : Operation 38 [1/1] (1.08ns)   --->   "%add_ln68 = add i64 %i_3, i64 18446744073709551615" [Coefficients.cpp:68]   --->   Operation 38 'add' 'add_ln68' <Predicate = (!tmp)> <Delay = 1.08> <CoreInst = "Adder">   --->   Core 1 'Adder' <Latency = 0> <II = 1> <Delay = 1.08> <FuncUnit> <Opcode : 'add' 'sub'> <InPorts = 2> <OutPorts = 1>
ST_2 : Operation 39 [1/1] (0.42ns)   --->   "%store_ln54 = store i64 %add_ln68, i64 %i" [Coefficients.cpp:54]   --->   Operation 39 'store' 'store_ln54' <Predicate = (!tmp)> <Delay = 0.42>

State 3 <SV = 2> <Delay = 2.47>
ST_3 : Operation 40 [1/2] (1.23ns)   --->   "%data = load i9 %shift_reg_addr" [Coefficients.cpp:74]   --->   Operation 40 'load' 'data' <Predicate = (!tmp & !icmp_ln70)> <Delay = 1.23> <CoreInst = "RAM">   --->   Core 82 'RAM' <Latency = 1> <II = 1> <Delay = 1.23> <Storage> <Opcode : 'load' 'store'> <Ports = 2> <Width = 64> <Depth = 301> <RAM>
ST_3 : Operation 41 [1/1] (0.00ns)   --->   "%shift_reg_addr_1 = getelementptr i64 %shift_reg, i64 0, i64 %i_3" [Coefficients.cpp:74]   --->   Operation 41 'getelementptr' 'shift_reg_addr_1' <Predicate = (!tmp & !icmp_ln70)> <Delay = 0.00>
ST_3 : Operation 42 [1/1] (1.23ns)   --->   "%store_ln74 = store i64 %data, i9 %shift_reg_addr_1" [Coefficients.cpp:74]   --->   Operation 42 'store' 'store_ln74' <Predicate = (!tmp & !icmp_ln70)> <Delay = 1.23> <CoreInst = "RAM">   --->   Core 82 'RAM' <Latency = 1> <II = 1> <Delay = 1.23> <Storage> <Opcode : 'load' 'store'> <Ports = 2> <Width = 64> <Depth = 301> <RAM>
ST_3 : Operation 43 [1/1] (0.42ns)   --->   "%br_ln0 = br void %for.inc17"   --->   Operation 43 'br' 'br_ln0' <Predicate = (!tmp & !icmp_ln70)> <Delay = 0.42>
ST_3 : Operation 44 [1/2] (1.23ns)   --->   "%c_load = load i9 %c_addr" [Coefficients.cpp:78]   --->   Operation 44 'load' 'c_load' <Predicate = (!tmp)> <Delay = 1.23> <CoreInst = "RAM">   --->   Core 82 'RAM' <Latency = 1> <II = 1> <Delay = 1.23> <Storage> <Opcode : 'load' 'store'> <Ports = 2> <Width = 64> <Depth = 301> <RAM>

State 4 <SV = 3> <Delay = 7.04>
ST_4 : Operation 45 [1/1] (0.00ns)   --->   "%data_1 = phi i64 %x_read, void %if.then6, i64 %data, void %if.else"   --->   Operation 45 'phi' 'data_1' <Predicate = (!tmp)> <Delay = 0.00>
ST_4 : Operation 46 [5/5] (7.04ns)   --->   "%prod = dmul i64 %data_1, i64 %c_load" [Coefficients.cpp:78]   --->   Operation 46 'dmul' 'prod' <Predicate = (!tmp)> <Delay = 7.04> <CoreInst = "DMul_maxdsp">   --->   Core 49 'DMul_maxdsp' <Latency = 4> <II = 1> <Delay = 7.04> <FuncUnit> <Opcode : 'dmul'> <InPorts = 2> <OutPorts = 1>

State 5 <SV = 4> <Delay = 7.04>
ST_5 : Operation 47 [4/5] (7.04ns)   --->   "%prod = dmul i64 %data_1, i64 %c_load" [Coefficients.cpp:78]   --->   Operation 47 'dmul' 'prod' <Predicate = true> <Delay = 7.04> <CoreInst = "DMul_maxdsp">   --->   Core 49 'DMul_maxdsp' <Latency = 4> <II = 1> <Delay = 7.04> <FuncUnit> <Opcode : 'dmul'> <InPorts = 2> <OutPorts = 1>

State 6 <SV = 5> <Delay = 7.04>
ST_6 : Operation 48 [3/5] (7.04ns)   --->   "%prod = dmul i64 %data_1, i64 %c_load" [Coefficients.cpp:78]   --->   Operation 48 'dmul' 'prod' <Predicate = true> <Delay = 7.04> <CoreInst = "DMul_maxdsp">   --->   Core 49 'DMul_maxdsp' <Latency = 4> <II = 1> <Delay = 7.04> <FuncUnit> <Opcode : 'dmul'> <InPorts = 2> <OutPorts = 1>

State 7 <SV = 6> <Delay = 7.04>
ST_7 : Operation 49 [2/5] (7.04ns)   --->   "%prod = dmul i64 %data_1, i64 %c_load" [Coefficients.cpp:78]   --->   Operation 49 'dmul' 'prod' <Predicate = true> <Delay = 7.04> <CoreInst = "DMul_maxdsp">   --->   Core 49 'DMul_maxdsp' <Latency = 4> <II = 1> <Delay = 7.04> <FuncUnit> <Opcode : 'dmul'> <InPorts = 2> <OutPorts = 1>

State 8 <SV = 7> <Delay = 7.04>
ST_8 : Operation 50 [1/5] (7.04ns)   --->   "%prod = dmul i64 %data_1, i64 %c_load" [Coefficients.cpp:78]   --->   Operation 50 'dmul' 'prod' <Predicate = true> <Delay = 7.04> <CoreInst = "DMul_maxdsp">   --->   Core 49 'DMul_maxdsp' <Latency = 4> <II = 1> <Delay = 7.04> <FuncUnit> <Opcode : 'dmul'> <InPorts = 2> <OutPorts = 1>

State 9 <SV = 8> <Delay = 6.34>
ST_9 : Operation 51 [1/1] (0.00ns)   --->   "%acc_load = load i64 %acc" [Coefficients.cpp:81]   --->   Operation 51 'load' 'acc_load' <Predicate = true> <Delay = 0.00>
ST_9 : Operation 52 [4/4] (6.34ns)   --->   "%acc_1 = dadd i64 %acc_load, i64 %prod" [Coefficients.cpp:81]   --->   Operation 52 'dadd' 'acc_1' <Predicate = true> <Delay = 6.34> <CoreInst = "DAddSub_nodsp">   --->   Core 36 'DAddSub_nodsp' <Latency = 3> <II = 1> <Delay = 6.34> <FuncUnit> <Opcode : 'dadd' 'dsub'> <InPorts = 2> <OutPorts = 1>
ST_9 : Operation 58 [1/1] (0.00ns)   --->   "%acc_load_1 = load i64 %acc"   --->   Operation 58 'load' 'acc_load_1' <Predicate = (tmp)> <Delay = 0.00>
ST_9 : Operation 59 [1/1] (0.00ns)   --->   "%write_ln0 = write void @_ssdm_op_Write.ap_auto.doubleP0A, i64 %acc_out, i64 %acc_load_1"   --->   Operation 59 'write' 'write_ln0' <Predicate = (tmp)> <Delay = 0.00>
ST_9 : Operation 60 [1/1] (0.42ns)   --->   "%ret_ln0 = ret"   --->   Operation 60 'ret' 'ret_ln0' <Predicate = (tmp)> <Delay = 0.42>

State 10 <SV = 9> <Delay = 6.34>
ST_10 : Operation 53 [3/4] (6.34ns)   --->   "%acc_1 = dadd i64 %acc_load, i64 %prod" [Coefficients.cpp:81]   --->   Operation 53 'dadd' 'acc_1' <Predicate = true> <Delay = 6.34> <CoreInst = "DAddSub_nodsp">   --->   Core 36 'DAddSub_nodsp' <Latency = 3> <II = 1> <Delay = 6.34> <FuncUnit> <Opcode : 'dadd' 'dsub'> <InPorts = 2> <OutPorts = 1>

State 11 <SV = 10> <Delay = 6.34>
ST_11 : Operation 54 [2/4] (6.34ns)   --->   "%acc_1 = dadd i64 %acc_load, i64 %prod" [Coefficients.cpp:81]   --->   Operation 54 'dadd' 'acc_1' <Predicate = true> <Delay = 6.34> <CoreInst = "DAddSub_nodsp">   --->   Core 36 'DAddSub_nodsp' <Latency = 3> <II = 1> <Delay = 6.34> <FuncUnit> <Opcode : 'dadd' 'dsub'> <InPorts = 2> <OutPorts = 1>

State 12 <SV = 11> <Delay = 6.77>
ST_12 : Operation 55 [1/4] (6.34ns)   --->   "%acc_1 = dadd i64 %acc_load, i64 %prod" [Coefficients.cpp:81]   --->   Operation 55 'dadd' 'acc_1' <Predicate = true> <Delay = 6.34> <CoreInst = "DAddSub_nodsp">   --->   Core 36 'DAddSub_nodsp' <Latency = 3> <II = 1> <Delay = 6.34> <FuncUnit> <Opcode : 'dadd' 'dsub'> <InPorts = 2> <OutPorts = 1>
ST_12 : Operation 56 [1/1] (0.42ns)   --->   "%store_ln53 = store i64 %acc_1, i64 %acc" [Coefficients.cpp:53]   --->   Operation 56 'store' 'store_ln53' <Predicate = true> <Delay = 0.42>
ST_12 : Operation 57 [1/1] (0.00ns)   --->   "%br_ln68 = br void %for.body4" [Coefficients.cpp:68]   --->   Operation 57 'br' 'br_ln68' <Predicate = true> <Delay = 0.00>


============================================================
+ Verbose Summary: Binding
============================================================
STG Binding: 
---------------- STG Properties BEGIN ----------------
- Is combinational: 0
- Is one-state seq: 0
- Is datapath-only: 0
- Is pipelined: 0
- Is top level: 0
Port [ Return ] is wired: 1; IO mode=ap_ctrl_hs:ce=0
Port [ sext_ln68]:  wired=1; compound=0; hidden=0; nouse=0; global=0; static=0; extern=0; dir=0; type=0; pingpong=0; private_global=0; IO mode=ap_none:ce=0
Port [ x]:  wired=1; compound=0; hidden=0; nouse=0; global=0; static=0; extern=0; dir=0; type=0; pingpong=0; private_global=0; IO mode=ap_none:ce=0
Port [ c]:  wired=1; compound=1; hidden=0; nouse=0; global=0; static=0; extern=0; dir=0; type=1; pingpong=0; private_global=0; MemPort=[13]; IO mode=ap_memory:ce=0
Port [ acc_out]:  wired=1; compound=0; hidden=0; nouse=0; global=0; static=0; extern=0; dir=1; type=0; pingpong=0; private_global=0; IO mode=ap_vld:ce=0
Port [ shift_reg]:  wired=1; compound=1; hidden=0; nouse=0; global=1; static=1; extern=0; dir=2; type=1; pingpong=0; private_global=0; MemPort=[23]; IO mode=ap_memory:ce=0
---------------- STG Properties END ------------------

---------------- Datapath Model BEGIN ----------------

<LifeTime>
<method=bitvector/>
acc               (alloca       ) [ 0111111111111]
i                 (alloca       ) [ 0110000000000]
x_read            (read         ) [ 0111100000000]
sext_ln68_read    (read         ) [ 0000000000000]
sext_ln68_cast    (sext         ) [ 0000000000000]
store_ln54        (store        ) [ 0000000000000]
store_ln53        (store        ) [ 0000000000000]
br_ln0            (br           ) [ 0000000000000]
i_3               (load         ) [ 0001000000000]
tmp               (bitselect    ) [ 0111111111111]
br_ln68           (br           ) [ 0000000000000]
trunc_ln68        (trunc        ) [ 0000000000000]
specpipeline_ln69 (specpipeline ) [ 0000000000000]
specloopname_ln68 (specloopname ) [ 0000000000000]
icmp_ln70         (icmp         ) [ 0111111111111]
br_ln70           (br           ) [ 0000000000000]
add_ln74          (add          ) [ 0000000000000]
zext_ln74         (zext         ) [ 0000000000000]
shift_reg_addr    (getelementptr) [ 0001000000000]
store_ln71        (store        ) [ 0000000000000]
br_ln73           (br           ) [ 0111100000000]
c_addr            (getelementptr) [ 0001000000000]
add_ln68          (add          ) [ 0000000000000]
store_ln54        (store        ) [ 0000000000000]
data              (load         ) [ 0111100000000]
shift_reg_addr_1  (getelementptr) [ 0000000000000]
store_ln74        (store        ) [ 0000000000000]
br_ln0            (br           ) [ 0111100000000]
c_load            (load         ) [ 0111111110000]
data_1            (phi          ) [ 0111111110000]
prod              (dmul         ) [ 0111000001111]
acc_load          (load         ) [ 0111000000111]
acc_1             (dadd         ) [ 0000000000000]
store_ln53        (store        ) [ 0000000000000]
br_ln68           (br           ) [ 0000000000000]
acc_load_1        (load         ) [ 0000000000000]
write_ln0         (write        ) [ 0000000000000]
ret_ln0           (ret          ) [ 0000000000000]
</LifeTime>

<model>

<comp_list>
<comp id="0" class="1000" name="sext_ln68">
<pin_list>
<pin id="1" dir="1" index="0" bw="1" slack="0"/>
</pin_list>
<bind>
<StgValue><ssdm name="sext_ln68"/></StgValue>
</bind>
</comp>

<comp id="2" class="1000" name="x">
<pin_list>
<pin id="3" dir="1" index="0" bw="1" slack="0"/>
</pin_list>
<bind>
<StgValue><ssdm name="x"/></StgValue>
</bind>
</comp>

<comp id="4" class="1000" name="c">
<pin_list>
<pin id="5" dir="1" index="0" bw="1" slack="0"/>
</pin_list>
<bind>
<StgValue><ssdm name="c"/><MemPortTyVec>1 3 </MemPortTyVec>
</StgValue>
</bind>
</comp>

<comp id="6" class="1000" name="acc_out">
<pin_list>
<pin id="7" dir="1" index="0" bw="1" slack="0"/>
</pin_list>
<bind>
<StgValue><ssdm name="acc_out"/></StgValue>
</bind>
</comp>

<comp id="8" class="1000" name="shift_reg">
<pin_list>
<pin id="9" dir="1" index="0" bw="1" slack="0"/>
</pin_list>
<bind>
<StgValue><ssdm name="shift_reg"/><MemPortTyVec>2 3 </MemPortTyVec>
</StgValue>
</bind>
</comp>

<comp id="10" class="1001" name="const_10">
<pin_list>
<pin id="11" dir="1" index="0" bw="1" slack="0"/>
</pin_list>
<bind>
<StgValue><ssdm name=""/></StgValue>
</bind>
</comp>

<comp id="12" class="1001" name="const_12">
<pin_list>
<pin id="13" dir="1" index="0" bw="1" slack="0"/>
</pin_list>
<bind>
<StgValue><ssdm name="_ssdm_op_Read.ap_auto.double"/></StgValue>
</bind>
</comp>

<comp id="14" class="1001" name="const_14">
<pin_list>
<pin id="15" dir="1" index="0" bw="1" slack="0"/>
</pin_list>
<bind>
<StgValue><ssdm name="_ssdm_op_Read.ap_auto.i32"/></StgValue>
</bind>
</comp>

<comp id="16" class="1001" name="const_16">
<pin_list>
<pin id="17" dir="1" index="0" bw="1" slack="0"/>
</pin_list>
<bind>
<StgValue><ssdm name=""/></StgValue>
</bind>
</comp>

<comp id="18" class="1001" name="const_18">
<pin_list>
<pin id="19" dir="1" index="0" bw="1" slack="0"/>
</pin_list>
<bind>
<StgValue><ssdm name="_ssdm_op_BitSelect.i1.i64.i32"/></StgValue>
</bind>
</comp>

<comp id="20" class="1001" name="const_20">
<pin_list>
<pin id="21" dir="1" index="0" bw="1" slack="0"/>
</pin_list>
<bind>
<StgValue><ssdm name=""/></StgValue>
</bind>
</comp>

<comp id="22" class="1001" name="const_22">
<pin_list>
<pin id="23" dir="1" index="0" bw="1" slack="2147483647"/>
</pin_list>
<bind>
<StgValue><ssdm name="_ssdm_op_SpecPipeline"/></StgValue>
</bind>
</comp>

<comp id="24" class="1001" name="const_24">
<pin_list>
<pin id="25" dir="1" index="0" bw="1" slack="2147483647"/>
</pin_list>
<bind>
<StgValue><ssdm name=""/></StgValue>
</bind>
</comp>

<comp id="26" class="1001" name="const_26">
<pin_list>
<pin id="27" dir="1" index="0" bw="1" slack="2147483647"/>
</pin_list>
<bind>
<StgValue><ssdm name=""/></StgValue>
</bind>
</comp>

<comp id="28" class="1001" name="const_28">
<pin_list>
<pin id="29" dir="1" index="0" bw="1" slack="2147483647"/>
</pin_list>
<bind>
<StgValue><ssdm name="empty_0"/></StgValue>
</bind>
</comp>

<comp id="30" class="1001" name="const_30">
<pin_list>
<pin id="31" dir="1" index="0" bw="1" slack="2147483647"/>
</pin_list>
<bind>
<StgValue><ssdm name="_ssdm_op_SpecLoopName"/></StgValue>
</bind>
</comp>

<comp id="32" class="1001" name="const_32">
<pin_list>
<pin id="33" dir="1" index="0" bw="1" slack="2147483647"/>
</pin_list>
<bind>
<StgValue><ssdm name="empty_19"/></StgValue>
</bind>
</comp>

<comp id="34" class="1001" name="const_34">
<pin_list>
<pin id="35" dir="1" index="0" bw="1" slack="0"/>
</pin_list>
<bind>
<StgValue><ssdm name=""/></StgValue>
</bind>
</comp>

<comp id="36" class="1001" name="const_36">
<pin_list>
<pin id="37" dir="1" index="0" bw="1" slack="0"/>
</pin_list>
<bind>
<StgValue><ssdm name=""/></StgValue>
</bind>
</comp>

<comp id="38" class="1001" name="const_38">
<pin_list>
<pin id="39" dir="1" index="0" bw="1" slack="0"/>
</pin_list>
<bind>
<StgValue><ssdm name=""/></StgValue>
</bind>
</comp>

<comp id="40" class="1001" name="const_40">
<pin_list>
<pin id="41" dir="1" index="0" bw="1" slack="0"/>
</pin_list>
<bind>
<StgValue><ssdm name=""/></StgValue>
</bind>
</comp>

<comp id="42" class="1001" name="const_42">
<pin_list>
<pin id="43" dir="1" index="0" bw="1" slack="0"/>
</pin_list>
<bind>
<StgValue><ssdm name="_ssdm_op_Write.ap_auto.doubleP0A"/></StgValue>
</bind>
</comp>

<comp id="44" class="1004" name="acc_fu_44">
<pin_list>
<pin id="45" dir="0" index="0" bw="1" slack="0"/>
<pin id="46" dir="1" index="1" bw="64" slack="0"/>
</pin_list>
<bind>
<opcode="alloca(26) " fcode="alloca"/>
<opset="acc/1 "/>
</bind>
</comp>

<comp id="48" class="1004" name="i_fu_48">
<pin_list>
<pin id="49" dir="0" index="0" bw="1" slack="0"/>
<pin id="50" dir="1" index="1" bw="64" slack="0"/>
</pin_list>
<bind>
<opcode="alloca(26) " fcode="alloca"/>
<opset="i/1 "/>
</bind>
</comp>

<comp id="52" class="1004" name="x_read_read_fu_52">
<pin_list>
<pin id="53" dir="0" index="0" bw="64" slack="0"/>
<pin id="54" dir="0" index="1" bw="64" slack="0"/>
<pin id="55" dir="1" index="2" bw="64" slack="1"/>
</pin_list>
<bind>
<opcode="read(1150) " fcode="read"/>
<opset="x_read/1 "/>
</bind>
</comp>

<comp id="58" class="1004" name="sext_ln68_read_read_fu_58">
<pin_list>
<pin id="59" dir="0" index="0" bw="32" slack="0"/>
<pin id="60" dir="0" index="1" bw="32" slack="0"/>
<pin id="61" dir="1" index="2" bw="32" slack="0"/>
</pin_list>
<bind>
<opcode="read(1150) " fcode="read"/>
<opset="sext_ln68_read/1 "/>
</bind>
</comp>

<comp id="64" class="1004" name="write_ln0_write_fu_64">
<pin_list>
<pin id="65" dir="0" index="0" bw="0" slack="0"/>
<pin id="66" dir="0" index="1" bw="64" slack="0"/>
<pin id="67" dir="0" index="2" bw="64" slack="0"/>
<pin id="68" dir="1" index="3" bw="0" slack="2147483647"/>
</pin_list>
<bind>
<opcode="write(1151) " fcode="write"/>
<opset="write_ln0/9 "/>
</bind>
</comp>

<comp id="71" class="1004" name="shift_reg_addr_gep_fu_71">
<pin_list>
<pin id="72" dir="0" index="0" bw="64" slack="0"/>
<pin id="73" dir="0" index="1" bw="1" slack="0"/>
<pin id="74" dir="0" index="2" bw="9" slack="0"/>
<pin id="75" dir="1" index="3" bw="9" slack="0"/>
</pin_list>
<bind>
<opcode="getelementptr(29) " fcode="getelementptr"/>
<opset="shift_reg_addr/2 "/>
</bind>
</comp>

<comp id="78" class="1004" name="grp_access_fu_78">
<pin_list>
<pin id="79" dir="0" index="0" bw="9" slack="0"/>
<pin id="80" dir="0" index="1" bw="64" slack="0"/>
<pin id="81" dir="0" index="2" bw="0" slack="2147483647"/>
<pin id="82" dir="1" index="3" bw="64" slack="0"/>
</pin_list>
<bind>
<opcode="load(27) store(28) " fcode="store"/>
<opset="data/2 store_ln71/2 store_ln74/3 "/>
</bind>
</comp>

<comp id="85" class="1004" name="c_addr_gep_fu_85">
<pin_list>
<pin id="86" dir="0" index="0" bw="64" slack="0"/>
<pin id="87" dir="0" index="1" bw="1" slack="0"/>
<pin id="88" dir="0" index="2" bw="64" slack="0"/>
<pin id="89" dir="1" index="3" bw="9" slack="0"/>
</pin_list>
<bind>
<opcode="getelementptr(29) " fcode="getelementptr"/>
<opset="c_addr/2 "/>
</bind>
</comp>

<comp id="92" class="1004" name="grp_access_fu_92">
<pin_list>
<pin id="93" dir="0" index="0" bw="9" slack="0"/>
<pin id="94" dir="0" index="1" bw="64" slack="2147483647"/>
<pin id="95" dir="0" index="2" bw="0" slack="2147483647"/>
<pin id="96" dir="1" index="3" bw="64" slack="1"/>
</pin_list>
<bind>
<opcode="load(27) " fcode="load"/>
<opset="c_load/2 "/>
</bind>
</comp>

<comp id="98" class="1004" name="shift_reg_addr_1_gep_fu_98">
<pin_list>
<pin id="99" dir="0" index="0" bw="64" slack="0"/>
<pin id="100" dir="0" index="1" bw="1" slack="0"/>
<pin id="101" dir="0" index="2" bw="64" slack="1"/>
<pin id="102" dir="1" index="3" bw="9" slack="0"/>
</pin_list>
<bind>
<opcode="getelementptr(29) " fcode="getelementptr"/>
<opset="shift_reg_addr_1/3 "/>
</bind>
</comp>

<comp id="107" class="1005" name="data_1_reg_107">
<pin_list>
<pin id="108" dir="0" index="0" bw="64" slack="1"/>
<pin id="109" dir="1" index="1" bw="64" slack="2147483647"/>
</pin_list>
<bind>
<opset="data_1 (phireg) "/>
</bind>
</comp>

<comp id="110" class="1004" name="data_1_phi_fu_110">
<pin_list>
<pin id="111" dir="0" index="0" bw="64" slack="3"/>
<pin id="112" dir="0" index="1" bw="0" slack="2147483647"/>
<pin id="113" dir="0" index="2" bw="64" slack="1"/>
<pin id="114" dir="0" index="3" bw="0" slack="2147483647"/>
<pin id="115" dir="1" index="4" bw="64" slack="0"/>
</pin_list>
<bind>
<opcode="phi(47) " fcode="phi"/>
<opset="data_1/4 "/>
</bind>
</comp>

<comp id="117" class="1004" name="grp_fu_117">
<pin_list>
<pin id="118" dir="0" index="0" bw="64" slack="0"/>
<pin id="119" dir="0" index="1" bw="64" slack="1"/>
<pin id="120" dir="1" index="2" bw="64" slack="0"/>
</pin_list>
<bind>
<opcode="dadd(508) " fcode="dadd"/>
<opset="acc_1/9 "/>
</bind>
</comp>

<comp id="121" class="1004" name="grp_fu_121">
<pin_list>
<pin id="122" dir="0" index="0" bw="64" slack="0"/>
<pin id="123" dir="0" index="1" bw="64" slack="1"/>
<pin id="124" dir="1" index="2" bw="64" slack="1"/>
</pin_list>
<bind>
<opcode="dmul(510) " fcode="dmul"/>
<opset="prod/4 "/>
</bind>
</comp>

<comp id="126" class="1004" name="sext_ln68_cast_fu_126">
<pin_list>
<pin id="127" dir="0" index="0" bw="32" slack="0"/>
<pin id="128" dir="1" index="1" bw="64" slack="0"/>
</pin_list>
<bind>
<opcode="sext(35) " fcode="sext"/>
<opset="sext_ln68_cast/1 "/>
</bind>
</comp>

<comp id="130" class="1004" name="store_ln54_store_fu_130">
<pin_list>
<pin id="131" dir="0" index="0" bw="32" slack="0"/>
<pin id="132" dir="0" index="1" bw="64" slack="0"/>
<pin id="133" dir="1" index="2" bw="0" slack="2147483647"/>
</pin_list>
<bind>
<opcode="store(28) " fcode="store"/>
<opset="store_ln54/1 "/>
</bind>
</comp>

<comp id="135" class="1004" name="store_ln53_store_fu_135">
<pin_list>
<pin id="136" dir="0" index="0" bw="64" slack="0"/>
<pin id="137" dir="0" index="1" bw="64" slack="0"/>
<pin id="138" dir="1" index="2" bw="0" slack="2147483647"/>
</pin_list>
<bind>
<opcode="store(28) " fcode="store"/>
<opset="store_ln53/1 "/>
</bind>
</comp>

<comp id="140" class="1004" name="i_3_load_fu_140">
<pin_list>
<pin id="141" dir="0" index="0" bw="64" slack="1"/>
<pin id="142" dir="1" index="1" bw="64" slack="0"/>
</pin_list>
<bind>
<opcode="load(27) " fcode="load"/>
<opset="i_3/2 "/>
</bind>
</comp>

<comp id="144" class="1004" name="tmp_fu_144">
<pin_list>
<pin id="145" dir="0" index="0" bw="1" slack="0"/>
<pin id="146" dir="0" index="1" bw="64" slack="0"/>
<pin id="147" dir="0" index="2" bw="7" slack="0"/>
<pin id="148" dir="1" index="3" bw="1" slack="1"/>
</pin_list>
<bind>
<opcode="bitselect(1000) " fcode="bitselect"/>
<opset="tmp/2 "/>
</bind>
</comp>

<comp id="152" class="1004" name="trunc_ln68_fu_152">
<pin_list>
<pin id="153" dir="0" index="0" bw="64" slack="0"/>
<pin id="154" dir="1" index="1" bw="9" slack="0"/>
</pin_list>
<bind>
<opcode="trunc(33) " fcode="trunc"/>
<opset="trunc_ln68/2 "/>
</bind>
</comp>

<comp id="156" class="1004" name="icmp_ln70_fu_156">
<pin_list>
<pin id="157" dir="0" index="0" bw="64" slack="0"/>
<pin id="158" dir="0" index="1" bw="64" slack="0"/>
<pin id="159" dir="1" index="2" bw="1" slack="1"/>
</pin_list>
<bind>
<opcode="icmp(45) " fcode="icmp"/>
<opset="icmp_ln70/2 "/>
</bind>
</comp>

<comp id="162" class="1004" name="add_ln74_fu_162">
<pin_list>
<pin id="163" dir="0" index="0" bw="9" slack="0"/>
<pin id="164" dir="0" index="1" bw="1" slack="0"/>
<pin id="165" dir="1" index="2" bw="9" slack="0"/>
</pin_list>
<bind>
<opcode="add(8) " fcode="add"/>
<opset="add_ln74/2 "/>
</bind>
</comp>

<comp id="168" class="1004" name="zext_ln74_fu_168">
<pin_list>
<pin id="169" dir="0" index="0" bw="9" slack="0"/>
<pin id="170" dir="1" index="1" bw="64" slack="0"/>
</pin_list>
<bind>
<opcode="zext(34) " fcode="zext"/>
<opset="zext_ln74/2 "/>
</bind>
</comp>

<comp id="173" class="1004" name="add_ln68_fu_173">
<pin_list>
<pin id="174" dir="0" index="0" bw="64" slack="0"/>
<pin id="175" dir="0" index="1" bw="1" slack="0"/>
<pin id="176" dir="1" index="2" bw="64" slack="0"/>
</pin_list>
<bind>
<opcode="add(8) " fcode="add"/>
<opset="add_ln68/2 "/>
</bind>
</comp>

<comp id="179" class="1004" name="store_ln54_store_fu_179">
<pin_list>
<pin id="180" dir="0" index="0" bw="64" slack="0"/>
<pin id="181" dir="0" index="1" bw="64" slack="1"/>
<pin id="182" dir="1" index="2" bw="0" slack="2147483647"/>
</pin_list>
<bind>
<opcode="store(28) " fcode="store"/>
<opset="store_ln54/2 "/>
</bind>
</comp>

<comp id="184" class="1004" name="acc_load_load_fu_184">
<pin_list>
<pin id="185" dir="0" index="0" bw="64" slack="8"/>
<pin id="186" dir="1" index="1" bw="64" slack="0"/>
</pin_list>
<bind>
<opcode="load(27) " fcode="load"/>
<opset="acc_load/9 "/>
</bind>
</comp>

<comp id="188" class="1004" name="store_ln53_store_fu_188">
<pin_list>
<pin id="189" dir="0" index="0" bw="64" slack="0"/>
<pin id="190" dir="0" index="1" bw="64" slack="11"/>
<pin id="191" dir="1" index="2" bw="0" slack="2147483647"/>
</pin_list>
<bind>
<opcode="store(28) " fcode="store"/>
<opset="store_ln53/12 "/>
</bind>
</comp>

<comp id="193" class="1004" name="acc_load_1_load_fu_193">
<pin_list>
<pin id="194" dir="0" index="0" bw="64" slack="8"/>
<pin id="195" dir="1" index="1" bw="64" slack="0"/>
</pin_list>
<bind>
<opcode="load(27) " fcode="load"/>
<opset="acc_load_1/9 "/>
</bind>
</comp>

<comp id="197" class="1005" name="acc_reg_197">
<pin_list>
<pin id="198" dir="0" index="0" bw="64" slack="0"/>
<pin id="199" dir="1" index="1" bw="64" slack="0"/>
</pin_list>
<bind>
<opset="acc "/>
</bind>
</comp>

<comp id="205" class="1005" name="i_reg_205">
<pin_list>
<pin id="206" dir="0" index="0" bw="64" slack="0"/>
<pin id="207" dir="1" index="1" bw="64" slack="0"/>
</pin_list>
<bind>
<opset="i "/>
</bind>
</comp>

<comp id="212" class="1005" name="x_read_reg_212">
<pin_list>
<pin id="213" dir="0" index="0" bw="64" slack="1"/>
<pin id="214" dir="1" index="1" bw="64" slack="1"/>
</pin_list>
<bind>
<opset="x_read "/>
</bind>
</comp>

<comp id="218" class="1005" name="i_3_reg_218">
<pin_list>
<pin id="219" dir="0" index="0" bw="64" slack="1"/>
<pin id="220" dir="1" index="1" bw="64" slack="1"/>
</pin_list>
<bind>
<opset="i_3 "/>
</bind>
</comp>

<comp id="223" class="1005" name="tmp_reg_223">
<pin_list>
<pin id="224" dir="0" index="0" bw="1" slack="1"/>
<pin id="225" dir="1" index="1" bw="1" slack="2147483647"/>
</pin_list>
<bind>
<opset="tmp "/>
</bind>
</comp>

<comp id="227" class="1005" name="icmp_ln70_reg_227">
<pin_list>
<pin id="228" dir="0" index="0" bw="1" slack="1"/>
<pin id="229" dir="1" index="1" bw="1" slack="2147483647"/>
</pin_list>
<bind>
<opset="icmp_ln70 "/>
</bind>
</comp>

<comp id="231" class="1005" name="shift_reg_addr_reg_231">
<pin_list>
<pin id="232" dir="0" index="0" bw="9" slack="1"/>
<pin id="233" dir="1" index="1" bw="9" slack="1"/>
</pin_list>
<bind>
<opset="shift_reg_addr "/>
</bind>
</comp>

<comp id="236" class="1005" name="c_addr_reg_236">
<pin_list>
<pin id="237" dir="0" index="0" bw="9" slack="1"/>
<pin id="238" dir="1" index="1" bw="9" slack="1"/>
</pin_list>
<bind>
<opset="c_addr "/>
</bind>
</comp>

<comp id="241" class="1005" name="data_reg_241">
<pin_list>
<pin id="242" dir="0" index="0" bw="64" slack="1"/>
<pin id="243" dir="1" index="1" bw="64" slack="1"/>
</pin_list>
<bind>
<opset="data "/>
</bind>
</comp>

<comp id="246" class="1005" name="c_load_reg_246">
<pin_list>
<pin id="247" dir="0" index="0" bw="64" slack="1"/>
<pin id="248" dir="1" index="1" bw="64" slack="1"/>
</pin_list>
<bind>
<opset="c_load "/>
</bind>
</comp>

<comp id="251" class="1005" name="prod_reg_251">
<pin_list>
<pin id="252" dir="0" index="0" bw="64" slack="1"/>
<pin id="253" dir="1" index="1" bw="64" slack="1"/>
</pin_list>
<bind>
<opset="prod "/>
</bind>
</comp>

<comp id="256" class="1005" name="acc_load_reg_256">
<pin_list>
<pin id="257" dir="0" index="0" bw="64" slack="1"/>
<pin id="258" dir="1" index="1" bw="64" slack="1"/>
</pin_list>
<bind>
<opset="acc_load "/>
</bind>
</comp>

</comp_list>

<net_list>
<net id="47"><net_src comp="10" pin="0"/><net_sink comp="44" pin=0"/></net>

<net id="51"><net_src comp="10" pin="0"/><net_sink comp="48" pin=0"/></net>

<net id="56"><net_src comp="12" pin="0"/><net_sink comp="52" pin=0"/></net>

<net id="57"><net_src comp="2" pin="0"/><net_sink comp="52" pin=1"/></net>

<net id="62"><net_src comp="14" pin="0"/><net_sink comp="58" pin=0"/></net>

<net id="63"><net_src comp="0" pin="0"/><net_sink comp="58" pin=1"/></net>

<net id="69"><net_src comp="42" pin="0"/><net_sink comp="64" pin=0"/></net>

<net id="70"><net_src comp="6" pin="0"/><net_sink comp="64" pin=1"/></net>

<net id="76"><net_src comp="8" pin="0"/><net_sink comp="71" pin=0"/></net>

<net id="77"><net_src comp="34" pin="0"/><net_sink comp="71" pin=1"/></net>

<net id="83"><net_src comp="71" pin="3"/><net_sink comp="78" pin=0"/></net>

<net id="84"><net_src comp="38" pin="0"/><net_sink comp="78" pin=0"/></net>

<net id="90"><net_src comp="4" pin="0"/><net_sink comp="85" pin=0"/></net>

<net id="91"><net_src comp="34" pin="0"/><net_sink comp="85" pin=1"/></net>

<net id="97"><net_src comp="85" pin="3"/><net_sink comp="92" pin=0"/></net>

<net id="103"><net_src comp="8" pin="0"/><net_sink comp="98" pin=0"/></net>

<net id="104"><net_src comp="34" pin="0"/><net_sink comp="98" pin=1"/></net>

<net id="105"><net_src comp="78" pin="3"/><net_sink comp="78" pin=1"/></net>

<net id="106"><net_src comp="98" pin="3"/><net_sink comp="78" pin=0"/></net>

<net id="116"><net_src comp="110" pin="4"/><net_sink comp="107" pin=0"/></net>

<net id="125"><net_src comp="110" pin="4"/><net_sink comp="121" pin=0"/></net>

<net id="129"><net_src comp="58" pin="2"/><net_sink comp="126" pin=0"/></net>

<net id="134"><net_src comp="126" pin="1"/><net_sink comp="130" pin=0"/></net>

<net id="139"><net_src comp="16" pin="0"/><net_sink comp="135" pin=0"/></net>

<net id="143"><net_src comp="140" pin="1"/><net_sink comp="85" pin=2"/></net>

<net id="149"><net_src comp="18" pin="0"/><net_sink comp="144" pin=0"/></net>

<net id="150"><net_src comp="140" pin="1"/><net_sink comp="144" pin=1"/></net>

<net id="151"><net_src comp="20" pin="0"/><net_sink comp="144" pin=2"/></net>

<net id="155"><net_src comp="140" pin="1"/><net_sink comp="152" pin=0"/></net>

<net id="160"><net_src comp="140" pin="1"/><net_sink comp="156" pin=0"/></net>

<net id="161"><net_src comp="34" pin="0"/><net_sink comp="156" pin=1"/></net>

<net id="166"><net_src comp="152" pin="1"/><net_sink comp="162" pin=0"/></net>

<net id="167"><net_src comp="36" pin="0"/><net_sink comp="162" pin=1"/></net>

<net id="171"><net_src comp="162" pin="2"/><net_sink comp="168" pin=0"/></net>

<net id="172"><net_src comp="168" pin="1"/><net_sink comp="71" pin=2"/></net>

<net id="177"><net_src comp="140" pin="1"/><net_sink comp="173" pin=0"/></net>

<net id="178"><net_src comp="40" pin="0"/><net_sink comp="173" pin=1"/></net>

<net id="183"><net_src comp="173" pin="2"/><net_sink comp="179" pin=0"/></net>

<net id="187"><net_src comp="184" pin="1"/><net_sink comp="117" pin=0"/></net>

<net id="192"><net_src comp="117" pin="2"/><net_sink comp="188" pin=0"/></net>

<net id="196"><net_src comp="193" pin="1"/><net_sink comp="64" pin=2"/></net>

<net id="200"><net_src comp="44" pin="1"/><net_sink comp="197" pin=0"/></net>

<net id="201"><net_src comp="197" pin="1"/><net_sink comp="135" pin=1"/></net>

<net id="202"><net_src comp="197" pin="1"/><net_sink comp="184" pin=0"/></net>

<net id="203"><net_src comp="197" pin="1"/><net_sink comp="188" pin=1"/></net>

<net id="204"><net_src comp="197" pin="1"/><net_sink comp="193" pin=0"/></net>

<net id="208"><net_src comp="48" pin="1"/><net_sink comp="205" pin=0"/></net>

<net id="209"><net_src comp="205" pin="1"/><net_sink comp="130" pin=1"/></net>

<net id="210"><net_src comp="205" pin="1"/><net_sink comp="140" pin=0"/></net>

<net id="211"><net_src comp="205" pin="1"/><net_sink comp="179" pin=1"/></net>

<net id="215"><net_src comp="52" pin="2"/><net_sink comp="212" pin=0"/></net>

<net id="216"><net_src comp="212" pin="1"/><net_sink comp="78" pin=1"/></net>

<net id="217"><net_src comp="212" pin="1"/><net_sink comp="110" pin=0"/></net>

<net id="221"><net_src comp="140" pin="1"/><net_sink comp="218" pin=0"/></net>

<net id="222"><net_src comp="218" pin="1"/><net_sink comp="98" pin=2"/></net>

<net id="226"><net_src comp="144" pin="3"/><net_sink comp="223" pin=0"/></net>

<net id="230"><net_src comp="156" pin="2"/><net_sink comp="227" pin=0"/></net>

<net id="234"><net_src comp="71" pin="3"/><net_sink comp="231" pin=0"/></net>

<net id="235"><net_src comp="231" pin="1"/><net_sink comp="78" pin=0"/></net>

<net id="239"><net_src comp="85" pin="3"/><net_sink comp="236" pin=0"/></net>

<net id="240"><net_src comp="236" pin="1"/><net_sink comp="92" pin=0"/></net>

<net id="244"><net_src comp="78" pin="3"/><net_sink comp="241" pin=0"/></net>

<net id="245"><net_src comp="241" pin="1"/><net_sink comp="110" pin=2"/></net>

<net id="249"><net_src comp="92" pin="3"/><net_sink comp="246" pin=0"/></net>

<net id="250"><net_src comp="246" pin="1"/><net_sink comp="121" pin=1"/></net>

<net id="254"><net_src comp="121" pin="2"/><net_sink comp="251" pin=0"/></net>

<net id="255"><net_src comp="251" pin="1"/><net_sink comp="117" pin=1"/></net>

<net id="259"><net_src comp="184" pin="1"/><net_sink comp="256" pin=0"/></net>

<net id="260"><net_src comp="256" pin="1"/><net_sink comp="117" pin=0"/></net>

</net_list>

</model> 
---------------- Datapath Model END ------------------

* FSMD analyzer results:
  - Output states:
	Port: c | {}
	Port: acc_out | {9 }
	Port: shift_reg | {2 3 }
 - Input state : 
	Port: fir_Pipeline_Shift_Accum_Loop : sext_ln68 | {1 }
	Port: fir_Pipeline_Shift_Accum_Loop : x | {1 }
	Port: fir_Pipeline_Shift_Accum_Loop : c | {2 3 }
	Port: fir_Pipeline_Shift_Accum_Loop : shift_reg | {2 3 }
  - Chain level:
	State 1
		store_ln54 : 1
		store_ln53 : 1
	State 2
		tmp : 1
		br_ln68 : 2
		trunc_ln68 : 1
		icmp_ln70 : 1
		br_ln70 : 2
		add_ln74 : 2
		zext_ln74 : 3
		shift_reg_addr : 4
		data : 5
		c_addr : 1
		c_load : 2
		add_ln68 : 1
		store_ln54 : 2
	State 3
		store_ln74 : 1
	State 4
		prod : 1
	State 5
	State 6
	State 7
	State 8
	State 9
		acc_1 : 1
		write_ln0 : 1
	State 10
	State 11
	State 12
		store_ln53 : 1


============================================================
+ Verbose Summary: Datapath Resource usage 
============================================================

* Functional unit list:
|----------|---------------------------|---------|---------|---------|
| Operation|      Functional Unit      |   DSP   |    FF   |   LUT   |
|----------|---------------------------|---------|---------|---------|
|   dadd   |         grp_fu_117        |    0    |   328   |   810   |
|----------|---------------------------|---------|---------|---------|
|   dmul   |         grp_fu_121        |    11   |   299   |   203   |
|----------|---------------------------|---------|---------|---------|
|    add   |      add_ln74_fu_162      |    0    |    0    |    16   |
|          |      add_ln68_fu_173      |    0    |    0    |    71   |
|----------|---------------------------|---------|---------|---------|
|   icmp   |      icmp_ln70_fu_156     |    0    |    0    |    71   |
|----------|---------------------------|---------|---------|---------|
|   read   |     x_read_read_fu_52     |    0    |    0    |    0    |
|          | sext_ln68_read_read_fu_58 |    0    |    0    |    0    |
|----------|---------------------------|---------|---------|---------|
|   write  |   write_ln0_write_fu_64   |    0    |    0    |    0    |
|----------|---------------------------|---------|---------|---------|
|   sext   |   sext_ln68_cast_fu_126   |    0    |    0    |    0    |
|----------|---------------------------|---------|---------|---------|
| bitselect|         tmp_fu_144        |    0    |    0    |    0    |
|----------|---------------------------|---------|---------|---------|
|   trunc  |     trunc_ln68_fu_152     |    0    |    0    |    0    |
|----------|---------------------------|---------|---------|---------|
|   zext   |      zext_ln74_fu_168     |    0    |    0    |    0    |
|----------|---------------------------|---------|---------|---------|
|   Total  |                           |    11   |   627   |   1171  |
|----------|---------------------------|---------|---------|---------|

Memories:
N/A

* Register list:
+----------------------+--------+
|                      |   FF   |
+----------------------+--------+
|   acc_load_reg_256   |   64   |
|      acc_reg_197     |   64   |
|    c_addr_reg_236    |    9   |
|    c_load_reg_246    |   64   |
|    data_1_reg_107    |   64   |
|     data_reg_241     |   64   |
|      i_3_reg_218     |   64   |
|       i_reg_205      |   64   |
|   icmp_ln70_reg_227  |    1   |
|     prod_reg_251     |   64   |
|shift_reg_addr_reg_231|    9   |
|      tmp_reg_223     |    1   |
|    x_read_reg_212    |   64   |
+----------------------+--------+
|         Total        |   596  |
+----------------------+--------+

* Multiplexer (MUX) list: 
|------------------|------|------|------|--------||---------||---------||---------|
|       Comp       |  Pin | Size |  BW  | S x BW ||  Delay  ||    FF   ||   LUT   |
|------------------|------|------|------|--------||---------||---------||---------|
| grp_access_fu_78 |  p0  |   4  |   9  |   36   ||    0    ||    20   |
| grp_access_fu_78 |  p1  |   2  |  64  |   128  ||    0    ||    9    |
| grp_access_fu_92 |  p0  |   2  |   9  |   18   ||    0    ||    9    |
|    grp_fu_117    |  p0  |   2  |  64  |   128  ||    0    ||    9    |
|------------------|------|------|------|--------||---------||---------||---------|
|       Total      |      |      |      |   310  ||  1.806  ||    0    ||    47   |
|------------------|------|------|------|--------||---------||---------||---------|



* Summary:
+-----------+--------+--------+--------+--------+
|           |   DSP  |  Delay |   FF   |   LUT  |
+-----------+--------+--------+--------+--------+
|  Function |   11   |    -   |   627  |  1171  |
|   Memory  |    -   |    -   |    -   |    -   |
|Multiplexer|    -   |    1   |    0   |   47   |
|  Register |    -   |    -   |   596  |    -   |
+-----------+--------+--------+--------+--------+
|   Total   |   11   |    1   |  1223  |  1218  |
+-----------+--------+--------+--------+--------+
