

================================================================
== Vitis HLS Report for 'fir_Pipeline_Shift_Accum_Loop'
================================================================
* Date:           Tue Apr 21 17:14:45 2026

* Version:        2024.1 (Build 5069499 on May 21 2024)
* Project:        calculateCoefficients
* Solution:       hls (Vivado IP Flow Target)
* Product family: zynquplus
* Target device:  xczu3eg-sfvc784-2-e


================================================================
== Performance Estimates
================================================================
+ Timing: 
    * Summary: 
    +--------+----------+----------+------------+
    |  Clock |  Target  | Estimated| Uncertainty|
    +--------+----------+----------+------------+
    |ap_clk  |  10.00 ns|  7.042 ns|     2.70 ns|
    +--------+----------+----------+------------+

+ Latency: 
    * Summary: 
    +---------+---------+----------+----------+-----+-----+-----------------------------------------------+
    |  Latency (cycles) |  Latency (absolute) |  Interval |                    Pipeline                   |
    |   min   |   max   |    min   |    max   | min | max |                      Type                     |
    +---------+---------+----------+----------+-----+-----+-----------------------------------------------+
    |        ?|        ?|         ?|         ?|    0|    0|  loop auto-rewind stp(delay=0 clock cycles(s))|
    +---------+---------+----------+----------+-----+-----+-----------------------------------------------+

    + Detail: 
        * Instance: 
        N/A

        * Loop: 
        +--------------------+---------+---------+----------+-----------+-----------+------+----------+
        |                    |  Latency (cycles) | Iteration|  Initiation Interval  | Trip |          |
        |      Loop Name     |   min   |   max   |  Latency |  achieved |   target  | Count| Pipelined|
        +--------------------+---------+---------+----------+-----------+-----------+------+----------+
        |- Shift_Accum_Loop  |        ?|        ?|        11|          3|          3|     ?|       yes|
        +--------------------+---------+---------+----------+-----------+-----------+------+----------+

============================================================
+ Verbose Summary: Synthesis Manager
============================================================
InlineROM: 1
ExposeGlobal: 0
============================================================
+ Verbose Summary: CDFG Model
============================================================
IsTopModel: 0
ResetActiveHigh: 1
IsCombinational: 0
IsDatapathOnly: 0
HasWiredReturn: 1
HasMFsm: 2
HasVarLatency: 1
IsPipeline: 0
IsRtlPipelined: 0
IsInstanceOverlapped: 0
IsDontTouch: 0
HasImplIP: 0
IsGatedGlobalClock: 0

+ Individual pipeline summary: 
  * Pipeline-0: initiation interval (II) = 3, depth = 12


============================================================
+ Verbose Summary: Schedule
============================================================
* Number of FSM states : 12
* Pipeline : 1
  Pipeline-0 : II = 3, D = 12, States = { 1 2 3 4 5 6 7 8 9 10 11 12 }
* Dataflow Pipeline: 0

* FSM state transitions: 
1 --> 2 
2 --> 3 
3 --> 4 
4 --> 5 
5 --> 6 
6 --> 7 
7 --> 8 
8 --> 9 
9 --> 10 
10 --> 11 
11 --> 12 
12 --> 

* FSM state operations: 

State 1 <SV = 0> <Delay = 0.42>
ST_1 : Operation 14 [1/1] (0.00ns)   --->   "%acc = alloca i32 1" [Coefficients.cpp:53]   --->   Operation 14 'alloca' 'acc' <Predicate = true> <Delay = 0.00>
ST_1 : Operation 15 [1/1] (0.00ns)   --->   "%i = alloca i32 1" [Coefficients.cpp:54]   --->   Operation 15 'alloca' 'i' <Predicate = true> <Delay = 0.00>
ST_1 : Operation 16 [1/1] (0.00ns)   --->   "%x_read = read i64 @_ssdm_op_Read.ap_auto.double, i64 %x"   --->   Operation 16 'read' 'x_read' <Predicate = true> <Delay = 0.00>
ST_1 : Operation 17 [1/1] (0.00ns)   --->   "%sext_ln68_read = read i32 @_ssdm_op_Read.ap_auto.i32, i32 %sext_ln68"   --->   Operation 17 'read' 'sext_ln68_read' <Predicate = true> <Delay = 0.00>
ST_1 : Operation 18 [1/1] (0.00ns)   --->   "%sext_ln68_cast = sext i32 %sext_ln68_read"   --->   Operation 18 'sext' 'sext_ln68_cast' <Predicate = true> <Delay = 0.00>
ST_1 : Operation 19 [1/1] (0.42ns)   --->   "%store_ln54 = store i64 %sext_ln68_cast, i64 %i" [Coefficients.cpp:54]   --->   Operation 19 'store' 'store_ln54' <Predicate = true> <Delay = 0.42>
ST_1 : Operation 20 [1/1] (0.42ns)   --->   "%store_ln53 = store i64 0, i64 %acc" [Coefficients.cpp:53]   --->   Operation 20 'store' 'store_ln53' <Predicate = true> <Delay = 0.42>
ST_1 : Operation 21 [1/1] (0.00ns)   --->   "%br_ln0 = br void %for.body4"   --->   Operation 21 'br' 'br_ln0' <Predicate = true> <Delay = 0.00>

State 2 <SV = 1> <Delay = 2.32>
ST_2 : Operation 22 [1/1] (0.00ns)   --->   "%i_3 = load i64 %i" [Coefficients.cpp:68]   --->   Operation 22 'load' 'i_3' <Predicate = true> <Delay = 0.00>
ST_2 : Operation 23 [1/1] (0.00ns)   --->   "%tmp = bitselect i1 @_ssdm_op_BitSelect.i1.i64.i32, i64 %i_3, i32 63" [Coefficients.cpp:68]   --->   Operation 23 'bitselect' 'tmp' <Predicate = true> <Delay = 0.00>
ST_2 : Operation 24 [1/1] (0.00ns)   --->   "%br_ln68 = br i1 %tmp, void %for.body4.split, void %cleanup.cont.loopexit.exitStub" [Coefficients.cpp:68]   --->   Operation 24 'br' 'br_ln68' <Predicate = true> <Delay = 0.00>
ST_2 : Operation 25 [1/1] (0.00ns)   --->   "%trunc_ln68 = trunc i64 %i_3" [Coefficients.cpp:68]   --->   Operation 25 'trunc' 'trunc_ln68' <Predicate = (!tmp)> <Delay = 0.00>
ST_2 : Operation 26 [1/1] (0.00ns)   --->   "%specpipeline_ln69 = specpipeline void @_ssdm_op_SpecPipeline, i32 3, i32 0, i32 0, i32 0, void @empty_0" [Coefficients.cpp:69]   --->   Operation 26 'specpipeline' 'specpipeline_ln69' <Predicate = (!tmp)> <Delay = 0.00>
ST_2 : Operation 27 [1/1] (0.00ns)   --->   "%specloopname_ln68 = specloopname void @_ssdm_op_SpecLoopName, void @empty_19" [Coefficients.cpp:68]   --->   Operation 27 'specloopname' 'specloopname_ln68' <Predicate = (!tmp)> <Delay = 0.00>
ST_2 : Operation 28 [1/1] (1.08ns)   --->   "%icmp_ln70 = icmp_eq  i64 %i_3, i64 0" [Coefficients.cpp:70]   --->   Operation 28 'icmp' 'icmp_ln70' <Predicate = (!tmp)> <Delay = 1.08> <CoreInst = "Cmp">   --->   Core 9 'Cmp' <Latency = 0> <II = 1> <Delay = 1.08> <FuncUnit> <Opcode : 'seteq' 'setne' 'setle' 'setge' 'setlt' 'setgt'> <InPorts = 2> <OutPorts = 1>
ST_2 : Operation 29 [1/1] (0.00ns)   --->   "%br_ln70 = br i1 %icmp_ln70, void %if.else, void %if.then6" [Coefficients.cpp:70]   --->   Operation 29 'br' 'br_ln70' <Predicate = (!tmp)> <Delay = 0.00>
ST_2 : Operation 30 [1/1] (0.77ns)   --->   "%add_ln74 = add i9 %trunc_ln68, i9 511" [Coefficients.cpp:74]   --->   Operation 30 'add' 'add_ln74' <Predicate = (!tmp & !icmp_ln70)> <Delay = 0.77> <CoreInst = "Adder">   --->   Core 1 'Adder' <Latency = 0> <II = 1> <Delay = 0.77> <FuncUnit> <Opcode : 'add' 'sub'> <InPorts = 2> <OutPorts = 1>
ST_2 : Operation 31 [1/1] (0.00ns)   --->   "%zext_ln74 = zext i9 %add_ln74" [Coefficients.cpp:74]   --->   Operation 31 'zext' 'zext_ln74' <Predicate = (!tmp & !icmp_ln70)> <Delay = 0.00>
ST_2 : Operation 32 [1/1] (0.00ns)   --->   "%shift_reg_addr = getelementptr i64 %shift_reg, i64 0, i64 %zext_ln74" [Coefficients.cpp:74]   --->   Operation 32 'getelementptr' 'shift_reg_addr' <Predicate = (!tmp & !icmp_ln70)> <Delay = 0.00>
ST_2 : Operation 33 [2/2] (1.23ns)   --->   "%data = load i9 %shift_reg_addr" [Coefficients.cpp:74]   --->   Operation 33 'load' 'data' <Predicate = (!tmp & !icmp_ln70)> <Delay = 1.23> <CoreInst = "RAM">   --->   Core 82 'RAM' <Latency = 1> <II = 1> <Delay = 1.23> <Storage> <Opcode : 'load' 'store'> <Ports = 2> <Width = 64> <Depth = 301> <RAM>
ST_2 : Operation 34 [1/1] (1.23ns)   --->   "%store_ln71 = store i64 %x_read, i64 0" [Coefficients.cpp:71]   --->   Operation 34 'store' 'store_ln71' <Predicate = (!tmp & icmp_ln70)> <Delay = 1.23> <CoreInst = "RAM">   --->   Core 82 'RAM' <Latency = 1> <II = 1> <Delay = 1.23> <Storage> <Opcode : 'load' 'store'> <Ports = 2> <Width = 64> <Depth = 301> <RAM>
ST_2 : Operation 35 [1/1] (0.42ns)   --->   "%br_ln73 = br void %for.inc17" [Coefficients.cpp:73]   --->   Operation 35 'br' 'br_ln73' <Predicate = (!tmp & icmp_ln70)> <Delay = 0.42>
ST_2 : Operation 36 [1/1] (0.00ns)   --->   "%c_addr = getelementptr i64 %c, i64 0, i64 %i_3" [Coefficients.cpp:78]   --->   Operation 36 'getelementptr' 'c_addr' <Predicate = (!tmp)> <Delay = 0.00>
ST_2 : Operation 37 [2/2] (1.23ns)   --->   "%c_load = load i9 %c_addr" [Coefficients.cpp:78]   --->   Operation 37 'load' 'c_load' <Predicate = (!tmp)> <Delay = 1.23> <CoreInst = "RAM">   --->   Core 82 'RAM' <Latency = 1> <II = 1> <Delay = 1.23> <Storage> <Opcode : 'load' 'store'> <Ports = 2> <Width = 64> <Depth = 301> <RAM>
ST_2 : Operation 38 [1/1] (1.08ns)   --->   "%add_ln68 = add i64 %i_3, i64 18446744073709551615" [Coefficients.cpp:68]   --->   Operation 38 'add' 'add_ln68' <Predicate = (!tmp)> <Delay = 1.08> <CoreInst = "Adder">   --->   Core 1 'Adder' <Latency = 0> <II = 1> <Delay = 1.08> <FuncUnit> <Opcode : 'add' 'sub'> <InPorts = 2> <OutPorts = 1>
ST_2 : Operation 39 [1/1] (0.42ns)   --->   "%store_ln54 = store i64 %add_ln68, i64 %i" [Coefficients.cpp:54]   --->   Operation 39 'store' 'store_ln54' <Predicate = (!tmp)> <Delay = 0.42>

State 3 <SV = 2> <Delay = 2.47>
ST_3 : Operation 40 [1/2] (1.23ns)   --->   "%data = load i9 %shift_reg_addr" [Coefficients.cpp:74]   --->   Operation 40 'load' 'data' <Predicate = (!tmp & !icmp_ln70)> <Delay = 1.23> <CoreInst = "RAM">   --->   Core 82 'RAM' <Latency = 1> <II = 1> <Delay = 1.23> <Storage> <Opcode : 'load' 'store'> <Ports = 2> <Width = 64> <Depth = 301> <RAM>
ST_3 : Operation 41 [1/1] (0.00ns)   --->   "%shift_reg_addr_1 = getelementptr i64 %shift_reg, i64 0, i64 %i_3" [Coefficients.cpp:74]   --->   Operation 41 'getelementptr' 'shift_reg_addr_1' <Predicate = (!tmp & !icmp_ln70)> <Delay = 0.00>
ST_3 : Operation 42 [1/1] (1.23ns)   --->   "%store_ln74 = store i64 %data, i9 %shift_reg_addr_1" [Coefficients.cpp:74]   --->   Operation 42 'store' 'store_ln74' <Predicate = (!tmp & !icmp_ln70)> <Delay = 1.23> <CoreInst = "RAM">   --->   Core 82 'RAM' <Latency = 1> <II = 1> <Delay = 1.23> <Storage> <Opcode : 'load' 'store'> <Ports = 2> <Width = 64> <Depth = 301> <RAM>
ST_3 : Operation 43 [1/1] (0.42ns)   --->   "%br_ln0 = br void %for.inc17"   --->   Operation 43 'br' 'br_ln0' <Predicate = (!tmp & !icmp_ln70)> <Delay = 0.42>
ST_3 : Operation 44 [1/2] (1.23ns)   --->   "%c_load = load i9 %c_addr" [Coefficients.cpp:78]   --->   Operation 44 'load' 'c_load' <Predicate = (!tmp)> <Delay = 1.23> <CoreInst = "RAM">   --->   Core 82 'RAM' <Latency = 1> <II = 1> <Delay = 1.23> <Storage> <Opcode : 'load' 'store'> <Ports = 2> <Width = 64> <Depth = 301> <RAM>

State 4 <SV = 3> <Delay = 7.04>
ST_4 : Operation 45 [1/1] (0.00ns)   --->   "%data_1 = phi i64 %x_read, void %if.then6, i64 %data, void %if.else"   --->   Operation 45 'phi' 'data_1' <Predicate = (!tmp)> <Delay = 0.00>
ST_4 : Operation 46 [5/5] (7.04ns)   --->   "%prod = dmul i64 %data_1, i64 %c_load" [Coefficients.cpp:78]   --->   Operation 46 'dmul' 'prod' <Predicate = (!tmp)> <Delay = 7.04> <CoreInst = "DMul_maxdsp">   --->   Core 49 'DMul_maxdsp' <Latency = 4> <II = 1> <Delay = 7.04> <FuncUnit> <Opcode : 'dmul'> <InPorts = 2> <OutPorts = 1>

State 5 <SV = 4> <Delay = 7.04>
ST_5 : Operation 47 [4/5] (7.04ns)   --->   "%prod = dmul i64 %data_1, i64 %c_load" [Coefficients.cpp:78]   --->   Operation 47 'dmul' 'prod' <Predicate = true> <Delay = 7.04> <CoreInst = "DMul_maxdsp">   --->   Core 49 'DMul_maxdsp' <Latency = 4> <II = 1> <Delay = 7.04> <FuncUnit> <Opcode : 'dmul'> <InPorts = 2> <OutPorts = 1>

State 6 <SV = 5> <Delay = 7.04>
ST_6 : Operation 48 [3/5] (7.04ns)   --->   "%prod = dmul i64 %data_1, i64 %c_load" [Coefficients.cpp:78]   --->   Operation 48 'dmul' 'prod' <Predicate = true> <Delay = 7.04> <CoreInst = "DMul_maxdsp">   --->   Core 49 'DMul_maxdsp' <Latency = 4> <II = 1> <Delay = 7.04> <FuncUnit> <Opcode : 'dmul'> <InPorts = 2> <OutPorts = 1>

State 7 <SV = 6> <Delay = 7.04>
ST_7 : Operation 49 [2/5] (7.04ns)   --->   "%prod = dmul i64 %data_1, i64 %c_load" [Coefficients.cpp:78]   --->   Operation 49 'dmul' 'prod' <Predicate = true> <Delay = 7.04> <CoreInst = "DMul_maxdsp">   --->   Core 49 'DMul_maxdsp' <Latency = 4> <II = 1> <Delay = 7.04> <FuncUnit> <Opcode : 'dmul'> <InPorts = 2> <OutPorts = 1>

State 8 <SV = 7> <Delay = 7.04>
ST_8 : Operation 50 [1/5] (7.04ns)   --->   "%prod = dmul i64 %data_1, i64 %c_load" [Coefficients.cpp:78]   --->   Operation 50 'dmul' 'prod' <Predicate = true> <Delay = 7.04> <CoreInst = "DMul_maxdsp">   --->   Core 49 'DMul_maxdsp' <Latency = 4> <II = 1> <Delay = 7.04> <FuncUnit> <Opcode : 'dmul'> <InPorts = 2> <OutPorts = 1>

State 9 <SV = 8> <Delay = 6.34>
ST_9 : Operation 51 [1/1] (0.00ns)   --->   "%acc_load = load i64 %acc" [Coefficients.cpp:81]   --->   Operation 51 'load' 'acc_load' <Predicate = true> <Delay = 0.00>
ST_9 : Operation 52 [4/4] (6.34ns)   --->   "%acc_1 = dadd i64 %acc_load, i64 %prod" [Coefficients.cpp:81]   --->   Operation 52 'dadd' 'acc_1' <Predicate = true> <Delay = 6.34> <CoreInst = "DAddSub_nodsp">   --->   Core 36 'DAddSub_nodsp' <Latency = 3> <II = 1> <Delay = 6.34> <FuncUnit> <Opcode : 'dadd' 'dsub'> <InPorts = 2> <OutPorts = 1>
ST_9 : Operation 58 [1/1] (0.00ns)   --->   "%acc_load_1 = load i64 %acc"   --->   Operation 58 'load' 'acc_load_1' <Predicate = (tmp)> <Delay = 0.00>
ST_9 : Operation 59 [1/1] (0.00ns)   --->   "%write_ln0 = write void @_ssdm_op_Write.ap_auto.doubleP0A, i64 %acc_out, i64 %acc_load_1"   --->   Operation 59 'write' 'write_ln0' <Predicate = (tmp)> <Delay = 0.00>
ST_9 : Operation 60 [1/1] (0.42ns)   --->   "%ret_ln0 = ret"   --->   Operation 60 'ret' 'ret_ln0' <Predicate = (tmp)> <Delay = 0.42>

State 10 <SV = 9> <Delay = 6.34>
ST_10 : Operation 53 [3/4] (6.34ns)   --->   "%acc_1 = dadd i64 %acc_load, i64 %prod" [Coefficients.cpp:81]   --->   Operation 53 'dadd' 'acc_1' <Predicate = true> <Delay = 6.34> <CoreInst = "DAddSub_nodsp">   --->   Core 36 'DAddSub_nodsp' <Latency = 3> <II = 1> <Delay = 6.34> <FuncUnit> <Opcode : 'dadd' 'dsub'> <InPorts = 2> <OutPorts = 1>

State 11 <SV = 10> <Delay = 6.34>
ST_11 : Operation 54 [2/4] (6.34ns)   --->   "%acc_1 = dadd i64 %acc_load, i64 %prod" [Coefficients.cpp:81]   --->   Operation 54 'dadd' 'acc_1' <Predicate = true> <Delay = 6.34> <CoreInst = "DAddSub_nodsp">   --->   Core 36 'DAddSub_nodsp' <Latency = 3> <II = 1> <Delay = 6.34> <FuncUnit> <Opcode : 'dadd' 'dsub'> <InPorts = 2> <OutPorts = 1>

State 12 <SV = 11> <Delay = 6.77>
ST_12 : Operation 55 [1/4] (6.34ns)   --->   "%acc_1 = dadd i64 %acc_load, i64 %prod" [Coefficients.cpp:81]   --->   Operation 55 'dadd' 'acc_1' <Predicate = true> <Delay = 6.34> <CoreInst = "DAddSub_nodsp">   --->   Core 36 'DAddSub_nodsp' <Latency = 3> <II = 1> <Delay = 6.34> <FuncUnit> <Opcode : 'dadd' 'dsub'> <InPorts = 2> <OutPorts = 1>
ST_12 : Operation 56 [1/1] (0.42ns)   --->   "%store_ln53 = store i64 %acc_1, i64 %acc" [Coefficients.cpp:53]   --->   Operation 56 'store' 'store_ln53' <Predicate = true> <Delay = 0.42>
ST_12 : Operation 57 [1/1] (0.00ns)   --->   "%br_ln68 = br void %for.body4" [Coefficients.cpp:68]   --->   Operation 57 'br' 'br_ln68' <Predicate = true> <Delay = 0.00>


============================================================
+ Verbose Summary: Timing violations
============================================================
Target clock period: 10.000ns, clock uncertainty: 2.700ns.

 <State 1>: 0.427ns
The critical path consists of the following:
	'alloca' operation 64 bit ('i', Coefficients.cpp:54) [7]  (0.000 ns)
	'store' operation 0 bit ('store_ln54', Coefficients.cpp:54) of variable 'sext_ln68_cast' on local variable 'i', Coefficients.cpp:54 [11]  (0.427 ns)

 <State 2>: 2.322ns
The critical path consists of the following:
	'load' operation 64 bit ('i', Coefficients.cpp:68) on local variable 'i', Coefficients.cpp:54 [15]  (0.000 ns)
	'add' operation 9 bit ('add_ln74', Coefficients.cpp:74) [25]  (0.776 ns)
	'getelementptr' operation 9 bit ('shift_reg_addr', Coefficients.cpp:74) [27]  (0.000 ns)
	'load' operation 64 bit ('data', Coefficients.cpp:74) on array 'shift_reg' [28]  (1.237 ns)
	blocking operation 0.309 ns on control path)

 <State 3>: 2.474ns
The critical path consists of the following:
	'load' operation 64 bit ('data', Coefficients.cpp:74) on array 'shift_reg' [28]  (1.237 ns)
	'store' operation 0 bit ('store_ln74', Coefficients.cpp:74) of variable 'data', Coefficients.cpp:74 on array 'shift_reg' [30]  (1.237 ns)

 <State 4>: 7.042ns
The critical path consists of the following:
	'phi' operation 64 bit ('data') with incoming values : ('x_read') ('data', Coefficients.cpp:74) [36]  (0.000 ns)
	'dmul' operation 64 bit ('prod', Coefficients.cpp:78) [40]  (7.042 ns)

 <State 5>: 7.042ns
The critical path consists of the following:
	'dmul' operation 64 bit ('prod', Coefficients.cpp:78) [40]  (7.042 ns)

 <State 6>: 7.042ns
The critical path consists of the following:
	'dmul' operation 64 bit ('prod', Coefficients.cpp:78) [40]  (7.042 ns)

 <State 7>: 7.042ns
The critical path consists of the following:
	'dmul' operation 64 bit ('prod', Coefficients.cpp:78) [40]  (7.042 ns)

 <State 8>: 7.042ns
The critical path consists of the following:
	'dmul' operation 64 bit ('prod', Coefficients.cpp:78) [40]  (7.042 ns)

 <State 9>: 6.346ns
The critical path consists of the following:
	'load' operation 64 bit ('acc_load', Coefficients.cpp:81) on local variable 'acc', Coefficients.cpp:53 [37]  (0.000 ns)
	'dadd' operation 64 bit ('acc', Coefficients.cpp:81) [41]  (6.346 ns)

 <State 10>: 6.346ns
The critical path consists of the following:
	'dadd' operation 64 bit ('acc', Coefficients.cpp:81) [41]  (6.346 ns)

 <State 11>: 6.346ns
The critical path consists of the following:
	'dadd' operation 64 bit ('acc', Coefficients.cpp:81) [41]  (6.346 ns)

 <State 12>: 6.773ns
The critical path consists of the following:
	'dadd' operation 64 bit ('acc', Coefficients.cpp:81) [41]  (6.346 ns)
	'store' operation 0 bit ('store_ln53', Coefficients.cpp:53) of variable 'acc', Coefficients.cpp:81 on local variable 'acc', Coefficients.cpp:53 [44]  (0.427 ns)


============================================================
+ Verbose Summary: Binding
============================================================
N/A
* FSMD analyzer results:
  - Output states:
 - Input state : 
  - Chain level:
	State 1
	State 2
	State 3
	State 4
	State 5
	State 6
	State 7
	State 8
	State 9
	State 10
	State 11
	State 12


============================================================
+ Verbose Summary: Datapath Resource usage 
============================================================
N/A
