

================================================================
== Vitis HLS Report for 'firTop_Pipeline_VITIS_LOOP_119_3'
================================================================
* Date:           Tue Apr 14 18:08:19 2026

* Version:        2024.1 (Build 5069499 on May 21 2024)
* Project:        calculateCoefficients
* Solution:       hls (Vivado IP Flow Target)
* Product family: zynquplus
* Target device:  xczu3eg-sfvc784-2-e


================================================================
== Performance Estimates
================================================================
+ Timing: 
    * Summary: 
    +--------+----------+----------+------------+
    |  Clock |  Target  | Estimated| Uncertainty|
    +--------+----------+----------+------------+
    |ap_clk  |  10.00 ns|  7.163 ns|     2.70 ns|
    +--------+----------+----------+------------+

+ Latency: 
    * Summary: 
    +---------+---------+-----------+----------+-----+-----+-----------------------------------------------+
    |  Latency (cycles) |  Latency (absolute)  |  Interval |                    Pipeline                   |
    |   min   |   max   |    min    |    max   | min | max |                      Type                     |
    +---------+---------+-----------+----------+-----+-----+-----------------------------------------------+
    |        2|      150|  20.000 ns|  1.500 us|    1|  128|  loop auto-rewind stp(delay=0 clock cycles(s))|
    +---------+---------+-----------+----------+-----+-----+-----------------------------------------------+

    + Detail: 
        * Instance: 
        N/A

        * Loop: 
        +--------------------+---------+---------+----------+-----------+-----------+---------+----------+
        |                    |  Latency (cycles) | Iteration|  Initiation Interval  |   Trip  |          |
        |      Loop Name     |   min   |   max   |  Latency |  achieved |   target  |  Count  | Pipelined|
        +--------------------+---------+---------+----------+-----------+-----------+---------+----------+
        |- VITIS_LOOP_119_3  |        0|      148|        23|          1|          1|  0 ~ 127|       yes|
        +--------------------+---------+---------+----------+-----------+-----------+---------+----------+



================================================================
== Utilization Estimates
================================================================
* Summary: 
+-----------------+---------+-----+--------+-------+-----+
|       Name      | BRAM_18K| DSP |   FF   |  LUT  | URAM|
+-----------------+---------+-----+--------+-------+-----+
|DSP              |        -|    -|       -|      -|    -|
|Expression       |        -|    -|       0|     55|    -|
|FIFO             |        -|    -|       -|      -|    -|
|Instance         |        -|    -|       -|      -|    -|
|Memory           |        -|    -|       -|      -|    -|
|Multiplexer      |        -|    -|       0|     36|    -|
|Register         |        -|    -|     123|     32|    -|
+-----------------+---------+-----+--------+-------+-----+
|Total            |        0|    0|     123|    123|    0|
+-----------------+---------+-----+--------+-------+-----+
|Available        |      432|  360|  141120|  70560|    0|
+-----------------+---------+-----+--------+-------+-----+
|Utilization (%)  |        0|    0|      ~0|     ~0|    0|
+-----------------+---------+-----+--------+-------+-----+

+ Detail: 
    * Instance: 
    N/A

    * DSP: 
    N/A

    * Memory: 
    N/A

    * FIFO: 
    N/A

    * Expression: 
    +---------------------+----------+----+---+----+------------+------------+
    |    Variable Name    | Operation| DSP| FF| LUT| Bitwidth P0| Bitwidth P1|
    +---------------------+----------+----+---+----+------------+------------+
    |add_ln119_fu_91_p2   |         +|   0|  0|  14|           7|           1|
    |icmp_ln119_fu_85_p2  |      icmp|   0|  0|  39|          32|          32|
    |ap_enable_pp0        |       xor|   0|  0|   2|           1|           2|
    +---------------------+----------+----+---+----+------------+------------+
    |Total                |          |   0|  0|  55|          40|          35|
    +---------------------+----------+----+---+----+------------+------------+

    * Multiplexer: 
    +-------------------------+----+-----------+-----+-----------+
    |           Name          | LUT| Input Size| Bits| Total Bits|
    +-------------------------+----+-----------+-----+-----------+
    |ap_done_int              |   9|          2|    1|          2|
    |ap_enable_reg_pp0_iter1  |   9|          2|    1|          2|
    |ap_sig_allocacmp_i_3     |   9|          2|    7|         14|
    |i_fu_34                  |   9|          2|    7|         14|
    +-------------------------+----+-----------+-----+-----------+
    |Total                    |  36|          8|   16|         32|
    +-------------------------+----+-----------+-----+-----------+

    * Register: 
    +-----------------------------------+----+----+-----+-----------+
    |                Name               | FF | LUT| Bits| Const Bits|
    +-----------------------------------+----+----+-----+-----------+
    |ap_CS_fsm                          |   1|   0|    1|          0|
    |ap_done_reg                        |   1|   0|    1|          0|
    |ap_enable_reg_pp0_iter1            |   1|   0|    1|          0|
    |ap_enable_reg_pp0_iter10           |   1|   0|    1|          0|
    |ap_enable_reg_pp0_iter11           |   1|   0|    1|          0|
    |ap_enable_reg_pp0_iter12           |   1|   0|    1|          0|
    |ap_enable_reg_pp0_iter13           |   1|   0|    1|          0|
    |ap_enable_reg_pp0_iter14           |   1|   0|    1|          0|
    |ap_enable_reg_pp0_iter15           |   1|   0|    1|          0|
    |ap_enable_reg_pp0_iter16           |   1|   0|    1|          0|
    |ap_enable_reg_pp0_iter17           |   1|   0|    1|          0|
    |ap_enable_reg_pp0_iter18           |   1|   0|    1|          0|
    |ap_enable_reg_pp0_iter19           |   1|   0|    1|          0|
    |ap_enable_reg_pp0_iter2            |   1|   0|    1|          0|
    |ap_enable_reg_pp0_iter20           |   1|   0|    1|          0|
    |ap_enable_reg_pp0_iter21           |   1|   0|    1|          0|
    |ap_enable_reg_pp0_iter22           |   1|   0|    1|          0|
    |ap_enable_reg_pp0_iter3            |   1|   0|    1|          0|
    |ap_enable_reg_pp0_iter4            |   1|   0|    1|          0|
    |ap_enable_reg_pp0_iter5            |   1|   0|    1|          0|
    |ap_enable_reg_pp0_iter6            |   1|   0|    1|          0|
    |ap_enable_reg_pp0_iter7            |   1|   0|    1|          0|
    |ap_enable_reg_pp0_iter8            |   1|   0|    1|          0|
    |ap_enable_reg_pp0_iter9            |   1|   0|    1|          0|
    |ap_loop_exit_ready_pp0_iter10_reg  |   1|   0|    1|          0|
    |ap_loop_exit_ready_pp0_iter11_reg  |   1|   0|    1|          0|
    |ap_loop_exit_ready_pp0_iter12_reg  |   1|   0|    1|          0|
    |ap_loop_exit_ready_pp0_iter13_reg  |   1|   0|    1|          0|
    |ap_loop_exit_ready_pp0_iter14_reg  |   1|   0|    1|          0|
    |ap_loop_exit_ready_pp0_iter15_reg  |   1|   0|    1|          0|
    |ap_loop_exit_ready_pp0_iter16_reg  |   1|   0|    1|          0|
    |ap_loop_exit_ready_pp0_iter17_reg  |   1|   0|    1|          0|
    |ap_loop_exit_ready_pp0_iter18_reg  |   1|   0|    1|          0|
    |ap_loop_exit_ready_pp0_iter19_reg  |   1|   0|    1|          0|
    |ap_loop_exit_ready_pp0_iter1_reg   |   1|   0|    1|          0|
    |ap_loop_exit_ready_pp0_iter20_reg  |   1|   0|    1|          0|
    |ap_loop_exit_ready_pp0_iter21_reg  |   1|   0|    1|          0|
    |ap_loop_exit_ready_pp0_iter2_reg   |   1|   0|    1|          0|
    |ap_loop_exit_ready_pp0_iter3_reg   |   1|   0|    1|          0|
    |ap_loop_exit_ready_pp0_iter4_reg   |   1|   0|    1|          0|
    |ap_loop_exit_ready_pp0_iter5_reg   |   1|   0|    1|          0|
    |ap_loop_exit_ready_pp0_iter6_reg   |   1|   0|    1|          0|
    |ap_loop_exit_ready_pp0_iter7_reg   |   1|   0|    1|          0|
    |ap_loop_exit_ready_pp0_iter8_reg   |   1|   0|    1|          0|
    |ap_loop_exit_ready_pp0_iter9_reg   |   1|   0|    1|          0|
    |i_fu_34                            |   7|   0|    7|          0|
    |taps_addr_reg_123                  |   7|   0|    7|          0|
    |taps_addr_reg_123                  |  64|  32|    7|          0|
    +-----------------------------------+----+----+-----+-----------+
    |Total                              | 123|  32|   66|          0|
    +-----------------------------------+----+----+-----+-----------+



================================================================
== Interface
================================================================
* Summary: 
+--------------------+-----+-----+------------+----------------------------------+--------------+
|      RTL Ports     | Dir | Bits|  Protocol  |           Source Object          |    C Type    |
+--------------------+-----+-----+------------+----------------------------------+--------------+
|ap_clk              |   in|    1|  ap_ctrl_hs|  firTop_Pipeline_VITIS_LOOP_119_3|  return value|
|ap_rst              |   in|    1|  ap_ctrl_hs|  firTop_Pipeline_VITIS_LOOP_119_3|  return value|
|ap_start            |   in|    1|  ap_ctrl_hs|  firTop_Pipeline_VITIS_LOOP_119_3|  return value|
|ap_done             |  out|    1|  ap_ctrl_hs|  firTop_Pipeline_VITIS_LOOP_119_3|  return value|
|ap_idle             |  out|    1|  ap_ctrl_hs|  firTop_Pipeline_VITIS_LOOP_119_3|  return value|
|ap_ready            |  out|    1|  ap_ctrl_hs|  firTop_Pipeline_VITIS_LOOP_119_3|  return value|
|grp_fu_787_p_din0   |  out|   64|  ap_ctrl_hs|  firTop_Pipeline_VITIS_LOOP_119_3|  return value|
|grp_fu_787_p_din1   |  out|   64|  ap_ctrl_hs|  firTop_Pipeline_VITIS_LOOP_119_3|  return value|
|grp_fu_787_p_dout0  |   in|   64|  ap_ctrl_hs|  firTop_Pipeline_VITIS_LOOP_119_3|  return value|
|grp_fu_787_p_ce     |  out|    1|  ap_ctrl_hs|  firTop_Pipeline_VITIS_LOOP_119_3|  return value|
|p_reload120         |   in|   32|     ap_none|                       p_reload120|        scalar|
|taps_address0       |  out|    7|   ap_memory|                              taps|         array|
|taps_ce0            |  out|    1|   ap_memory|                              taps|         array|
|taps_we0            |  out|    1|   ap_memory|                              taps|         array|
|taps_d0             |  out|   64|   ap_memory|                              taps|         array|
|taps_address1       |  out|    7|   ap_memory|                              taps|         array|
|taps_ce1            |  out|    1|   ap_memory|                              taps|         array|
|taps_q1             |   in|   64|   ap_memory|                              taps|         array|
|gain_re_reload      |   in|   64|     ap_none|                    gain_re_reload|        scalar|
+--------------------+-----+-----+------------+----------------------------------+--------------+

============================================================
+ Verbose Summary: Synthesis Manager
============================================================
InlineROM: 1
ExposeGlobal: 0
============================================================
+ Verbose Summary: CDFG Model
============================================================
IsTopModel: 0
ResetActiveHigh: 1
IsCombinational: 2
IsDatapathOnly: 2
HasWiredReturn: 1
HasMFsm: 2
HasVarLatency: 1
IsPipeline: 0
IsRtlPipelined: 0
IsInstanceOverlapped: 0
IsDontTouch: 0
HasImplIP: 0
IsGatedGlobalClock: 0

+ Individual pipeline summary: 
  * Pipeline-0: initiation interval (II) = 1, depth = 23


============================================================
+ Verbose Summary: Schedule
============================================================
* Number of FSM states : 23
* Pipeline : 1
  Pipeline-0 : II = 1, D = 23, States = { 1 2 3 4 5 6 7 8 9 10 11 12 13 14 15 16 17 18 19 20 21 22 23 }
* Dataflow Pipeline: 0

* FSM state transitions: 
1 --> 2 
2 --> 3 
3 --> 4 
4 --> 5 
5 --> 6 
6 --> 7 
7 --> 8 
8 --> 9 
9 --> 10 
10 --> 11 
11 --> 12 
12 --> 13 
13 --> 14 
14 --> 15 
15 --> 16 
16 --> 17 
17 --> 18 
18 --> 19 
19 --> 20 
20 --> 21 
21 --> 22 
22 --> 23 
23 --> 

* FSM state operations: 

State 1 <SV = 0> <Delay = 1.87>
ST_1 : Operation 26 [1/1] (0.00ns)   --->   "%i = alloca i32 1" [Coefficients.cpp:119->Coefficients.cpp:24]   --->   Operation 26 'alloca' 'i' <Predicate = true> <Delay = 0.00>
ST_1 : Operation 27 [1/1] (0.00ns)   --->   "%gain_re_reload_read = read i64 @_ssdm_op_Read.ap_auto.double, i64 %gain_re_reload"   --->   Operation 27 'read' 'gain_re_reload_read' <Predicate = true> <Delay = 0.00>
ST_1 : Operation 28 [1/1] (0.00ns)   --->   "%p_reload120_read = read i32 @_ssdm_op_Read.ap_auto.i32, i32 %p_reload120"   --->   Operation 28 'read' 'p_reload120_read' <Predicate = true> <Delay = 0.00>
ST_1 : Operation 29 [1/1] (0.42ns)   --->   "%store_ln119 = store i7 0, i7 %i" [Coefficients.cpp:119->Coefficients.cpp:24]   --->   Operation 29 'store' 'store_ln119' <Predicate = true> <Delay = 0.42>
ST_1 : Operation 30 [1/1] (0.00ns)   --->   "%br_ln0 = br void %for.inc56.i"   --->   Operation 30 'br' 'br_ln0' <Predicate = true> <Delay = 0.00>
ST_1 : Operation 31 [1/1] (0.00ns)   --->   "%i_3 = load i7 %i" [Coefficients.cpp:119->Coefficients.cpp:24]   --->   Operation 31 'load' 'i_3' <Predicate = true> <Delay = 0.00>
ST_1 : Operation 32 [1/1] (0.00ns)   --->   "%zext_ln119_1 = zext i7 %i_3" [Coefficients.cpp:119->Coefficients.cpp:24]   --->   Operation 32 'zext' 'zext_ln119_1' <Predicate = true> <Delay = 0.00>
ST_1 : Operation 33 [1/1] (1.01ns)   --->   "%icmp_ln119 = icmp_slt  i32 %zext_ln119_1, i32 %p_reload120_read" [Coefficients.cpp:119->Coefficients.cpp:24]   --->   Operation 33 'icmp' 'icmp_ln119' <Predicate = true> <Delay = 1.01> <CoreInst = "Cmp">   --->   Core 9 'Cmp' <Latency = 0> <II = 1> <Delay = 1.01> <FuncUnit> <Opcode : 'seteq' 'setne' 'setle' 'setge' 'setlt' 'setgt'> <InPorts = 2> <OutPorts = 1>
ST_1 : Operation 34 [1/1] (0.00ns)   --->   "%speclooptripcount_ln0 = speclooptripcount void @_ssdm_op_SpecLoopTripCount, i64 0, i64 127, i64 0"   --->   Operation 34 'speclooptripcount' 'speclooptripcount_ln0' <Predicate = true> <Delay = 0.00>
ST_1 : Operation 35 [1/1] (0.77ns)   --->   "%add_ln119 = add i7 %i_3, i7 1" [Coefficients.cpp:119->Coefficients.cpp:24]   --->   Operation 35 'add' 'add_ln119' <Predicate = true> <Delay = 0.77> <CoreInst = "Adder">   --->   Core 1 'Adder' <Latency = 0> <II = 1> <Delay = 0.77> <FuncUnit> <Opcode : 'add' 'sub'> <InPorts = 2> <OutPorts = 1>
ST_1 : Operation 36 [1/1] (0.00ns)   --->   "%br_ln119 = br i1 %icmp_ln119, void %_Z21calculateCoefficientsiiiiPd.exit.loopexit.exitStub, void %for.inc56.i.split" [Coefficients.cpp:119->Coefficients.cpp:24]   --->   Operation 36 'br' 'br_ln119' <Predicate = true> <Delay = 0.00>
ST_1 : Operation 37 [1/1] (0.00ns)   --->   "%zext_ln119 = zext i7 %i_3" [Coefficients.cpp:119->Coefficients.cpp:24]   --->   Operation 37 'zext' 'zext_ln119' <Predicate = (icmp_ln119)> <Delay = 0.00>
ST_1 : Operation 38 [1/1] (0.00ns)   --->   "%taps_addr = getelementptr i64 %taps, i64 0, i64 %zext_ln119" [Coefficients.cpp:121->Coefficients.cpp:24]   --->   Operation 38 'getelementptr' 'taps_addr' <Predicate = (icmp_ln119)> <Delay = 0.00>
ST_1 : Operation 39 [2/2] (1.23ns)   --->   "%taps_load = load i7 %taps_addr" [Coefficients.cpp:121->Coefficients.cpp:24]   --->   Operation 39 'load' 'taps_load' <Predicate = (icmp_ln119)> <Delay = 1.23> <CoreInst = "RAM">   --->   Core 82 'RAM' <Latency = 1> <II = 1> <Delay = 1.23> <Storage> <Opcode : 'load' 'store'> <Ports = 2> <Width = 64> <Depth = 101> <RAM>
ST_1 : Operation 40 [1/1] (0.42ns)   --->   "%store_ln119 = store i7 %add_ln119, i7 %i" [Coefficients.cpp:119->Coefficients.cpp:24]   --->   Operation 40 'store' 'store_ln119' <Predicate = (icmp_ln119)> <Delay = 0.42>

State 2 <SV = 1> <Delay = 7.16>
ST_2 : Operation 41 [1/2] (1.23ns)   --->   "%taps_load = load i7 %taps_addr" [Coefficients.cpp:121->Coefficients.cpp:24]   --->   Operation 41 'load' 'taps_load' <Predicate = true> <Delay = 1.23> <CoreInst = "RAM">   --->   Core 82 'RAM' <Latency = 1> <II = 1> <Delay = 1.23> <Storage> <Opcode : 'load' 'store'> <Ports = 2> <Width = 64> <Depth = 101> <RAM>
ST_2 : Operation 42 [22/22] (5.92ns)   --->   "%div55_i = ddiv i64 %taps_load, i64 %gain_re_reload_read" [Coefficients.cpp:121->Coefficients.cpp:24]   --->   Operation 42 'ddiv' 'div55_i' <Predicate = true> <Delay = 5.92> <CoreInst = "DDiv">   --->   Core 39 'DDiv' <Latency = 21> <II = 1> <Delay = 5.92> <FuncUnit> <Opcode : 'ddiv' 'drem'> <InPorts = 2> <OutPorts = 1>

State 3 <SV = 2> <Delay = 5.92>
ST_3 : Operation 43 [21/22] (5.92ns)   --->   "%div55_i = ddiv i64 %taps_load, i64 %gain_re_reload_read" [Coefficients.cpp:121->Coefficients.cpp:24]   --->   Operation 43 'ddiv' 'div55_i' <Predicate = true> <Delay = 5.92> <CoreInst = "DDiv">   --->   Core 39 'DDiv' <Latency = 21> <II = 1> <Delay = 5.92> <FuncUnit> <Opcode : 'ddiv' 'drem'> <InPorts = 2> <OutPorts = 1>

State 4 <SV = 3> <Delay = 5.92>
ST_4 : Operation 44 [20/22] (5.92ns)   --->   "%div55_i = ddiv i64 %taps_load, i64 %gain_re_reload_read" [Coefficients.cpp:121->Coefficients.cpp:24]   --->   Operation 44 'ddiv' 'div55_i' <Predicate = true> <Delay = 5.92> <CoreInst = "DDiv">   --->   Core 39 'DDiv' <Latency = 21> <II = 1> <Delay = 5.92> <FuncUnit> <Opcode : 'ddiv' 'drem'> <InPorts = 2> <OutPorts = 1>

State 5 <SV = 4> <Delay = 5.92>
ST_5 : Operation 45 [19/22] (5.92ns)   --->   "%div55_i = ddiv i64 %taps_load, i64 %gain_re_reload_read" [Coefficients.cpp:121->Coefficients.cpp:24]   --->   Operation 45 'ddiv' 'div55_i' <Predicate = true> <Delay = 5.92> <CoreInst = "DDiv">   --->   Core 39 'DDiv' <Latency = 21> <II = 1> <Delay = 5.92> <FuncUnit> <Opcode : 'ddiv' 'drem'> <InPorts = 2> <OutPorts = 1>

State 6 <SV = 5> <Delay = 5.92>
ST_6 : Operation 46 [18/22] (5.92ns)   --->   "%div55_i = ddiv i64 %taps_load, i64 %gain_re_reload_read" [Coefficients.cpp:121->Coefficients.cpp:24]   --->   Operation 46 'ddiv' 'div55_i' <Predicate = true> <Delay = 5.92> <CoreInst = "DDiv">   --->   Core 39 'DDiv' <Latency = 21> <II = 1> <Delay = 5.92> <FuncUnit> <Opcode : 'ddiv' 'drem'> <InPorts = 2> <OutPorts = 1>

State 7 <SV = 6> <Delay = 5.92>
ST_7 : Operation 47 [17/22] (5.92ns)   --->   "%div55_i = ddiv i64 %taps_load, i64 %gain_re_reload_read" [Coefficients.cpp:121->Coefficients.cpp:24]   --->   Operation 47 'ddiv' 'div55_i' <Predicate = true> <Delay = 5.92> <CoreInst = "DDiv">   --->   Core 39 'DDiv' <Latency = 21> <II = 1> <Delay = 5.92> <FuncUnit> <Opcode : 'ddiv' 'drem'> <InPorts = 2> <OutPorts = 1>

State 8 <SV = 7> <Delay = 5.92>
ST_8 : Operation 48 [16/22] (5.92ns)   --->   "%div55_i = ddiv i64 %taps_load, i64 %gain_re_reload_read" [Coefficients.cpp:121->Coefficients.cpp:24]   --->   Operation 48 'ddiv' 'div55_i' <Predicate = true> <Delay = 5.92> <CoreInst = "DDiv">   --->   Core 39 'DDiv' <Latency = 21> <II = 1> <Delay = 5.92> <FuncUnit> <Opcode : 'ddiv' 'drem'> <InPorts = 2> <OutPorts = 1>

State 9 <SV = 8> <Delay = 5.92>
ST_9 : Operation 49 [15/22] (5.92ns)   --->   "%div55_i = ddiv i64 %taps_load, i64 %gain_re_reload_read" [Coefficients.cpp:121->Coefficients.cpp:24]   --->   Operation 49 'ddiv' 'div55_i' <Predicate = true> <Delay = 5.92> <CoreInst = "DDiv">   --->   Core 39 'DDiv' <Latency = 21> <II = 1> <Delay = 5.92> <FuncUnit> <Opcode : 'ddiv' 'drem'> <InPorts = 2> <OutPorts = 1>

State 10 <SV = 9> <Delay = 5.92>
ST_10 : Operation 50 [14/22] (5.92ns)   --->   "%div55_i = ddiv i64 %taps_load, i64 %gain_re_reload_read" [Coefficients.cpp:121->Coefficients.cpp:24]   --->   Operation 50 'ddiv' 'div55_i' <Predicate = true> <Delay = 5.92> <CoreInst = "DDiv">   --->   Core 39 'DDiv' <Latency = 21> <II = 1> <Delay = 5.92> <FuncUnit> <Opcode : 'ddiv' 'drem'> <InPorts = 2> <OutPorts = 1>

State 11 <SV = 10> <Delay = 5.92>
ST_11 : Operation 51 [13/22] (5.92ns)   --->   "%div55_i = ddiv i64 %taps_load, i64 %gain_re_reload_read" [Coefficients.cpp:121->Coefficients.cpp:24]   --->   Operation 51 'ddiv' 'div55_i' <Predicate = true> <Delay = 5.92> <CoreInst = "DDiv">   --->   Core 39 'DDiv' <Latency = 21> <II = 1> <Delay = 5.92> <FuncUnit> <Opcode : 'ddiv' 'drem'> <InPorts = 2> <OutPorts = 1>

State 12 <SV = 11> <Delay = 5.92>
ST_12 : Operation 52 [12/22] (5.92ns)   --->   "%div55_i = ddiv i64 %taps_load, i64 %gain_re_reload_read" [Coefficients.cpp:121->Coefficients.cpp:24]   --->   Operation 52 'ddiv' 'div55_i' <Predicate = true> <Delay = 5.92> <CoreInst = "DDiv">   --->   Core 39 'DDiv' <Latency = 21> <II = 1> <Delay = 5.92> <FuncUnit> <Opcode : 'ddiv' 'drem'> <InPorts = 2> <OutPorts = 1>

State 13 <SV = 12> <Delay = 5.92>
ST_13 : Operation 53 [11/22] (5.92ns)   --->   "%div55_i = ddiv i64 %taps_load, i64 %gain_re_reload_read" [Coefficients.cpp:121->Coefficients.cpp:24]   --->   Operation 53 'ddiv' 'div55_i' <Predicate = true> <Delay = 5.92> <CoreInst = "DDiv">   --->   Core 39 'DDiv' <Latency = 21> <II = 1> <Delay = 5.92> <FuncUnit> <Opcode : 'ddiv' 'drem'> <InPorts = 2> <OutPorts = 1>

State 14 <SV = 13> <Delay = 5.92>
ST_14 : Operation 54 [10/22] (5.92ns)   --->   "%div55_i = ddiv i64 %taps_load, i64 %gain_re_reload_read" [Coefficients.cpp:121->Coefficients.cpp:24]   --->   Operation 54 'ddiv' 'div55_i' <Predicate = true> <Delay = 5.92> <CoreInst = "DDiv">   --->   Core 39 'DDiv' <Latency = 21> <II = 1> <Delay = 5.92> <FuncUnit> <Opcode : 'ddiv' 'drem'> <InPorts = 2> <OutPorts = 1>

State 15 <SV = 14> <Delay = 5.92>
ST_15 : Operation 55 [9/22] (5.92ns)   --->   "%div55_i = ddiv i64 %taps_load, i64 %gain_re_reload_read" [Coefficients.cpp:121->Coefficients.cpp:24]   --->   Operation 55 'ddiv' 'div55_i' <Predicate = true> <Delay = 5.92> <CoreInst = "DDiv">   --->   Core 39 'DDiv' <Latency = 21> <II = 1> <Delay = 5.92> <FuncUnit> <Opcode : 'ddiv' 'drem'> <InPorts = 2> <OutPorts = 1>

State 16 <SV = 15> <Delay = 5.92>
ST_16 : Operation 56 [8/22] (5.92ns)   --->   "%div55_i = ddiv i64 %taps_load, i64 %gain_re_reload_read" [Coefficients.cpp:121->Coefficients.cpp:24]   --->   Operation 56 'ddiv' 'div55_i' <Predicate = true> <Delay = 5.92> <CoreInst = "DDiv">   --->   Core 39 'DDiv' <Latency = 21> <II = 1> <Delay = 5.92> <FuncUnit> <Opcode : 'ddiv' 'drem'> <InPorts = 2> <OutPorts = 1>

State 17 <SV = 16> <Delay = 5.92>
ST_17 : Operation 57 [7/22] (5.92ns)   --->   "%div55_i = ddiv i64 %taps_load, i64 %gain_re_reload_read" [Coefficients.cpp:121->Coefficients.cpp:24]   --->   Operation 57 'ddiv' 'div55_i' <Predicate = true> <Delay = 5.92> <CoreInst = "DDiv">   --->   Core 39 'DDiv' <Latency = 21> <II = 1> <Delay = 5.92> <FuncUnit> <Opcode : 'ddiv' 'drem'> <InPorts = 2> <OutPorts = 1>

State 18 <SV = 17> <Delay = 5.92>
ST_18 : Operation 58 [6/22] (5.92ns)   --->   "%div55_i = ddiv i64 %taps_load, i64 %gain_re_reload_read" [Coefficients.cpp:121->Coefficients.cpp:24]   --->   Operation 58 'ddiv' 'div55_i' <Predicate = true> <Delay = 5.92> <CoreInst = "DDiv">   --->   Core 39 'DDiv' <Latency = 21> <II = 1> <Delay = 5.92> <FuncUnit> <Opcode : 'ddiv' 'drem'> <InPorts = 2> <OutPorts = 1>

State 19 <SV = 18> <Delay = 5.92>
ST_19 : Operation 59 [5/22] (5.92ns)   --->   "%div55_i = ddiv i64 %taps_load, i64 %gain_re_reload_read" [Coefficients.cpp:121->Coefficients.cpp:24]   --->   Operation 59 'ddiv' 'div55_i' <Predicate = true> <Delay = 5.92> <CoreInst = "DDiv">   --->   Core 39 'DDiv' <Latency = 21> <II = 1> <Delay = 5.92> <FuncUnit> <Opcode : 'ddiv' 'drem'> <InPorts = 2> <OutPorts = 1>

State 20 <SV = 19> <Delay = 5.92>
ST_20 : Operation 60 [4/22] (5.92ns)   --->   "%div55_i = ddiv i64 %taps_load, i64 %gain_re_reload_read" [Coefficients.cpp:121->Coefficients.cpp:24]   --->   Operation 60 'ddiv' 'div55_i' <Predicate = true> <Delay = 5.92> <CoreInst = "DDiv">   --->   Core 39 'DDiv' <Latency = 21> <II = 1> <Delay = 5.92> <FuncUnit> <Opcode : 'ddiv' 'drem'> <InPorts = 2> <OutPorts = 1>

State 21 <SV = 20> <Delay = 5.92>
ST_21 : Operation 61 [3/22] (5.92ns)   --->   "%div55_i = ddiv i64 %taps_load, i64 %gain_re_reload_read" [Coefficients.cpp:121->Coefficients.cpp:24]   --->   Operation 61 'ddiv' 'div55_i' <Predicate = true> <Delay = 5.92> <CoreInst = "DDiv">   --->   Core 39 'DDiv' <Latency = 21> <II = 1> <Delay = 5.92> <FuncUnit> <Opcode : 'ddiv' 'drem'> <InPorts = 2> <OutPorts = 1>

State 22 <SV = 21> <Delay = 5.92>
ST_22 : Operation 62 [2/22] (5.92ns)   --->   "%div55_i = ddiv i64 %taps_load, i64 %gain_re_reload_read" [Coefficients.cpp:121->Coefficients.cpp:24]   --->   Operation 62 'ddiv' 'div55_i' <Predicate = true> <Delay = 5.92> <CoreInst = "DDiv">   --->   Core 39 'DDiv' <Latency = 21> <II = 1> <Delay = 5.92> <FuncUnit> <Opcode : 'ddiv' 'drem'> <InPorts = 2> <OutPorts = 1>
ST_22 : Operation 68 [1/1] (0.42ns)   --->   "%ret_ln0 = ret"   --->   Operation 68 'ret' 'ret_ln0' <Predicate = (!icmp_ln119)> <Delay = 0.42>

State 23 <SV = 22> <Delay = 7.16>
ST_23 : Operation 63 [1/1] (0.00ns)   --->   "%specpipeline_ln120 = specpipeline void @_ssdm_op_SpecPipeline, i32 4294967295, i32 0, i32 0, i32 0, void @empty_0" [Coefficients.cpp:120->Coefficients.cpp:24]   --->   Operation 63 'specpipeline' 'specpipeline_ln120' <Predicate = true> <Delay = 0.00>
ST_23 : Operation 64 [1/1] (0.00ns)   --->   "%specloopname_ln119 = specloopname void @_ssdm_op_SpecLoopName, void @empty_16" [Coefficients.cpp:119->Coefficients.cpp:24]   --->   Operation 64 'specloopname' 'specloopname_ln119' <Predicate = true> <Delay = 0.00>
ST_23 : Operation 65 [1/22] (5.92ns)   --->   "%div55_i = ddiv i64 %taps_load, i64 %gain_re_reload_read" [Coefficients.cpp:121->Coefficients.cpp:24]   --->   Operation 65 'ddiv' 'div55_i' <Predicate = true> <Delay = 5.92> <CoreInst = "DDiv">   --->   Core 39 'DDiv' <Latency = 21> <II = 1> <Delay = 5.92> <FuncUnit> <Opcode : 'ddiv' 'drem'> <InPorts = 2> <OutPorts = 1>
ST_23 : Operation 66 [1/1] (1.23ns)   --->   "%store_ln121 = store i64 %div55_i, i7 %taps_addr" [Coefficients.cpp:121->Coefficients.cpp:24]   --->   Operation 66 'store' 'store_ln121' <Predicate = true> <Delay = 1.23> <CoreInst = "RAM">   --->   Core 82 'RAM' <Latency = 1> <II = 1> <Delay = 1.23> <Storage> <Opcode : 'load' 'store'> <Ports = 2> <Width = 64> <Depth = 101> <RAM>
ST_23 : Operation 67 [1/1] (0.00ns)   --->   "%br_ln119 = br void %for.inc56.i" [Coefficients.cpp:119->Coefficients.cpp:24]   --->   Operation 67 'br' 'br_ln119' <Predicate = true> <Delay = 0.00>


============================================================
+ Verbose Summary: Binding
============================================================
STG Binding: 
---------------- STG Properties BEGIN ----------------
- Is combinational: 0
- Is one-state seq: 0
- Is datapath-only: 0
- Is pipelined: 0
- Is top level: 0
Port [ Return ] is wired: 1; IO mode=ap_ctrl_hs:ce=0
Port [ p_reload120]:  wired=1; compound=0; hidden=0; nouse=0; global=0; static=0; extern=0; dir=0; type=0; pingpong=0; private_global=0; IO mode=ap_none:ce=0
Port [ taps]:  wired=1; compound=1; hidden=0; nouse=0; global=0; static=0; extern=0; dir=2; type=1; pingpong=0; private_global=0; MemPort=[01]; IO mode=ap_memory:ce=0
Port [ gain_re_reload]:  wired=1; compound=0; hidden=0; nouse=0; global=0; static=0; extern=0; dir=0; type=0; pingpong=0; private_global=0; IO mode=ap_none:ce=0
---------------- STG Properties END ------------------

---------------- Datapath Model BEGIN ----------------

<LifeTime>
<method=bitvector/>
i                     (alloca           ) [ 010000000000000000000000]
gain_re_reload_read   (read             ) [ 011111111111111111111111]
p_reload120_read      (read             ) [ 000000000000000000000000]
store_ln119           (store            ) [ 000000000000000000000000]
br_ln0                (br               ) [ 000000000000000000000000]
i_3                   (load             ) [ 000000000000000000000000]
zext_ln119_1          (zext             ) [ 000000000000000000000000]
icmp_ln119            (icmp             ) [ 011111111111111111111110]
speclooptripcount_ln0 (speclooptripcount) [ 000000000000000000000000]
add_ln119             (add              ) [ 000000000000000000000000]
br_ln119              (br               ) [ 000000000000000000000000]
zext_ln119            (zext             ) [ 000000000000000000000000]
taps_addr             (getelementptr    ) [ 011111111111111111111111]
store_ln119           (store            ) [ 000000000000000000000000]
taps_load             (load             ) [ 010111111111111111111111]
specpipeline_ln120    (specpipeline     ) [ 000000000000000000000000]
specloopname_ln119    (specloopname     ) [ 000000000000000000000000]
div55_i               (ddiv             ) [ 000000000000000000000000]
store_ln121           (store            ) [ 000000000000000000000000]
br_ln119              (br               ) [ 000000000000000000000000]
ret_ln0               (ret              ) [ 000000000000000000000000]
</LifeTime>

<model>

<comp_list>
<comp id="0" class="1000" name="p_reload120">
<pin_list>
<pin id="1" dir="1" index="0" bw="1" slack="0"/>
</pin_list>
<bind>
<StgValue><ssdm name="p_reload120"/></StgValue>
</bind>
</comp>

<comp id="2" class="1000" name="taps">
<pin_list>
<pin id="3" dir="1" index="0" bw="1" slack="0"/>
</pin_list>
<bind>
<StgValue><ssdm name="taps"/><MemPortTyVec>0 1 </MemPortTyVec>
</StgValue>
</bind>
</comp>

<comp id="4" class="1000" name="gain_re_reload">
<pin_list>
<pin id="5" dir="1" index="0" bw="1" slack="0"/>
</pin_list>
<bind>
<StgValue><ssdm name="gain_re_reload"/></StgValue>
</bind>
</comp>

<comp id="6" class="1001" name="const_6">
<pin_list>
<pin id="7" dir="1" index="0" bw="1" slack="0"/>
</pin_list>
<bind>
<StgValue><ssdm name=""/></StgValue>
</bind>
</comp>

<comp id="8" class="1001" name="const_8">
<pin_list>
<pin id="9" dir="1" index="0" bw="1" slack="0"/>
</pin_list>
<bind>
<StgValue><ssdm name="_ssdm_op_Read.ap_auto.double"/></StgValue>
</bind>
</comp>

<comp id="10" class="1001" name="const_10">
<pin_list>
<pin id="11" dir="1" index="0" bw="1" slack="0"/>
</pin_list>
<bind>
<StgValue><ssdm name="_ssdm_op_Read.ap_auto.i32"/></StgValue>
</bind>
</comp>

<comp id="12" class="1001" name="const_12">
<pin_list>
<pin id="13" dir="1" index="0" bw="1" slack="0"/>
</pin_list>
<bind>
<StgValue><ssdm name=""/></StgValue>
</bind>
</comp>

<comp id="14" class="1001" name="const_14">
<pin_list>
<pin id="15" dir="1" index="0" bw="1" slack="2147483647"/>
</pin_list>
<bind>
<StgValue><ssdm name="_ssdm_op_SpecLoopTripCount"/></StgValue>
</bind>
</comp>

<comp id="16" class="1001" name="const_16">
<pin_list>
<pin id="17" dir="1" index="0" bw="1" slack="0"/>
</pin_list>
<bind>
<StgValue><ssdm name=""/></StgValue>
</bind>
</comp>

<comp id="18" class="1001" name="const_18">
<pin_list>
<pin id="19" dir="1" index="0" bw="1" slack="2147483647"/>
</pin_list>
<bind>
<StgValue><ssdm name=""/></StgValue>
</bind>
</comp>

<comp id="20" class="1001" name="const_20">
<pin_list>
<pin id="21" dir="1" index="0" bw="1" slack="0"/>
</pin_list>
<bind>
<StgValue><ssdm name=""/></StgValue>
</bind>
</comp>

<comp id="22" class="1001" name="const_22">
<pin_list>
<pin id="23" dir="1" index="0" bw="1" slack="2147483647"/>
</pin_list>
<bind>
<StgValue><ssdm name="_ssdm_op_SpecPipeline"/></StgValue>
</bind>
</comp>

<comp id="24" class="1001" name="const_24">
<pin_list>
<pin id="25" dir="1" index="0" bw="1" slack="2147483647"/>
</pin_list>
<bind>
<StgValue><ssdm name=""/></StgValue>
</bind>
</comp>

<comp id="26" class="1001" name="const_26">
<pin_list>
<pin id="27" dir="1" index="0" bw="1" slack="2147483647"/>
</pin_list>
<bind>
<StgValue><ssdm name=""/></StgValue>
</bind>
</comp>

<comp id="28" class="1001" name="const_28">
<pin_list>
<pin id="29" dir="1" index="0" bw="1" slack="2147483647"/>
</pin_list>
<bind>
<StgValue><ssdm name="empty_0"/></StgValue>
</bind>
</comp>

<comp id="30" class="1001" name="const_30">
<pin_list>
<pin id="31" dir="1" index="0" bw="1" slack="2147483647"/>
</pin_list>
<bind>
<StgValue><ssdm name="_ssdm_op_SpecLoopName"/></StgValue>
</bind>
</comp>

<comp id="32" class="1001" name="const_32">
<pin_list>
<pin id="33" dir="1" index="0" bw="1" slack="2147483647"/>
</pin_list>
<bind>
<StgValue><ssdm name="empty_16"/></StgValue>
</bind>
</comp>

<comp id="34" class="1004" name="i_fu_34">
<pin_list>
<pin id="35" dir="0" index="0" bw="1" slack="0"/>
<pin id="36" dir="1" index="1" bw="7" slack="0"/>
</pin_list>
<bind>
<opcode="alloca(26) " fcode="alloca"/>
<opset="i/1 "/>
</bind>
</comp>

<comp id="38" class="1004" name="gain_re_reload_read_read_fu_38">
<pin_list>
<pin id="39" dir="0" index="0" bw="64" slack="0"/>
<pin id="40" dir="0" index="1" bw="64" slack="0"/>
<pin id="41" dir="1" index="2" bw="64" slack="1"/>
</pin_list>
<bind>
<opcode="read(1150) " fcode="read"/>
<opset="gain_re_reload_read/1 "/>
</bind>
</comp>

<comp id="44" class="1004" name="p_reload120_read_read_fu_44">
<pin_list>
<pin id="45" dir="0" index="0" bw="32" slack="0"/>
<pin id="46" dir="0" index="1" bw="32" slack="0"/>
<pin id="47" dir="1" index="2" bw="32" slack="0"/>
</pin_list>
<bind>
<opcode="read(1150) " fcode="read"/>
<opset="p_reload120_read/1 "/>
</bind>
</comp>

<comp id="50" class="1004" name="taps_addr_gep_fu_50">
<pin_list>
<pin id="51" dir="0" index="0" bw="64" slack="0"/>
<pin id="52" dir="0" index="1" bw="1" slack="0"/>
<pin id="53" dir="0" index="2" bw="7" slack="0"/>
<pin id="54" dir="1" index="3" bw="7" slack="0"/>
</pin_list>
<bind>
<opcode="getelementptr(29) " fcode="getelementptr"/>
<opset="taps_addr/1 "/>
</bind>
</comp>

<comp id="57" class="1004" name="grp_access_fu_57">
<pin_list>
<pin id="58" dir="0" index="0" bw="7" slack="22"/>
<pin id="59" dir="0" index="1" bw="64" slack="0"/>
<pin id="60" dir="0" index="2" bw="0" slack="0"/>
<pin id="62" dir="0" index="4" bw="7" slack="2147483647"/>
<pin id="63" dir="0" index="5" bw="64" slack="2147483647"/>
<pin id="64" dir="0" index="6" bw="0" slack="2147483647"/>
<pin id="61" dir="1" index="3" bw="64" slack="2147483647"/>
<pin id="65" dir="1" index="7" bw="64" slack="0"/>
</pin_list>
<bind>
<opcode="load(27) store(28) " fcode="store"/>
<opset="taps_load/1 store_ln121/23 "/>
</bind>
</comp>

<comp id="67" class="1004" name="grp_fu_67">
<pin_list>
<pin id="68" dir="0" index="0" bw="64" slack="0"/>
<pin id="69" dir="0" index="1" bw="64" slack="1"/>
<pin id="70" dir="1" index="2" bw="64" slack="0"/>
</pin_list>
<bind>
<opcode="ddiv(511) " fcode="ddiv"/>
<opset="div55_i/2 "/>
</bind>
</comp>

<comp id="73" class="1004" name="store_ln119_store_fu_73">
<pin_list>
<pin id="74" dir="0" index="0" bw="1" slack="0"/>
<pin id="75" dir="0" index="1" bw="7" slack="0"/>
<pin id="76" dir="1" index="2" bw="0" slack="2147483647"/>
</pin_list>
<bind>
<opcode="store(28) " fcode="store"/>
<opset="store_ln119/1 "/>
</bind>
</comp>

<comp id="78" class="1004" name="i_3_load_fu_78">
<pin_list>
<pin id="79" dir="0" index="0" bw="7" slack="0"/>
<pin id="80" dir="1" index="1" bw="7" slack="0"/>
</pin_list>
<bind>
<opcode="load(27) " fcode="load"/>
<opset="i_3/1 "/>
</bind>
</comp>

<comp id="81" class="1004" name="zext_ln119_1_fu_81">
<pin_list>
<pin id="82" dir="0" index="0" bw="7" slack="0"/>
<pin id="83" dir="1" index="1" bw="32" slack="0"/>
</pin_list>
<bind>
<opcode="zext(34) " fcode="zext"/>
<opset="zext_ln119_1/1 "/>
</bind>
</comp>

<comp id="85" class="1004" name="icmp_ln119_fu_85">
<pin_list>
<pin id="86" dir="0" index="0" bw="32" slack="0"/>
<pin id="87" dir="0" index="1" bw="32" slack="0"/>
<pin id="88" dir="1" index="2" bw="1" slack="21"/>
</pin_list>
<bind>
<opcode="icmp(45) " fcode="icmp"/>
<opset="icmp_ln119/1 "/>
</bind>
</comp>

<comp id="91" class="1004" name="add_ln119_fu_91">
<pin_list>
<pin id="92" dir="0" index="0" bw="7" slack="0"/>
<pin id="93" dir="0" index="1" bw="1" slack="0"/>
<pin id="94" dir="1" index="2" bw="7" slack="0"/>
</pin_list>
<bind>
<opcode="add(8) " fcode="add"/>
<opset="add_ln119/1 "/>
</bind>
</comp>

<comp id="97" class="1004" name="zext_ln119_fu_97">
<pin_list>
<pin id="98" dir="0" index="0" bw="7" slack="0"/>
<pin id="99" dir="1" index="1" bw="64" slack="0"/>
</pin_list>
<bind>
<opcode="zext(34) " fcode="zext"/>
<opset="zext_ln119/1 "/>
</bind>
</comp>

<comp id="102" class="1004" name="store_ln119_store_fu_102">
<pin_list>
<pin id="103" dir="0" index="0" bw="7" slack="0"/>
<pin id="104" dir="0" index="1" bw="7" slack="0"/>
<pin id="105" dir="1" index="2" bw="0" slack="2147483647"/>
</pin_list>
<bind>
<opcode="store(28) " fcode="store"/>
<opset="store_ln119/1 "/>
</bind>
</comp>

<comp id="107" class="1005" name="i_reg_107">
<pin_list>
<pin id="108" dir="0" index="0" bw="7" slack="0"/>
<pin id="109" dir="1" index="1" bw="7" slack="0"/>
</pin_list>
<bind>
<opset="i "/>
</bind>
</comp>

<comp id="114" class="1005" name="gain_re_reload_read_reg_114">
<pin_list>
<pin id="115" dir="0" index="0" bw="64" slack="1"/>
<pin id="116" dir="1" index="1" bw="64" slack="1"/>
</pin_list>
<bind>
<opset="gain_re_reload_read "/>
</bind>
</comp>

<comp id="119" class="1005" name="icmp_ln119_reg_119">
<pin_list>
<pin id="120" dir="0" index="0" bw="1" slack="21"/>
<pin id="121" dir="1" index="1" bw="1" slack="2147483647"/>
</pin_list>
<bind>
<opset="icmp_ln119 "/>
</bind>
</comp>

<comp id="123" class="1005" name="taps_addr_reg_123">
<pin_list>
<pin id="124" dir="0" index="0" bw="7" slack="1"/>
<pin id="125" dir="1" index="1" bw="7" slack="1"/>
</pin_list>
<bind>
<opset="taps_addr "/>
</bind>
</comp>

<comp id="129" class="1005" name="taps_load_reg_129">
<pin_list>
<pin id="130" dir="0" index="0" bw="64" slack="1"/>
<pin id="131" dir="1" index="1" bw="64" slack="1"/>
</pin_list>
<bind>
<opset="taps_load "/>
</bind>
</comp>

</comp_list>

<net_list>
<net id="37"><net_src comp="6" pin="0"/><net_sink comp="34" pin=0"/></net>

<net id="42"><net_src comp="8" pin="0"/><net_sink comp="38" pin=0"/></net>

<net id="43"><net_src comp="4" pin="0"/><net_sink comp="38" pin=1"/></net>

<net id="48"><net_src comp="10" pin="0"/><net_sink comp="44" pin=0"/></net>

<net id="49"><net_src comp="0" pin="0"/><net_sink comp="44" pin=1"/></net>

<net id="55"><net_src comp="2" pin="0"/><net_sink comp="50" pin=0"/></net>

<net id="56"><net_src comp="16" pin="0"/><net_sink comp="50" pin=1"/></net>

<net id="66"><net_src comp="50" pin="3"/><net_sink comp="57" pin=2"/></net>

<net id="71"><net_src comp="67" pin="2"/><net_sink comp="57" pin=1"/></net>

<net id="72"><net_src comp="57" pin="7"/><net_sink comp="67" pin=0"/></net>

<net id="77"><net_src comp="12" pin="0"/><net_sink comp="73" pin=0"/></net>

<net id="84"><net_src comp="78" pin="1"/><net_sink comp="81" pin=0"/></net>

<net id="89"><net_src comp="81" pin="1"/><net_sink comp="85" pin=0"/></net>

<net id="90"><net_src comp="44" pin="2"/><net_sink comp="85" pin=1"/></net>

<net id="95"><net_src comp="78" pin="1"/><net_sink comp="91" pin=0"/></net>

<net id="96"><net_src comp="20" pin="0"/><net_sink comp="91" pin=1"/></net>

<net id="100"><net_src comp="78" pin="1"/><net_sink comp="97" pin=0"/></net>

<net id="101"><net_src comp="97" pin="1"/><net_sink comp="50" pin=2"/></net>

<net id="106"><net_src comp="91" pin="2"/><net_sink comp="102" pin=0"/></net>

<net id="110"><net_src comp="34" pin="1"/><net_sink comp="107" pin=0"/></net>

<net id="111"><net_src comp="107" pin="1"/><net_sink comp="73" pin=1"/></net>

<net id="112"><net_src comp="107" pin="1"/><net_sink comp="78" pin=0"/></net>

<net id="113"><net_src comp="107" pin="1"/><net_sink comp="102" pin=1"/></net>

<net id="117"><net_src comp="38" pin="2"/><net_sink comp="114" pin=0"/></net>

<net id="118"><net_src comp="114" pin="1"/><net_sink comp="67" pin=1"/></net>

<net id="122"><net_src comp="85" pin="2"/><net_sink comp="119" pin=0"/></net>

<net id="126"><net_src comp="50" pin="3"/><net_sink comp="123" pin=0"/></net>

<net id="127"><net_src comp="123" pin="1"/><net_sink comp="57" pin=2"/></net>

<net id="128"><net_src comp="123" pin="1"/><net_sink comp="57" pin=0"/></net>

<net id="132"><net_src comp="57" pin="7"/><net_sink comp="129" pin=0"/></net>

<net id="133"><net_src comp="129" pin="1"/><net_sink comp="67" pin=0"/></net>

</net_list>

</model> 
---------------- Datapath Model END ------------------

* FSMD analyzer results:
  - Output states:
	Port: taps | {23 }
 - Input state : 
	Port: firTop_Pipeline_VITIS_LOOP_119_3 : p_reload120 | {1 }
	Port: firTop_Pipeline_VITIS_LOOP_119_3 : taps | {1 2 }
	Port: firTop_Pipeline_VITIS_LOOP_119_3 : gain_re_reload | {1 }
  - Chain level:
	State 1
		store_ln119 : 1
		i_3 : 1
		zext_ln119_1 : 2
		icmp_ln119 : 3
		add_ln119 : 2
		br_ln119 : 4
		zext_ln119 : 2
		taps_addr : 3
		taps_load : 4
		store_ln119 : 3
	State 2
		div55_i : 1
	State 3
	State 4
	State 5
	State 6
	State 7
	State 8
	State 9
	State 10
	State 11
	State 12
	State 13
	State 14
	State 15
	State 16
	State 17
	State 18
	State 19
	State 20
	State 21
	State 22
	State 23
		store_ln121 : 1


============================================================
+ Verbose Summary: Datapath Resource usage 
============================================================

* Functional unit list:
|----------|--------------------------------|---------|---------|
| Operation|         Functional Unit        |    FF   |   LUT   |
|----------|--------------------------------|---------|---------|
|   icmp   |        icmp_ln119_fu_85        |    0    |    39   |
|----------|--------------------------------|---------|---------|
|    add   |         add_ln119_fu_91        |    0    |    14   |
|----------|--------------------------------|---------|---------|
|   read   | gain_re_reload_read_read_fu_38 |    0    |    0    |
|          |   p_reload120_read_read_fu_44  |    0    |    0    |
|----------|--------------------------------|---------|---------|
|   ddiv   |            grp_fu_67           |    0    |    0    |
|----------|--------------------------------|---------|---------|
|   zext   |       zext_ln119_1_fu_81       |    0    |    0    |
|          |        zext_ln119_fu_97        |    0    |    0    |
|----------|--------------------------------|---------|---------|
|   Total  |                                |    0    |    53   |
|----------|--------------------------------|---------|---------|

Memories:
N/A

* Register list:
+---------------------------+--------+
|                           |   FF   |
+---------------------------+--------+
|gain_re_reload_read_reg_114|   64   |
|         i_reg_107         |    7   |
|     icmp_ln119_reg_119    |    1   |
|     taps_addr_reg_123     |    7   |
|     taps_load_reg_129     |   64   |
+---------------------------+--------+
|           Total           |   143  |
+---------------------------+--------+

* Multiplexer (MUX) list: 
|------------------|------|------|------|--------||---------||---------||---------|
|       Comp       |  Pin | Size |  BW  | S x BW ||  Delay  ||    FF   ||   LUT   |
|------------------|------|------|------|--------||---------||---------||---------|
| grp_access_fu_57 |  p2  |   2  |   0  |    0   ||    0    ||    9    |
|     grp_fu_67    |  p0  |   2  |  64  |   128  ||    0    ||    9    |
|------------------|------|------|------|--------||---------||---------||---------|
|       Total      |      |      |      |   128  ||  0.854  ||    0    ||    18   |
|------------------|------|------|------|--------||---------||---------||---------|



* Summary:
+-----------+--------+--------+--------+
|           |  Delay |   FF   |   LUT  |
+-----------+--------+--------+--------+
|  Function |    -   |    0   |   53   |
|   Memory  |    -   |    -   |    -   |
|Multiplexer|    0   |    0   |   18   |
|  Register |    -   |   143  |    -   |
+-----------+--------+--------+--------+
|   Total   |    0   |   143  |   71   |
+-----------+--------+--------+--------+
