

================================================================
== Vitis HLS Report for 'firTop_Pipeline_VITIS_LOOP_82_1'
================================================================
* Date:           Mon Apr 13 17:36:39 2026

* Version:        2024.1 (Build 5069499 on May 21 2024)
* Project:        calculateCoefficients
* Solution:       hls (Vivado IP Flow Target)
* Product family: zynquplus
* Target device:  xczu3eg-sfvc784-2-e


================================================================
== Performance Estimates
================================================================
+ Timing: 
    * Summary: 
    +--------+----------+----------+------------+
    |  Clock |  Target  | Estimated| Uncertainty|
    +--------+----------+----------+------------+
    |ap_clk  |  10.00 ns|  7.042 ns|     2.70 ns|
    +--------+----------+----------+------------+

+ Latency: 
    * Summary: 
    +---------+---------+----------+----------+-----+-----+-----------------------------------------------+
    |  Latency (cycles) |  Latency (absolute) |  Interval |                    Pipeline                   |
    |   min   |   max   |    min   |    max   | min | max |                      Type                     |
    +---------+---------+----------+----------+-----+-----+-----------------------------------------------+
    |        ?|        ?|         ?|         ?|    0|    0|  loop auto-rewind stp(delay=0 clock cycles(s))|
    +---------+---------+----------+----------+-----+-----+-----------------------------------------------+

    + Detail: 
        * Instance: 
        N/A

        * Loop: 
        +-------------------+---------+---------+----------+-----------+-----------+------+----------+
        |                   |  Latency (cycles) | Iteration|  Initiation Interval  | Trip |          |
        |     Loop Name     |   min   |   max   |  Latency |  achieved |   target  | Count| Pipelined|
        +-------------------+---------+---------+----------+-----------+-----------+------+----------+
        |- VITIS_LOOP_82_1  |        ?|        ?|        60|          4|          1|     ?|       yes|
        +-------------------+---------+---------+----------+-----------+-----------+------+----------+

============================================================
+ Verbose Summary: Synthesis Manager
============================================================
InlineROM: 1
ExposeGlobal: 0
============================================================
+ Verbose Summary: CDFG Model
============================================================
IsTopModel: 0
ResetActiveHigh: 1
IsCombinational: 0
IsDatapathOnly: 0
HasWiredReturn: 1
HasMFsm: 2
HasVarLatency: 1
IsPipeline: 0
IsRtlPipelined: 0
IsInstanceOverlapped: 0
IsDontTouch: 0
HasImplIP: 0
IsGatedGlobalClock: 0

+ Individual pipeline summary: 
  * Pipeline-0: initiation interval (II) = 4, depth = 60


============================================================
+ Verbose Summary: Schedule
============================================================
* Number of FSM states : 60
* Pipeline : 1
  Pipeline-0 : II = 4, D = 60, States = { 1 2 3 4 5 6 7 8 9 10 11 12 13 14 15 16 17 18 19 20 21 22 23 24 25 26 27 28 29 30 31 32 33 34 35 36 37 38 39 40 41 42 43 44 45 46 47 48 49 50 51 52 53 54 55 56 57 58 59 60 }
* Dataflow Pipeline: 0

* FSM state transitions: 
1 --> 2 
2 --> 3 
3 --> 4 
4 --> 5 
5 --> 6 
6 --> 7 
7 --> 8 
8 --> 9 
9 --> 10 
10 --> 11 
11 --> 12 
12 --> 13 
13 --> 14 
14 --> 15 
15 --> 16 
16 --> 17 
17 --> 18 
18 --> 19 
19 --> 20 
20 --> 21 
21 --> 22 
22 --> 23 
23 --> 24 
24 --> 25 
25 --> 26 
26 --> 27 
27 --> 28 
28 --> 29 
29 --> 30 
30 --> 31 
31 --> 32 
32 --> 33 
33 --> 34 
34 --> 35 
35 --> 36 
36 --> 37 
37 --> 38 
38 --> 39 
39 --> 40 
40 --> 41 
41 --> 42 
42 --> 43 
43 --> 44 
44 --> 45 
45 --> 46 
46 --> 47 
47 --> 48 
48 --> 49 
49 --> 50 
50 --> 51 
51 --> 52 
52 --> 53 
53 --> 54 
54 --> 55 
55 --> 56 
56 --> 57 
57 --> 58 
58 --> 59 
59 --> 60 
60 --> 

* FSM state operations: 

State 1 <SV = 0> <Delay = 6.04>
ST_1 : Operation 63 [1/1] (0.00ns)   --->   "%sum = alloca i32 1" [Coefficients.cpp:80->Coefficients.cpp:29]   --->   Operation 63 'alloca' 'sum' <Predicate = true> <Delay = 0.00>
ST_1 : Operation 64 [1/1] (0.00ns)   --->   "%i = alloca i32 1" [Coefficients.cpp:82->Coefficients.cpp:29]   --->   Operation 64 'alloca' 'i' <Predicate = true> <Delay = 0.00>
ST_1 : Operation 65 [1/1] (0.00ns)   --->   "%omegaLower_read = read i64 @_ssdm_op_Read.ap_auto.double, i64 %omegaLower"   --->   Operation 65 'read' 'omegaLower_read' <Predicate = true> <Delay = 0.00>
ST_1 : Operation 66 [1/1] (0.00ns)   --->   "%omegaUpper_read = read i64 @_ssdm_op_Read.ap_auto.double, i64 %omegaUpper"   --->   Operation 66 'read' 'omegaUpper_read' <Predicate = true> <Delay = 0.00>
ST_1 : Operation 67 [1/1] (0.00ns)   --->   "%M_read = read i32 @_ssdm_op_Read.ap_auto.i32, i32 %M"   --->   Operation 67 'read' 'M_read' <Predicate = true> <Delay = 0.00>
ST_1 : Operation 68 [1/1] (0.00ns)   --->   "%conv26_i_read = read i64 @_ssdm_op_Read.ap_auto.double, i64 %conv26_i"   --->   Operation 68 'read' 'conv26_i_read' <Predicate = true> <Delay = 0.00>
ST_1 : Operation 69 [1/1] (0.00ns)   --->   "%div10_i_read = read i64 @_ssdm_op_Read.ap_auto.double, i64 %div10_i"   --->   Operation 69 'read' 'div10_i_read' <Predicate = true> <Delay = 0.00>
ST_1 : Operation 70 [1/1] (0.00ns)   --->   "%p_reload11_read = read i32 @_ssdm_op_Read.ap_auto.i32, i32 %p_reload11"   --->   Operation 70 'read' 'p_reload11_read' <Predicate = true> <Delay = 0.00>
ST_1 : Operation 71 [1/1] (0.42ns)   --->   "%store_ln82 = store i7 0, i7 %i" [Coefficients.cpp:82->Coefficients.cpp:29]   --->   Operation 71 'store' 'store_ln82' <Predicate = true> <Delay = 0.42>
ST_1 : Operation 72 [1/1] (0.42ns)   --->   "%store_ln80 = store i64 0, i64 %sum" [Coefficients.cpp:80->Coefficients.cpp:29]   --->   Operation 72 'store' 'store_ln80' <Predicate = true> <Delay = 0.42>
ST_1 : Operation 73 [1/1] (0.00ns)   --->   "%br_ln0 = br void %for.body.i"   --->   Operation 73 'br' 'br_ln0' <Predicate = true> <Delay = 0.00>
ST_1 : Operation 74 [1/1] (0.00ns)   --->   "%i_1 = load i7 %i" [Coefficients.cpp:82->Coefficients.cpp:29]   --->   Operation 74 'load' 'i_1' <Predicate = true> <Delay = 0.00>
ST_1 : Operation 75 [1/1] (0.00ns)   --->   "%zext_ln82_1 = zext i7 %i_1" [Coefficients.cpp:82->Coefficients.cpp:29]   --->   Operation 75 'zext' 'zext_ln82_1' <Predicate = true> <Delay = 0.00>
ST_1 : Operation 76 [1/1] (1.01ns)   --->   "%icmp_ln82 = icmp_slt  i32 %zext_ln82_1, i32 %p_reload11_read" [Coefficients.cpp:82->Coefficients.cpp:29]   --->   Operation 76 'icmp' 'icmp_ln82' <Predicate = true> <Delay = 1.01> <CoreInst = "Cmp">   --->   Core 9 'Cmp' <Latency = 0> <II = 1> <Delay = 1.01> <FuncUnit> <Opcode : 'seteq' 'setne' 'setle' 'setge' 'setlt' 'setgt'> <InPorts = 2> <OutPorts = 1>
ST_1 : Operation 77 [1/1] (0.00ns)   --->   "%br_ln82 = br i1 %icmp_ln82, void %for.end.i.loopexit.exitStub, void %for.body.i.split" [Coefficients.cpp:82->Coefficients.cpp:29]   --->   Operation 77 'br' 'br_ln82' <Predicate = true> <Delay = 0.00>
ST_1 : Operation 78 [1/1] (1.01ns)   --->   "%sub_ln88 = sub i32 %zext_ln82_1, i32 %M_read" [Coefficients.cpp:88->Coefficients.cpp:29]   --->   Operation 78 'sub' 'sub_ln88' <Predicate = (icmp_ln82)> <Delay = 1.01> <CoreInst = "Adder">   --->   Core 1 'Adder' <Latency = 0> <II = 1> <Delay = 1.01> <FuncUnit> <Opcode : 'add' 'sub'> <InPorts = 2> <OutPorts = 1>
ST_1 : Operation 79 [1/1] (1.01ns)   --->   "%icmp_ln88 = icmp_eq  i32 %zext_ln82_1, i32 %M_read" [Coefficients.cpp:88->Coefficients.cpp:29]   --->   Operation 79 'icmp' 'icmp_ln88' <Predicate = (icmp_ln82)> <Delay = 1.01> <CoreInst = "Cmp">   --->   Core 9 'Cmp' <Latency = 0> <II = 1> <Delay = 1.01> <FuncUnit> <Opcode : 'seteq' 'setne' 'setle' 'setge' 'setlt' 'setgt'> <InPorts = 2> <OutPorts = 1>
ST_1 : Operation 80 [1/1] (0.42ns)   --->   "%br_ln88 = br i1 %icmp_ln88, void %if.else.i, void %for.inc.i" [Coefficients.cpp:88->Coefficients.cpp:29]   --->   Operation 80 'br' 'br_ln88' <Predicate = (icmp_ln82)> <Delay = 0.42>
ST_1 : Operation 81 [4/4] (5.62ns)   --->   "%conv23_i = sitodp i32 %zext_ln82_1" [Coefficients.cpp:94->Coefficients.cpp:29]   --->   Operation 81 'sitodp' 'conv23_i' <Predicate = (icmp_ln82)> <Delay = 5.62> <CoreInst = "Int2Double">   --->   Core 66 'Int2Double' <Latency = 3> <II = 1> <Delay = 5.62> <FuncUnit> <Opcode : 'uitodp' 'sitodp'> <InPorts = 1> <OutPorts = 1>

State 2 <SV = 1> <Delay = 5.62>
ST_2 : Operation 82 [4/4] (5.62ns)   --->   "%conv11_i = sitodp i32 %sub_ln88" [Coefficients.cpp:91->Coefficients.cpp:29]   --->   Operation 82 'sitodp' 'conv11_i' <Predicate = (icmp_ln82 & !icmp_ln88)> <Delay = 5.62> <CoreInst = "Int2Double">   --->   Core 66 'Int2Double' <Latency = 3> <II = 1> <Delay = 5.62> <FuncUnit> <Opcode : 'uitodp' 'sitodp'> <InPorts = 1> <OutPorts = 1>
ST_2 : Operation 83 [3/4] (5.62ns)   --->   "%conv23_i = sitodp i32 %zext_ln82_1" [Coefficients.cpp:94->Coefficients.cpp:29]   --->   Operation 83 'sitodp' 'conv23_i' <Predicate = (icmp_ln82)> <Delay = 5.62> <CoreInst = "Int2Double">   --->   Core 66 'Int2Double' <Latency = 3> <II = 1> <Delay = 5.62> <FuncUnit> <Opcode : 'uitodp' 'sitodp'> <InPorts = 1> <OutPorts = 1>

State 3 <SV = 2> <Delay = 5.62>
ST_3 : Operation 84 [3/4] (5.62ns)   --->   "%conv11_i = sitodp i32 %sub_ln88" [Coefficients.cpp:91->Coefficients.cpp:29]   --->   Operation 84 'sitodp' 'conv11_i' <Predicate = (icmp_ln82 & !icmp_ln88)> <Delay = 5.62> <CoreInst = "Int2Double">   --->   Core 66 'Int2Double' <Latency = 3> <II = 1> <Delay = 5.62> <FuncUnit> <Opcode : 'uitodp' 'sitodp'> <InPorts = 1> <OutPorts = 1>
ST_3 : Operation 85 [2/4] (5.62ns)   --->   "%conv23_i = sitodp i32 %zext_ln82_1" [Coefficients.cpp:94->Coefficients.cpp:29]   --->   Operation 85 'sitodp' 'conv23_i' <Predicate = (icmp_ln82)> <Delay = 5.62> <CoreInst = "Int2Double">   --->   Core 66 'Int2Double' <Latency = 3> <II = 1> <Delay = 5.62> <FuncUnit> <Opcode : 'uitodp' 'sitodp'> <InPorts = 1> <OutPorts = 1>

State 4 <SV = 3> <Delay = 5.62>
ST_4 : Operation 86 [1/1] (0.77ns)   --->   "%add_ln82 = add i7 %i_1, i7 1" [Coefficients.cpp:82->Coefficients.cpp:29]   --->   Operation 86 'add' 'add_ln82' <Predicate = true> <Delay = 0.77> <CoreInst = "Adder">   --->   Core 1 'Adder' <Latency = 0> <II = 1> <Delay = 0.77> <FuncUnit> <Opcode : 'add' 'sub'> <InPorts = 2> <OutPorts = 1>
ST_4 : Operation 87 [2/4] (5.62ns)   --->   "%conv11_i = sitodp i32 %sub_ln88" [Coefficients.cpp:91->Coefficients.cpp:29]   --->   Operation 87 'sitodp' 'conv11_i' <Predicate = (icmp_ln82 & !icmp_ln88)> <Delay = 5.62> <CoreInst = "Int2Double">   --->   Core 66 'Int2Double' <Latency = 3> <II = 1> <Delay = 5.62> <FuncUnit> <Opcode : 'uitodp' 'sitodp'> <InPorts = 1> <OutPorts = 1>
ST_4 : Operation 88 [1/4] (5.62ns)   --->   "%conv23_i = sitodp i32 %zext_ln82_1" [Coefficients.cpp:94->Coefficients.cpp:29]   --->   Operation 88 'sitodp' 'conv23_i' <Predicate = (icmp_ln82)> <Delay = 5.62> <CoreInst = "Int2Double">   --->   Core 66 'Int2Double' <Latency = 3> <II = 1> <Delay = 5.62> <FuncUnit> <Opcode : 'uitodp' 'sitodp'> <InPorts = 1> <OutPorts = 1>
ST_4 : Operation 89 [1/1] (0.42ns)   --->   "%store_ln82 = store i7 %add_ln82, i7 %i" [Coefficients.cpp:82->Coefficients.cpp:29]   --->   Operation 89 'store' 'store_ln82' <Predicate = (icmp_ln82)> <Delay = 0.42>

State 5 <SV = 4> <Delay = 7.04>
ST_5 : Operation 90 [1/4] (5.62ns)   --->   "%conv11_i = sitodp i32 %sub_ln88" [Coefficients.cpp:91->Coefficients.cpp:29]   --->   Operation 90 'sitodp' 'conv11_i' <Predicate = (icmp_ln82 & !icmp_ln88)> <Delay = 5.62> <CoreInst = "Int2Double">   --->   Core 66 'Int2Double' <Latency = 3> <II = 1> <Delay = 5.62> <FuncUnit> <Opcode : 'uitodp' 'sitodp'> <InPorts = 1> <OutPorts = 1>
ST_5 : Operation 91 [5/5] (7.04ns)   --->   "%mul24_i = dmul i64 %conv23_i, i64 6.28319" [Coefficients.cpp:94->Coefficients.cpp:29]   --->   Operation 91 'dmul' 'mul24_i' <Predicate = true> <Delay = 7.04> <CoreInst = "DMul_maxdsp">   --->   Core 49 'DMul_maxdsp' <Latency = 4> <II = 1> <Delay = 7.04> <FuncUnit> <Opcode : 'dmul'> <InPorts = 2> <OutPorts = 1>

State 6 <SV = 5> <Delay = 7.04>
ST_6 : Operation 92 [5/5] (7.04ns)   --->   "%mul12_i = dmul i64 %omegaUpper_read, i64 %conv11_i" [Coefficients.cpp:91->Coefficients.cpp:29]   --->   Operation 92 'dmul' 'mul12_i' <Predicate = (icmp_ln82 & !icmp_ln88)> <Delay = 7.04> <CoreInst = "DMul_maxdsp">   --->   Core 49 'DMul_maxdsp' <Latency = 4> <II = 1> <Delay = 7.04> <FuncUnit> <Opcode : 'dmul'> <InPorts = 2> <OutPorts = 1>
ST_6 : Operation 93 [5/5] (7.04ns)   --->   "%mul15_i = dmul i64 %omegaLower_read, i64 %conv11_i" [Coefficients.cpp:91->Coefficients.cpp:29]   --->   Operation 93 'dmul' 'mul15_i' <Predicate = (icmp_ln82 & !icmp_ln88)> <Delay = 7.04> <CoreInst = "DMul_maxdsp">   --->   Core 49 'DMul_maxdsp' <Latency = 4> <II = 1> <Delay = 7.04> <FuncUnit> <Opcode : 'dmul'> <InPorts = 2> <OutPorts = 1>
ST_6 : Operation 94 [4/5] (7.04ns)   --->   "%mul24_i = dmul i64 %conv23_i, i64 6.28319" [Coefficients.cpp:94->Coefficients.cpp:29]   --->   Operation 94 'dmul' 'mul24_i' <Predicate = true> <Delay = 7.04> <CoreInst = "DMul_maxdsp">   --->   Core 49 'DMul_maxdsp' <Latency = 4> <II = 1> <Delay = 7.04> <FuncUnit> <Opcode : 'dmul'> <InPorts = 2> <OutPorts = 1>

State 7 <SV = 6> <Delay = 7.04>
ST_7 : Operation 95 [4/5] (7.04ns)   --->   "%mul12_i = dmul i64 %omegaUpper_read, i64 %conv11_i" [Coefficients.cpp:91->Coefficients.cpp:29]   --->   Operation 95 'dmul' 'mul12_i' <Predicate = (icmp_ln82 & !icmp_ln88)> <Delay = 7.04> <CoreInst = "DMul_maxdsp">   --->   Core 49 'DMul_maxdsp' <Latency = 4> <II = 1> <Delay = 7.04> <FuncUnit> <Opcode : 'dmul'> <InPorts = 2> <OutPorts = 1>
ST_7 : Operation 96 [4/5] (7.04ns)   --->   "%mul15_i = dmul i64 %omegaLower_read, i64 %conv11_i" [Coefficients.cpp:91->Coefficients.cpp:29]   --->   Operation 96 'dmul' 'mul15_i' <Predicate = (icmp_ln82 & !icmp_ln88)> <Delay = 7.04> <CoreInst = "DMul_maxdsp">   --->   Core 49 'DMul_maxdsp' <Latency = 4> <II = 1> <Delay = 7.04> <FuncUnit> <Opcode : 'dmul'> <InPorts = 2> <OutPorts = 1>
ST_7 : Operation 97 [5/5] (7.04ns)   --->   "%mul21_i = dmul i64 %conv11_i, i64 3.14159" [Coefficients.cpp:91->Coefficients.cpp:29]   --->   Operation 97 'dmul' 'mul21_i' <Predicate = (icmp_ln82 & !icmp_ln88)> <Delay = 7.04> <CoreInst = "DMul_maxdsp">   --->   Core 49 'DMul_maxdsp' <Latency = 4> <II = 1> <Delay = 7.04> <FuncUnit> <Opcode : 'dmul'> <InPorts = 2> <OutPorts = 1>
ST_7 : Operation 98 [3/5] (7.04ns)   --->   "%mul24_i = dmul i64 %conv23_i, i64 6.28319" [Coefficients.cpp:94->Coefficients.cpp:29]   --->   Operation 98 'dmul' 'mul24_i' <Predicate = true> <Delay = 7.04> <CoreInst = "DMul_maxdsp">   --->   Core 49 'DMul_maxdsp' <Latency = 4> <II = 1> <Delay = 7.04> <FuncUnit> <Opcode : 'dmul'> <InPorts = 2> <OutPorts = 1>

State 8 <SV = 7> <Delay = 7.04>
ST_8 : Operation 99 [3/5] (7.04ns)   --->   "%mul12_i = dmul i64 %omegaUpper_read, i64 %conv11_i" [Coefficients.cpp:91->Coefficients.cpp:29]   --->   Operation 99 'dmul' 'mul12_i' <Predicate = (icmp_ln82 & !icmp_ln88)> <Delay = 7.04> <CoreInst = "DMul_maxdsp">   --->   Core 49 'DMul_maxdsp' <Latency = 4> <II = 1> <Delay = 7.04> <FuncUnit> <Opcode : 'dmul'> <InPorts = 2> <OutPorts = 1>
ST_8 : Operation 100 [3/5] (7.04ns)   --->   "%mul15_i = dmul i64 %omegaLower_read, i64 %conv11_i" [Coefficients.cpp:91->Coefficients.cpp:29]   --->   Operation 100 'dmul' 'mul15_i' <Predicate = (icmp_ln82 & !icmp_ln88)> <Delay = 7.04> <CoreInst = "DMul_maxdsp">   --->   Core 49 'DMul_maxdsp' <Latency = 4> <II = 1> <Delay = 7.04> <FuncUnit> <Opcode : 'dmul'> <InPorts = 2> <OutPorts = 1>
ST_8 : Operation 101 [4/5] (7.04ns)   --->   "%mul21_i = dmul i64 %conv11_i, i64 3.14159" [Coefficients.cpp:91->Coefficients.cpp:29]   --->   Operation 101 'dmul' 'mul21_i' <Predicate = (icmp_ln82 & !icmp_ln88)> <Delay = 7.04> <CoreInst = "DMul_maxdsp">   --->   Core 49 'DMul_maxdsp' <Latency = 4> <II = 1> <Delay = 7.04> <FuncUnit> <Opcode : 'dmul'> <InPorts = 2> <OutPorts = 1>
ST_8 : Operation 102 [2/5] (7.04ns)   --->   "%mul24_i = dmul i64 %conv23_i, i64 6.28319" [Coefficients.cpp:94->Coefficients.cpp:29]   --->   Operation 102 'dmul' 'mul24_i' <Predicate = true> <Delay = 7.04> <CoreInst = "DMul_maxdsp">   --->   Core 49 'DMul_maxdsp' <Latency = 4> <II = 1> <Delay = 7.04> <FuncUnit> <Opcode : 'dmul'> <InPorts = 2> <OutPorts = 1>

State 9 <SV = 8> <Delay = 7.04>
ST_9 : Operation 103 [2/5] (7.04ns)   --->   "%mul12_i = dmul i64 %omegaUpper_read, i64 %conv11_i" [Coefficients.cpp:91->Coefficients.cpp:29]   --->   Operation 103 'dmul' 'mul12_i' <Predicate = (icmp_ln82 & !icmp_ln88)> <Delay = 7.04> <CoreInst = "DMul_maxdsp">   --->   Core 49 'DMul_maxdsp' <Latency = 4> <II = 1> <Delay = 7.04> <FuncUnit> <Opcode : 'dmul'> <InPorts = 2> <OutPorts = 1>
ST_9 : Operation 104 [2/5] (7.04ns)   --->   "%mul15_i = dmul i64 %omegaLower_read, i64 %conv11_i" [Coefficients.cpp:91->Coefficients.cpp:29]   --->   Operation 104 'dmul' 'mul15_i' <Predicate = (icmp_ln82 & !icmp_ln88)> <Delay = 7.04> <CoreInst = "DMul_maxdsp">   --->   Core 49 'DMul_maxdsp' <Latency = 4> <II = 1> <Delay = 7.04> <FuncUnit> <Opcode : 'dmul'> <InPorts = 2> <OutPorts = 1>
ST_9 : Operation 105 [3/5] (7.04ns)   --->   "%mul21_i = dmul i64 %conv11_i, i64 3.14159" [Coefficients.cpp:91->Coefficients.cpp:29]   --->   Operation 105 'dmul' 'mul21_i' <Predicate = (icmp_ln82 & !icmp_ln88)> <Delay = 7.04> <CoreInst = "DMul_maxdsp">   --->   Core 49 'DMul_maxdsp' <Latency = 4> <II = 1> <Delay = 7.04> <FuncUnit> <Opcode : 'dmul'> <InPorts = 2> <OutPorts = 1>
ST_9 : Operation 106 [1/5] (7.04ns)   --->   "%mul24_i = dmul i64 %conv23_i, i64 6.28319" [Coefficients.cpp:94->Coefficients.cpp:29]   --->   Operation 106 'dmul' 'mul24_i' <Predicate = true> <Delay = 7.04> <CoreInst = "DMul_maxdsp">   --->   Core 49 'DMul_maxdsp' <Latency = 4> <II = 1> <Delay = 7.04> <FuncUnit> <Opcode : 'dmul'> <InPorts = 2> <OutPorts = 1>

State 10 <SV = 9> <Delay = 7.04>
ST_10 : Operation 107 [1/5] (7.04ns)   --->   "%mul12_i = dmul i64 %omegaUpper_read, i64 %conv11_i" [Coefficients.cpp:91->Coefficients.cpp:29]   --->   Operation 107 'dmul' 'mul12_i' <Predicate = (icmp_ln82 & !icmp_ln88)> <Delay = 7.04> <CoreInst = "DMul_maxdsp">   --->   Core 49 'DMul_maxdsp' <Latency = 4> <II = 1> <Delay = 7.04> <FuncUnit> <Opcode : 'dmul'> <InPorts = 2> <OutPorts = 1>
ST_10 : Operation 108 [1/5] (7.04ns)   --->   "%mul15_i = dmul i64 %omegaLower_read, i64 %conv11_i" [Coefficients.cpp:91->Coefficients.cpp:29]   --->   Operation 108 'dmul' 'mul15_i' <Predicate = (icmp_ln82 & !icmp_ln88)> <Delay = 7.04> <CoreInst = "DMul_maxdsp">   --->   Core 49 'DMul_maxdsp' <Latency = 4> <II = 1> <Delay = 7.04> <FuncUnit> <Opcode : 'dmul'> <InPorts = 2> <OutPorts = 1>
ST_10 : Operation 109 [2/5] (7.04ns)   --->   "%mul21_i = dmul i64 %conv11_i, i64 3.14159" [Coefficients.cpp:91->Coefficients.cpp:29]   --->   Operation 109 'dmul' 'mul21_i' <Predicate = (icmp_ln82 & !icmp_ln88)> <Delay = 7.04> <CoreInst = "DMul_maxdsp">   --->   Core 49 'DMul_maxdsp' <Latency = 4> <II = 1> <Delay = 7.04> <FuncUnit> <Opcode : 'dmul'> <InPorts = 2> <OutPorts = 1>
ST_10 : Operation 110 [22/22] (5.92ns)   --->   "%div27_i = ddiv i64 %mul24_i, i64 %conv26_i_read" [Coefficients.cpp:94->Coefficients.cpp:29]   --->   Operation 110 'ddiv' 'div27_i' <Predicate = true> <Delay = 5.92> <CoreInst = "DDiv">   --->   Core 39 'DDiv' <Latency = 21> <II = 1> <Delay = 5.92> <FuncUnit> <Opcode : 'ddiv' 'drem'> <InPorts = 2> <OutPorts = 1>

State 11 <SV = 10> <Delay = 7.04>
ST_11 : Operation 111 [2/2] (2.89ns)   --->   "%x_assign = fptrunc i64 %mul12_i" [Coefficients.cpp:91->Coefficients.cpp:29]   --->   Operation 111 'fptrunc' 'x_assign' <Predicate = (icmp_ln82 & !icmp_ln88)> <Delay = 2.89> <CoreInst = "Double2Float">   --->   Core 67 'Double2Float' <Latency = 1> <II = 1> <Delay = 2.89> <FuncUnit> <Opcode : 'fptrunc'> <InPorts = 1> <OutPorts = 1>
ST_11 : Operation 112 [1/5] (7.04ns)   --->   "%mul21_i = dmul i64 %conv11_i, i64 3.14159" [Coefficients.cpp:91->Coefficients.cpp:29]   --->   Operation 112 'dmul' 'mul21_i' <Predicate = (icmp_ln82 & !icmp_ln88)> <Delay = 7.04> <CoreInst = "DMul_maxdsp">   --->   Core 49 'DMul_maxdsp' <Latency = 4> <II = 1> <Delay = 7.04> <FuncUnit> <Opcode : 'dmul'> <InPorts = 2> <OutPorts = 1>
ST_11 : Operation 113 [21/22] (5.92ns)   --->   "%div27_i = ddiv i64 %mul24_i, i64 %conv26_i_read" [Coefficients.cpp:94->Coefficients.cpp:29]   --->   Operation 113 'ddiv' 'div27_i' <Predicate = true> <Delay = 5.92> <CoreInst = "DDiv">   --->   Core 39 'DDiv' <Latency = 21> <II = 1> <Delay = 5.92> <FuncUnit> <Opcode : 'ddiv' 'drem'> <InPorts = 2> <OutPorts = 1>

State 12 <SV = 11> <Delay = 5.92>
ST_12 : Operation 114 [1/2] (2.89ns)   --->   "%x_assign = fptrunc i64 %mul12_i" [Coefficients.cpp:91->Coefficients.cpp:29]   --->   Operation 114 'fptrunc' 'x_assign' <Predicate = (icmp_ln82 & !icmp_ln88)> <Delay = 2.89> <CoreInst = "Double2Float">   --->   Core 67 'Double2Float' <Latency = 1> <II = 1> <Delay = 2.89> <FuncUnit> <Opcode : 'fptrunc'> <InPorts = 1> <OutPorts = 1>
ST_12 : Operation 115 [7/7] (1.83ns)   --->   "%tmp = call i32 @sin_or_cos<float>, i32 %x_assign, i1 0, i100 %ref_4oPi_table_100, i30 %second_order_float_sin_cos_K0, i23 %second_order_float_sin_cos_K1, i15 %second_order_float_sin_cos_K2" [C:\scratch\2024.1\hls_product\545\2024.1\src\shared\hls\clib\hlsmath\src\common\hls_hotbm_float.cpp:123->C:\scratch\2024.1\hls_product\545\2024.1\src\shared\hls\clib\hlsmath\src\c++\sincoshotbmfloat.cpp:10->C:\scratch\2024.1\hls_product\545\2024.1\src\shared\hls\clib\hlsmath\src\c++\sincoshotbmfloat.cpp:42->Coefficients.cpp:91->Coefficients.cpp:29]   --->   Operation 115 'call' 'tmp' <Predicate = (icmp_ln82 & !icmp_ln88)> <Delay = 1.83> <CoreType = "Generic">   --->   Core 0 '' <Latency = 0> <II = 1> <Delay = 1.00> <Generic> <Opcode : >
ST_12 : Operation 116 [2/2] (2.89ns)   --->   "%x_assign_1 = fptrunc i64 %mul15_i" [Coefficients.cpp:91->Coefficients.cpp:29]   --->   Operation 116 'fptrunc' 'x_assign_1' <Predicate = (icmp_ln82 & !icmp_ln88)> <Delay = 2.89> <CoreInst = "Double2Float">   --->   Core 67 'Double2Float' <Latency = 1> <II = 1> <Delay = 2.89> <FuncUnit> <Opcode : 'fptrunc'> <InPorts = 1> <OutPorts = 1>
ST_12 : Operation 117 [20/22] (5.92ns)   --->   "%div27_i = ddiv i64 %mul24_i, i64 %conv26_i_read" [Coefficients.cpp:94->Coefficients.cpp:29]   --->   Operation 117 'ddiv' 'div27_i' <Predicate = true> <Delay = 5.92> <CoreInst = "DDiv">   --->   Core 39 'DDiv' <Latency = 21> <II = 1> <Delay = 5.92> <FuncUnit> <Opcode : 'ddiv' 'drem'> <InPorts = 2> <OutPorts = 1>

State 13 <SV = 12> <Delay = 7.00>
ST_13 : Operation 118 [6/7] (7.00ns)   --->   "%tmp = call i32 @sin_or_cos<float>, i32 %x_assign, i1 0, i100 %ref_4oPi_table_100, i30 %second_order_float_sin_cos_K0, i23 %second_order_float_sin_cos_K1, i15 %second_order_float_sin_cos_K2" [C:\scratch\2024.1\hls_product\545\2024.1\src\shared\hls\clib\hlsmath\src\common\hls_hotbm_float.cpp:123->C:\scratch\2024.1\hls_product\545\2024.1\src\shared\hls\clib\hlsmath\src\c++\sincoshotbmfloat.cpp:10->C:\scratch\2024.1\hls_product\545\2024.1\src\shared\hls\clib\hlsmath\src\c++\sincoshotbmfloat.cpp:42->Coefficients.cpp:91->Coefficients.cpp:29]   --->   Operation 118 'call' 'tmp' <Predicate = (icmp_ln82 & !icmp_ln88)> <Delay = 7.00> <CoreType = "Generic">   --->   Core 0 '' <Latency = 0> <II = 1> <Delay = 1.00> <Generic> <Opcode : >
ST_13 : Operation 119 [1/2] (2.89ns)   --->   "%x_assign_1 = fptrunc i64 %mul15_i" [Coefficients.cpp:91->Coefficients.cpp:29]   --->   Operation 119 'fptrunc' 'x_assign_1' <Predicate = (icmp_ln82 & !icmp_ln88)> <Delay = 2.89> <CoreInst = "Double2Float">   --->   Core 67 'Double2Float' <Latency = 1> <II = 1> <Delay = 2.89> <FuncUnit> <Opcode : 'fptrunc'> <InPorts = 1> <OutPorts = 1>
ST_13 : Operation 120 [7/7] (1.83ns)   --->   "%tmp_s = call i32 @sin_or_cos<float>, i32 %x_assign_1, i1 0, i100 %ref_4oPi_table_100, i30 %second_order_float_sin_cos_K0, i23 %second_order_float_sin_cos_K1, i15 %second_order_float_sin_cos_K2" [C:\scratch\2024.1\hls_product\545\2024.1\src\shared\hls\clib\hlsmath\src\common\hls_hotbm_float.cpp:123->C:\scratch\2024.1\hls_product\545\2024.1\src\shared\hls\clib\hlsmath\src\c++\sincoshotbmfloat.cpp:10->C:\scratch\2024.1\hls_product\545\2024.1\src\shared\hls\clib\hlsmath\src\c++\sincoshotbmfloat.cpp:42->Coefficients.cpp:91->Coefficients.cpp:29]   --->   Operation 120 'call' 'tmp_s' <Predicate = (icmp_ln82 & !icmp_ln88)> <Delay = 1.83> <CoreType = "Generic">   --->   Core 0 '' <Latency = 0> <II = 1> <Delay = 1.00> <Generic> <Opcode : >
ST_13 : Operation 121 [19/22] (5.92ns)   --->   "%div27_i = ddiv i64 %mul24_i, i64 %conv26_i_read" [Coefficients.cpp:94->Coefficients.cpp:29]   --->   Operation 121 'ddiv' 'div27_i' <Predicate = true> <Delay = 5.92> <CoreInst = "DDiv">   --->   Core 39 'DDiv' <Latency = 21> <II = 1> <Delay = 5.92> <FuncUnit> <Opcode : 'ddiv' 'drem'> <InPorts = 2> <OutPorts = 1>

State 14 <SV = 13> <Delay = 7.00>
ST_14 : Operation 122 [5/7] (7.00ns)   --->   "%tmp = call i32 @sin_or_cos<float>, i32 %x_assign, i1 0, i100 %ref_4oPi_table_100, i30 %second_order_float_sin_cos_K0, i23 %second_order_float_sin_cos_K1, i15 %second_order_float_sin_cos_K2" [C:\scratch\2024.1\hls_product\545\2024.1\src\shared\hls\clib\hlsmath\src\common\hls_hotbm_float.cpp:123->C:\scratch\2024.1\hls_product\545\2024.1\src\shared\hls\clib\hlsmath\src\c++\sincoshotbmfloat.cpp:10->C:\scratch\2024.1\hls_product\545\2024.1\src\shared\hls\clib\hlsmath\src\c++\sincoshotbmfloat.cpp:42->Coefficients.cpp:91->Coefficients.cpp:29]   --->   Operation 122 'call' 'tmp' <Predicate = (icmp_ln82 & !icmp_ln88)> <Delay = 7.00> <CoreType = "Generic">   --->   Core 0 '' <Latency = 0> <II = 1> <Delay = 1.00> <Generic> <Opcode : >
ST_14 : Operation 123 [6/7] (7.00ns)   --->   "%tmp_s = call i32 @sin_or_cos<float>, i32 %x_assign_1, i1 0, i100 %ref_4oPi_table_100, i30 %second_order_float_sin_cos_K0, i23 %second_order_float_sin_cos_K1, i15 %second_order_float_sin_cos_K2" [C:\scratch\2024.1\hls_product\545\2024.1\src\shared\hls\clib\hlsmath\src\common\hls_hotbm_float.cpp:123->C:\scratch\2024.1\hls_product\545\2024.1\src\shared\hls\clib\hlsmath\src\c++\sincoshotbmfloat.cpp:10->C:\scratch\2024.1\hls_product\545\2024.1\src\shared\hls\clib\hlsmath\src\c++\sincoshotbmfloat.cpp:42->Coefficients.cpp:91->Coefficients.cpp:29]   --->   Operation 123 'call' 'tmp_s' <Predicate = (icmp_ln82 & !icmp_ln88)> <Delay = 7.00> <CoreType = "Generic">   --->   Core 0 '' <Latency = 0> <II = 1> <Delay = 1.00> <Generic> <Opcode : >
ST_14 : Operation 124 [18/22] (5.92ns)   --->   "%div27_i = ddiv i64 %mul24_i, i64 %conv26_i_read" [Coefficients.cpp:94->Coefficients.cpp:29]   --->   Operation 124 'ddiv' 'div27_i' <Predicate = true> <Delay = 5.92> <CoreInst = "DDiv">   --->   Core 39 'DDiv' <Latency = 21> <II = 1> <Delay = 5.92> <FuncUnit> <Opcode : 'ddiv' 'drem'> <InPorts = 2> <OutPorts = 1>

State 15 <SV = 14> <Delay = 7.00>
ST_15 : Operation 125 [4/7] (7.00ns)   --->   "%tmp = call i32 @sin_or_cos<float>, i32 %x_assign, i1 0, i100 %ref_4oPi_table_100, i30 %second_order_float_sin_cos_K0, i23 %second_order_float_sin_cos_K1, i15 %second_order_float_sin_cos_K2" [C:\scratch\2024.1\hls_product\545\2024.1\src\shared\hls\clib\hlsmath\src\common\hls_hotbm_float.cpp:123->C:\scratch\2024.1\hls_product\545\2024.1\src\shared\hls\clib\hlsmath\src\c++\sincoshotbmfloat.cpp:10->C:\scratch\2024.1\hls_product\545\2024.1\src\shared\hls\clib\hlsmath\src\c++\sincoshotbmfloat.cpp:42->Coefficients.cpp:91->Coefficients.cpp:29]   --->   Operation 125 'call' 'tmp' <Predicate = (icmp_ln82 & !icmp_ln88)> <Delay = 7.00> <CoreType = "Generic">   --->   Core 0 '' <Latency = 0> <II = 1> <Delay = 1.00> <Generic> <Opcode : >
ST_15 : Operation 126 [5/7] (7.00ns)   --->   "%tmp_s = call i32 @sin_or_cos<float>, i32 %x_assign_1, i1 0, i100 %ref_4oPi_table_100, i30 %second_order_float_sin_cos_K0, i23 %second_order_float_sin_cos_K1, i15 %second_order_float_sin_cos_K2" [C:\scratch\2024.1\hls_product\545\2024.1\src\shared\hls\clib\hlsmath\src\common\hls_hotbm_float.cpp:123->C:\scratch\2024.1\hls_product\545\2024.1\src\shared\hls\clib\hlsmath\src\c++\sincoshotbmfloat.cpp:10->C:\scratch\2024.1\hls_product\545\2024.1\src\shared\hls\clib\hlsmath\src\c++\sincoshotbmfloat.cpp:42->Coefficients.cpp:91->Coefficients.cpp:29]   --->   Operation 126 'call' 'tmp_s' <Predicate = (icmp_ln82 & !icmp_ln88)> <Delay = 7.00> <CoreType = "Generic">   --->   Core 0 '' <Latency = 0> <II = 1> <Delay = 1.00> <Generic> <Opcode : >
ST_15 : Operation 127 [17/22] (5.92ns)   --->   "%div27_i = ddiv i64 %mul24_i, i64 %conv26_i_read" [Coefficients.cpp:94->Coefficients.cpp:29]   --->   Operation 127 'ddiv' 'div27_i' <Predicate = true> <Delay = 5.92> <CoreInst = "DDiv">   --->   Core 39 'DDiv' <Latency = 21> <II = 1> <Delay = 5.92> <FuncUnit> <Opcode : 'ddiv' 'drem'> <InPorts = 2> <OutPorts = 1>

State 16 <SV = 15> <Delay = 7.00>
ST_16 : Operation 128 [3/7] (7.00ns)   --->   "%tmp = call i32 @sin_or_cos<float>, i32 %x_assign, i1 0, i100 %ref_4oPi_table_100, i30 %second_order_float_sin_cos_K0, i23 %second_order_float_sin_cos_K1, i15 %second_order_float_sin_cos_K2" [C:\scratch\2024.1\hls_product\545\2024.1\src\shared\hls\clib\hlsmath\src\common\hls_hotbm_float.cpp:123->C:\scratch\2024.1\hls_product\545\2024.1\src\shared\hls\clib\hlsmath\src\c++\sincoshotbmfloat.cpp:10->C:\scratch\2024.1\hls_product\545\2024.1\src\shared\hls\clib\hlsmath\src\c++\sincoshotbmfloat.cpp:42->Coefficients.cpp:91->Coefficients.cpp:29]   --->   Operation 128 'call' 'tmp' <Predicate = (icmp_ln82 & !icmp_ln88)> <Delay = 7.00> <CoreType = "Generic">   --->   Core 0 '' <Latency = 0> <II = 1> <Delay = 1.00> <Generic> <Opcode : >
ST_16 : Operation 129 [4/7] (7.00ns)   --->   "%tmp_s = call i32 @sin_or_cos<float>, i32 %x_assign_1, i1 0, i100 %ref_4oPi_table_100, i30 %second_order_float_sin_cos_K0, i23 %second_order_float_sin_cos_K1, i15 %second_order_float_sin_cos_K2" [C:\scratch\2024.1\hls_product\545\2024.1\src\shared\hls\clib\hlsmath\src\common\hls_hotbm_float.cpp:123->C:\scratch\2024.1\hls_product\545\2024.1\src\shared\hls\clib\hlsmath\src\c++\sincoshotbmfloat.cpp:10->C:\scratch\2024.1\hls_product\545\2024.1\src\shared\hls\clib\hlsmath\src\c++\sincoshotbmfloat.cpp:42->Coefficients.cpp:91->Coefficients.cpp:29]   --->   Operation 129 'call' 'tmp_s' <Predicate = (icmp_ln82 & !icmp_ln88)> <Delay = 7.00> <CoreType = "Generic">   --->   Core 0 '' <Latency = 0> <II = 1> <Delay = 1.00> <Generic> <Opcode : >
ST_16 : Operation 130 [16/22] (5.92ns)   --->   "%div27_i = ddiv i64 %mul24_i, i64 %conv26_i_read" [Coefficients.cpp:94->Coefficients.cpp:29]   --->   Operation 130 'ddiv' 'div27_i' <Predicate = true> <Delay = 5.92> <CoreInst = "DDiv">   --->   Core 39 'DDiv' <Latency = 21> <II = 1> <Delay = 5.92> <FuncUnit> <Opcode : 'ddiv' 'drem'> <InPorts = 2> <OutPorts = 1>

State 17 <SV = 16> <Delay = 7.00>
ST_17 : Operation 131 [2/7] (7.00ns)   --->   "%tmp = call i32 @sin_or_cos<float>, i32 %x_assign, i1 0, i100 %ref_4oPi_table_100, i30 %second_order_float_sin_cos_K0, i23 %second_order_float_sin_cos_K1, i15 %second_order_float_sin_cos_K2" [C:\scratch\2024.1\hls_product\545\2024.1\src\shared\hls\clib\hlsmath\src\common\hls_hotbm_float.cpp:123->C:\scratch\2024.1\hls_product\545\2024.1\src\shared\hls\clib\hlsmath\src\c++\sincoshotbmfloat.cpp:10->C:\scratch\2024.1\hls_product\545\2024.1\src\shared\hls\clib\hlsmath\src\c++\sincoshotbmfloat.cpp:42->Coefficients.cpp:91->Coefficients.cpp:29]   --->   Operation 131 'call' 'tmp' <Predicate = (icmp_ln82 & !icmp_ln88)> <Delay = 7.00> <CoreType = "Generic">   --->   Core 0 '' <Latency = 0> <II = 1> <Delay = 1.00> <Generic> <Opcode : >
ST_17 : Operation 132 [3/7] (7.00ns)   --->   "%tmp_s = call i32 @sin_or_cos<float>, i32 %x_assign_1, i1 0, i100 %ref_4oPi_table_100, i30 %second_order_float_sin_cos_K0, i23 %second_order_float_sin_cos_K1, i15 %second_order_float_sin_cos_K2" [C:\scratch\2024.1\hls_product\545\2024.1\src\shared\hls\clib\hlsmath\src\common\hls_hotbm_float.cpp:123->C:\scratch\2024.1\hls_product\545\2024.1\src\shared\hls\clib\hlsmath\src\c++\sincoshotbmfloat.cpp:10->C:\scratch\2024.1\hls_product\545\2024.1\src\shared\hls\clib\hlsmath\src\c++\sincoshotbmfloat.cpp:42->Coefficients.cpp:91->Coefficients.cpp:29]   --->   Operation 132 'call' 'tmp_s' <Predicate = (icmp_ln82 & !icmp_ln88)> <Delay = 7.00> <CoreType = "Generic">   --->   Core 0 '' <Latency = 0> <II = 1> <Delay = 1.00> <Generic> <Opcode : >
ST_17 : Operation 133 [15/22] (5.92ns)   --->   "%div27_i = ddiv i64 %mul24_i, i64 %conv26_i_read" [Coefficients.cpp:94->Coefficients.cpp:29]   --->   Operation 133 'ddiv' 'div27_i' <Predicate = true> <Delay = 5.92> <CoreInst = "DDiv">   --->   Core 39 'DDiv' <Latency = 21> <II = 1> <Delay = 5.92> <FuncUnit> <Opcode : 'ddiv' 'drem'> <InPorts = 2> <OutPorts = 1>

State 18 <SV = 17> <Delay = 7.00>
ST_18 : Operation 134 [1/7] (7.00ns)   --->   "%tmp = call i32 @sin_or_cos<float>, i32 %x_assign, i1 0, i100 %ref_4oPi_table_100, i30 %second_order_float_sin_cos_K0, i23 %second_order_float_sin_cos_K1, i15 %second_order_float_sin_cos_K2" [C:\scratch\2024.1\hls_product\545\2024.1\src\shared\hls\clib\hlsmath\src\common\hls_hotbm_float.cpp:123->C:\scratch\2024.1\hls_product\545\2024.1\src\shared\hls\clib\hlsmath\src\c++\sincoshotbmfloat.cpp:10->C:\scratch\2024.1\hls_product\545\2024.1\src\shared\hls\clib\hlsmath\src\c++\sincoshotbmfloat.cpp:42->Coefficients.cpp:91->Coefficients.cpp:29]   --->   Operation 134 'call' 'tmp' <Predicate = (icmp_ln82 & !icmp_ln88)> <Delay = 7.00> <CoreType = "Generic">   --->   Core 0 '' <Latency = 0> <II = 1> <Delay = 1.00> <Generic> <Opcode : >
ST_18 : Operation 135 [2/7] (7.00ns)   --->   "%tmp_s = call i32 @sin_or_cos<float>, i32 %x_assign_1, i1 0, i100 %ref_4oPi_table_100, i30 %second_order_float_sin_cos_K0, i23 %second_order_float_sin_cos_K1, i15 %second_order_float_sin_cos_K2" [C:\scratch\2024.1\hls_product\545\2024.1\src\shared\hls\clib\hlsmath\src\common\hls_hotbm_float.cpp:123->C:\scratch\2024.1\hls_product\545\2024.1\src\shared\hls\clib\hlsmath\src\c++\sincoshotbmfloat.cpp:10->C:\scratch\2024.1\hls_product\545\2024.1\src\shared\hls\clib\hlsmath\src\c++\sincoshotbmfloat.cpp:42->Coefficients.cpp:91->Coefficients.cpp:29]   --->   Operation 135 'call' 'tmp_s' <Predicate = (icmp_ln82 & !icmp_ln88)> <Delay = 7.00> <CoreType = "Generic">   --->   Core 0 '' <Latency = 0> <II = 1> <Delay = 1.00> <Generic> <Opcode : >
ST_18 : Operation 136 [14/22] (5.92ns)   --->   "%div27_i = ddiv i64 %mul24_i, i64 %conv26_i_read" [Coefficients.cpp:94->Coefficients.cpp:29]   --->   Operation 136 'ddiv' 'div27_i' <Predicate = true> <Delay = 5.92> <CoreInst = "DDiv">   --->   Core 39 'DDiv' <Latency = 21> <II = 1> <Delay = 5.92> <FuncUnit> <Opcode : 'ddiv' 'drem'> <InPorts = 2> <OutPorts = 1>

State 19 <SV = 18> <Delay = 7.00>
ST_19 : Operation 137 [1/7] (7.00ns)   --->   "%tmp_s = call i32 @sin_or_cos<float>, i32 %x_assign_1, i1 0, i100 %ref_4oPi_table_100, i30 %second_order_float_sin_cos_K0, i23 %second_order_float_sin_cos_K1, i15 %second_order_float_sin_cos_K2" [C:\scratch\2024.1\hls_product\545\2024.1\src\shared\hls\clib\hlsmath\src\common\hls_hotbm_float.cpp:123->C:\scratch\2024.1\hls_product\545\2024.1\src\shared\hls\clib\hlsmath\src\c++\sincoshotbmfloat.cpp:10->C:\scratch\2024.1\hls_product\545\2024.1\src\shared\hls\clib\hlsmath\src\c++\sincoshotbmfloat.cpp:42->Coefficients.cpp:91->Coefficients.cpp:29]   --->   Operation 137 'call' 'tmp_s' <Predicate = (icmp_ln82 & !icmp_ln88)> <Delay = 7.00> <CoreType = "Generic">   --->   Core 0 '' <Latency = 0> <II = 1> <Delay = 1.00> <Generic> <Opcode : >
ST_19 : Operation 138 [13/22] (5.92ns)   --->   "%div27_i = ddiv i64 %mul24_i, i64 %conv26_i_read" [Coefficients.cpp:94->Coefficients.cpp:29]   --->   Operation 138 'ddiv' 'div27_i' <Predicate = true> <Delay = 5.92> <CoreInst = "DDiv">   --->   Core 39 'DDiv' <Latency = 21> <II = 1> <Delay = 5.92> <FuncUnit> <Opcode : 'ddiv' 'drem'> <InPorts = 2> <OutPorts = 1>

State 20 <SV = 19> <Delay = 6.43>
ST_20 : Operation 139 [4/4] (6.43ns)   --->   "%sub18_i = fsub i32 %tmp, i32 %tmp_s" [Coefficients.cpp:91->Coefficients.cpp:29]   --->   Operation 139 'fsub' 'sub18_i' <Predicate = (icmp_ln82 & !icmp_ln88)> <Delay = 6.43> <CoreInst = "FAddSub_fulldsp">   --->   Core 18 'FAddSub_fulldsp' <Latency = 3> <II = 1> <Delay = 6.43> <FuncUnit> <Opcode : 'fadd' 'fsub'> <InPorts = 2> <OutPorts = 1>
ST_20 : Operation 140 [12/22] (5.92ns)   --->   "%div27_i = ddiv i64 %mul24_i, i64 %conv26_i_read" [Coefficients.cpp:94->Coefficients.cpp:29]   --->   Operation 140 'ddiv' 'div27_i' <Predicate = true> <Delay = 5.92> <CoreInst = "DDiv">   --->   Core 39 'DDiv' <Latency = 21> <II = 1> <Delay = 5.92> <FuncUnit> <Opcode : 'ddiv' 'drem'> <InPorts = 2> <OutPorts = 1>

State 21 <SV = 20> <Delay = 6.43>
ST_21 : Operation 141 [3/4] (6.43ns)   --->   "%sub18_i = fsub i32 %tmp, i32 %tmp_s" [Coefficients.cpp:91->Coefficients.cpp:29]   --->   Operation 141 'fsub' 'sub18_i' <Predicate = (icmp_ln82 & !icmp_ln88)> <Delay = 6.43> <CoreInst = "FAddSub_fulldsp">   --->   Core 18 'FAddSub_fulldsp' <Latency = 3> <II = 1> <Delay = 6.43> <FuncUnit> <Opcode : 'fadd' 'fsub'> <InPorts = 2> <OutPorts = 1>
ST_21 : Operation 142 [11/22] (5.92ns)   --->   "%div27_i = ddiv i64 %mul24_i, i64 %conv26_i_read" [Coefficients.cpp:94->Coefficients.cpp:29]   --->   Operation 142 'ddiv' 'div27_i' <Predicate = true> <Delay = 5.92> <CoreInst = "DDiv">   --->   Core 39 'DDiv' <Latency = 21> <II = 1> <Delay = 5.92> <FuncUnit> <Opcode : 'ddiv' 'drem'> <InPorts = 2> <OutPorts = 1>

State 22 <SV = 21> <Delay = 6.43>
ST_22 : Operation 143 [2/4] (6.43ns)   --->   "%sub18_i = fsub i32 %tmp, i32 %tmp_s" [Coefficients.cpp:91->Coefficients.cpp:29]   --->   Operation 143 'fsub' 'sub18_i' <Predicate = (icmp_ln82 & !icmp_ln88)> <Delay = 6.43> <CoreInst = "FAddSub_fulldsp">   --->   Core 18 'FAddSub_fulldsp' <Latency = 3> <II = 1> <Delay = 6.43> <FuncUnit> <Opcode : 'fadd' 'fsub'> <InPorts = 2> <OutPorts = 1>
ST_22 : Operation 144 [10/22] (5.92ns)   --->   "%div27_i = ddiv i64 %mul24_i, i64 %conv26_i_read" [Coefficients.cpp:94->Coefficients.cpp:29]   --->   Operation 144 'ddiv' 'div27_i' <Predicate = true> <Delay = 5.92> <CoreInst = "DDiv">   --->   Core 39 'DDiv' <Latency = 21> <II = 1> <Delay = 5.92> <FuncUnit> <Opcode : 'ddiv' 'drem'> <InPorts = 2> <OutPorts = 1>

State 23 <SV = 22> <Delay = 6.43>
ST_23 : Operation 145 [1/4] (6.43ns)   --->   "%sub18_i = fsub i32 %tmp, i32 %tmp_s" [Coefficients.cpp:91->Coefficients.cpp:29]   --->   Operation 145 'fsub' 'sub18_i' <Predicate = (icmp_ln82 & !icmp_ln88)> <Delay = 6.43> <CoreInst = "FAddSub_fulldsp">   --->   Core 18 'FAddSub_fulldsp' <Latency = 3> <II = 1> <Delay = 6.43> <FuncUnit> <Opcode : 'fadd' 'fsub'> <InPorts = 2> <OutPorts = 1>
ST_23 : Operation 146 [9/22] (5.92ns)   --->   "%div27_i = ddiv i64 %mul24_i, i64 %conv26_i_read" [Coefficients.cpp:94->Coefficients.cpp:29]   --->   Operation 146 'ddiv' 'div27_i' <Predicate = true> <Delay = 5.92> <CoreInst = "DDiv">   --->   Core 39 'DDiv' <Latency = 21> <II = 1> <Delay = 5.92> <FuncUnit> <Opcode : 'ddiv' 'drem'> <InPorts = 2> <OutPorts = 1>

State 24 <SV = 23> <Delay = 5.92>
ST_24 : Operation 147 [2/2] (2.30ns)   --->   "%conv19_i = fpext i32 %sub18_i" [Coefficients.cpp:91->Coefficients.cpp:29]   --->   Operation 147 'fpext' 'conv19_i' <Predicate = (icmp_ln82 & !icmp_ln88)> <Delay = 2.30> <CoreInst = "Float2Double">   --->   Core 64 'Float2Double' <Latency = 1> <II = 1> <Delay = 2.30> <FuncUnit> <Opcode : 'fpext'> <InPorts = 1> <OutPorts = 1>
ST_24 : Operation 148 [8/22] (5.92ns)   --->   "%div27_i = ddiv i64 %mul24_i, i64 %conv26_i_read" [Coefficients.cpp:94->Coefficients.cpp:29]   --->   Operation 148 'ddiv' 'div27_i' <Predicate = true> <Delay = 5.92> <CoreInst = "DDiv">   --->   Core 39 'DDiv' <Latency = 21> <II = 1> <Delay = 5.92> <FuncUnit> <Opcode : 'ddiv' 'drem'> <InPorts = 2> <OutPorts = 1>

State 25 <SV = 24> <Delay = 5.92>
ST_25 : Operation 149 [1/2] (2.30ns)   --->   "%conv19_i = fpext i32 %sub18_i" [Coefficients.cpp:91->Coefficients.cpp:29]   --->   Operation 149 'fpext' 'conv19_i' <Predicate = (icmp_ln82 & !icmp_ln88)> <Delay = 2.30> <CoreInst = "Float2Double">   --->   Core 64 'Float2Double' <Latency = 1> <II = 1> <Delay = 2.30> <FuncUnit> <Opcode : 'fpext'> <InPorts = 1> <OutPorts = 1>
ST_25 : Operation 150 [7/22] (5.92ns)   --->   "%div27_i = ddiv i64 %mul24_i, i64 %conv26_i_read" [Coefficients.cpp:94->Coefficients.cpp:29]   --->   Operation 150 'ddiv' 'div27_i' <Predicate = true> <Delay = 5.92> <CoreInst = "DDiv">   --->   Core 39 'DDiv' <Latency = 21> <II = 1> <Delay = 5.92> <FuncUnit> <Opcode : 'ddiv' 'drem'> <InPorts = 2> <OutPorts = 1>

State 26 <SV = 25> <Delay = 5.92>
ST_26 : Operation 151 [6/22] (5.92ns)   --->   "%div27_i = ddiv i64 %mul24_i, i64 %conv26_i_read" [Coefficients.cpp:94->Coefficients.cpp:29]   --->   Operation 151 'ddiv' 'div27_i' <Predicate = true> <Delay = 5.92> <CoreInst = "DDiv">   --->   Core 39 'DDiv' <Latency = 21> <II = 1> <Delay = 5.92> <FuncUnit> <Opcode : 'ddiv' 'drem'> <InPorts = 2> <OutPorts = 1>

State 27 <SV = 26> <Delay = 5.92>
ST_27 : Operation 152 [22/22] (5.92ns)   --->   "%val = ddiv i64 %conv19_i, i64 %mul21_i" [Coefficients.cpp:91->Coefficients.cpp:29]   --->   Operation 152 'ddiv' 'val' <Predicate = (icmp_ln82 & !icmp_ln88)> <Delay = 5.92> <CoreInst = "DDiv">   --->   Core 39 'DDiv' <Latency = 21> <II = 1> <Delay = 5.92> <FuncUnit> <Opcode : 'ddiv' 'drem'> <InPorts = 2> <OutPorts = 1>
ST_27 : Operation 153 [5/22] (5.92ns)   --->   "%div27_i = ddiv i64 %mul24_i, i64 %conv26_i_read" [Coefficients.cpp:94->Coefficients.cpp:29]   --->   Operation 153 'ddiv' 'div27_i' <Predicate = true> <Delay = 5.92> <CoreInst = "DDiv">   --->   Core 39 'DDiv' <Latency = 21> <II = 1> <Delay = 5.92> <FuncUnit> <Opcode : 'ddiv' 'drem'> <InPorts = 2> <OutPorts = 1>

State 28 <SV = 27> <Delay = 5.92>
ST_28 : Operation 154 [21/22] (5.92ns)   --->   "%val = ddiv i64 %conv19_i, i64 %mul21_i" [Coefficients.cpp:91->Coefficients.cpp:29]   --->   Operation 154 'ddiv' 'val' <Predicate = (icmp_ln82 & !icmp_ln88)> <Delay = 5.92> <CoreInst = "DDiv">   --->   Core 39 'DDiv' <Latency = 21> <II = 1> <Delay = 5.92> <FuncUnit> <Opcode : 'ddiv' 'drem'> <InPorts = 2> <OutPorts = 1>
ST_28 : Operation 155 [4/22] (5.92ns)   --->   "%div27_i = ddiv i64 %mul24_i, i64 %conv26_i_read" [Coefficients.cpp:94->Coefficients.cpp:29]   --->   Operation 155 'ddiv' 'div27_i' <Predicate = true> <Delay = 5.92> <CoreInst = "DDiv">   --->   Core 39 'DDiv' <Latency = 21> <II = 1> <Delay = 5.92> <FuncUnit> <Opcode : 'ddiv' 'drem'> <InPorts = 2> <OutPorts = 1>

State 29 <SV = 28> <Delay = 5.92>
ST_29 : Operation 156 [20/22] (5.92ns)   --->   "%val = ddiv i64 %conv19_i, i64 %mul21_i" [Coefficients.cpp:91->Coefficients.cpp:29]   --->   Operation 156 'ddiv' 'val' <Predicate = (icmp_ln82 & !icmp_ln88)> <Delay = 5.92> <CoreInst = "DDiv">   --->   Core 39 'DDiv' <Latency = 21> <II = 1> <Delay = 5.92> <FuncUnit> <Opcode : 'ddiv' 'drem'> <InPorts = 2> <OutPorts = 1>
ST_29 : Operation 157 [3/22] (5.92ns)   --->   "%div27_i = ddiv i64 %mul24_i, i64 %conv26_i_read" [Coefficients.cpp:94->Coefficients.cpp:29]   --->   Operation 157 'ddiv' 'div27_i' <Predicate = true> <Delay = 5.92> <CoreInst = "DDiv">   --->   Core 39 'DDiv' <Latency = 21> <II = 1> <Delay = 5.92> <FuncUnit> <Opcode : 'ddiv' 'drem'> <InPorts = 2> <OutPorts = 1>

State 30 <SV = 29> <Delay = 5.92>
ST_30 : Operation 158 [19/22] (5.92ns)   --->   "%val = ddiv i64 %conv19_i, i64 %mul21_i" [Coefficients.cpp:91->Coefficients.cpp:29]   --->   Operation 158 'ddiv' 'val' <Predicate = (icmp_ln82 & !icmp_ln88)> <Delay = 5.92> <CoreInst = "DDiv">   --->   Core 39 'DDiv' <Latency = 21> <II = 1> <Delay = 5.92> <FuncUnit> <Opcode : 'ddiv' 'drem'> <InPorts = 2> <OutPorts = 1>
ST_30 : Operation 159 [2/22] (5.92ns)   --->   "%div27_i = ddiv i64 %mul24_i, i64 %conv26_i_read" [Coefficients.cpp:94->Coefficients.cpp:29]   --->   Operation 159 'ddiv' 'div27_i' <Predicate = true> <Delay = 5.92> <CoreInst = "DDiv">   --->   Core 39 'DDiv' <Latency = 21> <II = 1> <Delay = 5.92> <FuncUnit> <Opcode : 'ddiv' 'drem'> <InPorts = 2> <OutPorts = 1>

State 31 <SV = 30> <Delay = 5.92>
ST_31 : Operation 160 [18/22] (5.92ns)   --->   "%val = ddiv i64 %conv19_i, i64 %mul21_i" [Coefficients.cpp:91->Coefficients.cpp:29]   --->   Operation 160 'ddiv' 'val' <Predicate = (icmp_ln82 & !icmp_ln88)> <Delay = 5.92> <CoreInst = "DDiv">   --->   Core 39 'DDiv' <Latency = 21> <II = 1> <Delay = 5.92> <FuncUnit> <Opcode : 'ddiv' 'drem'> <InPorts = 2> <OutPorts = 1>
ST_31 : Operation 161 [1/22] (5.92ns)   --->   "%div27_i = ddiv i64 %mul24_i, i64 %conv26_i_read" [Coefficients.cpp:94->Coefficients.cpp:29]   --->   Operation 161 'ddiv' 'div27_i' <Predicate = true> <Delay = 5.92> <CoreInst = "DDiv">   --->   Core 39 'DDiv' <Latency = 21> <II = 1> <Delay = 5.92> <FuncUnit> <Opcode : 'ddiv' 'drem'> <InPorts = 2> <OutPorts = 1>

State 32 <SV = 31> <Delay = 5.92>
ST_32 : Operation 162 [17/22] (5.92ns)   --->   "%val = ddiv i64 %conv19_i, i64 %mul21_i" [Coefficients.cpp:91->Coefficients.cpp:29]   --->   Operation 162 'ddiv' 'val' <Predicate = (icmp_ln82 & !icmp_ln88)> <Delay = 5.92> <CoreInst = "DDiv">   --->   Core 39 'DDiv' <Latency = 21> <II = 1> <Delay = 5.92> <FuncUnit> <Opcode : 'ddiv' 'drem'> <InPorts = 2> <OutPorts = 1>

State 33 <SV = 32> <Delay = 5.92>
ST_33 : Operation 163 [16/22] (5.92ns)   --->   "%val = ddiv i64 %conv19_i, i64 %mul21_i" [Coefficients.cpp:91->Coefficients.cpp:29]   --->   Operation 163 'ddiv' 'val' <Predicate = (icmp_ln82 & !icmp_ln88)> <Delay = 5.92> <CoreInst = "DDiv">   --->   Core 39 'DDiv' <Latency = 21> <II = 1> <Delay = 5.92> <FuncUnit> <Opcode : 'ddiv' 'drem'> <InPorts = 2> <OutPorts = 1>
ST_33 : Operation 164 [2/2] (2.89ns)   --->   "%x_assign_2 = fptrunc i64 %div27_i" [Coefficients.cpp:94->Coefficients.cpp:29]   --->   Operation 164 'fptrunc' 'x_assign_2' <Predicate = true> <Delay = 2.89> <CoreInst = "Double2Float">   --->   Core 67 'Double2Float' <Latency = 1> <II = 1> <Delay = 2.89> <FuncUnit> <Opcode : 'fptrunc'> <InPorts = 1> <OutPorts = 1>

State 34 <SV = 33> <Delay = 5.92>
ST_34 : Operation 165 [15/22] (5.92ns)   --->   "%val = ddiv i64 %conv19_i, i64 %mul21_i" [Coefficients.cpp:91->Coefficients.cpp:29]   --->   Operation 165 'ddiv' 'val' <Predicate = (icmp_ln82 & !icmp_ln88)> <Delay = 5.92> <CoreInst = "DDiv">   --->   Core 39 'DDiv' <Latency = 21> <II = 1> <Delay = 5.92> <FuncUnit> <Opcode : 'ddiv' 'drem'> <InPorts = 2> <OutPorts = 1>
ST_34 : Operation 166 [1/2] (2.89ns)   --->   "%x_assign_2 = fptrunc i64 %div27_i" [Coefficients.cpp:94->Coefficients.cpp:29]   --->   Operation 166 'fptrunc' 'x_assign_2' <Predicate = true> <Delay = 2.89> <CoreInst = "Double2Float">   --->   Core 67 'Double2Float' <Latency = 1> <II = 1> <Delay = 2.89> <FuncUnit> <Opcode : 'fptrunc'> <InPorts = 1> <OutPorts = 1>
ST_34 : Operation 167 [7/7] (1.83ns)   --->   "%tmp_14 = call i32 @sin_or_cos<float>, i32 %x_assign_2, i1 1, i100 %ref_4oPi_table_100, i30 %second_order_float_sin_cos_K0, i23 %second_order_float_sin_cos_K1, i15 %second_order_float_sin_cos_K2" [C:\scratch\2024.1\hls_product\545\2024.1\src\shared\hls\clib\hlsmath\src\common\hls_hotbm_float.cpp:127->C:\scratch\2024.1\hls_product\545\2024.1\src\shared\hls\clib\hlsmath\src\c++\sincoshotbmfloat.cpp:13->C:\scratch\2024.1\hls_product\545\2024.1\src\shared\hls\clib\hlsmath\src\c++\sincoshotbmfloat.cpp:45->Coefficients.cpp:94->Coefficients.cpp:29]   --->   Operation 167 'call' 'tmp_14' <Predicate = true> <Delay = 1.83> <CoreType = "Generic">   --->   Core 0 '' <Latency = 0> <II = 1> <Delay = 1.00> <Generic> <Opcode : >

State 35 <SV = 34> <Delay = 7.00>
ST_35 : Operation 168 [14/22] (5.92ns)   --->   "%val = ddiv i64 %conv19_i, i64 %mul21_i" [Coefficients.cpp:91->Coefficients.cpp:29]   --->   Operation 168 'ddiv' 'val' <Predicate = (icmp_ln82 & !icmp_ln88)> <Delay = 5.92> <CoreInst = "DDiv">   --->   Core 39 'DDiv' <Latency = 21> <II = 1> <Delay = 5.92> <FuncUnit> <Opcode : 'ddiv' 'drem'> <InPorts = 2> <OutPorts = 1>
ST_35 : Operation 169 [6/7] (7.00ns)   --->   "%tmp_14 = call i32 @sin_or_cos<float>, i32 %x_assign_2, i1 1, i100 %ref_4oPi_table_100, i30 %second_order_float_sin_cos_K0, i23 %second_order_float_sin_cos_K1, i15 %second_order_float_sin_cos_K2" [C:\scratch\2024.1\hls_product\545\2024.1\src\shared\hls\clib\hlsmath\src\common\hls_hotbm_float.cpp:127->C:\scratch\2024.1\hls_product\545\2024.1\src\shared\hls\clib\hlsmath\src\c++\sincoshotbmfloat.cpp:13->C:\scratch\2024.1\hls_product\545\2024.1\src\shared\hls\clib\hlsmath\src\c++\sincoshotbmfloat.cpp:45->Coefficients.cpp:94->Coefficients.cpp:29]   --->   Operation 169 'call' 'tmp_14' <Predicate = true> <Delay = 7.00> <CoreType = "Generic">   --->   Core 0 '' <Latency = 0> <II = 1> <Delay = 1.00> <Generic> <Opcode : >

State 36 <SV = 35> <Delay = 7.00>
ST_36 : Operation 170 [13/22] (5.92ns)   --->   "%val = ddiv i64 %conv19_i, i64 %mul21_i" [Coefficients.cpp:91->Coefficients.cpp:29]   --->   Operation 170 'ddiv' 'val' <Predicate = (icmp_ln82 & !icmp_ln88)> <Delay = 5.92> <CoreInst = "DDiv">   --->   Core 39 'DDiv' <Latency = 21> <II = 1> <Delay = 5.92> <FuncUnit> <Opcode : 'ddiv' 'drem'> <InPorts = 2> <OutPorts = 1>
ST_36 : Operation 171 [5/7] (7.00ns)   --->   "%tmp_14 = call i32 @sin_or_cos<float>, i32 %x_assign_2, i1 1, i100 %ref_4oPi_table_100, i30 %second_order_float_sin_cos_K0, i23 %second_order_float_sin_cos_K1, i15 %second_order_float_sin_cos_K2" [C:\scratch\2024.1\hls_product\545\2024.1\src\shared\hls\clib\hlsmath\src\common\hls_hotbm_float.cpp:127->C:\scratch\2024.1\hls_product\545\2024.1\src\shared\hls\clib\hlsmath\src\c++\sincoshotbmfloat.cpp:13->C:\scratch\2024.1\hls_product\545\2024.1\src\shared\hls\clib\hlsmath\src\c++\sincoshotbmfloat.cpp:45->Coefficients.cpp:94->Coefficients.cpp:29]   --->   Operation 171 'call' 'tmp_14' <Predicate = true> <Delay = 7.00> <CoreType = "Generic">   --->   Core 0 '' <Latency = 0> <II = 1> <Delay = 1.00> <Generic> <Opcode : >

State 37 <SV = 36> <Delay = 7.00>
ST_37 : Operation 172 [12/22] (5.92ns)   --->   "%val = ddiv i64 %conv19_i, i64 %mul21_i" [Coefficients.cpp:91->Coefficients.cpp:29]   --->   Operation 172 'ddiv' 'val' <Predicate = (icmp_ln82 & !icmp_ln88)> <Delay = 5.92> <CoreInst = "DDiv">   --->   Core 39 'DDiv' <Latency = 21> <II = 1> <Delay = 5.92> <FuncUnit> <Opcode : 'ddiv' 'drem'> <InPorts = 2> <OutPorts = 1>
ST_37 : Operation 173 [4/7] (7.00ns)   --->   "%tmp_14 = call i32 @sin_or_cos<float>, i32 %x_assign_2, i1 1, i100 %ref_4oPi_table_100, i30 %second_order_float_sin_cos_K0, i23 %second_order_float_sin_cos_K1, i15 %second_order_float_sin_cos_K2" [C:\scratch\2024.1\hls_product\545\2024.1\src\shared\hls\clib\hlsmath\src\common\hls_hotbm_float.cpp:127->C:\scratch\2024.1\hls_product\545\2024.1\src\shared\hls\clib\hlsmath\src\c++\sincoshotbmfloat.cpp:13->C:\scratch\2024.1\hls_product\545\2024.1\src\shared\hls\clib\hlsmath\src\c++\sincoshotbmfloat.cpp:45->Coefficients.cpp:94->Coefficients.cpp:29]   --->   Operation 173 'call' 'tmp_14' <Predicate = (icmp_ln82)> <Delay = 7.00> <CoreType = "Generic">   --->   Core 0 '' <Latency = 0> <II = 1> <Delay = 1.00> <Generic> <Opcode : >

State 38 <SV = 37> <Delay = 7.00>
ST_38 : Operation 174 [11/22] (5.92ns)   --->   "%val = ddiv i64 %conv19_i, i64 %mul21_i" [Coefficients.cpp:91->Coefficients.cpp:29]   --->   Operation 174 'ddiv' 'val' <Predicate = (icmp_ln82 & !icmp_ln88)> <Delay = 5.92> <CoreInst = "DDiv">   --->   Core 39 'DDiv' <Latency = 21> <II = 1> <Delay = 5.92> <FuncUnit> <Opcode : 'ddiv' 'drem'> <InPorts = 2> <OutPorts = 1>
ST_38 : Operation 175 [3/7] (7.00ns)   --->   "%tmp_14 = call i32 @sin_or_cos<float>, i32 %x_assign_2, i1 1, i100 %ref_4oPi_table_100, i30 %second_order_float_sin_cos_K0, i23 %second_order_float_sin_cos_K1, i15 %second_order_float_sin_cos_K2" [C:\scratch\2024.1\hls_product\545\2024.1\src\shared\hls\clib\hlsmath\src\common\hls_hotbm_float.cpp:127->C:\scratch\2024.1\hls_product\545\2024.1\src\shared\hls\clib\hlsmath\src\c++\sincoshotbmfloat.cpp:13->C:\scratch\2024.1\hls_product\545\2024.1\src\shared\hls\clib\hlsmath\src\c++\sincoshotbmfloat.cpp:45->Coefficients.cpp:94->Coefficients.cpp:29]   --->   Operation 175 'call' 'tmp_14' <Predicate = true> <Delay = 7.00> <CoreType = "Generic">   --->   Core 0 '' <Latency = 0> <II = 1> <Delay = 1.00> <Generic> <Opcode : >

State 39 <SV = 38> <Delay = 7.00>
ST_39 : Operation 176 [10/22] (5.92ns)   --->   "%val = ddiv i64 %conv19_i, i64 %mul21_i" [Coefficients.cpp:91->Coefficients.cpp:29]   --->   Operation 176 'ddiv' 'val' <Predicate = (icmp_ln82 & !icmp_ln88)> <Delay = 5.92> <CoreInst = "DDiv">   --->   Core 39 'DDiv' <Latency = 21> <II = 1> <Delay = 5.92> <FuncUnit> <Opcode : 'ddiv' 'drem'> <InPorts = 2> <OutPorts = 1>
ST_39 : Operation 177 [2/7] (7.00ns)   --->   "%tmp_14 = call i32 @sin_or_cos<float>, i32 %x_assign_2, i1 1, i100 %ref_4oPi_table_100, i30 %second_order_float_sin_cos_K0, i23 %second_order_float_sin_cos_K1, i15 %second_order_float_sin_cos_K2" [C:\scratch\2024.1\hls_product\545\2024.1\src\shared\hls\clib\hlsmath\src\common\hls_hotbm_float.cpp:127->C:\scratch\2024.1\hls_product\545\2024.1\src\shared\hls\clib\hlsmath\src\c++\sincoshotbmfloat.cpp:13->C:\scratch\2024.1\hls_product\545\2024.1\src\shared\hls\clib\hlsmath\src\c++\sincoshotbmfloat.cpp:45->Coefficients.cpp:94->Coefficients.cpp:29]   --->   Operation 177 'call' 'tmp_14' <Predicate = true> <Delay = 7.00> <CoreType = "Generic">   --->   Core 0 '' <Latency = 0> <II = 1> <Delay = 1.00> <Generic> <Opcode : >

State 40 <SV = 39> <Delay = 7.00>
ST_40 : Operation 178 [9/22] (5.92ns)   --->   "%val = ddiv i64 %conv19_i, i64 %mul21_i" [Coefficients.cpp:91->Coefficients.cpp:29]   --->   Operation 178 'ddiv' 'val' <Predicate = (icmp_ln82 & !icmp_ln88)> <Delay = 5.92> <CoreInst = "DDiv">   --->   Core 39 'DDiv' <Latency = 21> <II = 1> <Delay = 5.92> <FuncUnit> <Opcode : 'ddiv' 'drem'> <InPorts = 2> <OutPorts = 1>
ST_40 : Operation 179 [1/7] (7.00ns)   --->   "%tmp_14 = call i32 @sin_or_cos<float>, i32 %x_assign_2, i1 1, i100 %ref_4oPi_table_100, i30 %second_order_float_sin_cos_K0, i23 %second_order_float_sin_cos_K1, i15 %second_order_float_sin_cos_K2" [C:\scratch\2024.1\hls_product\545\2024.1\src\shared\hls\clib\hlsmath\src\common\hls_hotbm_float.cpp:127->C:\scratch\2024.1\hls_product\545\2024.1\src\shared\hls\clib\hlsmath\src\c++\sincoshotbmfloat.cpp:13->C:\scratch\2024.1\hls_product\545\2024.1\src\shared\hls\clib\hlsmath\src\c++\sincoshotbmfloat.cpp:45->Coefficients.cpp:94->Coefficients.cpp:29]   --->   Operation 179 'call' 'tmp_14' <Predicate = true> <Delay = 7.00> <CoreType = "Generic">   --->   Core 0 '' <Latency = 0> <II = 1> <Delay = 1.00> <Generic> <Opcode : >

State 41 <SV = 40> <Delay = 5.92>
ST_41 : Operation 180 [8/22] (5.92ns)   --->   "%val = ddiv i64 %conv19_i, i64 %mul21_i" [Coefficients.cpp:91->Coefficients.cpp:29]   --->   Operation 180 'ddiv' 'val' <Predicate = (icmp_ln82 & !icmp_ln88)> <Delay = 5.92> <CoreInst = "DDiv">   --->   Core 39 'DDiv' <Latency = 21> <II = 1> <Delay = 5.92> <FuncUnit> <Opcode : 'ddiv' 'drem'> <InPorts = 2> <OutPorts = 1>

State 42 <SV = 41> <Delay = 7.01>
ST_42 : Operation 181 [7/22] (5.92ns)   --->   "%val = ddiv i64 %conv19_i, i64 %mul21_i" [Coefficients.cpp:91->Coefficients.cpp:29]   --->   Operation 181 'ddiv' 'val' <Predicate = (icmp_ln82 & !icmp_ln88)> <Delay = 5.92> <CoreInst = "DDiv">   --->   Core 39 'DDiv' <Latency = 21> <II = 1> <Delay = 5.92> <FuncUnit> <Opcode : 'ddiv' 'drem'> <InPorts = 2> <OutPorts = 1>
ST_42 : Operation 182 [3/3] (7.01ns)   --->   "%mul30_i = fmul i32 %tmp_14, i32 0.46" [Coefficients.cpp:94->Coefficients.cpp:29]   --->   Operation 182 'fmul' 'mul30_i' <Predicate = true> <Delay = 7.01> <CoreInst = "FMul_maxdsp">   --->   Core 30 'FMul_maxdsp' <Latency = 2> <II = 1> <Delay = 7.01> <FuncUnit> <Opcode : 'fmul'> <InPorts = 2> <OutPorts = 1>

State 43 <SV = 42> <Delay = 7.01>
ST_43 : Operation 183 [6/22] (5.92ns)   --->   "%val = ddiv i64 %conv19_i, i64 %mul21_i" [Coefficients.cpp:91->Coefficients.cpp:29]   --->   Operation 183 'ddiv' 'val' <Predicate = (icmp_ln82 & !icmp_ln88)> <Delay = 5.92> <CoreInst = "DDiv">   --->   Core 39 'DDiv' <Latency = 21> <II = 1> <Delay = 5.92> <FuncUnit> <Opcode : 'ddiv' 'drem'> <InPorts = 2> <OutPorts = 1>
ST_43 : Operation 184 [2/3] (7.01ns)   --->   "%mul30_i = fmul i32 %tmp_14, i32 0.46" [Coefficients.cpp:94->Coefficients.cpp:29]   --->   Operation 184 'fmul' 'mul30_i' <Predicate = true> <Delay = 7.01> <CoreInst = "FMul_maxdsp">   --->   Core 30 'FMul_maxdsp' <Latency = 2> <II = 1> <Delay = 7.01> <FuncUnit> <Opcode : 'fmul'> <InPorts = 2> <OutPorts = 1>

State 44 <SV = 43> <Delay = 7.01>
ST_44 : Operation 185 [5/22] (5.92ns)   --->   "%val = ddiv i64 %conv19_i, i64 %mul21_i" [Coefficients.cpp:91->Coefficients.cpp:29]   --->   Operation 185 'ddiv' 'val' <Predicate = (icmp_ln82 & !icmp_ln88)> <Delay = 5.92> <CoreInst = "DDiv">   --->   Core 39 'DDiv' <Latency = 21> <II = 1> <Delay = 5.92> <FuncUnit> <Opcode : 'ddiv' 'drem'> <InPorts = 2> <OutPorts = 1>
ST_44 : Operation 186 [1/3] (7.01ns)   --->   "%mul30_i = fmul i32 %tmp_14, i32 0.46" [Coefficients.cpp:94->Coefficients.cpp:29]   --->   Operation 186 'fmul' 'mul30_i' <Predicate = true> <Delay = 7.01> <CoreInst = "FMul_maxdsp">   --->   Core 30 'FMul_maxdsp' <Latency = 2> <II = 1> <Delay = 7.01> <FuncUnit> <Opcode : 'fmul'> <InPorts = 2> <OutPorts = 1>

State 45 <SV = 44> <Delay = 6.43>
ST_45 : Operation 187 [4/22] (5.92ns)   --->   "%val = ddiv i64 %conv19_i, i64 %mul21_i" [Coefficients.cpp:91->Coefficients.cpp:29]   --->   Operation 187 'ddiv' 'val' <Predicate = (icmp_ln82 & !icmp_ln88)> <Delay = 5.92> <CoreInst = "DDiv">   --->   Core 39 'DDiv' <Latency = 21> <II = 1> <Delay = 5.92> <FuncUnit> <Opcode : 'ddiv' 'drem'> <InPorts = 2> <OutPorts = 1>
ST_45 : Operation 188 [4/4] (6.43ns)   --->   "%sub31_i = fsub i32 0.54, i32 %mul30_i" [Coefficients.cpp:94->Coefficients.cpp:29]   --->   Operation 188 'fsub' 'sub31_i' <Predicate = true> <Delay = 6.43> <CoreInst = "FAddSub_fulldsp">   --->   Core 18 'FAddSub_fulldsp' <Latency = 3> <II = 1> <Delay = 6.43> <FuncUnit> <Opcode : 'fadd' 'fsub'> <InPorts = 2> <OutPorts = 1>

State 46 <SV = 45> <Delay = 6.43>
ST_46 : Operation 189 [3/22] (5.92ns)   --->   "%val = ddiv i64 %conv19_i, i64 %mul21_i" [Coefficients.cpp:91->Coefficients.cpp:29]   --->   Operation 189 'ddiv' 'val' <Predicate = (icmp_ln82 & !icmp_ln88)> <Delay = 5.92> <CoreInst = "DDiv">   --->   Core 39 'DDiv' <Latency = 21> <II = 1> <Delay = 5.92> <FuncUnit> <Opcode : 'ddiv' 'drem'> <InPorts = 2> <OutPorts = 1>
ST_46 : Operation 190 [3/4] (6.43ns)   --->   "%sub31_i = fsub i32 0.54, i32 %mul30_i" [Coefficients.cpp:94->Coefficients.cpp:29]   --->   Operation 190 'fsub' 'sub31_i' <Predicate = true> <Delay = 6.43> <CoreInst = "FAddSub_fulldsp">   --->   Core 18 'FAddSub_fulldsp' <Latency = 3> <II = 1> <Delay = 6.43> <FuncUnit> <Opcode : 'fadd' 'fsub'> <InPorts = 2> <OutPorts = 1>

State 47 <SV = 46> <Delay = 6.43>
ST_47 : Operation 191 [2/22] (5.92ns)   --->   "%val = ddiv i64 %conv19_i, i64 %mul21_i" [Coefficients.cpp:91->Coefficients.cpp:29]   --->   Operation 191 'ddiv' 'val' <Predicate = (icmp_ln82 & !icmp_ln88)> <Delay = 5.92> <CoreInst = "DDiv">   --->   Core 39 'DDiv' <Latency = 21> <II = 1> <Delay = 5.92> <FuncUnit> <Opcode : 'ddiv' 'drem'> <InPorts = 2> <OutPorts = 1>
ST_47 : Operation 192 [2/4] (6.43ns)   --->   "%sub31_i = fsub i32 0.54, i32 %mul30_i" [Coefficients.cpp:94->Coefficients.cpp:29]   --->   Operation 192 'fsub' 'sub31_i' <Predicate = true> <Delay = 6.43> <CoreInst = "FAddSub_fulldsp">   --->   Core 18 'FAddSub_fulldsp' <Latency = 3> <II = 1> <Delay = 6.43> <FuncUnit> <Opcode : 'fadd' 'fsub'> <InPorts = 2> <OutPorts = 1>

State 48 <SV = 47> <Delay = 6.43>
ST_48 : Operation 193 [1/22] (5.92ns)   --->   "%val = ddiv i64 %conv19_i, i64 %mul21_i" [Coefficients.cpp:91->Coefficients.cpp:29]   --->   Operation 193 'ddiv' 'val' <Predicate = (icmp_ln82 & !icmp_ln88)> <Delay = 5.92> <CoreInst = "DDiv">   --->   Core 39 'DDiv' <Latency = 21> <II = 1> <Delay = 5.92> <FuncUnit> <Opcode : 'ddiv' 'drem'> <InPorts = 2> <OutPorts = 1>
ST_48 : Operation 194 [1/1] (0.42ns)   --->   "%br_ln0 = br void %for.inc.i"   --->   Operation 194 'br' 'br_ln0' <Predicate = (icmp_ln82 & !icmp_ln88)> <Delay = 0.42>
ST_48 : Operation 195 [1/4] (6.43ns)   --->   "%sub31_i = fsub i32 0.54, i32 %mul30_i" [Coefficients.cpp:94->Coefficients.cpp:29]   --->   Operation 195 'fsub' 'sub31_i' <Predicate = true> <Delay = 6.43> <CoreInst = "FAddSub_fulldsp">   --->   Core 18 'FAddSub_fulldsp' <Latency = 3> <II = 1> <Delay = 6.43> <FuncUnit> <Opcode : 'fadd' 'fsub'> <InPorts = 2> <OutPorts = 1>

State 49 <SV = 48> <Delay = 2.30>
ST_49 : Operation 196 [1/1] (0.00ns)   --->   "%val_1 = phi i64 %val, void %if.else.i, i64 %div10_i_read, void %for.body.i.split"   --->   Operation 196 'phi' 'val_1' <Predicate = true> <Delay = 0.00>
ST_49 : Operation 197 [2/2] (2.30ns)   --->   "%w = fpext i32 %sub31_i" [Coefficients.cpp:94->Coefficients.cpp:29]   --->   Operation 197 'fpext' 'w' <Predicate = true> <Delay = 2.30> <CoreInst = "Float2Double">   --->   Core 64 'Float2Double' <Latency = 1> <II = 1> <Delay = 2.30> <FuncUnit> <Opcode : 'fpext'> <InPorts = 1> <OutPorts = 1>

State 50 <SV = 49> <Delay = 2.30>
ST_50 : Operation 198 [1/2] (2.30ns)   --->   "%w = fpext i32 %sub31_i" [Coefficients.cpp:94->Coefficients.cpp:29]   --->   Operation 198 'fpext' 'w' <Predicate = true> <Delay = 2.30> <CoreInst = "Float2Double">   --->   Core 64 'Float2Double' <Latency = 1> <II = 1> <Delay = 2.30> <FuncUnit> <Opcode : 'fpext'> <InPorts = 1> <OutPorts = 1>

State 51 <SV = 50> <Delay = 7.04>
ST_51 : Operation 199 [5/5] (7.04ns)   --->   "%mul33_i = dmul i64 %val_1, i64 %w" [Coefficients.cpp:96->Coefficients.cpp:29]   --->   Operation 199 'dmul' 'mul33_i' <Predicate = true> <Delay = 7.04> <CoreInst = "DMul_maxdsp">   --->   Core 49 'DMul_maxdsp' <Latency = 4> <II = 1> <Delay = 7.04> <FuncUnit> <Opcode : 'dmul'> <InPorts = 2> <OutPorts = 1>

State 52 <SV = 51> <Delay = 7.04>
ST_52 : Operation 200 [4/5] (7.04ns)   --->   "%mul33_i = dmul i64 %val_1, i64 %w" [Coefficients.cpp:96->Coefficients.cpp:29]   --->   Operation 200 'dmul' 'mul33_i' <Predicate = true> <Delay = 7.04> <CoreInst = "DMul_maxdsp">   --->   Core 49 'DMul_maxdsp' <Latency = 4> <II = 1> <Delay = 7.04> <FuncUnit> <Opcode : 'dmul'> <InPorts = 2> <OutPorts = 1>

State 53 <SV = 52> <Delay = 7.04>
ST_53 : Operation 201 [3/5] (7.04ns)   --->   "%mul33_i = dmul i64 %val_1, i64 %w" [Coefficients.cpp:96->Coefficients.cpp:29]   --->   Operation 201 'dmul' 'mul33_i' <Predicate = true> <Delay = 7.04> <CoreInst = "DMul_maxdsp">   --->   Core 49 'DMul_maxdsp' <Latency = 4> <II = 1> <Delay = 7.04> <FuncUnit> <Opcode : 'dmul'> <InPorts = 2> <OutPorts = 1>

State 54 <SV = 53> <Delay = 7.04>
ST_54 : Operation 202 [2/5] (7.04ns)   --->   "%mul33_i = dmul i64 %val_1, i64 %w" [Coefficients.cpp:96->Coefficients.cpp:29]   --->   Operation 202 'dmul' 'mul33_i' <Predicate = true> <Delay = 7.04> <CoreInst = "DMul_maxdsp">   --->   Core 49 'DMul_maxdsp' <Latency = 4> <II = 1> <Delay = 7.04> <FuncUnit> <Opcode : 'dmul'> <InPorts = 2> <OutPorts = 1>

State 55 <SV = 54> <Delay = 7.04>
ST_55 : Operation 203 [1/5] (7.04ns)   --->   "%mul33_i = dmul i64 %val_1, i64 %w" [Coefficients.cpp:96->Coefficients.cpp:29]   --->   Operation 203 'dmul' 'mul33_i' <Predicate = true> <Delay = 7.04> <CoreInst = "DMul_maxdsp">   --->   Core 49 'DMul_maxdsp' <Latency = 4> <II = 1> <Delay = 7.04> <FuncUnit> <Opcode : 'dmul'> <InPorts = 2> <OutPorts = 1>

State 56 <SV = 55> <Delay = 5.06>
ST_56 : Operation 204 [1/1] (0.00ns)   --->   "%zext_ln82 = zext i7 %i_1" [Coefficients.cpp:82->Coefficients.cpp:29]   --->   Operation 204 'zext' 'zext_ln82' <Predicate = (icmp_ln82)> <Delay = 0.00>
ST_56 : Operation 205 [1/1] (0.00ns)   --->   "%specpipeline_ln83 = specpipeline void @_ssdm_op_SpecPipeline, i32 4294967295, i32 0, i32 0, i32 0, void @empty_0" [Coefficients.cpp:83->Coefficients.cpp:29]   --->   Operation 205 'specpipeline' 'specpipeline_ln83' <Predicate = (icmp_ln82)> <Delay = 0.00>
ST_56 : Operation 206 [1/1] (0.00ns)   --->   "%specloopname_ln82 = specloopname void @_ssdm_op_SpecLoopName, void @empty_17" [Coefficients.cpp:82->Coefficients.cpp:29]   --->   Operation 206 'specloopname' 'specloopname_ln82' <Predicate = (icmp_ln82)> <Delay = 0.00>
ST_56 : Operation 207 [1/1] (0.00ns)   --->   "%sum_load = load i64 %sum" [Coefficients.cpp:97->Coefficients.cpp:29]   --->   Operation 207 'load' 'sum_load' <Predicate = true> <Delay = 0.00>
ST_56 : Operation 208 [1/1] (0.00ns)   --->   "%taps_addr = getelementptr i64 %taps, i64 0, i64 %zext_ln82" [Coefficients.cpp:96->Coefficients.cpp:29]   --->   Operation 208 'getelementptr' 'taps_addr' <Predicate = true> <Delay = 0.00>
ST_56 : Operation 209 [1/1] (1.23ns)   --->   "%store_ln96 = store i64 %mul33_i, i7 %taps_addr" [Coefficients.cpp:96->Coefficients.cpp:29]   --->   Operation 209 'store' 'store_ln96' <Predicate = true> <Delay = 1.23> <CoreInst = "RAM">   --->   Core 82 'RAM' <Latency = 1> <II = 1> <Delay = 1.23> <Storage> <Opcode : 'load' 'store'> <Ports = 2> <Width = 64> <Depth = 100> <RAM>
ST_56 : Operation 210 [5/5] (5.06ns)   --->   "%sum_1 = dadd i64 %sum_load, i64 %mul33_i" [Coefficients.cpp:97->Coefficients.cpp:29]   --->   Operation 210 'dadd' 'sum_1' <Predicate = true> <Delay = 5.06> <CoreInst = "DAddSub_fulldsp">   --->   Core 37 'DAddSub_fulldsp' <Latency = 4> <II = 1> <Delay = 5.06> <FuncUnit> <Opcode : 'dadd' 'dsub'> <InPorts = 2> <OutPorts = 1>
ST_56 : Operation 217 [1/1] (0.00ns)   --->   "%sum_load_1 = load i64 %sum"   --->   Operation 217 'load' 'sum_load_1' <Predicate = (!icmp_ln82)> <Delay = 0.00>
ST_56 : Operation 218 [1/1] (0.00ns)   --->   "%write_ln0 = write void @_ssdm_op_Write.ap_auto.doubleP0A, i64 %sum_out, i64 %sum_load_1"   --->   Operation 218 'write' 'write_ln0' <Predicate = (!icmp_ln82)> <Delay = 0.00>
ST_56 : Operation 219 [1/1] (0.42ns)   --->   "%ret_ln0 = ret"   --->   Operation 219 'ret' 'ret_ln0' <Predicate = (!icmp_ln82)> <Delay = 0.42>

State 57 <SV = 56> <Delay = 5.06>
ST_57 : Operation 211 [4/5] (5.06ns)   --->   "%sum_1 = dadd i64 %sum_load, i64 %mul33_i" [Coefficients.cpp:97->Coefficients.cpp:29]   --->   Operation 211 'dadd' 'sum_1' <Predicate = true> <Delay = 5.06> <CoreInst = "DAddSub_fulldsp">   --->   Core 37 'DAddSub_fulldsp' <Latency = 4> <II = 1> <Delay = 5.06> <FuncUnit> <Opcode : 'dadd' 'dsub'> <InPorts = 2> <OutPorts = 1>

State 58 <SV = 57> <Delay = 5.06>
ST_58 : Operation 212 [3/5] (5.06ns)   --->   "%sum_1 = dadd i64 %sum_load, i64 %mul33_i" [Coefficients.cpp:97->Coefficients.cpp:29]   --->   Operation 212 'dadd' 'sum_1' <Predicate = true> <Delay = 5.06> <CoreInst = "DAddSub_fulldsp">   --->   Core 37 'DAddSub_fulldsp' <Latency = 4> <II = 1> <Delay = 5.06> <FuncUnit> <Opcode : 'dadd' 'dsub'> <InPorts = 2> <OutPorts = 1>

State 59 <SV = 58> <Delay = 5.06>
ST_59 : Operation 213 [2/5] (5.06ns)   --->   "%sum_1 = dadd i64 %sum_load, i64 %mul33_i" [Coefficients.cpp:97->Coefficients.cpp:29]   --->   Operation 213 'dadd' 'sum_1' <Predicate = true> <Delay = 5.06> <CoreInst = "DAddSub_fulldsp">   --->   Core 37 'DAddSub_fulldsp' <Latency = 4> <II = 1> <Delay = 5.06> <FuncUnit> <Opcode : 'dadd' 'dsub'> <InPorts = 2> <OutPorts = 1>

State 60 <SV = 59> <Delay = 5.49>
ST_60 : Operation 214 [1/5] (5.06ns)   --->   "%sum_1 = dadd i64 %sum_load, i64 %mul33_i" [Coefficients.cpp:97->Coefficients.cpp:29]   --->   Operation 214 'dadd' 'sum_1' <Predicate = true> <Delay = 5.06> <CoreInst = "DAddSub_fulldsp">   --->   Core 37 'DAddSub_fulldsp' <Latency = 4> <II = 1> <Delay = 5.06> <FuncUnit> <Opcode : 'dadd' 'dsub'> <InPorts = 2> <OutPorts = 1>
ST_60 : Operation 215 [1/1] (0.42ns)   --->   "%store_ln80 = store i64 %sum_1, i64 %sum" [Coefficients.cpp:80->Coefficients.cpp:29]   --->   Operation 215 'store' 'store_ln80' <Predicate = true> <Delay = 0.42>
ST_60 : Operation 216 [1/1] (0.00ns)   --->   "%br_ln82 = br void %for.body.i" [Coefficients.cpp:82->Coefficients.cpp:29]   --->   Operation 216 'br' 'br_ln82' <Predicate = true> <Delay = 0.00>


============================================================
+ Verbose Summary: Timing violations
============================================================
Target clock period: 10.000ns, clock uncertainty: 2.700ns.

 <State 1>: 6.048ns
The critical path consists of the following:
	'store' operation 0 bit ('store_ln82', Coefficients.cpp:82->Coefficients.cpp:29) of constant 0 on local variable 'i', Coefficients.cpp:82->Coefficients.cpp:29 [21]  (0.427 ns)
	'load' operation 7 bit ('i', Coefficients.cpp:82->Coefficients.cpp:29) on local variable 'i', Coefficients.cpp:82->Coefficients.cpp:29 [25]  (0.000 ns)
	'sitodp' operation 64 bit ('conv23_i', Coefficients.cpp:94->Coefficients.cpp:29) [53]  (5.621 ns)

 <State 2>: 5.621ns
The critical path consists of the following:
	'sitodp' operation 64 bit ('conv11_i', Coefficients.cpp:91->Coefficients.cpp:29) [38]  (5.621 ns)

 <State 3>: 5.621ns
The critical path consists of the following:
	'sitodp' operation 64 bit ('conv11_i', Coefficients.cpp:91->Coefficients.cpp:29) [38]  (5.621 ns)

 <State 4>: 5.621ns
The critical path consists of the following:
	'sitodp' operation 64 bit ('conv11_i', Coefficients.cpp:91->Coefficients.cpp:29) [38]  (5.621 ns)

 <State 5>: 7.042ns
The critical path consists of the following:
	'dmul' operation 64 bit ('mul24_i', Coefficients.cpp:94->Coefficients.cpp:29) [54]  (7.042 ns)

 <State 6>: 7.042ns
The critical path consists of the following:
	'dmul' operation 64 bit ('mul12_i', Coefficients.cpp:91->Coefficients.cpp:29) [39]  (7.042 ns)

 <State 7>: 7.042ns
The critical path consists of the following:
	'dmul' operation 64 bit ('mul12_i', Coefficients.cpp:91->Coefficients.cpp:29) [39]  (7.042 ns)

 <State 8>: 7.042ns
The critical path consists of the following:
	'dmul' operation 64 bit ('mul12_i', Coefficients.cpp:91->Coefficients.cpp:29) [39]  (7.042 ns)

 <State 9>: 7.042ns
The critical path consists of the following:
	'dmul' operation 64 bit ('mul12_i', Coefficients.cpp:91->Coefficients.cpp:29) [39]  (7.042 ns)

 <State 10>: 7.042ns
The critical path consists of the following:
	'dmul' operation 64 bit ('mul12_i', Coefficients.cpp:91->Coefficients.cpp:29) [39]  (7.042 ns)

 <State 11>: 7.042ns
The critical path consists of the following:
	'dmul' operation 64 bit ('mul21_i', Coefficients.cpp:91->Coefficients.cpp:29) [47]  (7.042 ns)

 <State 12>: 5.926ns
The critical path consists of the following:
	'ddiv' operation 64 bit ('div27_i', Coefficients.cpp:94->Coefficients.cpp:29) [55]  (5.926 ns)

 <State 13>: 7.002ns
The critical path consists of the following:
	'call' operation 32 bit ('tmp', C:\scratch\2024.1\hls_product\545\2024.1\src\shared\hls\clib\hlsmath\src\common\hls_hotbm_float.cpp:123->C:\scratch\2024.1\hls_product\545\2024.1\src\shared\hls\clib\hlsmath\src\c++\sincoshotbmfloat.cpp:10->C:\scratch\2024.1\hls_product\545\2024.1\src\shared\hls\clib\hlsmath\src\c++\sincoshotbmfloat.cpp:42->Coefficients.cpp:91->Coefficients.cpp:29) to 'sin_or_cos<float>' [41]  (7.002 ns)

 <State 14>: 7.002ns
The critical path consists of the following:
	'call' operation 32 bit ('tmp', C:\scratch\2024.1\hls_product\545\2024.1\src\shared\hls\clib\hlsmath\src\common\hls_hotbm_float.cpp:123->C:\scratch\2024.1\hls_product\545\2024.1\src\shared\hls\clib\hlsmath\src\c++\sincoshotbmfloat.cpp:10->C:\scratch\2024.1\hls_product\545\2024.1\src\shared\hls\clib\hlsmath\src\c++\sincoshotbmfloat.cpp:42->Coefficients.cpp:91->Coefficients.cpp:29) to 'sin_or_cos<float>' [41]  (7.002 ns)

 <State 15>: 7.002ns
The critical path consists of the following:
	'call' operation 32 bit ('tmp', C:\scratch\2024.1\hls_product\545\2024.1\src\shared\hls\clib\hlsmath\src\common\hls_hotbm_float.cpp:123->C:\scratch\2024.1\hls_product\545\2024.1\src\shared\hls\clib\hlsmath\src\c++\sincoshotbmfloat.cpp:10->C:\scratch\2024.1\hls_product\545\2024.1\src\shared\hls\clib\hlsmath\src\c++\sincoshotbmfloat.cpp:42->Coefficients.cpp:91->Coefficients.cpp:29) to 'sin_or_cos<float>' [41]  (7.002 ns)

 <State 16>: 7.002ns
The critical path consists of the following:
	'call' operation 32 bit ('tmp', C:\scratch\2024.1\hls_product\545\2024.1\src\shared\hls\clib\hlsmath\src\common\hls_hotbm_float.cpp:123->C:\scratch\2024.1\hls_product\545\2024.1\src\shared\hls\clib\hlsmath\src\c++\sincoshotbmfloat.cpp:10->C:\scratch\2024.1\hls_product\545\2024.1\src\shared\hls\clib\hlsmath\src\c++\sincoshotbmfloat.cpp:42->Coefficients.cpp:91->Coefficients.cpp:29) to 'sin_or_cos<float>' [41]  (7.002 ns)

 <State 17>: 7.002ns
The critical path consists of the following:
	'call' operation 32 bit ('tmp', C:\scratch\2024.1\hls_product\545\2024.1\src\shared\hls\clib\hlsmath\src\common\hls_hotbm_float.cpp:123->C:\scratch\2024.1\hls_product\545\2024.1\src\shared\hls\clib\hlsmath\src\c++\sincoshotbmfloat.cpp:10->C:\scratch\2024.1\hls_product\545\2024.1\src\shared\hls\clib\hlsmath\src\c++\sincoshotbmfloat.cpp:42->Coefficients.cpp:91->Coefficients.cpp:29) to 'sin_or_cos<float>' [41]  (7.002 ns)

 <State 18>: 7.002ns
The critical path consists of the following:
	'call' operation 32 bit ('tmp', C:\scratch\2024.1\hls_product\545\2024.1\src\shared\hls\clib\hlsmath\src\common\hls_hotbm_float.cpp:123->C:\scratch\2024.1\hls_product\545\2024.1\src\shared\hls\clib\hlsmath\src\c++\sincoshotbmfloat.cpp:10->C:\scratch\2024.1\hls_product\545\2024.1\src\shared\hls\clib\hlsmath\src\c++\sincoshotbmfloat.cpp:42->Coefficients.cpp:91->Coefficients.cpp:29) to 'sin_or_cos<float>' [41]  (7.002 ns)

 <State 19>: 7.002ns
The critical path consists of the following:
	'call' operation 32 bit ('tmp_s', C:\scratch\2024.1\hls_product\545\2024.1\src\shared\hls\clib\hlsmath\src\common\hls_hotbm_float.cpp:123->C:\scratch\2024.1\hls_product\545\2024.1\src\shared\hls\clib\hlsmath\src\c++\sincoshotbmfloat.cpp:10->C:\scratch\2024.1\hls_product\545\2024.1\src\shared\hls\clib\hlsmath\src\c++\sincoshotbmfloat.cpp:42->Coefficients.cpp:91->Coefficients.cpp:29) to 'sin_or_cos<float>' [44]  (7.002 ns)

 <State 20>: 6.437ns
The critical path consists of the following:
	'fsub' operation 32 bit ('sub18_i', Coefficients.cpp:91->Coefficients.cpp:29) [45]  (6.437 ns)

 <State 21>: 6.437ns
The critical path consists of the following:
	'fsub' operation 32 bit ('sub18_i', Coefficients.cpp:91->Coefficients.cpp:29) [45]  (6.437 ns)

 <State 22>: 6.437ns
The critical path consists of the following:
	'fsub' operation 32 bit ('sub18_i', Coefficients.cpp:91->Coefficients.cpp:29) [45]  (6.437 ns)

 <State 23>: 6.437ns
The critical path consists of the following:
	'fsub' operation 32 bit ('sub18_i', Coefficients.cpp:91->Coefficients.cpp:29) [45]  (6.437 ns)

 <State 24>: 5.926ns
The critical path consists of the following:
	'ddiv' operation 64 bit ('div27_i', Coefficients.cpp:94->Coefficients.cpp:29) [55]  (5.926 ns)

 <State 25>: 5.926ns
The critical path consists of the following:
	'ddiv' operation 64 bit ('div27_i', Coefficients.cpp:94->Coefficients.cpp:29) [55]  (5.926 ns)

 <State 26>: 5.926ns
The critical path consists of the following:
	'ddiv' operation 64 bit ('div27_i', Coefficients.cpp:94->Coefficients.cpp:29) [55]  (5.926 ns)

 <State 27>: 5.926ns
The critical path consists of the following:
	'ddiv' operation 64 bit ('div27_i', Coefficients.cpp:94->Coefficients.cpp:29) [55]  (5.926 ns)

 <State 28>: 5.926ns
The critical path consists of the following:
	'ddiv' operation 64 bit ('div27_i', Coefficients.cpp:94->Coefficients.cpp:29) [55]  (5.926 ns)

 <State 29>: 5.926ns
The critical path consists of the following:
	'ddiv' operation 64 bit ('div27_i', Coefficients.cpp:94->Coefficients.cpp:29) [55]  (5.926 ns)

 <State 30>: 5.926ns
The critical path consists of the following:
	'ddiv' operation 64 bit ('div27_i', Coefficients.cpp:94->Coefficients.cpp:29) [55]  (5.926 ns)

 <State 31>: 5.926ns
The critical path consists of the following:
	'ddiv' operation 64 bit ('div27_i', Coefficients.cpp:94->Coefficients.cpp:29) [55]  (5.926 ns)

 <State 32>: 5.926ns
The critical path consists of the following:
	'ddiv' operation 64 bit ('val', Coefficients.cpp:91->Coefficients.cpp:29) [48]  (5.926 ns)

 <State 33>: 5.926ns
The critical path consists of the following:
	'ddiv' operation 64 bit ('val', Coefficients.cpp:91->Coefficients.cpp:29) [48]  (5.926 ns)

 <State 34>: 5.926ns
The critical path consists of the following:
	'ddiv' operation 64 bit ('val', Coefficients.cpp:91->Coefficients.cpp:29) [48]  (5.926 ns)

 <State 35>: 7.002ns
The critical path consists of the following:
	'call' operation 32 bit ('tmp_14', C:\scratch\2024.1\hls_product\545\2024.1\src\shared\hls\clib\hlsmath\src\common\hls_hotbm_float.cpp:127->C:\scratch\2024.1\hls_product\545\2024.1\src\shared\hls\clib\hlsmath\src\c++\sincoshotbmfloat.cpp:13->C:\scratch\2024.1\hls_product\545\2024.1\src\shared\hls\clib\hlsmath\src\c++\sincoshotbmfloat.cpp:45->Coefficients.cpp:94->Coefficients.cpp:29) to 'sin_or_cos<float>' [57]  (7.002 ns)

 <State 36>: 7.002ns
The critical path consists of the following:
	'call' operation 32 bit ('tmp_14', C:\scratch\2024.1\hls_product\545\2024.1\src\shared\hls\clib\hlsmath\src\common\hls_hotbm_float.cpp:127->C:\scratch\2024.1\hls_product\545\2024.1\src\shared\hls\clib\hlsmath\src\c++\sincoshotbmfloat.cpp:13->C:\scratch\2024.1\hls_product\545\2024.1\src\shared\hls\clib\hlsmath\src\c++\sincoshotbmfloat.cpp:45->Coefficients.cpp:94->Coefficients.cpp:29) to 'sin_or_cos<float>' [57]  (7.002 ns)

 <State 37>: 7.002ns
The critical path consists of the following:
	'call' operation 32 bit ('tmp_14', C:\scratch\2024.1\hls_product\545\2024.1\src\shared\hls\clib\hlsmath\src\common\hls_hotbm_float.cpp:127->C:\scratch\2024.1\hls_product\545\2024.1\src\shared\hls\clib\hlsmath\src\c++\sincoshotbmfloat.cpp:13->C:\scratch\2024.1\hls_product\545\2024.1\src\shared\hls\clib\hlsmath\src\c++\sincoshotbmfloat.cpp:45->Coefficients.cpp:94->Coefficients.cpp:29) to 'sin_or_cos<float>' [57]  (7.002 ns)

 <State 38>: 7.002ns
The critical path consists of the following:
	'call' operation 32 bit ('tmp_14', C:\scratch\2024.1\hls_product\545\2024.1\src\shared\hls\clib\hlsmath\src\common\hls_hotbm_float.cpp:127->C:\scratch\2024.1\hls_product\545\2024.1\src\shared\hls\clib\hlsmath\src\c++\sincoshotbmfloat.cpp:13->C:\scratch\2024.1\hls_product\545\2024.1\src\shared\hls\clib\hlsmath\src\c++\sincoshotbmfloat.cpp:45->Coefficients.cpp:94->Coefficients.cpp:29) to 'sin_or_cos<float>' [57]  (7.002 ns)

 <State 39>: 7.002ns
The critical path consists of the following:
	'call' operation 32 bit ('tmp_14', C:\scratch\2024.1\hls_product\545\2024.1\src\shared\hls\clib\hlsmath\src\common\hls_hotbm_float.cpp:127->C:\scratch\2024.1\hls_product\545\2024.1\src\shared\hls\clib\hlsmath\src\c++\sincoshotbmfloat.cpp:13->C:\scratch\2024.1\hls_product\545\2024.1\src\shared\hls\clib\hlsmath\src\c++\sincoshotbmfloat.cpp:45->Coefficients.cpp:94->Coefficients.cpp:29) to 'sin_or_cos<float>' [57]  (7.002 ns)

 <State 40>: 7.002ns
The critical path consists of the following:
	'call' operation 32 bit ('tmp_14', C:\scratch\2024.1\hls_product\545\2024.1\src\shared\hls\clib\hlsmath\src\common\hls_hotbm_float.cpp:127->C:\scratch\2024.1\hls_product\545\2024.1\src\shared\hls\clib\hlsmath\src\c++\sincoshotbmfloat.cpp:13->C:\scratch\2024.1\hls_product\545\2024.1\src\shared\hls\clib\hlsmath\src\c++\sincoshotbmfloat.cpp:45->Coefficients.cpp:94->Coefficients.cpp:29) to 'sin_or_cos<float>' [57]  (7.002 ns)

 <State 41>: 5.926ns
The critical path consists of the following:
	'ddiv' operation 64 bit ('val', Coefficients.cpp:91->Coefficients.cpp:29) [48]  (5.926 ns)

 <State 42>: 7.016ns
The critical path consists of the following:
	'fmul' operation 32 bit ('mul30_i', Coefficients.cpp:94->Coefficients.cpp:29) [58]  (7.016 ns)

 <State 43>: 7.016ns
The critical path consists of the following:
	'fmul' operation 32 bit ('mul30_i', Coefficients.cpp:94->Coefficients.cpp:29) [58]  (7.016 ns)

 <State 44>: 7.016ns
The critical path consists of the following:
	'fmul' operation 32 bit ('mul30_i', Coefficients.cpp:94->Coefficients.cpp:29) [58]  (7.016 ns)

 <State 45>: 6.437ns
The critical path consists of the following:
	'fsub' operation 32 bit ('sub31_i', Coefficients.cpp:94->Coefficients.cpp:29) [59]  (6.437 ns)

 <State 46>: 6.437ns
The critical path consists of the following:
	'fsub' operation 32 bit ('sub31_i', Coefficients.cpp:94->Coefficients.cpp:29) [59]  (6.437 ns)

 <State 47>: 6.437ns
The critical path consists of the following:
	'fsub' operation 32 bit ('sub31_i', Coefficients.cpp:94->Coefficients.cpp:29) [59]  (6.437 ns)

 <State 48>: 6.437ns
The critical path consists of the following:
	'fsub' operation 32 bit ('sub31_i', Coefficients.cpp:94->Coefficients.cpp:29) [59]  (6.437 ns)

 <State 49>: 2.306ns
The critical path consists of the following:
	'fpext' operation 64 bit ('w', Coefficients.cpp:94->Coefficients.cpp:29) [60]  (2.306 ns)

 <State 50>: 2.306ns
The critical path consists of the following:
	'fpext' operation 64 bit ('w', Coefficients.cpp:94->Coefficients.cpp:29) [60]  (2.306 ns)

 <State 51>: 7.042ns
The critical path consists of the following:
	'dmul' operation 64 bit ('mul33_i', Coefficients.cpp:96->Coefficients.cpp:29) [61]  (7.042 ns)

 <State 52>: 7.042ns
The critical path consists of the following:
	'dmul' operation 64 bit ('mul33_i', Coefficients.cpp:96->Coefficients.cpp:29) [61]  (7.042 ns)

 <State 53>: 7.042ns
The critical path consists of the following:
	'dmul' operation 64 bit ('mul33_i', Coefficients.cpp:96->Coefficients.cpp:29) [61]  (7.042 ns)

 <State 54>: 7.042ns
The critical path consists of the following:
	'dmul' operation 64 bit ('mul33_i', Coefficients.cpp:96->Coefficients.cpp:29) [61]  (7.042 ns)

 <State 55>: 7.042ns
The critical path consists of the following:
	'dmul' operation 64 bit ('mul33_i', Coefficients.cpp:96->Coefficients.cpp:29) [61]  (7.042 ns)

 <State 56>: 5.069ns
The critical path consists of the following:
	'load' operation 64 bit ('sum_load', Coefficients.cpp:97->Coefficients.cpp:29) on local variable 'sum', Coefficients.cpp:80->Coefficients.cpp:29 [52]  (0.000 ns)
	'dadd' operation 64 bit ('sum', Coefficients.cpp:97->Coefficients.cpp:29) [64]  (5.069 ns)

 <State 57>: 5.069ns
The critical path consists of the following:
	'dadd' operation 64 bit ('sum', Coefficients.cpp:97->Coefficients.cpp:29) [64]  (5.069 ns)

 <State 58>: 5.069ns
The critical path consists of the following:
	'dadd' operation 64 bit ('sum', Coefficients.cpp:97->Coefficients.cpp:29) [64]  (5.069 ns)

 <State 59>: 5.069ns
The critical path consists of the following:
	'dadd' operation 64 bit ('sum', Coefficients.cpp:97->Coefficients.cpp:29) [64]  (5.069 ns)

 <State 60>: 5.496ns
The critical path consists of the following:
	'dadd' operation 64 bit ('sum', Coefficients.cpp:97->Coefficients.cpp:29) [64]  (5.069 ns)
	'store' operation 0 bit ('store_ln80', Coefficients.cpp:80->Coefficients.cpp:29) of variable 'sum', Coefficients.cpp:97->Coefficients.cpp:29 on local variable 'sum', Coefficients.cpp:80->Coefficients.cpp:29 [66]  (0.427 ns)


============================================================
+ Verbose Summary: Binding
============================================================
N/A
* FSMD analyzer results:
  - Output states:
 - Input state : 
  - Chain level:
	State 1
	State 2
	State 3
	State 4
	State 5
	State 6
	State 7
	State 8
	State 9
	State 10
	State 11
	State 12
	State 13
	State 14
	State 15
	State 16
	State 17
	State 18
	State 19
	State 20
	State 21
	State 22
	State 23
	State 24
	State 25
	State 26
	State 27
	State 28
	State 29
	State 30
	State 31
	State 32
	State 33
	State 34
	State 35
	State 36
	State 37
	State 38
	State 39
	State 40
	State 41
	State 42
	State 43
	State 44
	State 45
	State 46
	State 47
	State 48
	State 49
	State 50
	State 51
	State 52
	State 53
	State 54
	State 55
	State 56
	State 57
	State 58
	State 59
	State 60


============================================================
+ Verbose Summary: Datapath Resource usage 
============================================================
N/A
