

================================================================
== Vitis HLS Report for 'firTop_Pipeline_VITIS_LOOP_92_1'
================================================================
* Date:           Tue Apr 14 18:08:12 2026

* Version:        2024.1 (Build 5069499 on May 21 2024)
* Project:        calculateCoefficients
* Solution:       hls (Vivado IP Flow Target)
* Product family: zynquplus
* Target device:  xczu3eg-sfvc784-2-e


================================================================
== Performance Estimates
================================================================
+ Timing: 
    * Summary: 
    +--------+----------+----------+------------+
    |  Clock |  Target  | Estimated| Uncertainty|
    +--------+----------+----------+------------+
    |ap_clk  |  10.00 ns|  7.063 ns|     2.70 ns|
    +--------+----------+----------+------------+

+ Latency: 
    * Summary: 
    +---------+---------+----------+----------+-----+-----+-----------------------------------------------+
    |  Latency (cycles) |  Latency (absolute) |  Interval |                    Pipeline                   |
    |   min   |   max   |    min   |    max   | min | max |                      Type                     |
    +---------+---------+----------+----------+-----+-----+-----------------------------------------------+
    |        ?|        ?|         ?|         ?|    0|    0|  loop auto-rewind stp(delay=0 clock cycles(s))|
    +---------+---------+----------+----------+-----+-----+-----------------------------------------------+

    + Detail: 
        * Instance: 
        N/A

        * Loop: 
        +-------------------+---------+---------+----------+-----------+-----------+------+----------+
        |                   |  Latency (cycles) | Iteration|  Initiation Interval  | Trip |          |
        |     Loop Name     |   min   |   max   |  Latency |  achieved |   target  | Count| Pipelined|
        +-------------------+---------+---------+----------+-----------+-----------+------+----------+
        |- VITIS_LOOP_92_1  |        ?|        ?|        57|          1|          1|     ?|       yes|
        +-------------------+---------+---------+----------+-----------+-----------+------+----------+

============================================================
+ Verbose Summary: Synthesis Manager
============================================================
InlineROM: 1
ExposeGlobal: 0
============================================================
+ Verbose Summary: CDFG Model
============================================================
IsTopModel: 0
ResetActiveHigh: 1
IsCombinational: 0
IsDatapathOnly: 0
HasWiredReturn: 1
HasMFsm: 2
HasVarLatency: 1
IsPipeline: 0
IsRtlPipelined: 0
IsInstanceOverlapped: 0
IsDontTouch: 0
HasImplIP: 0
IsGatedGlobalClock: 0

+ Individual pipeline summary: 
  * Pipeline-0: initiation interval (II) = 1, depth = 57


============================================================
+ Verbose Summary: Schedule
============================================================
* Number of FSM states : 57
* Pipeline : 1
  Pipeline-0 : II = 1, D = 57, States = { 1 2 3 4 5 6 7 8 9 10 11 12 13 14 15 16 17 18 19 20 21 22 23 24 25 26 27 28 29 30 31 32 33 34 35 36 37 38 39 40 41 42 43 44 45 46 47 48 49 50 51 52 53 54 55 56 57 }
* Dataflow Pipeline: 0

* FSM state transitions: 
1 --> 2 
2 --> 3 
3 --> 4 
4 --> 5 
5 --> 6 
6 --> 7 
7 --> 8 
8 --> 9 
9 --> 10 
10 --> 11 
11 --> 12 
12 --> 13 
13 --> 14 
14 --> 15 
15 --> 16 
16 --> 17 
17 --> 18 
18 --> 19 
19 --> 20 
20 --> 21 
21 --> 22 
22 --> 23 
23 --> 24 
24 --> 25 
25 --> 26 
26 --> 27 
27 --> 28 
28 --> 29 
29 --> 30 
30 --> 31 
31 --> 32 
32 --> 33 
33 --> 34 
34 --> 35 
35 --> 36 
36 --> 37 
37 --> 38 
38 --> 39 
39 --> 40 
40 --> 41 
41 --> 42 
42 --> 43 
43 --> 44 
44 --> 45 
45 --> 46 
46 --> 47 
47 --> 48 
48 --> 49 
49 --> 50 
50 --> 51 
51 --> 52 
52 --> 53 
53 --> 54 
54 --> 55 
55 --> 56 
56 --> 57 
57 --> 

* FSM state operations: 

State 1 <SV = 0> <Delay = 6.04>
ST_1 : Operation 60 [1/1] (0.00ns)   --->   "%i = alloca i32 1" [Coefficients.cpp:92->Coefficients.cpp:24]   --->   Operation 60 'alloca' 'i' <Predicate = true> <Delay = 0.00>
ST_1 : Operation 61 [1/1] (0.00ns)   --->   "%omegaLower_read = read i64 @_ssdm_op_Read.ap_auto.double, i64 %omegaLower"   --->   Operation 61 'read' 'omegaLower_read' <Predicate = true> <Delay = 0.00>
ST_1 : Operation 62 [1/1] (0.00ns)   --->   "%omegaUpper_read = read i64 @_ssdm_op_Read.ap_auto.double, i64 %omegaUpper"   --->   Operation 62 'read' 'omegaUpper_read' <Predicate = true> <Delay = 0.00>
ST_1 : Operation 63 [1/1] (0.00ns)   --->   "%M_read = read i32 @_ssdm_op_Read.ap_auto.i32, i32 %M"   --->   Operation 63 'read' 'M_read' <Predicate = true> <Delay = 0.00>
ST_1 : Operation 64 [1/1] (0.00ns)   --->   "%conv23_i_read = read i64 @_ssdm_op_Read.ap_auto.double, i64 %conv23_i"   --->   Operation 64 'read' 'conv23_i_read' <Predicate = true> <Delay = 0.00>
ST_1 : Operation 65 [1/1] (0.00ns)   --->   "%div10_i_read = read i64 @_ssdm_op_Read.ap_auto.double, i64 %div10_i"   --->   Operation 65 'read' 'div10_i_read' <Predicate = true> <Delay = 0.00>
ST_1 : Operation 66 [1/1] (0.00ns)   --->   "%p_reload120_read = read i32 @_ssdm_op_Read.ap_auto.i32, i32 %p_reload120"   --->   Operation 66 'read' 'p_reload120_read' <Predicate = true> <Delay = 0.00>
ST_1 : Operation 67 [1/1] (0.42ns)   --->   "%store_ln92 = store i7 0, i7 %i" [Coefficients.cpp:92->Coefficients.cpp:24]   --->   Operation 67 'store' 'store_ln92' <Predicate = true> <Delay = 0.42>
ST_1 : Operation 68 [1/1] (0.00ns)   --->   "%br_ln0 = br void %for.body.i"   --->   Operation 68 'br' 'br_ln0' <Predicate = true> <Delay = 0.00>
ST_1 : Operation 69 [1/1] (0.00ns)   --->   "%i_1 = load i7 %i" [Coefficients.cpp:92->Coefficients.cpp:24]   --->   Operation 69 'load' 'i_1' <Predicate = true> <Delay = 0.00>
ST_1 : Operation 70 [1/1] (0.00ns)   --->   "%zext_ln92_1 = zext i7 %i_1" [Coefficients.cpp:92->Coefficients.cpp:24]   --->   Operation 70 'zext' 'zext_ln92_1' <Predicate = true> <Delay = 0.00>
ST_1 : Operation 71 [1/1] (1.01ns)   --->   "%icmp_ln92 = icmp_slt  i32 %zext_ln92_1, i32 %p_reload120_read" [Coefficients.cpp:92->Coefficients.cpp:24]   --->   Operation 71 'icmp' 'icmp_ln92' <Predicate = true> <Delay = 1.01> <CoreInst = "Cmp">   --->   Core 9 'Cmp' <Latency = 0> <II = 1> <Delay = 1.01> <FuncUnit> <Opcode : 'seteq' 'setne' 'setle' 'setge' 'setlt' 'setgt'> <InPorts = 2> <OutPorts = 1>
ST_1 : Operation 72 [1/1] (0.77ns)   --->   "%add_ln92 = add i7 %i_1, i7 1" [Coefficients.cpp:92->Coefficients.cpp:24]   --->   Operation 72 'add' 'add_ln92' <Predicate = true> <Delay = 0.77> <CoreInst = "Adder">   --->   Core 1 'Adder' <Latency = 0> <II = 1> <Delay = 0.77> <FuncUnit> <Opcode : 'add' 'sub'> <InPorts = 2> <OutPorts = 1>
ST_1 : Operation 73 [1/1] (0.00ns)   --->   "%br_ln92 = br i1 %icmp_ln92, void %for.end.i.loopexit.exitStub, void %for.body.i.split" [Coefficients.cpp:92->Coefficients.cpp:24]   --->   Operation 73 'br' 'br_ln92' <Predicate = true> <Delay = 0.00>
ST_1 : Operation 74 [1/1] (1.01ns)   --->   "%sub_ln97 = sub i32 %zext_ln92_1, i32 %M_read" [Coefficients.cpp:97->Coefficients.cpp:24]   --->   Operation 74 'sub' 'sub_ln97' <Predicate = (icmp_ln92)> <Delay = 1.01> <CoreInst = "Adder">   --->   Core 1 'Adder' <Latency = 0> <II = 1> <Delay = 1.01> <FuncUnit> <Opcode : 'add' 'sub'> <InPorts = 2> <OutPorts = 1>
ST_1 : Operation 75 [1/1] (1.01ns)   --->   "%icmp_ln97 = icmp_eq  i32 %zext_ln92_1, i32 %M_read" [Coefficients.cpp:97->Coefficients.cpp:24]   --->   Operation 75 'icmp' 'icmp_ln97' <Predicate = (icmp_ln92)> <Delay = 1.01> <CoreInst = "Cmp">   --->   Core 9 'Cmp' <Latency = 0> <II = 1> <Delay = 1.01> <FuncUnit> <Opcode : 'seteq' 'setne' 'setle' 'setge' 'setlt' 'setgt'> <InPorts = 2> <OutPorts = 1>
ST_1 : Operation 76 [1/1] (0.42ns)   --->   "%br_ln97 = br i1 %icmp_ln97, void %if.else.i, void %for.inc.i" [Coefficients.cpp:97->Coefficients.cpp:24]   --->   Operation 76 'br' 'br_ln97' <Predicate = (icmp_ln92)> <Delay = 0.42>
ST_1 : Operation 77 [4/4] (5.62ns)   --->   "%conv20_i = sitodp i32 %zext_ln92_1" [Coefficients.cpp:104->Coefficients.cpp:24]   --->   Operation 77 'sitodp' 'conv20_i' <Predicate = (icmp_ln92)> <Delay = 5.62> <CoreInst = "Int2Double">   --->   Core 66 'Int2Double' <Latency = 3> <II = 1> <Delay = 5.62> <FuncUnit> <Opcode : 'uitodp' 'sitodp'> <InPorts = 1> <OutPorts = 1>
ST_1 : Operation 78 [1/1] (0.42ns)   --->   "%store_ln92 = store i7 %add_ln92, i7 %i" [Coefficients.cpp:92->Coefficients.cpp:24]   --->   Operation 78 'store' 'store_ln92' <Predicate = (icmp_ln92)> <Delay = 0.42>

State 2 <SV = 1> <Delay = 5.62>
ST_2 : Operation 79 [3/4] (5.62ns)   --->   "%conv20_i = sitodp i32 %zext_ln92_1" [Coefficients.cpp:104->Coefficients.cpp:24]   --->   Operation 79 'sitodp' 'conv20_i' <Predicate = true> <Delay = 5.62> <CoreInst = "Int2Double">   --->   Core 66 'Int2Double' <Latency = 3> <II = 1> <Delay = 5.62> <FuncUnit> <Opcode : 'uitodp' 'sitodp'> <InPorts = 1> <OutPorts = 1>

State 3 <SV = 2> <Delay = 5.62>
ST_3 : Operation 80 [2/4] (5.62ns)   --->   "%conv20_i = sitodp i32 %zext_ln92_1" [Coefficients.cpp:104->Coefficients.cpp:24]   --->   Operation 80 'sitodp' 'conv20_i' <Predicate = true> <Delay = 5.62> <CoreInst = "Int2Double">   --->   Core 66 'Int2Double' <Latency = 3> <II = 1> <Delay = 5.62> <FuncUnit> <Opcode : 'uitodp' 'sitodp'> <InPorts = 1> <OutPorts = 1>

State 4 <SV = 3> <Delay = 5.62>
ST_4 : Operation 81 [1/4] (5.62ns)   --->   "%conv20_i = sitodp i32 %zext_ln92_1" [Coefficients.cpp:104->Coefficients.cpp:24]   --->   Operation 81 'sitodp' 'conv20_i' <Predicate = true> <Delay = 5.62> <CoreInst = "Int2Double">   --->   Core 66 'Int2Double' <Latency = 3> <II = 1> <Delay = 5.62> <FuncUnit> <Opcode : 'uitodp' 'sitodp'> <InPorts = 1> <OutPorts = 1>

State 5 <SV = 4> <Delay = 7.04>
ST_5 : Operation 82 [5/5] (7.04ns)   --->   "%mul21_i = dmul i64 %conv20_i, i64 6.28319" [Coefficients.cpp:104->Coefficients.cpp:24]   --->   Operation 82 'dmul' 'mul21_i' <Predicate = true> <Delay = 7.04> <CoreInst = "DMul_maxdsp">   --->   Core 49 'DMul_maxdsp' <Latency = 4> <II = 1> <Delay = 7.04> <FuncUnit> <Opcode : 'dmul'> <InPorts = 2> <OutPorts = 1>

State 6 <SV = 5> <Delay = 7.04>
ST_6 : Operation 83 [4/4] (5.62ns)   --->   "%conv11_i = sitodp i32 %sub_ln97" [Coefficients.cpp:100->Coefficients.cpp:24]   --->   Operation 83 'sitodp' 'conv11_i' <Predicate = (icmp_ln92 & !icmp_ln97)> <Delay = 5.62> <CoreInst = "Int2Double">   --->   Core 66 'Int2Double' <Latency = 3> <II = 1> <Delay = 5.62> <FuncUnit> <Opcode : 'uitodp' 'sitodp'> <InPorts = 1> <OutPorts = 1>
ST_6 : Operation 84 [4/5] (7.04ns)   --->   "%mul21_i = dmul i64 %conv20_i, i64 6.28319" [Coefficients.cpp:104->Coefficients.cpp:24]   --->   Operation 84 'dmul' 'mul21_i' <Predicate = true> <Delay = 7.04> <CoreInst = "DMul_maxdsp">   --->   Core 49 'DMul_maxdsp' <Latency = 4> <II = 1> <Delay = 7.04> <FuncUnit> <Opcode : 'dmul'> <InPorts = 2> <OutPorts = 1>

State 7 <SV = 6> <Delay = 7.04>
ST_7 : Operation 85 [3/4] (5.62ns)   --->   "%conv11_i = sitodp i32 %sub_ln97" [Coefficients.cpp:100->Coefficients.cpp:24]   --->   Operation 85 'sitodp' 'conv11_i' <Predicate = (icmp_ln92 & !icmp_ln97)> <Delay = 5.62> <CoreInst = "Int2Double">   --->   Core 66 'Int2Double' <Latency = 3> <II = 1> <Delay = 5.62> <FuncUnit> <Opcode : 'uitodp' 'sitodp'> <InPorts = 1> <OutPorts = 1>
ST_7 : Operation 86 [3/5] (7.04ns)   --->   "%mul21_i = dmul i64 %conv20_i, i64 6.28319" [Coefficients.cpp:104->Coefficients.cpp:24]   --->   Operation 86 'dmul' 'mul21_i' <Predicate = true> <Delay = 7.04> <CoreInst = "DMul_maxdsp">   --->   Core 49 'DMul_maxdsp' <Latency = 4> <II = 1> <Delay = 7.04> <FuncUnit> <Opcode : 'dmul'> <InPorts = 2> <OutPorts = 1>

State 8 <SV = 7> <Delay = 7.04>
ST_8 : Operation 87 [2/4] (5.62ns)   --->   "%conv11_i = sitodp i32 %sub_ln97" [Coefficients.cpp:100->Coefficients.cpp:24]   --->   Operation 87 'sitodp' 'conv11_i' <Predicate = (icmp_ln92 & !icmp_ln97)> <Delay = 5.62> <CoreInst = "Int2Double">   --->   Core 66 'Int2Double' <Latency = 3> <II = 1> <Delay = 5.62> <FuncUnit> <Opcode : 'uitodp' 'sitodp'> <InPorts = 1> <OutPorts = 1>
ST_8 : Operation 88 [2/5] (7.04ns)   --->   "%mul21_i = dmul i64 %conv20_i, i64 6.28319" [Coefficients.cpp:104->Coefficients.cpp:24]   --->   Operation 88 'dmul' 'mul21_i' <Predicate = true> <Delay = 7.04> <CoreInst = "DMul_maxdsp">   --->   Core 49 'DMul_maxdsp' <Latency = 4> <II = 1> <Delay = 7.04> <FuncUnit> <Opcode : 'dmul'> <InPorts = 2> <OutPorts = 1>

State 9 <SV = 8> <Delay = 7.04>
ST_9 : Operation 89 [1/4] (5.62ns)   --->   "%conv11_i = sitodp i32 %sub_ln97" [Coefficients.cpp:100->Coefficients.cpp:24]   --->   Operation 89 'sitodp' 'conv11_i' <Predicate = (icmp_ln92 & !icmp_ln97)> <Delay = 5.62> <CoreInst = "Int2Double">   --->   Core 66 'Int2Double' <Latency = 3> <II = 1> <Delay = 5.62> <FuncUnit> <Opcode : 'uitodp' 'sitodp'> <InPorts = 1> <OutPorts = 1>
ST_9 : Operation 90 [1/5] (7.04ns)   --->   "%mul21_i = dmul i64 %conv20_i, i64 6.28319" [Coefficients.cpp:104->Coefficients.cpp:24]   --->   Operation 90 'dmul' 'mul21_i' <Predicate = true> <Delay = 7.04> <CoreInst = "DMul_maxdsp">   --->   Core 49 'DMul_maxdsp' <Latency = 4> <II = 1> <Delay = 7.04> <FuncUnit> <Opcode : 'dmul'> <InPorts = 2> <OutPorts = 1>

State 10 <SV = 9> <Delay = 7.04>
ST_10 : Operation 91 [5/5] (7.04ns)   --->   "%x_assign = dmul i64 %omegaUpper_read, i64 %conv11_i" [Coefficients.cpp:100->Coefficients.cpp:24]   --->   Operation 91 'dmul' 'x_assign' <Predicate = (icmp_ln92 & !icmp_ln97)> <Delay = 7.04> <CoreInst = "DMul_maxdsp">   --->   Core 49 'DMul_maxdsp' <Latency = 4> <II = 1> <Delay = 7.04> <FuncUnit> <Opcode : 'dmul'> <InPorts = 2> <OutPorts = 1>
ST_10 : Operation 92 [5/5] (7.04ns)   --->   "%x_assign_1 = dmul i64 %omegaLower_read, i64 %conv11_i" [Coefficients.cpp:100->Coefficients.cpp:24]   --->   Operation 92 'dmul' 'x_assign_1' <Predicate = (icmp_ln92 & !icmp_ln97)> <Delay = 7.04> <CoreInst = "DMul_maxdsp">   --->   Core 49 'DMul_maxdsp' <Latency = 4> <II = 1> <Delay = 7.04> <FuncUnit> <Opcode : 'dmul'> <InPorts = 2> <OutPorts = 1>
ST_10 : Operation 93 [22/22] (5.92ns)   --->   "%x_assign_2 = ddiv i64 %mul21_i, i64 %conv23_i_read" [Coefficients.cpp:104->Coefficients.cpp:24]   --->   Operation 93 'ddiv' 'x_assign_2' <Predicate = true> <Delay = 5.92> <CoreInst = "DDiv">   --->   Core 39 'DDiv' <Latency = 21> <II = 1> <Delay = 5.92> <FuncUnit> <Opcode : 'ddiv' 'drem'> <InPorts = 2> <OutPorts = 1>

State 11 <SV = 10> <Delay = 7.04>
ST_11 : Operation 94 [4/5] (7.04ns)   --->   "%x_assign = dmul i64 %omegaUpper_read, i64 %conv11_i" [Coefficients.cpp:100->Coefficients.cpp:24]   --->   Operation 94 'dmul' 'x_assign' <Predicate = (icmp_ln92 & !icmp_ln97)> <Delay = 7.04> <CoreInst = "DMul_maxdsp">   --->   Core 49 'DMul_maxdsp' <Latency = 4> <II = 1> <Delay = 7.04> <FuncUnit> <Opcode : 'dmul'> <InPorts = 2> <OutPorts = 1>
ST_11 : Operation 95 [4/5] (7.04ns)   --->   "%x_assign_1 = dmul i64 %omegaLower_read, i64 %conv11_i" [Coefficients.cpp:100->Coefficients.cpp:24]   --->   Operation 95 'dmul' 'x_assign_1' <Predicate = (icmp_ln92 & !icmp_ln97)> <Delay = 7.04> <CoreInst = "DMul_maxdsp">   --->   Core 49 'DMul_maxdsp' <Latency = 4> <II = 1> <Delay = 7.04> <FuncUnit> <Opcode : 'dmul'> <InPorts = 2> <OutPorts = 1>
ST_11 : Operation 96 [21/22] (5.92ns)   --->   "%x_assign_2 = ddiv i64 %mul21_i, i64 %conv23_i_read" [Coefficients.cpp:104->Coefficients.cpp:24]   --->   Operation 96 'ddiv' 'x_assign_2' <Predicate = true> <Delay = 5.92> <CoreInst = "DDiv">   --->   Core 39 'DDiv' <Latency = 21> <II = 1> <Delay = 5.92> <FuncUnit> <Opcode : 'ddiv' 'drem'> <InPorts = 2> <OutPorts = 1>

State 12 <SV = 11> <Delay = 7.04>
ST_12 : Operation 97 [3/5] (7.04ns)   --->   "%x_assign = dmul i64 %omegaUpper_read, i64 %conv11_i" [Coefficients.cpp:100->Coefficients.cpp:24]   --->   Operation 97 'dmul' 'x_assign' <Predicate = (icmp_ln92 & !icmp_ln97)> <Delay = 7.04> <CoreInst = "DMul_maxdsp">   --->   Core 49 'DMul_maxdsp' <Latency = 4> <II = 1> <Delay = 7.04> <FuncUnit> <Opcode : 'dmul'> <InPorts = 2> <OutPorts = 1>
ST_12 : Operation 98 [3/5] (7.04ns)   --->   "%x_assign_1 = dmul i64 %omegaLower_read, i64 %conv11_i" [Coefficients.cpp:100->Coefficients.cpp:24]   --->   Operation 98 'dmul' 'x_assign_1' <Predicate = (icmp_ln92 & !icmp_ln97)> <Delay = 7.04> <CoreInst = "DMul_maxdsp">   --->   Core 49 'DMul_maxdsp' <Latency = 4> <II = 1> <Delay = 7.04> <FuncUnit> <Opcode : 'dmul'> <InPorts = 2> <OutPorts = 1>
ST_12 : Operation 99 [20/22] (5.92ns)   --->   "%x_assign_2 = ddiv i64 %mul21_i, i64 %conv23_i_read" [Coefficients.cpp:104->Coefficients.cpp:24]   --->   Operation 99 'ddiv' 'x_assign_2' <Predicate = true> <Delay = 5.92> <CoreInst = "DDiv">   --->   Core 39 'DDiv' <Latency = 21> <II = 1> <Delay = 5.92> <FuncUnit> <Opcode : 'ddiv' 'drem'> <InPorts = 2> <OutPorts = 1>

State 13 <SV = 12> <Delay = 7.04>
ST_13 : Operation 100 [2/5] (7.04ns)   --->   "%x_assign = dmul i64 %omegaUpper_read, i64 %conv11_i" [Coefficients.cpp:100->Coefficients.cpp:24]   --->   Operation 100 'dmul' 'x_assign' <Predicate = (icmp_ln92 & !icmp_ln97)> <Delay = 7.04> <CoreInst = "DMul_maxdsp">   --->   Core 49 'DMul_maxdsp' <Latency = 4> <II = 1> <Delay = 7.04> <FuncUnit> <Opcode : 'dmul'> <InPorts = 2> <OutPorts = 1>
ST_13 : Operation 101 [2/5] (7.04ns)   --->   "%x_assign_1 = dmul i64 %omegaLower_read, i64 %conv11_i" [Coefficients.cpp:100->Coefficients.cpp:24]   --->   Operation 101 'dmul' 'x_assign_1' <Predicate = (icmp_ln92 & !icmp_ln97)> <Delay = 7.04> <CoreInst = "DMul_maxdsp">   --->   Core 49 'DMul_maxdsp' <Latency = 4> <II = 1> <Delay = 7.04> <FuncUnit> <Opcode : 'dmul'> <InPorts = 2> <OutPorts = 1>
ST_13 : Operation 102 [19/22] (5.92ns)   --->   "%x_assign_2 = ddiv i64 %mul21_i, i64 %conv23_i_read" [Coefficients.cpp:104->Coefficients.cpp:24]   --->   Operation 102 'ddiv' 'x_assign_2' <Predicate = true> <Delay = 5.92> <CoreInst = "DDiv">   --->   Core 39 'DDiv' <Latency = 21> <II = 1> <Delay = 5.92> <FuncUnit> <Opcode : 'ddiv' 'drem'> <InPorts = 2> <OutPorts = 1>

State 14 <SV = 13> <Delay = 7.04>
ST_14 : Operation 103 [1/5] (7.04ns)   --->   "%x_assign = dmul i64 %omegaUpper_read, i64 %conv11_i" [Coefficients.cpp:100->Coefficients.cpp:24]   --->   Operation 103 'dmul' 'x_assign' <Predicate = (icmp_ln92 & !icmp_ln97)> <Delay = 7.04> <CoreInst = "DMul_maxdsp">   --->   Core 49 'DMul_maxdsp' <Latency = 4> <II = 1> <Delay = 7.04> <FuncUnit> <Opcode : 'dmul'> <InPorts = 2> <OutPorts = 1>
ST_14 : Operation 104 [1/5] (7.04ns)   --->   "%x_assign_1 = dmul i64 %omegaLower_read, i64 %conv11_i" [Coefficients.cpp:100->Coefficients.cpp:24]   --->   Operation 104 'dmul' 'x_assign_1' <Predicate = (icmp_ln92 & !icmp_ln97)> <Delay = 7.04> <CoreInst = "DMul_maxdsp">   --->   Core 49 'DMul_maxdsp' <Latency = 4> <II = 1> <Delay = 7.04> <FuncUnit> <Opcode : 'dmul'> <InPorts = 2> <OutPorts = 1>
ST_14 : Operation 105 [18/22] (5.92ns)   --->   "%x_assign_2 = ddiv i64 %mul21_i, i64 %conv23_i_read" [Coefficients.cpp:104->Coefficients.cpp:24]   --->   Operation 105 'ddiv' 'x_assign_2' <Predicate = true> <Delay = 5.92> <CoreInst = "DDiv">   --->   Core 39 'DDiv' <Latency = 21> <II = 1> <Delay = 5.92> <FuncUnit> <Opcode : 'ddiv' 'drem'> <InPorts = 2> <OutPorts = 1>

State 15 <SV = 14> <Delay = 5.92>
ST_15 : Operation 106 [10/10] (2.42ns)   --->   "%tmp = call i64 @sin_or_cos<double>, i64 %x_assign, i1 0, i256 %ref_4oPi_table_256, i59 %fourth_order_double_sin_cos_K0, i52 %fourth_order_double_sin_cos_K1, i44 %fourth_order_double_sin_cos_K2, i33 %fourth_order_double_sin_cos_K3, i25 %fourth_order_double_sin_cos_K4" [C:\scratch\2024.1\hls_product\545\2024.1\src\shared\hls\clib\hlsmath\src\common\hls_hotbm_double.cpp:140->C:\scratch\2024.1\hls_product\545\2024.1\src\shared\hls\clib\hlsmath\src\c++\sincoshotbmdouble.cpp:10->C:\scratch\2024.1\hls_product\545\2024.1\src\shared\hls\clib\hlsmath\src\c++\sincoshotbmdouble.cpp:25->Coefficients.cpp:100->Coefficients.cpp:24]   --->   Operation 106 'call' 'tmp' <Predicate = (icmp_ln92 & !icmp_ln97)> <Delay = 2.42> <CoreType = "Generic">   --->   Core 0 '' <Latency = 0> <II = 1> <Delay = 1.00> <Generic> <Opcode : >
ST_15 : Operation 107 [10/10] (2.42ns)   --->   "%tmp_s = call i64 @sin_or_cos<double>, i64 %x_assign_1, i1 0, i256 %ref_4oPi_table_256, i59 %fourth_order_double_sin_cos_K0, i52 %fourth_order_double_sin_cos_K1, i44 %fourth_order_double_sin_cos_K2, i33 %fourth_order_double_sin_cos_K3, i25 %fourth_order_double_sin_cos_K4" [C:\scratch\2024.1\hls_product\545\2024.1\src\shared\hls\clib\hlsmath\src\common\hls_hotbm_double.cpp:140->C:\scratch\2024.1\hls_product\545\2024.1\src\shared\hls\clib\hlsmath\src\c++\sincoshotbmdouble.cpp:10->C:\scratch\2024.1\hls_product\545\2024.1\src\shared\hls\clib\hlsmath\src\c++\sincoshotbmdouble.cpp:25->Coefficients.cpp:100->Coefficients.cpp:24]   --->   Operation 107 'call' 'tmp_s' <Predicate = (icmp_ln92 & !icmp_ln97)> <Delay = 2.42> <CoreType = "Generic">   --->   Core 0 '' <Latency = 0> <II = 1> <Delay = 1.00> <Generic> <Opcode : >
ST_15 : Operation 108 [17/22] (5.92ns)   --->   "%x_assign_2 = ddiv i64 %mul21_i, i64 %conv23_i_read" [Coefficients.cpp:104->Coefficients.cpp:24]   --->   Operation 108 'ddiv' 'x_assign_2' <Predicate = true> <Delay = 5.92> <CoreInst = "DDiv">   --->   Core 39 'DDiv' <Latency = 21> <II = 1> <Delay = 5.92> <FuncUnit> <Opcode : 'ddiv' 'drem'> <InPorts = 2> <OutPorts = 1>

State 16 <SV = 15> <Delay = 7.06>
ST_16 : Operation 109 [9/10] (7.06ns)   --->   "%tmp = call i64 @sin_or_cos<double>, i64 %x_assign, i1 0, i256 %ref_4oPi_table_256, i59 %fourth_order_double_sin_cos_K0, i52 %fourth_order_double_sin_cos_K1, i44 %fourth_order_double_sin_cos_K2, i33 %fourth_order_double_sin_cos_K3, i25 %fourth_order_double_sin_cos_K4" [C:\scratch\2024.1\hls_product\545\2024.1\src\shared\hls\clib\hlsmath\src\common\hls_hotbm_double.cpp:140->C:\scratch\2024.1\hls_product\545\2024.1\src\shared\hls\clib\hlsmath\src\c++\sincoshotbmdouble.cpp:10->C:\scratch\2024.1\hls_product\545\2024.1\src\shared\hls\clib\hlsmath\src\c++\sincoshotbmdouble.cpp:25->Coefficients.cpp:100->Coefficients.cpp:24]   --->   Operation 109 'call' 'tmp' <Predicate = (icmp_ln92 & !icmp_ln97)> <Delay = 7.06> <CoreType = "Generic">   --->   Core 0 '' <Latency = 0> <II = 1> <Delay = 1.00> <Generic> <Opcode : >
ST_16 : Operation 110 [9/10] (7.06ns)   --->   "%tmp_s = call i64 @sin_or_cos<double>, i64 %x_assign_1, i1 0, i256 %ref_4oPi_table_256, i59 %fourth_order_double_sin_cos_K0, i52 %fourth_order_double_sin_cos_K1, i44 %fourth_order_double_sin_cos_K2, i33 %fourth_order_double_sin_cos_K3, i25 %fourth_order_double_sin_cos_K4" [C:\scratch\2024.1\hls_product\545\2024.1\src\shared\hls\clib\hlsmath\src\common\hls_hotbm_double.cpp:140->C:\scratch\2024.1\hls_product\545\2024.1\src\shared\hls\clib\hlsmath\src\c++\sincoshotbmdouble.cpp:10->C:\scratch\2024.1\hls_product\545\2024.1\src\shared\hls\clib\hlsmath\src\c++\sincoshotbmdouble.cpp:25->Coefficients.cpp:100->Coefficients.cpp:24]   --->   Operation 110 'call' 'tmp_s' <Predicate = (icmp_ln92 & !icmp_ln97)> <Delay = 7.06> <CoreType = "Generic">   --->   Core 0 '' <Latency = 0> <II = 1> <Delay = 1.00> <Generic> <Opcode : >
ST_16 : Operation 111 [16/22] (5.92ns)   --->   "%x_assign_2 = ddiv i64 %mul21_i, i64 %conv23_i_read" [Coefficients.cpp:104->Coefficients.cpp:24]   --->   Operation 111 'ddiv' 'x_assign_2' <Predicate = true> <Delay = 5.92> <CoreInst = "DDiv">   --->   Core 39 'DDiv' <Latency = 21> <II = 1> <Delay = 5.92> <FuncUnit> <Opcode : 'ddiv' 'drem'> <InPorts = 2> <OutPorts = 1>

State 17 <SV = 16> <Delay = 7.06>
ST_17 : Operation 112 [8/10] (7.06ns)   --->   "%tmp = call i64 @sin_or_cos<double>, i64 %x_assign, i1 0, i256 %ref_4oPi_table_256, i59 %fourth_order_double_sin_cos_K0, i52 %fourth_order_double_sin_cos_K1, i44 %fourth_order_double_sin_cos_K2, i33 %fourth_order_double_sin_cos_K3, i25 %fourth_order_double_sin_cos_K4" [C:\scratch\2024.1\hls_product\545\2024.1\src\shared\hls\clib\hlsmath\src\common\hls_hotbm_double.cpp:140->C:\scratch\2024.1\hls_product\545\2024.1\src\shared\hls\clib\hlsmath\src\c++\sincoshotbmdouble.cpp:10->C:\scratch\2024.1\hls_product\545\2024.1\src\shared\hls\clib\hlsmath\src\c++\sincoshotbmdouble.cpp:25->Coefficients.cpp:100->Coefficients.cpp:24]   --->   Operation 112 'call' 'tmp' <Predicate = (icmp_ln92 & !icmp_ln97)> <Delay = 7.06> <CoreType = "Generic">   --->   Core 0 '' <Latency = 0> <II = 1> <Delay = 1.00> <Generic> <Opcode : >
ST_17 : Operation 113 [8/10] (7.06ns)   --->   "%tmp_s = call i64 @sin_or_cos<double>, i64 %x_assign_1, i1 0, i256 %ref_4oPi_table_256, i59 %fourth_order_double_sin_cos_K0, i52 %fourth_order_double_sin_cos_K1, i44 %fourth_order_double_sin_cos_K2, i33 %fourth_order_double_sin_cos_K3, i25 %fourth_order_double_sin_cos_K4" [C:\scratch\2024.1\hls_product\545\2024.1\src\shared\hls\clib\hlsmath\src\common\hls_hotbm_double.cpp:140->C:\scratch\2024.1\hls_product\545\2024.1\src\shared\hls\clib\hlsmath\src\c++\sincoshotbmdouble.cpp:10->C:\scratch\2024.1\hls_product\545\2024.1\src\shared\hls\clib\hlsmath\src\c++\sincoshotbmdouble.cpp:25->Coefficients.cpp:100->Coefficients.cpp:24]   --->   Operation 113 'call' 'tmp_s' <Predicate = (icmp_ln92 & !icmp_ln97)> <Delay = 7.06> <CoreType = "Generic">   --->   Core 0 '' <Latency = 0> <II = 1> <Delay = 1.00> <Generic> <Opcode : >
ST_17 : Operation 114 [15/22] (5.92ns)   --->   "%x_assign_2 = ddiv i64 %mul21_i, i64 %conv23_i_read" [Coefficients.cpp:104->Coefficients.cpp:24]   --->   Operation 114 'ddiv' 'x_assign_2' <Predicate = true> <Delay = 5.92> <CoreInst = "DDiv">   --->   Core 39 'DDiv' <Latency = 21> <II = 1> <Delay = 5.92> <FuncUnit> <Opcode : 'ddiv' 'drem'> <InPorts = 2> <OutPorts = 1>

State 18 <SV = 17> <Delay = 7.06>
ST_18 : Operation 115 [7/10] (7.06ns)   --->   "%tmp = call i64 @sin_or_cos<double>, i64 %x_assign, i1 0, i256 %ref_4oPi_table_256, i59 %fourth_order_double_sin_cos_K0, i52 %fourth_order_double_sin_cos_K1, i44 %fourth_order_double_sin_cos_K2, i33 %fourth_order_double_sin_cos_K3, i25 %fourth_order_double_sin_cos_K4" [C:\scratch\2024.1\hls_product\545\2024.1\src\shared\hls\clib\hlsmath\src\common\hls_hotbm_double.cpp:140->C:\scratch\2024.1\hls_product\545\2024.1\src\shared\hls\clib\hlsmath\src\c++\sincoshotbmdouble.cpp:10->C:\scratch\2024.1\hls_product\545\2024.1\src\shared\hls\clib\hlsmath\src\c++\sincoshotbmdouble.cpp:25->Coefficients.cpp:100->Coefficients.cpp:24]   --->   Operation 115 'call' 'tmp' <Predicate = (icmp_ln92 & !icmp_ln97)> <Delay = 7.06> <CoreType = "Generic">   --->   Core 0 '' <Latency = 0> <II = 1> <Delay = 1.00> <Generic> <Opcode : >
ST_18 : Operation 116 [7/10] (7.06ns)   --->   "%tmp_s = call i64 @sin_or_cos<double>, i64 %x_assign_1, i1 0, i256 %ref_4oPi_table_256, i59 %fourth_order_double_sin_cos_K0, i52 %fourth_order_double_sin_cos_K1, i44 %fourth_order_double_sin_cos_K2, i33 %fourth_order_double_sin_cos_K3, i25 %fourth_order_double_sin_cos_K4" [C:\scratch\2024.1\hls_product\545\2024.1\src\shared\hls\clib\hlsmath\src\common\hls_hotbm_double.cpp:140->C:\scratch\2024.1\hls_product\545\2024.1\src\shared\hls\clib\hlsmath\src\c++\sincoshotbmdouble.cpp:10->C:\scratch\2024.1\hls_product\545\2024.1\src\shared\hls\clib\hlsmath\src\c++\sincoshotbmdouble.cpp:25->Coefficients.cpp:100->Coefficients.cpp:24]   --->   Operation 116 'call' 'tmp_s' <Predicate = (icmp_ln92 & !icmp_ln97)> <Delay = 7.06> <CoreType = "Generic">   --->   Core 0 '' <Latency = 0> <II = 1> <Delay = 1.00> <Generic> <Opcode : >
ST_18 : Operation 117 [14/22] (5.92ns)   --->   "%x_assign_2 = ddiv i64 %mul21_i, i64 %conv23_i_read" [Coefficients.cpp:104->Coefficients.cpp:24]   --->   Operation 117 'ddiv' 'x_assign_2' <Predicate = true> <Delay = 5.92> <CoreInst = "DDiv">   --->   Core 39 'DDiv' <Latency = 21> <II = 1> <Delay = 5.92> <FuncUnit> <Opcode : 'ddiv' 'drem'> <InPorts = 2> <OutPorts = 1>

State 19 <SV = 18> <Delay = 7.06>
ST_19 : Operation 118 [6/10] (7.06ns)   --->   "%tmp = call i64 @sin_or_cos<double>, i64 %x_assign, i1 0, i256 %ref_4oPi_table_256, i59 %fourth_order_double_sin_cos_K0, i52 %fourth_order_double_sin_cos_K1, i44 %fourth_order_double_sin_cos_K2, i33 %fourth_order_double_sin_cos_K3, i25 %fourth_order_double_sin_cos_K4" [C:\scratch\2024.1\hls_product\545\2024.1\src\shared\hls\clib\hlsmath\src\common\hls_hotbm_double.cpp:140->C:\scratch\2024.1\hls_product\545\2024.1\src\shared\hls\clib\hlsmath\src\c++\sincoshotbmdouble.cpp:10->C:\scratch\2024.1\hls_product\545\2024.1\src\shared\hls\clib\hlsmath\src\c++\sincoshotbmdouble.cpp:25->Coefficients.cpp:100->Coefficients.cpp:24]   --->   Operation 118 'call' 'tmp' <Predicate = (icmp_ln92 & !icmp_ln97)> <Delay = 7.06> <CoreType = "Generic">   --->   Core 0 '' <Latency = 0> <II = 1> <Delay = 1.00> <Generic> <Opcode : >
ST_19 : Operation 119 [6/10] (7.06ns)   --->   "%tmp_s = call i64 @sin_or_cos<double>, i64 %x_assign_1, i1 0, i256 %ref_4oPi_table_256, i59 %fourth_order_double_sin_cos_K0, i52 %fourth_order_double_sin_cos_K1, i44 %fourth_order_double_sin_cos_K2, i33 %fourth_order_double_sin_cos_K3, i25 %fourth_order_double_sin_cos_K4" [C:\scratch\2024.1\hls_product\545\2024.1\src\shared\hls\clib\hlsmath\src\common\hls_hotbm_double.cpp:140->C:\scratch\2024.1\hls_product\545\2024.1\src\shared\hls\clib\hlsmath\src\c++\sincoshotbmdouble.cpp:10->C:\scratch\2024.1\hls_product\545\2024.1\src\shared\hls\clib\hlsmath\src\c++\sincoshotbmdouble.cpp:25->Coefficients.cpp:100->Coefficients.cpp:24]   --->   Operation 119 'call' 'tmp_s' <Predicate = (icmp_ln92 & !icmp_ln97)> <Delay = 7.06> <CoreType = "Generic">   --->   Core 0 '' <Latency = 0> <II = 1> <Delay = 1.00> <Generic> <Opcode : >
ST_19 : Operation 120 [13/22] (5.92ns)   --->   "%x_assign_2 = ddiv i64 %mul21_i, i64 %conv23_i_read" [Coefficients.cpp:104->Coefficients.cpp:24]   --->   Operation 120 'ddiv' 'x_assign_2' <Predicate = true> <Delay = 5.92> <CoreInst = "DDiv">   --->   Core 39 'DDiv' <Latency = 21> <II = 1> <Delay = 5.92> <FuncUnit> <Opcode : 'ddiv' 'drem'> <InPorts = 2> <OutPorts = 1>

State 20 <SV = 19> <Delay = 7.06>
ST_20 : Operation 121 [5/10] (7.06ns)   --->   "%tmp = call i64 @sin_or_cos<double>, i64 %x_assign, i1 0, i256 %ref_4oPi_table_256, i59 %fourth_order_double_sin_cos_K0, i52 %fourth_order_double_sin_cos_K1, i44 %fourth_order_double_sin_cos_K2, i33 %fourth_order_double_sin_cos_K3, i25 %fourth_order_double_sin_cos_K4" [C:\scratch\2024.1\hls_product\545\2024.1\src\shared\hls\clib\hlsmath\src\common\hls_hotbm_double.cpp:140->C:\scratch\2024.1\hls_product\545\2024.1\src\shared\hls\clib\hlsmath\src\c++\sincoshotbmdouble.cpp:10->C:\scratch\2024.1\hls_product\545\2024.1\src\shared\hls\clib\hlsmath\src\c++\sincoshotbmdouble.cpp:25->Coefficients.cpp:100->Coefficients.cpp:24]   --->   Operation 121 'call' 'tmp' <Predicate = (icmp_ln92 & !icmp_ln97)> <Delay = 7.06> <CoreType = "Generic">   --->   Core 0 '' <Latency = 0> <II = 1> <Delay = 1.00> <Generic> <Opcode : >
ST_20 : Operation 122 [5/10] (7.06ns)   --->   "%tmp_s = call i64 @sin_or_cos<double>, i64 %x_assign_1, i1 0, i256 %ref_4oPi_table_256, i59 %fourth_order_double_sin_cos_K0, i52 %fourth_order_double_sin_cos_K1, i44 %fourth_order_double_sin_cos_K2, i33 %fourth_order_double_sin_cos_K3, i25 %fourth_order_double_sin_cos_K4" [C:\scratch\2024.1\hls_product\545\2024.1\src\shared\hls\clib\hlsmath\src\common\hls_hotbm_double.cpp:140->C:\scratch\2024.1\hls_product\545\2024.1\src\shared\hls\clib\hlsmath\src\c++\sincoshotbmdouble.cpp:10->C:\scratch\2024.1\hls_product\545\2024.1\src\shared\hls\clib\hlsmath\src\c++\sincoshotbmdouble.cpp:25->Coefficients.cpp:100->Coefficients.cpp:24]   --->   Operation 122 'call' 'tmp_s' <Predicate = (icmp_ln92 & !icmp_ln97)> <Delay = 7.06> <CoreType = "Generic">   --->   Core 0 '' <Latency = 0> <II = 1> <Delay = 1.00> <Generic> <Opcode : >
ST_20 : Operation 123 [12/22] (5.92ns)   --->   "%x_assign_2 = ddiv i64 %mul21_i, i64 %conv23_i_read" [Coefficients.cpp:104->Coefficients.cpp:24]   --->   Operation 123 'ddiv' 'x_assign_2' <Predicate = true> <Delay = 5.92> <CoreInst = "DDiv">   --->   Core 39 'DDiv' <Latency = 21> <II = 1> <Delay = 5.92> <FuncUnit> <Opcode : 'ddiv' 'drem'> <InPorts = 2> <OutPorts = 1>

State 21 <SV = 20> <Delay = 7.06>
ST_21 : Operation 124 [4/10] (7.06ns)   --->   "%tmp = call i64 @sin_or_cos<double>, i64 %x_assign, i1 0, i256 %ref_4oPi_table_256, i59 %fourth_order_double_sin_cos_K0, i52 %fourth_order_double_sin_cos_K1, i44 %fourth_order_double_sin_cos_K2, i33 %fourth_order_double_sin_cos_K3, i25 %fourth_order_double_sin_cos_K4" [C:\scratch\2024.1\hls_product\545\2024.1\src\shared\hls\clib\hlsmath\src\common\hls_hotbm_double.cpp:140->C:\scratch\2024.1\hls_product\545\2024.1\src\shared\hls\clib\hlsmath\src\c++\sincoshotbmdouble.cpp:10->C:\scratch\2024.1\hls_product\545\2024.1\src\shared\hls\clib\hlsmath\src\c++\sincoshotbmdouble.cpp:25->Coefficients.cpp:100->Coefficients.cpp:24]   --->   Operation 124 'call' 'tmp' <Predicate = (icmp_ln92 & !icmp_ln97)> <Delay = 7.06> <CoreType = "Generic">   --->   Core 0 '' <Latency = 0> <II = 1> <Delay = 1.00> <Generic> <Opcode : >
ST_21 : Operation 125 [4/10] (7.06ns)   --->   "%tmp_s = call i64 @sin_or_cos<double>, i64 %x_assign_1, i1 0, i256 %ref_4oPi_table_256, i59 %fourth_order_double_sin_cos_K0, i52 %fourth_order_double_sin_cos_K1, i44 %fourth_order_double_sin_cos_K2, i33 %fourth_order_double_sin_cos_K3, i25 %fourth_order_double_sin_cos_K4" [C:\scratch\2024.1\hls_product\545\2024.1\src\shared\hls\clib\hlsmath\src\common\hls_hotbm_double.cpp:140->C:\scratch\2024.1\hls_product\545\2024.1\src\shared\hls\clib\hlsmath\src\c++\sincoshotbmdouble.cpp:10->C:\scratch\2024.1\hls_product\545\2024.1\src\shared\hls\clib\hlsmath\src\c++\sincoshotbmdouble.cpp:25->Coefficients.cpp:100->Coefficients.cpp:24]   --->   Operation 125 'call' 'tmp_s' <Predicate = (icmp_ln92 & !icmp_ln97)> <Delay = 7.06> <CoreType = "Generic">   --->   Core 0 '' <Latency = 0> <II = 1> <Delay = 1.00> <Generic> <Opcode : >
ST_21 : Operation 126 [11/22] (5.92ns)   --->   "%x_assign_2 = ddiv i64 %mul21_i, i64 %conv23_i_read" [Coefficients.cpp:104->Coefficients.cpp:24]   --->   Operation 126 'ddiv' 'x_assign_2' <Predicate = true> <Delay = 5.92> <CoreInst = "DDiv">   --->   Core 39 'DDiv' <Latency = 21> <II = 1> <Delay = 5.92> <FuncUnit> <Opcode : 'ddiv' 'drem'> <InPorts = 2> <OutPorts = 1>

State 22 <SV = 21> <Delay = 7.06>
ST_22 : Operation 127 [3/10] (7.06ns)   --->   "%tmp = call i64 @sin_or_cos<double>, i64 %x_assign, i1 0, i256 %ref_4oPi_table_256, i59 %fourth_order_double_sin_cos_K0, i52 %fourth_order_double_sin_cos_K1, i44 %fourth_order_double_sin_cos_K2, i33 %fourth_order_double_sin_cos_K3, i25 %fourth_order_double_sin_cos_K4" [C:\scratch\2024.1\hls_product\545\2024.1\src\shared\hls\clib\hlsmath\src\common\hls_hotbm_double.cpp:140->C:\scratch\2024.1\hls_product\545\2024.1\src\shared\hls\clib\hlsmath\src\c++\sincoshotbmdouble.cpp:10->C:\scratch\2024.1\hls_product\545\2024.1\src\shared\hls\clib\hlsmath\src\c++\sincoshotbmdouble.cpp:25->Coefficients.cpp:100->Coefficients.cpp:24]   --->   Operation 127 'call' 'tmp' <Predicate = (icmp_ln92 & !icmp_ln97)> <Delay = 7.06> <CoreType = "Generic">   --->   Core 0 '' <Latency = 0> <II = 1> <Delay = 1.00> <Generic> <Opcode : >
ST_22 : Operation 128 [3/10] (7.06ns)   --->   "%tmp_s = call i64 @sin_or_cos<double>, i64 %x_assign_1, i1 0, i256 %ref_4oPi_table_256, i59 %fourth_order_double_sin_cos_K0, i52 %fourth_order_double_sin_cos_K1, i44 %fourth_order_double_sin_cos_K2, i33 %fourth_order_double_sin_cos_K3, i25 %fourth_order_double_sin_cos_K4" [C:\scratch\2024.1\hls_product\545\2024.1\src\shared\hls\clib\hlsmath\src\common\hls_hotbm_double.cpp:140->C:\scratch\2024.1\hls_product\545\2024.1\src\shared\hls\clib\hlsmath\src\c++\sincoshotbmdouble.cpp:10->C:\scratch\2024.1\hls_product\545\2024.1\src\shared\hls\clib\hlsmath\src\c++\sincoshotbmdouble.cpp:25->Coefficients.cpp:100->Coefficients.cpp:24]   --->   Operation 128 'call' 'tmp_s' <Predicate = (icmp_ln92 & !icmp_ln97)> <Delay = 7.06> <CoreType = "Generic">   --->   Core 0 '' <Latency = 0> <II = 1> <Delay = 1.00> <Generic> <Opcode : >
ST_22 : Operation 129 [10/22] (5.92ns)   --->   "%x_assign_2 = ddiv i64 %mul21_i, i64 %conv23_i_read" [Coefficients.cpp:104->Coefficients.cpp:24]   --->   Operation 129 'ddiv' 'x_assign_2' <Predicate = true> <Delay = 5.92> <CoreInst = "DDiv">   --->   Core 39 'DDiv' <Latency = 21> <II = 1> <Delay = 5.92> <FuncUnit> <Opcode : 'ddiv' 'drem'> <InPorts = 2> <OutPorts = 1>

State 23 <SV = 22> <Delay = 7.06>
ST_23 : Operation 130 [2/10] (7.06ns)   --->   "%tmp = call i64 @sin_or_cos<double>, i64 %x_assign, i1 0, i256 %ref_4oPi_table_256, i59 %fourth_order_double_sin_cos_K0, i52 %fourth_order_double_sin_cos_K1, i44 %fourth_order_double_sin_cos_K2, i33 %fourth_order_double_sin_cos_K3, i25 %fourth_order_double_sin_cos_K4" [C:\scratch\2024.1\hls_product\545\2024.1\src\shared\hls\clib\hlsmath\src\common\hls_hotbm_double.cpp:140->C:\scratch\2024.1\hls_product\545\2024.1\src\shared\hls\clib\hlsmath\src\c++\sincoshotbmdouble.cpp:10->C:\scratch\2024.1\hls_product\545\2024.1\src\shared\hls\clib\hlsmath\src\c++\sincoshotbmdouble.cpp:25->Coefficients.cpp:100->Coefficients.cpp:24]   --->   Operation 130 'call' 'tmp' <Predicate = (icmp_ln92 & !icmp_ln97)> <Delay = 7.06> <CoreType = "Generic">   --->   Core 0 '' <Latency = 0> <II = 1> <Delay = 1.00> <Generic> <Opcode : >
ST_23 : Operation 131 [2/10] (7.06ns)   --->   "%tmp_s = call i64 @sin_or_cos<double>, i64 %x_assign_1, i1 0, i256 %ref_4oPi_table_256, i59 %fourth_order_double_sin_cos_K0, i52 %fourth_order_double_sin_cos_K1, i44 %fourth_order_double_sin_cos_K2, i33 %fourth_order_double_sin_cos_K3, i25 %fourth_order_double_sin_cos_K4" [C:\scratch\2024.1\hls_product\545\2024.1\src\shared\hls\clib\hlsmath\src\common\hls_hotbm_double.cpp:140->C:\scratch\2024.1\hls_product\545\2024.1\src\shared\hls\clib\hlsmath\src\c++\sincoshotbmdouble.cpp:10->C:\scratch\2024.1\hls_product\545\2024.1\src\shared\hls\clib\hlsmath\src\c++\sincoshotbmdouble.cpp:25->Coefficients.cpp:100->Coefficients.cpp:24]   --->   Operation 131 'call' 'tmp_s' <Predicate = (icmp_ln92 & !icmp_ln97)> <Delay = 7.06> <CoreType = "Generic">   --->   Core 0 '' <Latency = 0> <II = 1> <Delay = 1.00> <Generic> <Opcode : >
ST_23 : Operation 132 [9/22] (5.92ns)   --->   "%x_assign_2 = ddiv i64 %mul21_i, i64 %conv23_i_read" [Coefficients.cpp:104->Coefficients.cpp:24]   --->   Operation 132 'ddiv' 'x_assign_2' <Predicate = true> <Delay = 5.92> <CoreInst = "DDiv">   --->   Core 39 'DDiv' <Latency = 21> <II = 1> <Delay = 5.92> <FuncUnit> <Opcode : 'ddiv' 'drem'> <InPorts = 2> <OutPorts = 1>

State 24 <SV = 23> <Delay = 7.06>
ST_24 : Operation 133 [1/10] (7.06ns)   --->   "%tmp = call i64 @sin_or_cos<double>, i64 %x_assign, i1 0, i256 %ref_4oPi_table_256, i59 %fourth_order_double_sin_cos_K0, i52 %fourth_order_double_sin_cos_K1, i44 %fourth_order_double_sin_cos_K2, i33 %fourth_order_double_sin_cos_K3, i25 %fourth_order_double_sin_cos_K4" [C:\scratch\2024.1\hls_product\545\2024.1\src\shared\hls\clib\hlsmath\src\common\hls_hotbm_double.cpp:140->C:\scratch\2024.1\hls_product\545\2024.1\src\shared\hls\clib\hlsmath\src\c++\sincoshotbmdouble.cpp:10->C:\scratch\2024.1\hls_product\545\2024.1\src\shared\hls\clib\hlsmath\src\c++\sincoshotbmdouble.cpp:25->Coefficients.cpp:100->Coefficients.cpp:24]   --->   Operation 133 'call' 'tmp' <Predicate = (icmp_ln92 & !icmp_ln97)> <Delay = 7.06> <CoreType = "Generic">   --->   Core 0 '' <Latency = 0> <II = 1> <Delay = 1.00> <Generic> <Opcode : >
ST_24 : Operation 134 [1/10] (7.06ns)   --->   "%tmp_s = call i64 @sin_or_cos<double>, i64 %x_assign_1, i1 0, i256 %ref_4oPi_table_256, i59 %fourth_order_double_sin_cos_K0, i52 %fourth_order_double_sin_cos_K1, i44 %fourth_order_double_sin_cos_K2, i33 %fourth_order_double_sin_cos_K3, i25 %fourth_order_double_sin_cos_K4" [C:\scratch\2024.1\hls_product\545\2024.1\src\shared\hls\clib\hlsmath\src\common\hls_hotbm_double.cpp:140->C:\scratch\2024.1\hls_product\545\2024.1\src\shared\hls\clib\hlsmath\src\c++\sincoshotbmdouble.cpp:10->C:\scratch\2024.1\hls_product\545\2024.1\src\shared\hls\clib\hlsmath\src\c++\sincoshotbmdouble.cpp:25->Coefficients.cpp:100->Coefficients.cpp:24]   --->   Operation 134 'call' 'tmp_s' <Predicate = (icmp_ln92 & !icmp_ln97)> <Delay = 7.06> <CoreType = "Generic">   --->   Core 0 '' <Latency = 0> <II = 1> <Delay = 1.00> <Generic> <Opcode : >
ST_24 : Operation 135 [8/22] (5.92ns)   --->   "%x_assign_2 = ddiv i64 %mul21_i, i64 %conv23_i_read" [Coefficients.cpp:104->Coefficients.cpp:24]   --->   Operation 135 'ddiv' 'x_assign_2' <Predicate = true> <Delay = 5.92> <CoreInst = "DDiv">   --->   Core 39 'DDiv' <Latency = 21> <II = 1> <Delay = 5.92> <FuncUnit> <Opcode : 'ddiv' 'drem'> <InPorts = 2> <OutPorts = 1>

State 25 <SV = 24> <Delay = 7.04>
ST_25 : Operation 136 [5/5] (5.06ns)   --->   "%sub16_i = dsub i64 %tmp, i64 %tmp_s" [Coefficients.cpp:100->Coefficients.cpp:24]   --->   Operation 136 'dsub' 'sub16_i' <Predicate = (icmp_ln92 & !icmp_ln97)> <Delay = 5.06> <CoreInst = "DAddSub_fulldsp">   --->   Core 37 'DAddSub_fulldsp' <Latency = 4> <II = 1> <Delay = 5.06> <FuncUnit> <Opcode : 'dadd' 'dsub'> <InPorts = 2> <OutPorts = 1>
ST_25 : Operation 137 [5/5] (7.04ns)   --->   "%mul18_i = dmul i64 %conv11_i, i64 3.14159" [Coefficients.cpp:100->Coefficients.cpp:24]   --->   Operation 137 'dmul' 'mul18_i' <Predicate = (icmp_ln92 & !icmp_ln97)> <Delay = 7.04> <CoreInst = "DMul_maxdsp">   --->   Core 49 'DMul_maxdsp' <Latency = 4> <II = 1> <Delay = 7.04> <FuncUnit> <Opcode : 'dmul'> <InPorts = 2> <OutPorts = 1>
ST_25 : Operation 138 [7/22] (5.92ns)   --->   "%x_assign_2 = ddiv i64 %mul21_i, i64 %conv23_i_read" [Coefficients.cpp:104->Coefficients.cpp:24]   --->   Operation 138 'ddiv' 'x_assign_2' <Predicate = true> <Delay = 5.92> <CoreInst = "DDiv">   --->   Core 39 'DDiv' <Latency = 21> <II = 1> <Delay = 5.92> <FuncUnit> <Opcode : 'ddiv' 'drem'> <InPorts = 2> <OutPorts = 1>

State 26 <SV = 25> <Delay = 7.04>
ST_26 : Operation 139 [4/5] (5.06ns)   --->   "%sub16_i = dsub i64 %tmp, i64 %tmp_s" [Coefficients.cpp:100->Coefficients.cpp:24]   --->   Operation 139 'dsub' 'sub16_i' <Predicate = (icmp_ln92 & !icmp_ln97)> <Delay = 5.06> <CoreInst = "DAddSub_fulldsp">   --->   Core 37 'DAddSub_fulldsp' <Latency = 4> <II = 1> <Delay = 5.06> <FuncUnit> <Opcode : 'dadd' 'dsub'> <InPorts = 2> <OutPorts = 1>
ST_26 : Operation 140 [4/5] (7.04ns)   --->   "%mul18_i = dmul i64 %conv11_i, i64 3.14159" [Coefficients.cpp:100->Coefficients.cpp:24]   --->   Operation 140 'dmul' 'mul18_i' <Predicate = (icmp_ln92 & !icmp_ln97)> <Delay = 7.04> <CoreInst = "DMul_maxdsp">   --->   Core 49 'DMul_maxdsp' <Latency = 4> <II = 1> <Delay = 7.04> <FuncUnit> <Opcode : 'dmul'> <InPorts = 2> <OutPorts = 1>
ST_26 : Operation 141 [6/22] (5.92ns)   --->   "%x_assign_2 = ddiv i64 %mul21_i, i64 %conv23_i_read" [Coefficients.cpp:104->Coefficients.cpp:24]   --->   Operation 141 'ddiv' 'x_assign_2' <Predicate = true> <Delay = 5.92> <CoreInst = "DDiv">   --->   Core 39 'DDiv' <Latency = 21> <II = 1> <Delay = 5.92> <FuncUnit> <Opcode : 'ddiv' 'drem'> <InPorts = 2> <OutPorts = 1>

State 27 <SV = 26> <Delay = 7.04>
ST_27 : Operation 142 [3/5] (5.06ns)   --->   "%sub16_i = dsub i64 %tmp, i64 %tmp_s" [Coefficients.cpp:100->Coefficients.cpp:24]   --->   Operation 142 'dsub' 'sub16_i' <Predicate = (icmp_ln92 & !icmp_ln97)> <Delay = 5.06> <CoreInst = "DAddSub_fulldsp">   --->   Core 37 'DAddSub_fulldsp' <Latency = 4> <II = 1> <Delay = 5.06> <FuncUnit> <Opcode : 'dadd' 'dsub'> <InPorts = 2> <OutPorts = 1>
ST_27 : Operation 143 [3/5] (7.04ns)   --->   "%mul18_i = dmul i64 %conv11_i, i64 3.14159" [Coefficients.cpp:100->Coefficients.cpp:24]   --->   Operation 143 'dmul' 'mul18_i' <Predicate = (icmp_ln92 & !icmp_ln97)> <Delay = 7.04> <CoreInst = "DMul_maxdsp">   --->   Core 49 'DMul_maxdsp' <Latency = 4> <II = 1> <Delay = 7.04> <FuncUnit> <Opcode : 'dmul'> <InPorts = 2> <OutPorts = 1>
ST_27 : Operation 144 [5/22] (5.92ns)   --->   "%x_assign_2 = ddiv i64 %mul21_i, i64 %conv23_i_read" [Coefficients.cpp:104->Coefficients.cpp:24]   --->   Operation 144 'ddiv' 'x_assign_2' <Predicate = true> <Delay = 5.92> <CoreInst = "DDiv">   --->   Core 39 'DDiv' <Latency = 21> <II = 1> <Delay = 5.92> <FuncUnit> <Opcode : 'ddiv' 'drem'> <InPorts = 2> <OutPorts = 1>

State 28 <SV = 27> <Delay = 7.04>
ST_28 : Operation 145 [2/5] (5.06ns)   --->   "%sub16_i = dsub i64 %tmp, i64 %tmp_s" [Coefficients.cpp:100->Coefficients.cpp:24]   --->   Operation 145 'dsub' 'sub16_i' <Predicate = (icmp_ln92 & !icmp_ln97)> <Delay = 5.06> <CoreInst = "DAddSub_fulldsp">   --->   Core 37 'DAddSub_fulldsp' <Latency = 4> <II = 1> <Delay = 5.06> <FuncUnit> <Opcode : 'dadd' 'dsub'> <InPorts = 2> <OutPorts = 1>
ST_28 : Operation 146 [2/5] (7.04ns)   --->   "%mul18_i = dmul i64 %conv11_i, i64 3.14159" [Coefficients.cpp:100->Coefficients.cpp:24]   --->   Operation 146 'dmul' 'mul18_i' <Predicate = (icmp_ln92 & !icmp_ln97)> <Delay = 7.04> <CoreInst = "DMul_maxdsp">   --->   Core 49 'DMul_maxdsp' <Latency = 4> <II = 1> <Delay = 7.04> <FuncUnit> <Opcode : 'dmul'> <InPorts = 2> <OutPorts = 1>
ST_28 : Operation 147 [4/22] (5.92ns)   --->   "%x_assign_2 = ddiv i64 %mul21_i, i64 %conv23_i_read" [Coefficients.cpp:104->Coefficients.cpp:24]   --->   Operation 147 'ddiv' 'x_assign_2' <Predicate = true> <Delay = 5.92> <CoreInst = "DDiv">   --->   Core 39 'DDiv' <Latency = 21> <II = 1> <Delay = 5.92> <FuncUnit> <Opcode : 'ddiv' 'drem'> <InPorts = 2> <OutPorts = 1>

State 29 <SV = 28> <Delay = 7.04>
ST_29 : Operation 148 [1/5] (5.06ns)   --->   "%sub16_i = dsub i64 %tmp, i64 %tmp_s" [Coefficients.cpp:100->Coefficients.cpp:24]   --->   Operation 148 'dsub' 'sub16_i' <Predicate = (icmp_ln92 & !icmp_ln97)> <Delay = 5.06> <CoreInst = "DAddSub_fulldsp">   --->   Core 37 'DAddSub_fulldsp' <Latency = 4> <II = 1> <Delay = 5.06> <FuncUnit> <Opcode : 'dadd' 'dsub'> <InPorts = 2> <OutPorts = 1>
ST_29 : Operation 149 [1/5] (7.04ns)   --->   "%mul18_i = dmul i64 %conv11_i, i64 3.14159" [Coefficients.cpp:100->Coefficients.cpp:24]   --->   Operation 149 'dmul' 'mul18_i' <Predicate = (icmp_ln92 & !icmp_ln97)> <Delay = 7.04> <CoreInst = "DMul_maxdsp">   --->   Core 49 'DMul_maxdsp' <Latency = 4> <II = 1> <Delay = 7.04> <FuncUnit> <Opcode : 'dmul'> <InPorts = 2> <OutPorts = 1>
ST_29 : Operation 150 [3/22] (5.92ns)   --->   "%x_assign_2 = ddiv i64 %mul21_i, i64 %conv23_i_read" [Coefficients.cpp:104->Coefficients.cpp:24]   --->   Operation 150 'ddiv' 'x_assign_2' <Predicate = true> <Delay = 5.92> <CoreInst = "DDiv">   --->   Core 39 'DDiv' <Latency = 21> <II = 1> <Delay = 5.92> <FuncUnit> <Opcode : 'ddiv' 'drem'> <InPorts = 2> <OutPorts = 1>

State 30 <SV = 29> <Delay = 5.92>
ST_30 : Operation 151 [22/22] (5.92ns)   --->   "%val = ddiv i64 %sub16_i, i64 %mul18_i" [Coefficients.cpp:100->Coefficients.cpp:24]   --->   Operation 151 'ddiv' 'val' <Predicate = (icmp_ln92 & !icmp_ln97)> <Delay = 5.92> <CoreInst = "DDiv">   --->   Core 39 'DDiv' <Latency = 21> <II = 1> <Delay = 5.92> <FuncUnit> <Opcode : 'ddiv' 'drem'> <InPorts = 2> <OutPorts = 1>
ST_30 : Operation 152 [2/22] (5.92ns)   --->   "%x_assign_2 = ddiv i64 %mul21_i, i64 %conv23_i_read" [Coefficients.cpp:104->Coefficients.cpp:24]   --->   Operation 152 'ddiv' 'x_assign_2' <Predicate = true> <Delay = 5.92> <CoreInst = "DDiv">   --->   Core 39 'DDiv' <Latency = 21> <II = 1> <Delay = 5.92> <FuncUnit> <Opcode : 'ddiv' 'drem'> <InPorts = 2> <OutPorts = 1>

State 31 <SV = 30> <Delay = 5.92>
ST_31 : Operation 153 [21/22] (5.92ns)   --->   "%val = ddiv i64 %sub16_i, i64 %mul18_i" [Coefficients.cpp:100->Coefficients.cpp:24]   --->   Operation 153 'ddiv' 'val' <Predicate = (icmp_ln92 & !icmp_ln97)> <Delay = 5.92> <CoreInst = "DDiv">   --->   Core 39 'DDiv' <Latency = 21> <II = 1> <Delay = 5.92> <FuncUnit> <Opcode : 'ddiv' 'drem'> <InPorts = 2> <OutPorts = 1>
ST_31 : Operation 154 [1/22] (5.92ns)   --->   "%x_assign_2 = ddiv i64 %mul21_i, i64 %conv23_i_read" [Coefficients.cpp:104->Coefficients.cpp:24]   --->   Operation 154 'ddiv' 'x_assign_2' <Predicate = true> <Delay = 5.92> <CoreInst = "DDiv">   --->   Core 39 'DDiv' <Latency = 21> <II = 1> <Delay = 5.92> <FuncUnit> <Opcode : 'ddiv' 'drem'> <InPorts = 2> <OutPorts = 1>

State 32 <SV = 31> <Delay = 5.92>
ST_32 : Operation 155 [20/22] (5.92ns)   --->   "%val = ddiv i64 %sub16_i, i64 %mul18_i" [Coefficients.cpp:100->Coefficients.cpp:24]   --->   Operation 155 'ddiv' 'val' <Predicate = (icmp_ln92 & !icmp_ln97)> <Delay = 5.92> <CoreInst = "DDiv">   --->   Core 39 'DDiv' <Latency = 21> <II = 1> <Delay = 5.92> <FuncUnit> <Opcode : 'ddiv' 'drem'> <InPorts = 2> <OutPorts = 1>
ST_32 : Operation 156 [10/10] (2.42ns)   --->   "%tmp_19 = call i64 @sin_or_cos<double>, i64 %x_assign_2, i1 1, i256 %ref_4oPi_table_256, i59 %fourth_order_double_sin_cos_K0, i52 %fourth_order_double_sin_cos_K1, i44 %fourth_order_double_sin_cos_K2, i33 %fourth_order_double_sin_cos_K3, i25 %fourth_order_double_sin_cos_K4" [C:\scratch\2024.1\hls_product\545\2024.1\src\shared\hls\clib\hlsmath\src\common\hls_hotbm_double.cpp:144->C:\scratch\2024.1\hls_product\545\2024.1\src\shared\hls\clib\hlsmath\src\c++\sincoshotbmdouble.cpp:15->C:\scratch\2024.1\hls_product\545\2024.1\src\shared\hls\clib\hlsmath\src\c++\sincoshotbmdouble.cpp:29->Coefficients.cpp:104->Coefficients.cpp:24]   --->   Operation 156 'call' 'tmp_19' <Predicate = (icmp_ln92)> <Delay = 2.42> <CoreType = "Generic">   --->   Core 0 '' <Latency = 0> <II = 1> <Delay = 1.00> <Generic> <Opcode : >

State 33 <SV = 32> <Delay = 7.06>
ST_33 : Operation 157 [19/22] (5.92ns)   --->   "%val = ddiv i64 %sub16_i, i64 %mul18_i" [Coefficients.cpp:100->Coefficients.cpp:24]   --->   Operation 157 'ddiv' 'val' <Predicate = (icmp_ln92 & !icmp_ln97)> <Delay = 5.92> <CoreInst = "DDiv">   --->   Core 39 'DDiv' <Latency = 21> <II = 1> <Delay = 5.92> <FuncUnit> <Opcode : 'ddiv' 'drem'> <InPorts = 2> <OutPorts = 1>
ST_33 : Operation 158 [9/10] (7.06ns)   --->   "%tmp_19 = call i64 @sin_or_cos<double>, i64 %x_assign_2, i1 1, i256 %ref_4oPi_table_256, i59 %fourth_order_double_sin_cos_K0, i52 %fourth_order_double_sin_cos_K1, i44 %fourth_order_double_sin_cos_K2, i33 %fourth_order_double_sin_cos_K3, i25 %fourth_order_double_sin_cos_K4" [C:\scratch\2024.1\hls_product\545\2024.1\src\shared\hls\clib\hlsmath\src\common\hls_hotbm_double.cpp:144->C:\scratch\2024.1\hls_product\545\2024.1\src\shared\hls\clib\hlsmath\src\c++\sincoshotbmdouble.cpp:15->C:\scratch\2024.1\hls_product\545\2024.1\src\shared\hls\clib\hlsmath\src\c++\sincoshotbmdouble.cpp:29->Coefficients.cpp:104->Coefficients.cpp:24]   --->   Operation 158 'call' 'tmp_19' <Predicate = (icmp_ln92)> <Delay = 7.06> <CoreType = "Generic">   --->   Core 0 '' <Latency = 0> <II = 1> <Delay = 1.00> <Generic> <Opcode : >

State 34 <SV = 33> <Delay = 7.06>
ST_34 : Operation 159 [18/22] (5.92ns)   --->   "%val = ddiv i64 %sub16_i, i64 %mul18_i" [Coefficients.cpp:100->Coefficients.cpp:24]   --->   Operation 159 'ddiv' 'val' <Predicate = (icmp_ln92 & !icmp_ln97)> <Delay = 5.92> <CoreInst = "DDiv">   --->   Core 39 'DDiv' <Latency = 21> <II = 1> <Delay = 5.92> <FuncUnit> <Opcode : 'ddiv' 'drem'> <InPorts = 2> <OutPorts = 1>
ST_34 : Operation 160 [8/10] (7.06ns)   --->   "%tmp_19 = call i64 @sin_or_cos<double>, i64 %x_assign_2, i1 1, i256 %ref_4oPi_table_256, i59 %fourth_order_double_sin_cos_K0, i52 %fourth_order_double_sin_cos_K1, i44 %fourth_order_double_sin_cos_K2, i33 %fourth_order_double_sin_cos_K3, i25 %fourth_order_double_sin_cos_K4" [C:\scratch\2024.1\hls_product\545\2024.1\src\shared\hls\clib\hlsmath\src\common\hls_hotbm_double.cpp:144->C:\scratch\2024.1\hls_product\545\2024.1\src\shared\hls\clib\hlsmath\src\c++\sincoshotbmdouble.cpp:15->C:\scratch\2024.1\hls_product\545\2024.1\src\shared\hls\clib\hlsmath\src\c++\sincoshotbmdouble.cpp:29->Coefficients.cpp:104->Coefficients.cpp:24]   --->   Operation 160 'call' 'tmp_19' <Predicate = (icmp_ln92)> <Delay = 7.06> <CoreType = "Generic">   --->   Core 0 '' <Latency = 0> <II = 1> <Delay = 1.00> <Generic> <Opcode : >

State 35 <SV = 34> <Delay = 7.06>
ST_35 : Operation 161 [17/22] (5.92ns)   --->   "%val = ddiv i64 %sub16_i, i64 %mul18_i" [Coefficients.cpp:100->Coefficients.cpp:24]   --->   Operation 161 'ddiv' 'val' <Predicate = (icmp_ln92 & !icmp_ln97)> <Delay = 5.92> <CoreInst = "DDiv">   --->   Core 39 'DDiv' <Latency = 21> <II = 1> <Delay = 5.92> <FuncUnit> <Opcode : 'ddiv' 'drem'> <InPorts = 2> <OutPorts = 1>
ST_35 : Operation 162 [7/10] (7.06ns)   --->   "%tmp_19 = call i64 @sin_or_cos<double>, i64 %x_assign_2, i1 1, i256 %ref_4oPi_table_256, i59 %fourth_order_double_sin_cos_K0, i52 %fourth_order_double_sin_cos_K1, i44 %fourth_order_double_sin_cos_K2, i33 %fourth_order_double_sin_cos_K3, i25 %fourth_order_double_sin_cos_K4" [C:\scratch\2024.1\hls_product\545\2024.1\src\shared\hls\clib\hlsmath\src\common\hls_hotbm_double.cpp:144->C:\scratch\2024.1\hls_product\545\2024.1\src\shared\hls\clib\hlsmath\src\c++\sincoshotbmdouble.cpp:15->C:\scratch\2024.1\hls_product\545\2024.1\src\shared\hls\clib\hlsmath\src\c++\sincoshotbmdouble.cpp:29->Coefficients.cpp:104->Coefficients.cpp:24]   --->   Operation 162 'call' 'tmp_19' <Predicate = (icmp_ln92)> <Delay = 7.06> <CoreType = "Generic">   --->   Core 0 '' <Latency = 0> <II = 1> <Delay = 1.00> <Generic> <Opcode : >

State 36 <SV = 35> <Delay = 7.06>
ST_36 : Operation 163 [16/22] (5.92ns)   --->   "%val = ddiv i64 %sub16_i, i64 %mul18_i" [Coefficients.cpp:100->Coefficients.cpp:24]   --->   Operation 163 'ddiv' 'val' <Predicate = (icmp_ln92 & !icmp_ln97)> <Delay = 5.92> <CoreInst = "DDiv">   --->   Core 39 'DDiv' <Latency = 21> <II = 1> <Delay = 5.92> <FuncUnit> <Opcode : 'ddiv' 'drem'> <InPorts = 2> <OutPorts = 1>
ST_36 : Operation 164 [6/10] (7.06ns)   --->   "%tmp_19 = call i64 @sin_or_cos<double>, i64 %x_assign_2, i1 1, i256 %ref_4oPi_table_256, i59 %fourth_order_double_sin_cos_K0, i52 %fourth_order_double_sin_cos_K1, i44 %fourth_order_double_sin_cos_K2, i33 %fourth_order_double_sin_cos_K3, i25 %fourth_order_double_sin_cos_K4" [C:\scratch\2024.1\hls_product\545\2024.1\src\shared\hls\clib\hlsmath\src\common\hls_hotbm_double.cpp:144->C:\scratch\2024.1\hls_product\545\2024.1\src\shared\hls\clib\hlsmath\src\c++\sincoshotbmdouble.cpp:15->C:\scratch\2024.1\hls_product\545\2024.1\src\shared\hls\clib\hlsmath\src\c++\sincoshotbmdouble.cpp:29->Coefficients.cpp:104->Coefficients.cpp:24]   --->   Operation 164 'call' 'tmp_19' <Predicate = (icmp_ln92)> <Delay = 7.06> <CoreType = "Generic">   --->   Core 0 '' <Latency = 0> <II = 1> <Delay = 1.00> <Generic> <Opcode : >

State 37 <SV = 36> <Delay = 7.06>
ST_37 : Operation 165 [15/22] (5.92ns)   --->   "%val = ddiv i64 %sub16_i, i64 %mul18_i" [Coefficients.cpp:100->Coefficients.cpp:24]   --->   Operation 165 'ddiv' 'val' <Predicate = (icmp_ln92 & !icmp_ln97)> <Delay = 5.92> <CoreInst = "DDiv">   --->   Core 39 'DDiv' <Latency = 21> <II = 1> <Delay = 5.92> <FuncUnit> <Opcode : 'ddiv' 'drem'> <InPorts = 2> <OutPorts = 1>
ST_37 : Operation 166 [5/10] (7.06ns)   --->   "%tmp_19 = call i64 @sin_or_cos<double>, i64 %x_assign_2, i1 1, i256 %ref_4oPi_table_256, i59 %fourth_order_double_sin_cos_K0, i52 %fourth_order_double_sin_cos_K1, i44 %fourth_order_double_sin_cos_K2, i33 %fourth_order_double_sin_cos_K3, i25 %fourth_order_double_sin_cos_K4" [C:\scratch\2024.1\hls_product\545\2024.1\src\shared\hls\clib\hlsmath\src\common\hls_hotbm_double.cpp:144->C:\scratch\2024.1\hls_product\545\2024.1\src\shared\hls\clib\hlsmath\src\c++\sincoshotbmdouble.cpp:15->C:\scratch\2024.1\hls_product\545\2024.1\src\shared\hls\clib\hlsmath\src\c++\sincoshotbmdouble.cpp:29->Coefficients.cpp:104->Coefficients.cpp:24]   --->   Operation 166 'call' 'tmp_19' <Predicate = (icmp_ln92)> <Delay = 7.06> <CoreType = "Generic">   --->   Core 0 '' <Latency = 0> <II = 1> <Delay = 1.00> <Generic> <Opcode : >

State 38 <SV = 37> <Delay = 7.06>
ST_38 : Operation 167 [14/22] (5.92ns)   --->   "%val = ddiv i64 %sub16_i, i64 %mul18_i" [Coefficients.cpp:100->Coefficients.cpp:24]   --->   Operation 167 'ddiv' 'val' <Predicate = (icmp_ln92 & !icmp_ln97)> <Delay = 5.92> <CoreInst = "DDiv">   --->   Core 39 'DDiv' <Latency = 21> <II = 1> <Delay = 5.92> <FuncUnit> <Opcode : 'ddiv' 'drem'> <InPorts = 2> <OutPorts = 1>
ST_38 : Operation 168 [4/10] (7.06ns)   --->   "%tmp_19 = call i64 @sin_or_cos<double>, i64 %x_assign_2, i1 1, i256 %ref_4oPi_table_256, i59 %fourth_order_double_sin_cos_K0, i52 %fourth_order_double_sin_cos_K1, i44 %fourth_order_double_sin_cos_K2, i33 %fourth_order_double_sin_cos_K3, i25 %fourth_order_double_sin_cos_K4" [C:\scratch\2024.1\hls_product\545\2024.1\src\shared\hls\clib\hlsmath\src\common\hls_hotbm_double.cpp:144->C:\scratch\2024.1\hls_product\545\2024.1\src\shared\hls\clib\hlsmath\src\c++\sincoshotbmdouble.cpp:15->C:\scratch\2024.1\hls_product\545\2024.1\src\shared\hls\clib\hlsmath\src\c++\sincoshotbmdouble.cpp:29->Coefficients.cpp:104->Coefficients.cpp:24]   --->   Operation 168 'call' 'tmp_19' <Predicate = (icmp_ln92)> <Delay = 7.06> <CoreType = "Generic">   --->   Core 0 '' <Latency = 0> <II = 1> <Delay = 1.00> <Generic> <Opcode : >

State 39 <SV = 38> <Delay = 7.06>
ST_39 : Operation 169 [13/22] (5.92ns)   --->   "%val = ddiv i64 %sub16_i, i64 %mul18_i" [Coefficients.cpp:100->Coefficients.cpp:24]   --->   Operation 169 'ddiv' 'val' <Predicate = (icmp_ln92 & !icmp_ln97)> <Delay = 5.92> <CoreInst = "DDiv">   --->   Core 39 'DDiv' <Latency = 21> <II = 1> <Delay = 5.92> <FuncUnit> <Opcode : 'ddiv' 'drem'> <InPorts = 2> <OutPorts = 1>
ST_39 : Operation 170 [3/10] (7.06ns)   --->   "%tmp_19 = call i64 @sin_or_cos<double>, i64 %x_assign_2, i1 1, i256 %ref_4oPi_table_256, i59 %fourth_order_double_sin_cos_K0, i52 %fourth_order_double_sin_cos_K1, i44 %fourth_order_double_sin_cos_K2, i33 %fourth_order_double_sin_cos_K3, i25 %fourth_order_double_sin_cos_K4" [C:\scratch\2024.1\hls_product\545\2024.1\src\shared\hls\clib\hlsmath\src\common\hls_hotbm_double.cpp:144->C:\scratch\2024.1\hls_product\545\2024.1\src\shared\hls\clib\hlsmath\src\c++\sincoshotbmdouble.cpp:15->C:\scratch\2024.1\hls_product\545\2024.1\src\shared\hls\clib\hlsmath\src\c++\sincoshotbmdouble.cpp:29->Coefficients.cpp:104->Coefficients.cpp:24]   --->   Operation 170 'call' 'tmp_19' <Predicate = (icmp_ln92)> <Delay = 7.06> <CoreType = "Generic">   --->   Core 0 '' <Latency = 0> <II = 1> <Delay = 1.00> <Generic> <Opcode : >

State 40 <SV = 39> <Delay = 7.06>
ST_40 : Operation 171 [12/22] (5.92ns)   --->   "%val = ddiv i64 %sub16_i, i64 %mul18_i" [Coefficients.cpp:100->Coefficients.cpp:24]   --->   Operation 171 'ddiv' 'val' <Predicate = (icmp_ln92 & !icmp_ln97)> <Delay = 5.92> <CoreInst = "DDiv">   --->   Core 39 'DDiv' <Latency = 21> <II = 1> <Delay = 5.92> <FuncUnit> <Opcode : 'ddiv' 'drem'> <InPorts = 2> <OutPorts = 1>
ST_40 : Operation 172 [2/10] (7.06ns)   --->   "%tmp_19 = call i64 @sin_or_cos<double>, i64 %x_assign_2, i1 1, i256 %ref_4oPi_table_256, i59 %fourth_order_double_sin_cos_K0, i52 %fourth_order_double_sin_cos_K1, i44 %fourth_order_double_sin_cos_K2, i33 %fourth_order_double_sin_cos_K3, i25 %fourth_order_double_sin_cos_K4" [C:\scratch\2024.1\hls_product\545\2024.1\src\shared\hls\clib\hlsmath\src\common\hls_hotbm_double.cpp:144->C:\scratch\2024.1\hls_product\545\2024.1\src\shared\hls\clib\hlsmath\src\c++\sincoshotbmdouble.cpp:15->C:\scratch\2024.1\hls_product\545\2024.1\src\shared\hls\clib\hlsmath\src\c++\sincoshotbmdouble.cpp:29->Coefficients.cpp:104->Coefficients.cpp:24]   --->   Operation 172 'call' 'tmp_19' <Predicate = (icmp_ln92)> <Delay = 7.06> <CoreType = "Generic">   --->   Core 0 '' <Latency = 0> <II = 1> <Delay = 1.00> <Generic> <Opcode : >

State 41 <SV = 40> <Delay = 7.06>
ST_41 : Operation 173 [11/22] (5.92ns)   --->   "%val = ddiv i64 %sub16_i, i64 %mul18_i" [Coefficients.cpp:100->Coefficients.cpp:24]   --->   Operation 173 'ddiv' 'val' <Predicate = (icmp_ln92 & !icmp_ln97)> <Delay = 5.92> <CoreInst = "DDiv">   --->   Core 39 'DDiv' <Latency = 21> <II = 1> <Delay = 5.92> <FuncUnit> <Opcode : 'ddiv' 'drem'> <InPorts = 2> <OutPorts = 1>
ST_41 : Operation 174 [1/10] (7.06ns)   --->   "%tmp_19 = call i64 @sin_or_cos<double>, i64 %x_assign_2, i1 1, i256 %ref_4oPi_table_256, i59 %fourth_order_double_sin_cos_K0, i52 %fourth_order_double_sin_cos_K1, i44 %fourth_order_double_sin_cos_K2, i33 %fourth_order_double_sin_cos_K3, i25 %fourth_order_double_sin_cos_K4" [C:\scratch\2024.1\hls_product\545\2024.1\src\shared\hls\clib\hlsmath\src\common\hls_hotbm_double.cpp:144->C:\scratch\2024.1\hls_product\545\2024.1\src\shared\hls\clib\hlsmath\src\c++\sincoshotbmdouble.cpp:15->C:\scratch\2024.1\hls_product\545\2024.1\src\shared\hls\clib\hlsmath\src\c++\sincoshotbmdouble.cpp:29->Coefficients.cpp:104->Coefficients.cpp:24]   --->   Operation 174 'call' 'tmp_19' <Predicate = (icmp_ln92)> <Delay = 7.06> <CoreType = "Generic">   --->   Core 0 '' <Latency = 0> <II = 1> <Delay = 1.00> <Generic> <Opcode : >

State 42 <SV = 41> <Delay = 7.04>
ST_42 : Operation 175 [10/22] (5.92ns)   --->   "%val = ddiv i64 %sub16_i, i64 %mul18_i" [Coefficients.cpp:100->Coefficients.cpp:24]   --->   Operation 175 'ddiv' 'val' <Predicate = (icmp_ln92 & !icmp_ln97)> <Delay = 5.92> <CoreInst = "DDiv">   --->   Core 39 'DDiv' <Latency = 21> <II = 1> <Delay = 5.92> <FuncUnit> <Opcode : 'ddiv' 'drem'> <InPorts = 2> <OutPorts = 1>
ST_42 : Operation 176 [5/5] (7.04ns)   --->   "%mul26_i = dmul i64 %tmp_19, i64 0.46" [Coefficients.cpp:104->Coefficients.cpp:24]   --->   Operation 176 'dmul' 'mul26_i' <Predicate = true> <Delay = 7.04> <CoreInst = "DMul_maxdsp">   --->   Core 49 'DMul_maxdsp' <Latency = 4> <II = 1> <Delay = 7.04> <FuncUnit> <Opcode : 'dmul'> <InPorts = 2> <OutPorts = 1>

State 43 <SV = 42> <Delay = 7.04>
ST_43 : Operation 177 [9/22] (5.92ns)   --->   "%val = ddiv i64 %sub16_i, i64 %mul18_i" [Coefficients.cpp:100->Coefficients.cpp:24]   --->   Operation 177 'ddiv' 'val' <Predicate = (icmp_ln92 & !icmp_ln97)> <Delay = 5.92> <CoreInst = "DDiv">   --->   Core 39 'DDiv' <Latency = 21> <II = 1> <Delay = 5.92> <FuncUnit> <Opcode : 'ddiv' 'drem'> <InPorts = 2> <OutPorts = 1>
ST_43 : Operation 178 [4/5] (7.04ns)   --->   "%mul26_i = dmul i64 %tmp_19, i64 0.46" [Coefficients.cpp:104->Coefficients.cpp:24]   --->   Operation 178 'dmul' 'mul26_i' <Predicate = true> <Delay = 7.04> <CoreInst = "DMul_maxdsp">   --->   Core 49 'DMul_maxdsp' <Latency = 4> <II = 1> <Delay = 7.04> <FuncUnit> <Opcode : 'dmul'> <InPorts = 2> <OutPorts = 1>

State 44 <SV = 43> <Delay = 7.04>
ST_44 : Operation 179 [8/22] (5.92ns)   --->   "%val = ddiv i64 %sub16_i, i64 %mul18_i" [Coefficients.cpp:100->Coefficients.cpp:24]   --->   Operation 179 'ddiv' 'val' <Predicate = (icmp_ln92 & !icmp_ln97)> <Delay = 5.92> <CoreInst = "DDiv">   --->   Core 39 'DDiv' <Latency = 21> <II = 1> <Delay = 5.92> <FuncUnit> <Opcode : 'ddiv' 'drem'> <InPorts = 2> <OutPorts = 1>
ST_44 : Operation 180 [3/5] (7.04ns)   --->   "%mul26_i = dmul i64 %tmp_19, i64 0.46" [Coefficients.cpp:104->Coefficients.cpp:24]   --->   Operation 180 'dmul' 'mul26_i' <Predicate = true> <Delay = 7.04> <CoreInst = "DMul_maxdsp">   --->   Core 49 'DMul_maxdsp' <Latency = 4> <II = 1> <Delay = 7.04> <FuncUnit> <Opcode : 'dmul'> <InPorts = 2> <OutPorts = 1>

State 45 <SV = 44> <Delay = 7.04>
ST_45 : Operation 181 [7/22] (5.92ns)   --->   "%val = ddiv i64 %sub16_i, i64 %mul18_i" [Coefficients.cpp:100->Coefficients.cpp:24]   --->   Operation 181 'ddiv' 'val' <Predicate = (icmp_ln92 & !icmp_ln97)> <Delay = 5.92> <CoreInst = "DDiv">   --->   Core 39 'DDiv' <Latency = 21> <II = 1> <Delay = 5.92> <FuncUnit> <Opcode : 'ddiv' 'drem'> <InPorts = 2> <OutPorts = 1>
ST_45 : Operation 182 [2/5] (7.04ns)   --->   "%mul26_i = dmul i64 %tmp_19, i64 0.46" [Coefficients.cpp:104->Coefficients.cpp:24]   --->   Operation 182 'dmul' 'mul26_i' <Predicate = true> <Delay = 7.04> <CoreInst = "DMul_maxdsp">   --->   Core 49 'DMul_maxdsp' <Latency = 4> <II = 1> <Delay = 7.04> <FuncUnit> <Opcode : 'dmul'> <InPorts = 2> <OutPorts = 1>

State 46 <SV = 45> <Delay = 7.04>
ST_46 : Operation 183 [6/22] (5.92ns)   --->   "%val = ddiv i64 %sub16_i, i64 %mul18_i" [Coefficients.cpp:100->Coefficients.cpp:24]   --->   Operation 183 'ddiv' 'val' <Predicate = (icmp_ln92 & !icmp_ln97)> <Delay = 5.92> <CoreInst = "DDiv">   --->   Core 39 'DDiv' <Latency = 21> <II = 1> <Delay = 5.92> <FuncUnit> <Opcode : 'ddiv' 'drem'> <InPorts = 2> <OutPorts = 1>
ST_46 : Operation 184 [1/5] (7.04ns)   --->   "%mul26_i = dmul i64 %tmp_19, i64 0.46" [Coefficients.cpp:104->Coefficients.cpp:24]   --->   Operation 184 'dmul' 'mul26_i' <Predicate = true> <Delay = 7.04> <CoreInst = "DMul_maxdsp">   --->   Core 49 'DMul_maxdsp' <Latency = 4> <II = 1> <Delay = 7.04> <FuncUnit> <Opcode : 'dmul'> <InPorts = 2> <OutPorts = 1>

State 47 <SV = 46> <Delay = 5.92>
ST_47 : Operation 185 [5/22] (5.92ns)   --->   "%val = ddiv i64 %sub16_i, i64 %mul18_i" [Coefficients.cpp:100->Coefficients.cpp:24]   --->   Operation 185 'ddiv' 'val' <Predicate = (icmp_ln92 & !icmp_ln97)> <Delay = 5.92> <CoreInst = "DDiv">   --->   Core 39 'DDiv' <Latency = 21> <II = 1> <Delay = 5.92> <FuncUnit> <Opcode : 'ddiv' 'drem'> <InPorts = 2> <OutPorts = 1>
ST_47 : Operation 186 [5/5] (5.06ns)   --->   "%w = dsub i64 0.54, i64 %mul26_i" [Coefficients.cpp:104->Coefficients.cpp:24]   --->   Operation 186 'dsub' 'w' <Predicate = true> <Delay = 5.06> <CoreInst = "DAddSub_fulldsp">   --->   Core 37 'DAddSub_fulldsp' <Latency = 4> <II = 1> <Delay = 5.06> <FuncUnit> <Opcode : 'dadd' 'dsub'> <InPorts = 2> <OutPorts = 1>

State 48 <SV = 47> <Delay = 5.92>
ST_48 : Operation 187 [4/22] (5.92ns)   --->   "%val = ddiv i64 %sub16_i, i64 %mul18_i" [Coefficients.cpp:100->Coefficients.cpp:24]   --->   Operation 187 'ddiv' 'val' <Predicate = (icmp_ln92 & !icmp_ln97)> <Delay = 5.92> <CoreInst = "DDiv">   --->   Core 39 'DDiv' <Latency = 21> <II = 1> <Delay = 5.92> <FuncUnit> <Opcode : 'ddiv' 'drem'> <InPorts = 2> <OutPorts = 1>
ST_48 : Operation 188 [4/5] (5.06ns)   --->   "%w = dsub i64 0.54, i64 %mul26_i" [Coefficients.cpp:104->Coefficients.cpp:24]   --->   Operation 188 'dsub' 'w' <Predicate = true> <Delay = 5.06> <CoreInst = "DAddSub_fulldsp">   --->   Core 37 'DAddSub_fulldsp' <Latency = 4> <II = 1> <Delay = 5.06> <FuncUnit> <Opcode : 'dadd' 'dsub'> <InPorts = 2> <OutPorts = 1>

State 49 <SV = 48> <Delay = 5.92>
ST_49 : Operation 189 [3/22] (5.92ns)   --->   "%val = ddiv i64 %sub16_i, i64 %mul18_i" [Coefficients.cpp:100->Coefficients.cpp:24]   --->   Operation 189 'ddiv' 'val' <Predicate = (icmp_ln92 & !icmp_ln97)> <Delay = 5.92> <CoreInst = "DDiv">   --->   Core 39 'DDiv' <Latency = 21> <II = 1> <Delay = 5.92> <FuncUnit> <Opcode : 'ddiv' 'drem'> <InPorts = 2> <OutPorts = 1>
ST_49 : Operation 190 [3/5] (5.06ns)   --->   "%w = dsub i64 0.54, i64 %mul26_i" [Coefficients.cpp:104->Coefficients.cpp:24]   --->   Operation 190 'dsub' 'w' <Predicate = true> <Delay = 5.06> <CoreInst = "DAddSub_fulldsp">   --->   Core 37 'DAddSub_fulldsp' <Latency = 4> <II = 1> <Delay = 5.06> <FuncUnit> <Opcode : 'dadd' 'dsub'> <InPorts = 2> <OutPorts = 1>

State 50 <SV = 49> <Delay = 5.92>
ST_50 : Operation 191 [2/22] (5.92ns)   --->   "%val = ddiv i64 %sub16_i, i64 %mul18_i" [Coefficients.cpp:100->Coefficients.cpp:24]   --->   Operation 191 'ddiv' 'val' <Predicate = (icmp_ln92 & !icmp_ln97)> <Delay = 5.92> <CoreInst = "DDiv">   --->   Core 39 'DDiv' <Latency = 21> <II = 1> <Delay = 5.92> <FuncUnit> <Opcode : 'ddiv' 'drem'> <InPorts = 2> <OutPorts = 1>
ST_50 : Operation 192 [2/5] (5.06ns)   --->   "%w = dsub i64 0.54, i64 %mul26_i" [Coefficients.cpp:104->Coefficients.cpp:24]   --->   Operation 192 'dsub' 'w' <Predicate = true> <Delay = 5.06> <CoreInst = "DAddSub_fulldsp">   --->   Core 37 'DAddSub_fulldsp' <Latency = 4> <II = 1> <Delay = 5.06> <FuncUnit> <Opcode : 'dadd' 'dsub'> <InPorts = 2> <OutPorts = 1>

State 51 <SV = 50> <Delay = 5.92>
ST_51 : Operation 193 [1/22] (5.92ns)   --->   "%val = ddiv i64 %sub16_i, i64 %mul18_i" [Coefficients.cpp:100->Coefficients.cpp:24]   --->   Operation 193 'ddiv' 'val' <Predicate = (icmp_ln92 & !icmp_ln97)> <Delay = 5.92> <CoreInst = "DDiv">   --->   Core 39 'DDiv' <Latency = 21> <II = 1> <Delay = 5.92> <FuncUnit> <Opcode : 'ddiv' 'drem'> <InPorts = 2> <OutPorts = 1>
ST_51 : Operation 194 [1/1] (0.42ns)   --->   "%br_ln0 = br void %for.inc.i"   --->   Operation 194 'br' 'br_ln0' <Predicate = (icmp_ln92 & !icmp_ln97)> <Delay = 0.42>
ST_51 : Operation 195 [1/5] (5.06ns)   --->   "%w = dsub i64 0.54, i64 %mul26_i" [Coefficients.cpp:104->Coefficients.cpp:24]   --->   Operation 195 'dsub' 'w' <Predicate = true> <Delay = 5.06> <CoreInst = "DAddSub_fulldsp">   --->   Core 37 'DAddSub_fulldsp' <Latency = 4> <II = 1> <Delay = 5.06> <FuncUnit> <Opcode : 'dadd' 'dsub'> <InPorts = 2> <OutPorts = 1>

State 52 <SV = 51> <Delay = 7.04>
ST_52 : Operation 196 [1/1] (0.00ns)   --->   "%val_1 = phi i64 %val, void %if.else.i, i64 %div10_i_read, void %for.body.i.split"   --->   Operation 196 'phi' 'val_1' <Predicate = true> <Delay = 0.00>
ST_52 : Operation 197 [5/5] (7.04ns)   --->   "%mul28_i = dmul i64 %val_1, i64 %w" [Coefficients.cpp:105->Coefficients.cpp:24]   --->   Operation 197 'dmul' 'mul28_i' <Predicate = true> <Delay = 7.04> <CoreInst = "DMul_maxdsp">   --->   Core 49 'DMul_maxdsp' <Latency = 4> <II = 1> <Delay = 7.04> <FuncUnit> <Opcode : 'dmul'> <InPorts = 2> <OutPorts = 1>

State 53 <SV = 52> <Delay = 7.04>
ST_53 : Operation 198 [4/5] (7.04ns)   --->   "%mul28_i = dmul i64 %val_1, i64 %w" [Coefficients.cpp:105->Coefficients.cpp:24]   --->   Operation 198 'dmul' 'mul28_i' <Predicate = true> <Delay = 7.04> <CoreInst = "DMul_maxdsp">   --->   Core 49 'DMul_maxdsp' <Latency = 4> <II = 1> <Delay = 7.04> <FuncUnit> <Opcode : 'dmul'> <InPorts = 2> <OutPorts = 1>

State 54 <SV = 53> <Delay = 7.04>
ST_54 : Operation 199 [3/5] (7.04ns)   --->   "%mul28_i = dmul i64 %val_1, i64 %w" [Coefficients.cpp:105->Coefficients.cpp:24]   --->   Operation 199 'dmul' 'mul28_i' <Predicate = true> <Delay = 7.04> <CoreInst = "DMul_maxdsp">   --->   Core 49 'DMul_maxdsp' <Latency = 4> <II = 1> <Delay = 7.04> <FuncUnit> <Opcode : 'dmul'> <InPorts = 2> <OutPorts = 1>

State 55 <SV = 54> <Delay = 7.04>
ST_55 : Operation 200 [2/5] (7.04ns)   --->   "%mul28_i = dmul i64 %val_1, i64 %w" [Coefficients.cpp:105->Coefficients.cpp:24]   --->   Operation 200 'dmul' 'mul28_i' <Predicate = true> <Delay = 7.04> <CoreInst = "DMul_maxdsp">   --->   Core 49 'DMul_maxdsp' <Latency = 4> <II = 1> <Delay = 7.04> <FuncUnit> <Opcode : 'dmul'> <InPorts = 2> <OutPorts = 1>

State 56 <SV = 55> <Delay = 7.04>
ST_56 : Operation 201 [1/5] (7.04ns)   --->   "%mul28_i = dmul i64 %val_1, i64 %w" [Coefficients.cpp:105->Coefficients.cpp:24]   --->   Operation 201 'dmul' 'mul28_i' <Predicate = true> <Delay = 7.04> <CoreInst = "DMul_maxdsp">   --->   Core 49 'DMul_maxdsp' <Latency = 4> <II = 1> <Delay = 7.04> <FuncUnit> <Opcode : 'dmul'> <InPorts = 2> <OutPorts = 1>
ST_56 : Operation 208 [1/1] (0.42ns)   --->   "%ret_ln0 = ret"   --->   Operation 208 'ret' 'ret_ln0' <Predicate = (!icmp_ln92)> <Delay = 0.42>

State 57 <SV = 56> <Delay = 1.23>
ST_57 : Operation 202 [1/1] (0.00ns)   --->   "%zext_ln92 = zext i7 %i_1" [Coefficients.cpp:92->Coefficients.cpp:24]   --->   Operation 202 'zext' 'zext_ln92' <Predicate = (icmp_ln92)> <Delay = 0.00>
ST_57 : Operation 203 [1/1] (0.00ns)   --->   "%specpipeline_ln93 = specpipeline void @_ssdm_op_SpecPipeline, i32 4294967295, i32 0, i32 0, i32 0, void @empty_0" [Coefficients.cpp:93->Coefficients.cpp:24]   --->   Operation 203 'specpipeline' 'specpipeline_ln93' <Predicate = (icmp_ln92)> <Delay = 0.00>
ST_57 : Operation 204 [1/1] (0.00ns)   --->   "%specloopname_ln92 = specloopname void @_ssdm_op_SpecLoopName, void @empty_18" [Coefficients.cpp:92->Coefficients.cpp:24]   --->   Operation 204 'specloopname' 'specloopname_ln92' <Predicate = (icmp_ln92)> <Delay = 0.00>
ST_57 : Operation 205 [1/1] (0.00ns)   --->   "%taps_addr = getelementptr i64 %taps, i64 0, i64 %zext_ln92" [Coefficients.cpp:105->Coefficients.cpp:24]   --->   Operation 205 'getelementptr' 'taps_addr' <Predicate = true> <Delay = 0.00>
ST_57 : Operation 206 [1/1] (1.23ns)   --->   "%store_ln105 = store i64 %mul28_i, i7 %taps_addr" [Coefficients.cpp:105->Coefficients.cpp:24]   --->   Operation 206 'store' 'store_ln105' <Predicate = true> <Delay = 1.23> <CoreInst = "RAM">   --->   Core 82 'RAM' <Latency = 1> <II = 1> <Delay = 1.23> <Storage> <Opcode : 'load' 'store'> <Ports = 2> <Width = 64> <Depth = 101> <RAM>
ST_57 : Operation 207 [1/1] (0.00ns)   --->   "%br_ln92 = br void %for.body.i" [Coefficients.cpp:92->Coefficients.cpp:24]   --->   Operation 207 'br' 'br_ln92' <Predicate = true> <Delay = 0.00>


============================================================
+ Verbose Summary: Timing violations
============================================================
Target clock period: 10.000ns, clock uncertainty: 2.700ns.

 <State 1>: 6.048ns
The critical path consists of the following:
	'store' operation 0 bit ('store_ln92', Coefficients.cpp:92->Coefficients.cpp:24) of constant 0 on local variable 'i', Coefficients.cpp:92->Coefficients.cpp:24 [21]  (0.427 ns)
	'load' operation 7 bit ('i', Coefficients.cpp:92->Coefficients.cpp:24) on local variable 'i', Coefficients.cpp:92->Coefficients.cpp:24 [24]  (0.000 ns)
	'sitodp' operation 64 bit ('conv20_i', Coefficients.cpp:104->Coefficients.cpp:24) [48]  (5.621 ns)

 <State 2>: 5.621ns
The critical path consists of the following:
	'sitodp' operation 64 bit ('conv20_i', Coefficients.cpp:104->Coefficients.cpp:24) [48]  (5.621 ns)

 <State 3>: 5.621ns
The critical path consists of the following:
	'sitodp' operation 64 bit ('conv20_i', Coefficients.cpp:104->Coefficients.cpp:24) [48]  (5.621 ns)

 <State 4>: 5.621ns
The critical path consists of the following:
	'sitodp' operation 64 bit ('conv20_i', Coefficients.cpp:104->Coefficients.cpp:24) [48]  (5.621 ns)

 <State 5>: 7.042ns
The critical path consists of the following:
	'dmul' operation 64 bit ('mul21_i', Coefficients.cpp:104->Coefficients.cpp:24) [49]  (7.042 ns)

 <State 6>: 7.042ns
The critical path consists of the following:
	'dmul' operation 64 bit ('mul21_i', Coefficients.cpp:104->Coefficients.cpp:24) [49]  (7.042 ns)

 <State 7>: 7.042ns
The critical path consists of the following:
	'dmul' operation 64 bit ('mul21_i', Coefficients.cpp:104->Coefficients.cpp:24) [49]  (7.042 ns)

 <State 8>: 7.042ns
The critical path consists of the following:
	'dmul' operation 64 bit ('mul21_i', Coefficients.cpp:104->Coefficients.cpp:24) [49]  (7.042 ns)

 <State 9>: 7.042ns
The critical path consists of the following:
	'dmul' operation 64 bit ('mul21_i', Coefficients.cpp:104->Coefficients.cpp:24) [49]  (7.042 ns)

 <State 10>: 7.042ns
The critical path consists of the following:
	'dmul' operation 64 bit ('x', Coefficients.cpp:100->Coefficients.cpp:24) [38]  (7.042 ns)

 <State 11>: 7.042ns
The critical path consists of the following:
	'dmul' operation 64 bit ('x', Coefficients.cpp:100->Coefficients.cpp:24) [38]  (7.042 ns)

 <State 12>: 7.042ns
The critical path consists of the following:
	'dmul' operation 64 bit ('x', Coefficients.cpp:100->Coefficients.cpp:24) [38]  (7.042 ns)

 <State 13>: 7.042ns
The critical path consists of the following:
	'dmul' operation 64 bit ('x', Coefficients.cpp:100->Coefficients.cpp:24) [38]  (7.042 ns)

 <State 14>: 7.042ns
The critical path consists of the following:
	'dmul' operation 64 bit ('x', Coefficients.cpp:100->Coefficients.cpp:24) [38]  (7.042 ns)

 <State 15>: 5.926ns
The critical path consists of the following:
	'ddiv' operation 64 bit ('x', Coefficients.cpp:104->Coefficients.cpp:24) [50]  (5.926 ns)

 <State 16>: 7.063ns
The critical path consists of the following:
	'call' operation 64 bit ('tmp', C:\scratch\2024.1\hls_product\545\2024.1\src\shared\hls\clib\hlsmath\src\common\hls_hotbm_double.cpp:140->C:\scratch\2024.1\hls_product\545\2024.1\src\shared\hls\clib\hlsmath\src\c++\sincoshotbmdouble.cpp:10->C:\scratch\2024.1\hls_product\545\2024.1\src\shared\hls\clib\hlsmath\src\c++\sincoshotbmdouble.cpp:25->Coefficients.cpp:100->Coefficients.cpp:24) to 'sin_or_cos<double>' [39]  (7.063 ns)

 <State 17>: 7.063ns
The critical path consists of the following:
	'call' operation 64 bit ('tmp', C:\scratch\2024.1\hls_product\545\2024.1\src\shared\hls\clib\hlsmath\src\common\hls_hotbm_double.cpp:140->C:\scratch\2024.1\hls_product\545\2024.1\src\shared\hls\clib\hlsmath\src\c++\sincoshotbmdouble.cpp:10->C:\scratch\2024.1\hls_product\545\2024.1\src\shared\hls\clib\hlsmath\src\c++\sincoshotbmdouble.cpp:25->Coefficients.cpp:100->Coefficients.cpp:24) to 'sin_or_cos<double>' [39]  (7.063 ns)

 <State 18>: 7.063ns
The critical path consists of the following:
	'call' operation 64 bit ('tmp', C:\scratch\2024.1\hls_product\545\2024.1\src\shared\hls\clib\hlsmath\src\common\hls_hotbm_double.cpp:140->C:\scratch\2024.1\hls_product\545\2024.1\src\shared\hls\clib\hlsmath\src\c++\sincoshotbmdouble.cpp:10->C:\scratch\2024.1\hls_product\545\2024.1\src\shared\hls\clib\hlsmath\src\c++\sincoshotbmdouble.cpp:25->Coefficients.cpp:100->Coefficients.cpp:24) to 'sin_or_cos<double>' [39]  (7.063 ns)

 <State 19>: 7.063ns
The critical path consists of the following:
	'call' operation 64 bit ('tmp', C:\scratch\2024.1\hls_product\545\2024.1\src\shared\hls\clib\hlsmath\src\common\hls_hotbm_double.cpp:140->C:\scratch\2024.1\hls_product\545\2024.1\src\shared\hls\clib\hlsmath\src\c++\sincoshotbmdouble.cpp:10->C:\scratch\2024.1\hls_product\545\2024.1\src\shared\hls\clib\hlsmath\src\c++\sincoshotbmdouble.cpp:25->Coefficients.cpp:100->Coefficients.cpp:24) to 'sin_or_cos<double>' [39]  (7.063 ns)

 <State 20>: 7.063ns
The critical path consists of the following:
	'call' operation 64 bit ('tmp', C:\scratch\2024.1\hls_product\545\2024.1\src\shared\hls\clib\hlsmath\src\common\hls_hotbm_double.cpp:140->C:\scratch\2024.1\hls_product\545\2024.1\src\shared\hls\clib\hlsmath\src\c++\sincoshotbmdouble.cpp:10->C:\scratch\2024.1\hls_product\545\2024.1\src\shared\hls\clib\hlsmath\src\c++\sincoshotbmdouble.cpp:25->Coefficients.cpp:100->Coefficients.cpp:24) to 'sin_or_cos<double>' [39]  (7.063 ns)

 <State 21>: 7.063ns
The critical path consists of the following:
	'call' operation 64 bit ('tmp', C:\scratch\2024.1\hls_product\545\2024.1\src\shared\hls\clib\hlsmath\src\common\hls_hotbm_double.cpp:140->C:\scratch\2024.1\hls_product\545\2024.1\src\shared\hls\clib\hlsmath\src\c++\sincoshotbmdouble.cpp:10->C:\scratch\2024.1\hls_product\545\2024.1\src\shared\hls\clib\hlsmath\src\c++\sincoshotbmdouble.cpp:25->Coefficients.cpp:100->Coefficients.cpp:24) to 'sin_or_cos<double>' [39]  (7.063 ns)

 <State 22>: 7.063ns
The critical path consists of the following:
	'call' operation 64 bit ('tmp', C:\scratch\2024.1\hls_product\545\2024.1\src\shared\hls\clib\hlsmath\src\common\hls_hotbm_double.cpp:140->C:\scratch\2024.1\hls_product\545\2024.1\src\shared\hls\clib\hlsmath\src\c++\sincoshotbmdouble.cpp:10->C:\scratch\2024.1\hls_product\545\2024.1\src\shared\hls\clib\hlsmath\src\c++\sincoshotbmdouble.cpp:25->Coefficients.cpp:100->Coefficients.cpp:24) to 'sin_or_cos<double>' [39]  (7.063 ns)

 <State 23>: 7.063ns
The critical path consists of the following:
	'call' operation 64 bit ('tmp', C:\scratch\2024.1\hls_product\545\2024.1\src\shared\hls\clib\hlsmath\src\common\hls_hotbm_double.cpp:140->C:\scratch\2024.1\hls_product\545\2024.1\src\shared\hls\clib\hlsmath\src\c++\sincoshotbmdouble.cpp:10->C:\scratch\2024.1\hls_product\545\2024.1\src\shared\hls\clib\hlsmath\src\c++\sincoshotbmdouble.cpp:25->Coefficients.cpp:100->Coefficients.cpp:24) to 'sin_or_cos<double>' [39]  (7.063 ns)

 <State 24>: 7.063ns
The critical path consists of the following:
	'call' operation 64 bit ('tmp', C:\scratch\2024.1\hls_product\545\2024.1\src\shared\hls\clib\hlsmath\src\common\hls_hotbm_double.cpp:140->C:\scratch\2024.1\hls_product\545\2024.1\src\shared\hls\clib\hlsmath\src\c++\sincoshotbmdouble.cpp:10->C:\scratch\2024.1\hls_product\545\2024.1\src\shared\hls\clib\hlsmath\src\c++\sincoshotbmdouble.cpp:25->Coefficients.cpp:100->Coefficients.cpp:24) to 'sin_or_cos<double>' [39]  (7.063 ns)

 <State 25>: 7.042ns
The critical path consists of the following:
	'dmul' operation 64 bit ('mul18_i', Coefficients.cpp:100->Coefficients.cpp:24) [43]  (7.042 ns)

 <State 26>: 7.042ns
The critical path consists of the following:
	'dmul' operation 64 bit ('mul18_i', Coefficients.cpp:100->Coefficients.cpp:24) [43]  (7.042 ns)

 <State 27>: 7.042ns
The critical path consists of the following:
	'dmul' operation 64 bit ('mul18_i', Coefficients.cpp:100->Coefficients.cpp:24) [43]  (7.042 ns)

 <State 28>: 7.042ns
The critical path consists of the following:
	'dmul' operation 64 bit ('mul18_i', Coefficients.cpp:100->Coefficients.cpp:24) [43]  (7.042 ns)

 <State 29>: 7.042ns
The critical path consists of the following:
	'dmul' operation 64 bit ('mul18_i', Coefficients.cpp:100->Coefficients.cpp:24) [43]  (7.042 ns)

 <State 30>: 5.926ns
The critical path consists of the following:
	'ddiv' operation 64 bit ('x', Coefficients.cpp:104->Coefficients.cpp:24) [50]  (5.926 ns)

 <State 31>: 5.926ns
The critical path consists of the following:
	'ddiv' operation 64 bit ('x', Coefficients.cpp:104->Coefficients.cpp:24) [50]  (5.926 ns)

 <State 32>: 5.926ns
The critical path consists of the following:
	'ddiv' operation 64 bit ('val', Coefficients.cpp:100->Coefficients.cpp:24) [44]  (5.926 ns)

 <State 33>: 7.063ns
The critical path consists of the following:
	'call' operation 64 bit ('tmp_19', C:\scratch\2024.1\hls_product\545\2024.1\src\shared\hls\clib\hlsmath\src\common\hls_hotbm_double.cpp:144->C:\scratch\2024.1\hls_product\545\2024.1\src\shared\hls\clib\hlsmath\src\c++\sincoshotbmdouble.cpp:15->C:\scratch\2024.1\hls_product\545\2024.1\src\shared\hls\clib\hlsmath\src\c++\sincoshotbmdouble.cpp:29->Coefficients.cpp:104->Coefficients.cpp:24) to 'sin_or_cos<double>' [51]  (7.063 ns)

 <State 34>: 7.063ns
The critical path consists of the following:
	'call' operation 64 bit ('tmp_19', C:\scratch\2024.1\hls_product\545\2024.1\src\shared\hls\clib\hlsmath\src\common\hls_hotbm_double.cpp:144->C:\scratch\2024.1\hls_product\545\2024.1\src\shared\hls\clib\hlsmath\src\c++\sincoshotbmdouble.cpp:15->C:\scratch\2024.1\hls_product\545\2024.1\src\shared\hls\clib\hlsmath\src\c++\sincoshotbmdouble.cpp:29->Coefficients.cpp:104->Coefficients.cpp:24) to 'sin_or_cos<double>' [51]  (7.063 ns)

 <State 35>: 7.063ns
The critical path consists of the following:
	'call' operation 64 bit ('tmp_19', C:\scratch\2024.1\hls_product\545\2024.1\src\shared\hls\clib\hlsmath\src\common\hls_hotbm_double.cpp:144->C:\scratch\2024.1\hls_product\545\2024.1\src\shared\hls\clib\hlsmath\src\c++\sincoshotbmdouble.cpp:15->C:\scratch\2024.1\hls_product\545\2024.1\src\shared\hls\clib\hlsmath\src\c++\sincoshotbmdouble.cpp:29->Coefficients.cpp:104->Coefficients.cpp:24) to 'sin_or_cos<double>' [51]  (7.063 ns)

 <State 36>: 7.063ns
The critical path consists of the following:
	'call' operation 64 bit ('tmp_19', C:\scratch\2024.1\hls_product\545\2024.1\src\shared\hls\clib\hlsmath\src\common\hls_hotbm_double.cpp:144->C:\scratch\2024.1\hls_product\545\2024.1\src\shared\hls\clib\hlsmath\src\c++\sincoshotbmdouble.cpp:15->C:\scratch\2024.1\hls_product\545\2024.1\src\shared\hls\clib\hlsmath\src\c++\sincoshotbmdouble.cpp:29->Coefficients.cpp:104->Coefficients.cpp:24) to 'sin_or_cos<double>' [51]  (7.063 ns)

 <State 37>: 7.063ns
The critical path consists of the following:
	'call' operation 64 bit ('tmp_19', C:\scratch\2024.1\hls_product\545\2024.1\src\shared\hls\clib\hlsmath\src\common\hls_hotbm_double.cpp:144->C:\scratch\2024.1\hls_product\545\2024.1\src\shared\hls\clib\hlsmath\src\c++\sincoshotbmdouble.cpp:15->C:\scratch\2024.1\hls_product\545\2024.1\src\shared\hls\clib\hlsmath\src\c++\sincoshotbmdouble.cpp:29->Coefficients.cpp:104->Coefficients.cpp:24) to 'sin_or_cos<double>' [51]  (7.063 ns)

 <State 38>: 7.063ns
The critical path consists of the following:
	'call' operation 64 bit ('tmp_19', C:\scratch\2024.1\hls_product\545\2024.1\src\shared\hls\clib\hlsmath\src\common\hls_hotbm_double.cpp:144->C:\scratch\2024.1\hls_product\545\2024.1\src\shared\hls\clib\hlsmath\src\c++\sincoshotbmdouble.cpp:15->C:\scratch\2024.1\hls_product\545\2024.1\src\shared\hls\clib\hlsmath\src\c++\sincoshotbmdouble.cpp:29->Coefficients.cpp:104->Coefficients.cpp:24) to 'sin_or_cos<double>' [51]  (7.063 ns)

 <State 39>: 7.063ns
The critical path consists of the following:
	'call' operation 64 bit ('tmp_19', C:\scratch\2024.1\hls_product\545\2024.1\src\shared\hls\clib\hlsmath\src\common\hls_hotbm_double.cpp:144->C:\scratch\2024.1\hls_product\545\2024.1\src\shared\hls\clib\hlsmath\src\c++\sincoshotbmdouble.cpp:15->C:\scratch\2024.1\hls_product\545\2024.1\src\shared\hls\clib\hlsmath\src\c++\sincoshotbmdouble.cpp:29->Coefficients.cpp:104->Coefficients.cpp:24) to 'sin_or_cos<double>' [51]  (7.063 ns)

 <State 40>: 7.063ns
The critical path consists of the following:
	'call' operation 64 bit ('tmp_19', C:\scratch\2024.1\hls_product\545\2024.1\src\shared\hls\clib\hlsmath\src\common\hls_hotbm_double.cpp:144->C:\scratch\2024.1\hls_product\545\2024.1\src\shared\hls\clib\hlsmath\src\c++\sincoshotbmdouble.cpp:15->C:\scratch\2024.1\hls_product\545\2024.1\src\shared\hls\clib\hlsmath\src\c++\sincoshotbmdouble.cpp:29->Coefficients.cpp:104->Coefficients.cpp:24) to 'sin_or_cos<double>' [51]  (7.063 ns)

 <State 41>: 7.063ns
The critical path consists of the following:
	'call' operation 64 bit ('tmp_19', C:\scratch\2024.1\hls_product\545\2024.1\src\shared\hls\clib\hlsmath\src\common\hls_hotbm_double.cpp:144->C:\scratch\2024.1\hls_product\545\2024.1\src\shared\hls\clib\hlsmath\src\c++\sincoshotbmdouble.cpp:15->C:\scratch\2024.1\hls_product\545\2024.1\src\shared\hls\clib\hlsmath\src\c++\sincoshotbmdouble.cpp:29->Coefficients.cpp:104->Coefficients.cpp:24) to 'sin_or_cos<double>' [51]  (7.063 ns)

 <State 42>: 7.042ns
The critical path consists of the following:
	'dmul' operation 64 bit ('mul26_i', Coefficients.cpp:104->Coefficients.cpp:24) [52]  (7.042 ns)

 <State 43>: 7.042ns
The critical path consists of the following:
	'dmul' operation 64 bit ('mul26_i', Coefficients.cpp:104->Coefficients.cpp:24) [52]  (7.042 ns)

 <State 44>: 7.042ns
The critical path consists of the following:
	'dmul' operation 64 bit ('mul26_i', Coefficients.cpp:104->Coefficients.cpp:24) [52]  (7.042 ns)

 <State 45>: 7.042ns
The critical path consists of the following:
	'dmul' operation 64 bit ('mul26_i', Coefficients.cpp:104->Coefficients.cpp:24) [52]  (7.042 ns)

 <State 46>: 7.042ns
The critical path consists of the following:
	'dmul' operation 64 bit ('mul26_i', Coefficients.cpp:104->Coefficients.cpp:24) [52]  (7.042 ns)

 <State 47>: 5.926ns
The critical path consists of the following:
	'ddiv' operation 64 bit ('val', Coefficients.cpp:100->Coefficients.cpp:24) [44]  (5.926 ns)

 <State 48>: 5.926ns
The critical path consists of the following:
	'ddiv' operation 64 bit ('val', Coefficients.cpp:100->Coefficients.cpp:24) [44]  (5.926 ns)

 <State 49>: 5.926ns
The critical path consists of the following:
	'ddiv' operation 64 bit ('val', Coefficients.cpp:100->Coefficients.cpp:24) [44]  (5.926 ns)

 <State 50>: 5.926ns
The critical path consists of the following:
	'ddiv' operation 64 bit ('val', Coefficients.cpp:100->Coefficients.cpp:24) [44]  (5.926 ns)

 <State 51>: 5.926ns
The critical path consists of the following:
	'ddiv' operation 64 bit ('val', Coefficients.cpp:100->Coefficients.cpp:24) [44]  (5.926 ns)

 <State 52>: 7.042ns
The critical path consists of the following:
	'phi' operation 64 bit ('val') with incoming values : ('div10_i_read') ('val', Coefficients.cpp:100->Coefficients.cpp:24) [47]  (0.000 ns)
	'dmul' operation 64 bit ('mul28_i', Coefficients.cpp:105->Coefficients.cpp:24) [54]  (7.042 ns)

 <State 53>: 7.042ns
The critical path consists of the following:
	'dmul' operation 64 bit ('mul28_i', Coefficients.cpp:105->Coefficients.cpp:24) [54]  (7.042 ns)

 <State 54>: 7.042ns
The critical path consists of the following:
	'dmul' operation 64 bit ('mul28_i', Coefficients.cpp:105->Coefficients.cpp:24) [54]  (7.042 ns)

 <State 55>: 7.042ns
The critical path consists of the following:
	'dmul' operation 64 bit ('mul28_i', Coefficients.cpp:105->Coefficients.cpp:24) [54]  (7.042 ns)

 <State 56>: 7.042ns
The critical path consists of the following:
	'dmul' operation 64 bit ('mul28_i', Coefficients.cpp:105->Coefficients.cpp:24) [54]  (7.042 ns)

 <State 57>: 1.237ns
The critical path consists of the following:
	'getelementptr' operation 7 bit ('taps_addr', Coefficients.cpp:105->Coefficients.cpp:24) [55]  (0.000 ns)
	'store' operation 0 bit ('store_ln105', Coefficients.cpp:105->Coefficients.cpp:24) of variable 'mul28_i', Coefficients.cpp:105->Coefficients.cpp:24 on array 'taps' [56]  (1.237 ns)


============================================================
+ Verbose Summary: Binding
============================================================
N/A
* FSMD analyzer results:
  - Output states:
 - Input state : 
  - Chain level:
	State 1
	State 2
	State 3
	State 4
	State 5
	State 6
	State 7
	State 8
	State 9
	State 10
	State 11
	State 12
	State 13
	State 14
	State 15
	State 16
	State 17
	State 18
	State 19
	State 20
	State 21
	State 22
	State 23
	State 24
	State 25
	State 26
	State 27
	State 28
	State 29
	State 30
	State 31
	State 32
	State 33
	State 34
	State 35
	State 36
	State 37
	State 38
	State 39
	State 40
	State 41
	State 42
	State 43
	State 44
	State 45
	State 46
	State 47
	State 48
	State 49
	State 50
	State 51
	State 52
	State 53
	State 54
	State 55
	State 56
	State 57


============================================================
+ Verbose Summary: Datapath Resource usage 
============================================================
N/A
