

================================================================
== Vitis HLS Report for 'firTop_Pipeline_VITIS_LOOP_119_3'
================================================================
* Date:           Tue Apr 14 18:08:14 2026

* Version:        2024.1 (Build 5069499 on May 21 2024)
* Project:        calculateCoefficients
* Solution:       hls (Vivado IP Flow Target)
* Product family: zynquplus
* Target device:  xczu3eg-sfvc784-2-e


================================================================
== Performance Estimates
================================================================
+ Timing: 
    * Summary: 
    +--------+----------+----------+------------+
    |  Clock |  Target  | Estimated| Uncertainty|
    +--------+----------+----------+------------+
    |ap_clk  |  10.00 ns|  7.163 ns|     2.70 ns|
    +--------+----------+----------+------------+

+ Latency: 
    * Summary: 
    +---------+---------+-----------+----------+-----+-----+-----------------------------------------------+
    |  Latency (cycles) |  Latency (absolute)  |  Interval |                    Pipeline                   |
    |   min   |   max   |    min    |    max   | min | max |                      Type                     |
    +---------+---------+-----------+----------+-----+-----+-----------------------------------------------+
    |        2|      150|  20.000 ns|  1.500 us|    1|  128|  loop auto-rewind stp(delay=0 clock cycles(s))|
    +---------+---------+-----------+----------+-----+-----+-----------------------------------------------+

    + Detail: 
        * Instance: 
        N/A

        * Loop: 
        +--------------------+---------+---------+----------+-----------+-----------+---------+----------+
        |                    |  Latency (cycles) | Iteration|  Initiation Interval  |   Trip  |          |
        |      Loop Name     |   min   |   max   |  Latency |  achieved |   target  |  Count  | Pipelined|
        +--------------------+---------+---------+----------+-----------+-----------+---------+----------+
        |- VITIS_LOOP_119_3  |        0|      148|        23|          1|          1|  0 ~ 127|       yes|
        +--------------------+---------+---------+----------+-----------+-----------+---------+----------+

============================================================
+ Verbose Summary: Synthesis Manager
============================================================
InlineROM: 1
ExposeGlobal: 0
============================================================
+ Verbose Summary: CDFG Model
============================================================
IsTopModel: 0
ResetActiveHigh: 1
IsCombinational: 0
IsDatapathOnly: 0
HasWiredReturn: 1
HasMFsm: 2
HasVarLatency: 1
IsPipeline: 0
IsRtlPipelined: 0
IsInstanceOverlapped: 0
IsDontTouch: 0
HasImplIP: 0
IsGatedGlobalClock: 0

+ Individual pipeline summary: 
  * Pipeline-0: initiation interval (II) = 1, depth = 23


============================================================
+ Verbose Summary: Schedule
============================================================
* Number of FSM states : 23
* Pipeline : 1
  Pipeline-0 : II = 1, D = 23, States = { 1 2 3 4 5 6 7 8 9 10 11 12 13 14 15 16 17 18 19 20 21 22 23 }
* Dataflow Pipeline: 0

* FSM state transitions: 
1 --> 2 
2 --> 3 
3 --> 4 
4 --> 5 
5 --> 6 
6 --> 7 
7 --> 8 
8 --> 9 
9 --> 10 
10 --> 11 
11 --> 12 
12 --> 13 
13 --> 14 
14 --> 15 
15 --> 16 
16 --> 17 
17 --> 18 
18 --> 19 
19 --> 20 
20 --> 21 
21 --> 22 
22 --> 23 
23 --> 

* FSM state operations: 

State 1 <SV = 0> <Delay = 1.87>
ST_1 : Operation 26 [1/1] (0.00ns)   --->   "%i = alloca i32 1" [Coefficients.cpp:119->Coefficients.cpp:24]   --->   Operation 26 'alloca' 'i' <Predicate = true> <Delay = 0.00>
ST_1 : Operation 27 [1/1] (0.00ns)   --->   "%gain_re_reload_read = read i64 @_ssdm_op_Read.ap_auto.double, i64 %gain_re_reload"   --->   Operation 27 'read' 'gain_re_reload_read' <Predicate = true> <Delay = 0.00>
ST_1 : Operation 28 [1/1] (0.00ns)   --->   "%p_reload120_read = read i32 @_ssdm_op_Read.ap_auto.i32, i32 %p_reload120"   --->   Operation 28 'read' 'p_reload120_read' <Predicate = true> <Delay = 0.00>
ST_1 : Operation 29 [1/1] (0.42ns)   --->   "%store_ln119 = store i7 0, i7 %i" [Coefficients.cpp:119->Coefficients.cpp:24]   --->   Operation 29 'store' 'store_ln119' <Predicate = true> <Delay = 0.42>
ST_1 : Operation 30 [1/1] (0.00ns)   --->   "%br_ln0 = br void %for.inc56.i"   --->   Operation 30 'br' 'br_ln0' <Predicate = true> <Delay = 0.00>
ST_1 : Operation 31 [1/1] (0.00ns)   --->   "%i_3 = load i7 %i" [Coefficients.cpp:119->Coefficients.cpp:24]   --->   Operation 31 'load' 'i_3' <Predicate = true> <Delay = 0.00>
ST_1 : Operation 32 [1/1] (0.00ns)   --->   "%zext_ln119_1 = zext i7 %i_3" [Coefficients.cpp:119->Coefficients.cpp:24]   --->   Operation 32 'zext' 'zext_ln119_1' <Predicate = true> <Delay = 0.00>
ST_1 : Operation 33 [1/1] (1.01ns)   --->   "%icmp_ln119 = icmp_slt  i32 %zext_ln119_1, i32 %p_reload120_read" [Coefficients.cpp:119->Coefficients.cpp:24]   --->   Operation 33 'icmp' 'icmp_ln119' <Predicate = true> <Delay = 1.01> <CoreInst = "Cmp">   --->   Core 9 'Cmp' <Latency = 0> <II = 1> <Delay = 1.01> <FuncUnit> <Opcode : 'seteq' 'setne' 'setle' 'setge' 'setlt' 'setgt'> <InPorts = 2> <OutPorts = 1>
ST_1 : Operation 34 [1/1] (0.00ns)   --->   "%speclooptripcount_ln0 = speclooptripcount void @_ssdm_op_SpecLoopTripCount, i64 0, i64 127, i64 0"   --->   Operation 34 'speclooptripcount' 'speclooptripcount_ln0' <Predicate = true> <Delay = 0.00>
ST_1 : Operation 35 [1/1] (0.77ns)   --->   "%add_ln119 = add i7 %i_3, i7 1" [Coefficients.cpp:119->Coefficients.cpp:24]   --->   Operation 35 'add' 'add_ln119' <Predicate = true> <Delay = 0.77> <CoreInst = "Adder">   --->   Core 1 'Adder' <Latency = 0> <II = 1> <Delay = 0.77> <FuncUnit> <Opcode : 'add' 'sub'> <InPorts = 2> <OutPorts = 1>
ST_1 : Operation 36 [1/1] (0.00ns)   --->   "%br_ln119 = br i1 %icmp_ln119, void %_Z21calculateCoefficientsiiiiPd.exit.loopexit.exitStub, void %for.inc56.i.split" [Coefficients.cpp:119->Coefficients.cpp:24]   --->   Operation 36 'br' 'br_ln119' <Predicate = true> <Delay = 0.00>
ST_1 : Operation 37 [1/1] (0.00ns)   --->   "%zext_ln119 = zext i7 %i_3" [Coefficients.cpp:119->Coefficients.cpp:24]   --->   Operation 37 'zext' 'zext_ln119' <Predicate = (icmp_ln119)> <Delay = 0.00>
ST_1 : Operation 38 [1/1] (0.00ns)   --->   "%taps_addr = getelementptr i64 %taps, i64 0, i64 %zext_ln119" [Coefficients.cpp:121->Coefficients.cpp:24]   --->   Operation 38 'getelementptr' 'taps_addr' <Predicate = (icmp_ln119)> <Delay = 0.00>
ST_1 : Operation 39 [2/2] (1.23ns)   --->   "%taps_load = load i7 %taps_addr" [Coefficients.cpp:121->Coefficients.cpp:24]   --->   Operation 39 'load' 'taps_load' <Predicate = (icmp_ln119)> <Delay = 1.23> <CoreInst = "RAM">   --->   Core 82 'RAM' <Latency = 1> <II = 1> <Delay = 1.23> <Storage> <Opcode : 'load' 'store'> <Ports = 2> <Width = 64> <Depth = 101> <RAM>
ST_1 : Operation 40 [1/1] (0.42ns)   --->   "%store_ln119 = store i7 %add_ln119, i7 %i" [Coefficients.cpp:119->Coefficients.cpp:24]   --->   Operation 40 'store' 'store_ln119' <Predicate = (icmp_ln119)> <Delay = 0.42>

State 2 <SV = 1> <Delay = 7.16>
ST_2 : Operation 41 [1/2] (1.23ns)   --->   "%taps_load = load i7 %taps_addr" [Coefficients.cpp:121->Coefficients.cpp:24]   --->   Operation 41 'load' 'taps_load' <Predicate = true> <Delay = 1.23> <CoreInst = "RAM">   --->   Core 82 'RAM' <Latency = 1> <II = 1> <Delay = 1.23> <Storage> <Opcode : 'load' 'store'> <Ports = 2> <Width = 64> <Depth = 101> <RAM>
ST_2 : Operation 42 [22/22] (5.92ns)   --->   "%div55_i = ddiv i64 %taps_load, i64 %gain_re_reload_read" [Coefficients.cpp:121->Coefficients.cpp:24]   --->   Operation 42 'ddiv' 'div55_i' <Predicate = true> <Delay = 5.92> <CoreInst = "DDiv">   --->   Core 39 'DDiv' <Latency = 21> <II = 1> <Delay = 5.92> <FuncUnit> <Opcode : 'ddiv' 'drem'> <InPorts = 2> <OutPorts = 1>

State 3 <SV = 2> <Delay = 5.92>
ST_3 : Operation 43 [21/22] (5.92ns)   --->   "%div55_i = ddiv i64 %taps_load, i64 %gain_re_reload_read" [Coefficients.cpp:121->Coefficients.cpp:24]   --->   Operation 43 'ddiv' 'div55_i' <Predicate = true> <Delay = 5.92> <CoreInst = "DDiv">   --->   Core 39 'DDiv' <Latency = 21> <II = 1> <Delay = 5.92> <FuncUnit> <Opcode : 'ddiv' 'drem'> <InPorts = 2> <OutPorts = 1>

State 4 <SV = 3> <Delay = 5.92>
ST_4 : Operation 44 [20/22] (5.92ns)   --->   "%div55_i = ddiv i64 %taps_load, i64 %gain_re_reload_read" [Coefficients.cpp:121->Coefficients.cpp:24]   --->   Operation 44 'ddiv' 'div55_i' <Predicate = true> <Delay = 5.92> <CoreInst = "DDiv">   --->   Core 39 'DDiv' <Latency = 21> <II = 1> <Delay = 5.92> <FuncUnit> <Opcode : 'ddiv' 'drem'> <InPorts = 2> <OutPorts = 1>

State 5 <SV = 4> <Delay = 5.92>
ST_5 : Operation 45 [19/22] (5.92ns)   --->   "%div55_i = ddiv i64 %taps_load, i64 %gain_re_reload_read" [Coefficients.cpp:121->Coefficients.cpp:24]   --->   Operation 45 'ddiv' 'div55_i' <Predicate = true> <Delay = 5.92> <CoreInst = "DDiv">   --->   Core 39 'DDiv' <Latency = 21> <II = 1> <Delay = 5.92> <FuncUnit> <Opcode : 'ddiv' 'drem'> <InPorts = 2> <OutPorts = 1>

State 6 <SV = 5> <Delay = 5.92>
ST_6 : Operation 46 [18/22] (5.92ns)   --->   "%div55_i = ddiv i64 %taps_load, i64 %gain_re_reload_read" [Coefficients.cpp:121->Coefficients.cpp:24]   --->   Operation 46 'ddiv' 'div55_i' <Predicate = true> <Delay = 5.92> <CoreInst = "DDiv">   --->   Core 39 'DDiv' <Latency = 21> <II = 1> <Delay = 5.92> <FuncUnit> <Opcode : 'ddiv' 'drem'> <InPorts = 2> <OutPorts = 1>

State 7 <SV = 6> <Delay = 5.92>
ST_7 : Operation 47 [17/22] (5.92ns)   --->   "%div55_i = ddiv i64 %taps_load, i64 %gain_re_reload_read" [Coefficients.cpp:121->Coefficients.cpp:24]   --->   Operation 47 'ddiv' 'div55_i' <Predicate = true> <Delay = 5.92> <CoreInst = "DDiv">   --->   Core 39 'DDiv' <Latency = 21> <II = 1> <Delay = 5.92> <FuncUnit> <Opcode : 'ddiv' 'drem'> <InPorts = 2> <OutPorts = 1>

State 8 <SV = 7> <Delay = 5.92>
ST_8 : Operation 48 [16/22] (5.92ns)   --->   "%div55_i = ddiv i64 %taps_load, i64 %gain_re_reload_read" [Coefficients.cpp:121->Coefficients.cpp:24]   --->   Operation 48 'ddiv' 'div55_i' <Predicate = true> <Delay = 5.92> <CoreInst = "DDiv">   --->   Core 39 'DDiv' <Latency = 21> <II = 1> <Delay = 5.92> <FuncUnit> <Opcode : 'ddiv' 'drem'> <InPorts = 2> <OutPorts = 1>

State 9 <SV = 8> <Delay = 5.92>
ST_9 : Operation 49 [15/22] (5.92ns)   --->   "%div55_i = ddiv i64 %taps_load, i64 %gain_re_reload_read" [Coefficients.cpp:121->Coefficients.cpp:24]   --->   Operation 49 'ddiv' 'div55_i' <Predicate = true> <Delay = 5.92> <CoreInst = "DDiv">   --->   Core 39 'DDiv' <Latency = 21> <II = 1> <Delay = 5.92> <FuncUnit> <Opcode : 'ddiv' 'drem'> <InPorts = 2> <OutPorts = 1>

State 10 <SV = 9> <Delay = 5.92>
ST_10 : Operation 50 [14/22] (5.92ns)   --->   "%div55_i = ddiv i64 %taps_load, i64 %gain_re_reload_read" [Coefficients.cpp:121->Coefficients.cpp:24]   --->   Operation 50 'ddiv' 'div55_i' <Predicate = true> <Delay = 5.92> <CoreInst = "DDiv">   --->   Core 39 'DDiv' <Latency = 21> <II = 1> <Delay = 5.92> <FuncUnit> <Opcode : 'ddiv' 'drem'> <InPorts = 2> <OutPorts = 1>

State 11 <SV = 10> <Delay = 5.92>
ST_11 : Operation 51 [13/22] (5.92ns)   --->   "%div55_i = ddiv i64 %taps_load, i64 %gain_re_reload_read" [Coefficients.cpp:121->Coefficients.cpp:24]   --->   Operation 51 'ddiv' 'div55_i' <Predicate = true> <Delay = 5.92> <CoreInst = "DDiv">   --->   Core 39 'DDiv' <Latency = 21> <II = 1> <Delay = 5.92> <FuncUnit> <Opcode : 'ddiv' 'drem'> <InPorts = 2> <OutPorts = 1>

State 12 <SV = 11> <Delay = 5.92>
ST_12 : Operation 52 [12/22] (5.92ns)   --->   "%div55_i = ddiv i64 %taps_load, i64 %gain_re_reload_read" [Coefficients.cpp:121->Coefficients.cpp:24]   --->   Operation 52 'ddiv' 'div55_i' <Predicate = true> <Delay = 5.92> <CoreInst = "DDiv">   --->   Core 39 'DDiv' <Latency = 21> <II = 1> <Delay = 5.92> <FuncUnit> <Opcode : 'ddiv' 'drem'> <InPorts = 2> <OutPorts = 1>

State 13 <SV = 12> <Delay = 5.92>
ST_13 : Operation 53 [11/22] (5.92ns)   --->   "%div55_i = ddiv i64 %taps_load, i64 %gain_re_reload_read" [Coefficients.cpp:121->Coefficients.cpp:24]   --->   Operation 53 'ddiv' 'div55_i' <Predicate = true> <Delay = 5.92> <CoreInst = "DDiv">   --->   Core 39 'DDiv' <Latency = 21> <II = 1> <Delay = 5.92> <FuncUnit> <Opcode : 'ddiv' 'drem'> <InPorts = 2> <OutPorts = 1>

State 14 <SV = 13> <Delay = 5.92>
ST_14 : Operation 54 [10/22] (5.92ns)   --->   "%div55_i = ddiv i64 %taps_load, i64 %gain_re_reload_read" [Coefficients.cpp:121->Coefficients.cpp:24]   --->   Operation 54 'ddiv' 'div55_i' <Predicate = true> <Delay = 5.92> <CoreInst = "DDiv">   --->   Core 39 'DDiv' <Latency = 21> <II = 1> <Delay = 5.92> <FuncUnit> <Opcode : 'ddiv' 'drem'> <InPorts = 2> <OutPorts = 1>

State 15 <SV = 14> <Delay = 5.92>
ST_15 : Operation 55 [9/22] (5.92ns)   --->   "%div55_i = ddiv i64 %taps_load, i64 %gain_re_reload_read" [Coefficients.cpp:121->Coefficients.cpp:24]   --->   Operation 55 'ddiv' 'div55_i' <Predicate = true> <Delay = 5.92> <CoreInst = "DDiv">   --->   Core 39 'DDiv' <Latency = 21> <II = 1> <Delay = 5.92> <FuncUnit> <Opcode : 'ddiv' 'drem'> <InPorts = 2> <OutPorts = 1>

State 16 <SV = 15> <Delay = 5.92>
ST_16 : Operation 56 [8/22] (5.92ns)   --->   "%div55_i = ddiv i64 %taps_load, i64 %gain_re_reload_read" [Coefficients.cpp:121->Coefficients.cpp:24]   --->   Operation 56 'ddiv' 'div55_i' <Predicate = true> <Delay = 5.92> <CoreInst = "DDiv">   --->   Core 39 'DDiv' <Latency = 21> <II = 1> <Delay = 5.92> <FuncUnit> <Opcode : 'ddiv' 'drem'> <InPorts = 2> <OutPorts = 1>

State 17 <SV = 16> <Delay = 5.92>
ST_17 : Operation 57 [7/22] (5.92ns)   --->   "%div55_i = ddiv i64 %taps_load, i64 %gain_re_reload_read" [Coefficients.cpp:121->Coefficients.cpp:24]   --->   Operation 57 'ddiv' 'div55_i' <Predicate = true> <Delay = 5.92> <CoreInst = "DDiv">   --->   Core 39 'DDiv' <Latency = 21> <II = 1> <Delay = 5.92> <FuncUnit> <Opcode : 'ddiv' 'drem'> <InPorts = 2> <OutPorts = 1>

State 18 <SV = 17> <Delay = 5.92>
ST_18 : Operation 58 [6/22] (5.92ns)   --->   "%div55_i = ddiv i64 %taps_load, i64 %gain_re_reload_read" [Coefficients.cpp:121->Coefficients.cpp:24]   --->   Operation 58 'ddiv' 'div55_i' <Predicate = true> <Delay = 5.92> <CoreInst = "DDiv">   --->   Core 39 'DDiv' <Latency = 21> <II = 1> <Delay = 5.92> <FuncUnit> <Opcode : 'ddiv' 'drem'> <InPorts = 2> <OutPorts = 1>

State 19 <SV = 18> <Delay = 5.92>
ST_19 : Operation 59 [5/22] (5.92ns)   --->   "%div55_i = ddiv i64 %taps_load, i64 %gain_re_reload_read" [Coefficients.cpp:121->Coefficients.cpp:24]   --->   Operation 59 'ddiv' 'div55_i' <Predicate = true> <Delay = 5.92> <CoreInst = "DDiv">   --->   Core 39 'DDiv' <Latency = 21> <II = 1> <Delay = 5.92> <FuncUnit> <Opcode : 'ddiv' 'drem'> <InPorts = 2> <OutPorts = 1>

State 20 <SV = 19> <Delay = 5.92>
ST_20 : Operation 60 [4/22] (5.92ns)   --->   "%div55_i = ddiv i64 %taps_load, i64 %gain_re_reload_read" [Coefficients.cpp:121->Coefficients.cpp:24]   --->   Operation 60 'ddiv' 'div55_i' <Predicate = true> <Delay = 5.92> <CoreInst = "DDiv">   --->   Core 39 'DDiv' <Latency = 21> <II = 1> <Delay = 5.92> <FuncUnit> <Opcode : 'ddiv' 'drem'> <InPorts = 2> <OutPorts = 1>

State 21 <SV = 20> <Delay = 5.92>
ST_21 : Operation 61 [3/22] (5.92ns)   --->   "%div55_i = ddiv i64 %taps_load, i64 %gain_re_reload_read" [Coefficients.cpp:121->Coefficients.cpp:24]   --->   Operation 61 'ddiv' 'div55_i' <Predicate = true> <Delay = 5.92> <CoreInst = "DDiv">   --->   Core 39 'DDiv' <Latency = 21> <II = 1> <Delay = 5.92> <FuncUnit> <Opcode : 'ddiv' 'drem'> <InPorts = 2> <OutPorts = 1>

State 22 <SV = 21> <Delay = 5.92>
ST_22 : Operation 62 [2/22] (5.92ns)   --->   "%div55_i = ddiv i64 %taps_load, i64 %gain_re_reload_read" [Coefficients.cpp:121->Coefficients.cpp:24]   --->   Operation 62 'ddiv' 'div55_i' <Predicate = true> <Delay = 5.92> <CoreInst = "DDiv">   --->   Core 39 'DDiv' <Latency = 21> <II = 1> <Delay = 5.92> <FuncUnit> <Opcode : 'ddiv' 'drem'> <InPorts = 2> <OutPorts = 1>
ST_22 : Operation 68 [1/1] (0.42ns)   --->   "%ret_ln0 = ret"   --->   Operation 68 'ret' 'ret_ln0' <Predicate = (!icmp_ln119)> <Delay = 0.42>

State 23 <SV = 22> <Delay = 7.16>
ST_23 : Operation 63 [1/1] (0.00ns)   --->   "%specpipeline_ln120 = specpipeline void @_ssdm_op_SpecPipeline, i32 4294967295, i32 0, i32 0, i32 0, void @empty_0" [Coefficients.cpp:120->Coefficients.cpp:24]   --->   Operation 63 'specpipeline' 'specpipeline_ln120' <Predicate = true> <Delay = 0.00>
ST_23 : Operation 64 [1/1] (0.00ns)   --->   "%specloopname_ln119 = specloopname void @_ssdm_op_SpecLoopName, void @empty_16" [Coefficients.cpp:119->Coefficients.cpp:24]   --->   Operation 64 'specloopname' 'specloopname_ln119' <Predicate = true> <Delay = 0.00>
ST_23 : Operation 65 [1/22] (5.92ns)   --->   "%div55_i = ddiv i64 %taps_load, i64 %gain_re_reload_read" [Coefficients.cpp:121->Coefficients.cpp:24]   --->   Operation 65 'ddiv' 'div55_i' <Predicate = true> <Delay = 5.92> <CoreInst = "DDiv">   --->   Core 39 'DDiv' <Latency = 21> <II = 1> <Delay = 5.92> <FuncUnit> <Opcode : 'ddiv' 'drem'> <InPorts = 2> <OutPorts = 1>
ST_23 : Operation 66 [1/1] (1.23ns)   --->   "%store_ln121 = store i64 %div55_i, i7 %taps_addr" [Coefficients.cpp:121->Coefficients.cpp:24]   --->   Operation 66 'store' 'store_ln121' <Predicate = true> <Delay = 1.23> <CoreInst = "RAM">   --->   Core 82 'RAM' <Latency = 1> <II = 1> <Delay = 1.23> <Storage> <Opcode : 'load' 'store'> <Ports = 2> <Width = 64> <Depth = 101> <RAM>
ST_23 : Operation 67 [1/1] (0.00ns)   --->   "%br_ln119 = br void %for.inc56.i" [Coefficients.cpp:119->Coefficients.cpp:24]   --->   Operation 67 'br' 'br_ln119' <Predicate = true> <Delay = 0.00>


============================================================
+ Verbose Summary: Timing violations
============================================================
Target clock period: 10.000ns, clock uncertainty: 2.700ns.

 <State 1>: 1.870ns
The critical path consists of the following:
	'store' operation 0 bit ('store_ln119', Coefficients.cpp:119->Coefficients.cpp:24) of constant 0 on local variable 'i', Coefficients.cpp:119->Coefficients.cpp:24 [7]  (0.427 ns)
	'load' operation 7 bit ('i', Coefficients.cpp:119->Coefficients.cpp:24) on local variable 'i', Coefficients.cpp:119->Coefficients.cpp:24 [10]  (0.000 ns)
	'icmp' operation 1 bit ('icmp_ln119', Coefficients.cpp:119->Coefficients.cpp:24) [12]  (1.016 ns)
	'store' operation 0 bit ('store_ln119', Coefficients.cpp:119->Coefficients.cpp:24) of variable 'add_ln119', Coefficients.cpp:119->Coefficients.cpp:24 on local variable 'i', Coefficients.cpp:119->Coefficients.cpp:24 [24]  (0.427 ns)

 <State 2>: 7.163ns
The critical path consists of the following:
	'load' operation 64 bit ('taps_load', Coefficients.cpp:121->Coefficients.cpp:24) on array 'taps' [21]  (1.237 ns)
	'ddiv' operation 64 bit ('div55_i', Coefficients.cpp:121->Coefficients.cpp:24) [22]  (5.926 ns)

 <State 3>: 5.926ns
The critical path consists of the following:
	'ddiv' operation 64 bit ('div55_i', Coefficients.cpp:121->Coefficients.cpp:24) [22]  (5.926 ns)

 <State 4>: 5.926ns
The critical path consists of the following:
	'ddiv' operation 64 bit ('div55_i', Coefficients.cpp:121->Coefficients.cpp:24) [22]  (5.926 ns)

 <State 5>: 5.926ns
The critical path consists of the following:
	'ddiv' operation 64 bit ('div55_i', Coefficients.cpp:121->Coefficients.cpp:24) [22]  (5.926 ns)

 <State 6>: 5.926ns
The critical path consists of the following:
	'ddiv' operation 64 bit ('div55_i', Coefficients.cpp:121->Coefficients.cpp:24) [22]  (5.926 ns)

 <State 7>: 5.926ns
The critical path consists of the following:
	'ddiv' operation 64 bit ('div55_i', Coefficients.cpp:121->Coefficients.cpp:24) [22]  (5.926 ns)

 <State 8>: 5.926ns
The critical path consists of the following:
	'ddiv' operation 64 bit ('div55_i', Coefficients.cpp:121->Coefficients.cpp:24) [22]  (5.926 ns)

 <State 9>: 5.926ns
The critical path consists of the following:
	'ddiv' operation 64 bit ('div55_i', Coefficients.cpp:121->Coefficients.cpp:24) [22]  (5.926 ns)

 <State 10>: 5.926ns
The critical path consists of the following:
	'ddiv' operation 64 bit ('div55_i', Coefficients.cpp:121->Coefficients.cpp:24) [22]  (5.926 ns)

 <State 11>: 5.926ns
The critical path consists of the following:
	'ddiv' operation 64 bit ('div55_i', Coefficients.cpp:121->Coefficients.cpp:24) [22]  (5.926 ns)

 <State 12>: 5.926ns
The critical path consists of the following:
	'ddiv' operation 64 bit ('div55_i', Coefficients.cpp:121->Coefficients.cpp:24) [22]  (5.926 ns)

 <State 13>: 5.926ns
The critical path consists of the following:
	'ddiv' operation 64 bit ('div55_i', Coefficients.cpp:121->Coefficients.cpp:24) [22]  (5.926 ns)

 <State 14>: 5.926ns
The critical path consists of the following:
	'ddiv' operation 64 bit ('div55_i', Coefficients.cpp:121->Coefficients.cpp:24) [22]  (5.926 ns)

 <State 15>: 5.926ns
The critical path consists of the following:
	'ddiv' operation 64 bit ('div55_i', Coefficients.cpp:121->Coefficients.cpp:24) [22]  (5.926 ns)

 <State 16>: 5.926ns
The critical path consists of the following:
	'ddiv' operation 64 bit ('div55_i', Coefficients.cpp:121->Coefficients.cpp:24) [22]  (5.926 ns)

 <State 17>: 5.926ns
The critical path consists of the following:
	'ddiv' operation 64 bit ('div55_i', Coefficients.cpp:121->Coefficients.cpp:24) [22]  (5.926 ns)

 <State 18>: 5.926ns
The critical path consists of the following:
	'ddiv' operation 64 bit ('div55_i', Coefficients.cpp:121->Coefficients.cpp:24) [22]  (5.926 ns)

 <State 19>: 5.926ns
The critical path consists of the following:
	'ddiv' operation 64 bit ('div55_i', Coefficients.cpp:121->Coefficients.cpp:24) [22]  (5.926 ns)

 <State 20>: 5.926ns
The critical path consists of the following:
	'ddiv' operation 64 bit ('div55_i', Coefficients.cpp:121->Coefficients.cpp:24) [22]  (5.926 ns)

 <State 21>: 5.926ns
The critical path consists of the following:
	'ddiv' operation 64 bit ('div55_i', Coefficients.cpp:121->Coefficients.cpp:24) [22]  (5.926 ns)

 <State 22>: 5.926ns
The critical path consists of the following:
	'ddiv' operation 64 bit ('div55_i', Coefficients.cpp:121->Coefficients.cpp:24) [22]  (5.926 ns)

 <State 23>: 7.163ns
The critical path consists of the following:
	'ddiv' operation 64 bit ('div55_i', Coefficients.cpp:121->Coefficients.cpp:24) [22]  (5.926 ns)
	'store' operation 0 bit ('store_ln121', Coefficients.cpp:121->Coefficients.cpp:24) of variable 'div55_i', Coefficients.cpp:121->Coefficients.cpp:24 on array 'taps' [23]  (1.237 ns)


============================================================
+ Verbose Summary: Binding
============================================================
N/A
* FSMD analyzer results:
  - Output states:
 - Input state : 
  - Chain level:
	State 1
	State 2
	State 3
	State 4
	State 5
	State 6
	State 7
	State 8
	State 9
	State 10
	State 11
	State 12
	State 13
	State 14
	State 15
	State 16
	State 17
	State 18
	State 19
	State 20
	State 21
	State 22
	State 23


============================================================
+ Verbose Summary: Datapath Resource usage 
============================================================
N/A
