

================================================================
== Vitis HLS Report for 'firTop_Pipeline_VITIS_LOOP_14_1'
================================================================
* Date:           Tue Apr 21 17:14:47 2026

* Version:        2024.1 (Build 5069499 on May 21 2024)
* Project:        calculateCoefficients
* Solution:       hls (Vivado IP Flow Target)
* Product family: zynquplus
* Target device:  xczu3eg-sfvc784-2-e


================================================================
== Performance Estimates
================================================================
+ Timing: 
    * Summary: 
    +--------+----------+----------+------------+
    |  Clock |  Target  | Estimated| Uncertainty|
    +--------+----------+----------+------------+
    |ap_clk  |  10.00 ns|  7.300 ns|     2.70 ns|
    +--------+----------+----------+------------+

+ Latency: 
    * Summary: 
    +---------+---------+-----------+-----------+-----+-----+-----------------------------------------------+
    |  Latency (cycles) |   Latency (absolute)  |  Interval |                    Pipeline                   |
    |   min   |   max   |    min    |    max    | min | max |                      Type                     |
    +---------+---------+-----------+-----------+-----+-----+-----------------------------------------------+
    |        9|        9|  90.000 ns|  90.000 ns|    7|    7|  loop auto-rewind stp(delay=0 clock cycles(s))|
    +---------+---------+-----------+-----------+-----+-----+-----------------------------------------------+

    + Detail: 
        * Instance: 
        N/A

        * Loop: 
        +-------------------+---------+---------+----------+-----------+-----------+------+----------+
        |                   |  Latency (cycles) | Iteration|  Initiation Interval  | Trip |          |
        |     Loop Name     |   min   |   max   |  Latency |  achieved |   target  | Count| Pipelined|
        +-------------------+---------+---------+----------+-----------+-----------+------+----------+
        |- VITIS_LOOP_14_1  |        7|        7|         3|          1|          1|     6|       yes|
        +-------------------+---------+---------+----------+-----------+-----------+------+----------+



================================================================
== Utilization Estimates
================================================================
* Summary: 
+-----------------+---------+-----+--------+-------+-----+
|       Name      | BRAM_18K| DSP |   FF   |  LUT  | URAM|
+-----------------+---------+-----+--------+-------+-----+
|DSP              |        -|    -|       -|      -|    -|
|Expression       |        -|    -|       0|     24|    -|
|FIFO             |        -|    -|       -|      -|    -|
|Instance         |        -|    -|       -|      -|    -|
|Memory           |        -|    -|       -|      -|    -|
|Multiplexer      |        -|    -|       0|     45|    -|
|Register         |        -|    -|      46|      -|    -|
+-----------------+---------+-----+--------+-------+-----+
|Total            |        0|    0|      46|     69|    0|
+-----------------+---------+-----+--------+-------+-----+
|Available        |      432|  360|  141120|  70560|    0|
+-----------------+---------+-----+--------+-------+-----+
|Utilization (%)  |        0|    0|      ~0|     ~0|    0|
+-----------------+---------+-----+--------+-------+-----+

+ Detail: 
    * Instance: 
    N/A

    * DSP: 
    N/A

    * Memory: 
    N/A

    * FIFO: 
    N/A

    * Expression: 
    +---------------------------+----------+----+---+----+------------+------------+
    |       Variable Name       | Operation| DSP| FF| LUT| Bitwidth P0| Bitwidth P1|
    +---------------------------+----------+----+---+----+------------+------------+
    |add_ln14_fu_94_p2          |         +|   0|  0|  10|           3|           1|
    |ap_block_pp0_stage0_11001  |       and|   0|  0|   2|           1|           1|
    |icmp_ln14_fu_88_p2         |      icmp|   0|  0|  10|           3|           3|
    |ap_enable_pp0              |       xor|   0|  0|   2|           1|           2|
    +---------------------------+----------+----+---+----+------------+------------+
    |Total                      |          |   0|  0|  24|           8|           7|
    +---------------------------+----------+----+---+----+------------+------------+

    * Multiplexer: 
    +-------------------------+----+-----------+-----+-----------+
    |           Name          | LUT| Input Size| Bits| Total Bits|
    +-------------------------+----+-----------+-----+-----------+
    |ap_done_int              |   9|          2|    1|          2|
    |ap_enable_reg_pp0_iter1  |   9|          2|    1|          2|
    |ap_sig_allocacmp_i_4     |   9|          2|    3|          6|
    |gmem_blk_n_R             |   9|          2|    1|          2|
    |i_fu_48                  |   9|          2|    3|          6|
    +-------------------------+----+-----------+-----+-----------+
    |Total                    |  45|         10|    9|         18|
    +-------------------------+----+-----------+-----+-----------+

    * Register: 
    +----------------------------------+----+----+-----+-----------+
    |               Name               | FF | LUT| Bits| Const Bits|
    +----------------------------------+----+----+-----+-----------+
    |ap_CS_fsm                         |   1|   0|    1|          0|
    |ap_done_reg                       |   1|   0|    1|          0|
    |ap_enable_reg_pp0_iter1           |   1|   0|    1|          0|
    |ap_enable_reg_pp0_iter2           |   1|   0|    1|          0|
    |ap_loop_exit_ready_pp0_iter1_reg  |   1|   0|    1|          0|
    |gmem_addr_read_reg_136            |  32|   0|   32|          0|
    |i_4_reg_127                       |   3|   0|    3|          0|
    |i_4_reg_127_pp0_iter1_reg         |   3|   0|    3|          0|
    |i_fu_48                           |   3|   0|    3|          0|
    +----------------------------------+----+----+-----+-----------+
    |Total                             |  46|   0|   46|          0|
    +----------------------------------+----+----+-----+-----------+



================================================================
== Interface
================================================================
* Summary: 
+---------------------+-----+-----+------------+---------------------------------+--------------+
|      RTL Ports      | Dir | Bits|  Protocol  |          Source Object          |    C Type    |
+---------------------+-----+-----+------------+---------------------------------+--------------+
|ap_clk               |   in|    1|  ap_ctrl_hs|  firTop_Pipeline_VITIS_LOOP_14_1|  return value|
|ap_rst               |   in|    1|  ap_ctrl_hs|  firTop_Pipeline_VITIS_LOOP_14_1|  return value|
|ap_start             |   in|    1|  ap_ctrl_hs|  firTop_Pipeline_VITIS_LOOP_14_1|  return value|
|ap_done              |  out|    1|  ap_ctrl_hs|  firTop_Pipeline_VITIS_LOOP_14_1|  return value|
|ap_idle              |  out|    1|  ap_ctrl_hs|  firTop_Pipeline_VITIS_LOOP_14_1|  return value|
|ap_ready             |  out|    1|  ap_ctrl_hs|  firTop_Pipeline_VITIS_LOOP_14_1|  return value|
|m_axi_gmem_AWVALID   |  out|    1|       m_axi|                             gmem|       pointer|
|m_axi_gmem_AWREADY   |   in|    1|       m_axi|                             gmem|       pointer|
|m_axi_gmem_AWADDR    |  out|   64|       m_axi|                             gmem|       pointer|
|m_axi_gmem_AWID      |  out|    1|       m_axi|                             gmem|       pointer|
|m_axi_gmem_AWLEN     |  out|   32|       m_axi|                             gmem|       pointer|
|m_axi_gmem_AWSIZE    |  out|    3|       m_axi|                             gmem|       pointer|
|m_axi_gmem_AWBURST   |  out|    2|       m_axi|                             gmem|       pointer|
|m_axi_gmem_AWLOCK    |  out|    2|       m_axi|                             gmem|       pointer|
|m_axi_gmem_AWCACHE   |  out|    4|       m_axi|                             gmem|       pointer|
|m_axi_gmem_AWPROT    |  out|    3|       m_axi|                             gmem|       pointer|
|m_axi_gmem_AWQOS     |  out|    4|       m_axi|                             gmem|       pointer|
|m_axi_gmem_AWREGION  |  out|    4|       m_axi|                             gmem|       pointer|
|m_axi_gmem_AWUSER    |  out|    1|       m_axi|                             gmem|       pointer|
|m_axi_gmem_WVALID    |  out|    1|       m_axi|                             gmem|       pointer|
|m_axi_gmem_WREADY    |   in|    1|       m_axi|                             gmem|       pointer|
|m_axi_gmem_WDATA     |  out|   32|       m_axi|                             gmem|       pointer|
|m_axi_gmem_WSTRB     |  out|    4|       m_axi|                             gmem|       pointer|
|m_axi_gmem_WLAST     |  out|    1|       m_axi|                             gmem|       pointer|
|m_axi_gmem_WID       |  out|    1|       m_axi|                             gmem|       pointer|
|m_axi_gmem_WUSER     |  out|    1|       m_axi|                             gmem|       pointer|
|m_axi_gmem_ARVALID   |  out|    1|       m_axi|                             gmem|       pointer|
|m_axi_gmem_ARREADY   |   in|    1|       m_axi|                             gmem|       pointer|
|m_axi_gmem_ARADDR    |  out|   64|       m_axi|                             gmem|       pointer|
|m_axi_gmem_ARID      |  out|    1|       m_axi|                             gmem|       pointer|
|m_axi_gmem_ARLEN     |  out|   32|       m_axi|                             gmem|       pointer|
|m_axi_gmem_ARSIZE    |  out|    3|       m_axi|                             gmem|       pointer|
|m_axi_gmem_ARBURST   |  out|    2|       m_axi|                             gmem|       pointer|
|m_axi_gmem_ARLOCK    |  out|    2|       m_axi|                             gmem|       pointer|
|m_axi_gmem_ARCACHE   |  out|    4|       m_axi|                             gmem|       pointer|
|m_axi_gmem_ARPROT    |  out|    3|       m_axi|                             gmem|       pointer|
|m_axi_gmem_ARQOS     |  out|    4|       m_axi|                             gmem|       pointer|
|m_axi_gmem_ARREGION  |  out|    4|       m_axi|                             gmem|       pointer|
|m_axi_gmem_ARUSER    |  out|    1|       m_axi|                             gmem|       pointer|
|m_axi_gmem_RVALID    |   in|    1|       m_axi|                             gmem|       pointer|
|m_axi_gmem_RREADY    |  out|    1|       m_axi|                             gmem|       pointer|
|m_axi_gmem_RDATA     |   in|   32|       m_axi|                             gmem|       pointer|
|m_axi_gmem_RLAST     |   in|    1|       m_axi|                             gmem|       pointer|
|m_axi_gmem_RID       |   in|    1|       m_axi|                             gmem|       pointer|
|m_axi_gmem_RFIFONUM  |   in|    9|       m_axi|                             gmem|       pointer|
|m_axi_gmem_RUSER     |   in|    1|       m_axi|                             gmem|       pointer|
|m_axi_gmem_RRESP     |   in|    2|       m_axi|                             gmem|       pointer|
|m_axi_gmem_BVALID    |   in|    1|       m_axi|                             gmem|       pointer|
|m_axi_gmem_BREADY    |  out|    1|       m_axi|                             gmem|       pointer|
|m_axi_gmem_BRESP     |   in|    2|       m_axi|                             gmem|       pointer|
|m_axi_gmem_BID       |   in|    1|       m_axi|                             gmem|       pointer|
|m_axi_gmem_BUSER     |   in|    1|       m_axi|                             gmem|       pointer|
|sext_ln14            |   in|   62|     ap_none|                        sext_ln14|        scalar|
|bramVal_address0     |  out|    3|   ap_memory|                          bramVal|         array|
|bramVal_ce0          |  out|    1|   ap_memory|                          bramVal|         array|
|bramVal_we0          |  out|    1|   ap_memory|                          bramVal|         array|
|bramVal_d0           |  out|   32|   ap_memory|                          bramVal|         array|
+---------------------+-----+-----+------------+---------------------------------+--------------+

============================================================
+ Verbose Summary: Synthesis Manager
============================================================
InlineROM: 1
ExposeGlobal: 0
============================================================
+ Verbose Summary: CDFG Model
============================================================
IsTopModel: 0
ResetActiveHigh: 1
IsCombinational: 2
IsDatapathOnly: 2
HasWiredReturn: 1
HasMFsm: 2
HasVarLatency: 1
IsPipeline: 0
IsRtlPipelined: 0
IsInstanceOverlapped: 0
IsDontTouch: 0
HasImplIP: 0
IsGatedGlobalClock: 0

+ Individual pipeline summary: 
  * Pipeline-0: initiation interval (II) = 1, depth = 3


============================================================
+ Verbose Summary: Schedule
============================================================
* Number of FSM states : 3
* Pipeline : 1
  Pipeline-0 : II = 1, D = 3, States = { 1 2 3 }
* Dataflow Pipeline: 0

* FSM state transitions: 
1 --> 2 
2 --> 3 
3 --> 

* FSM state operations: 

State 1 <SV = 0> <Delay = 1.52>
ST_1 : Operation 6 [1/1] (0.00ns)   --->   "%i = alloca i32 1" [Coefficients.cpp:14]   --->   Operation 6 'alloca' 'i' <Predicate = true> <Delay = 0.00>
ST_1 : Operation 7 [1/1] (0.00ns)   --->   "%sext_ln14_read = read i62 @_ssdm_op_Read.ap_auto.i62, i62 %sext_ln14"   --->   Operation 7 'read' 'sext_ln14_read' <Predicate = true> <Delay = 0.00>
ST_1 : Operation 8 [1/1] (0.00ns)   --->   "%sext_ln14_cast = sext i62 %sext_ln14_read"   --->   Operation 8 'sext' 'sext_ln14_cast' <Predicate = true> <Delay = 0.00>
ST_1 : Operation 9 [1/1] (0.00ns)   --->   "%specinterface_ln0 = specinterface void @_ssdm_op_SpecInterface, i32 %gmem, void @empty, i32 0, i32 0, void @empty_0, i32 0, i32 0, void @empty_1, void @empty_2, void @empty_0, i32 16, i32 16, i32 16, i32 16, void @empty_0, void @empty_0, i32 4294967295, i32 0, i32 0"   --->   Operation 9 'specinterface' 'specinterface_ln0' <Predicate = true> <Delay = 0.00>
ST_1 : Operation 10 [1/1] (0.42ns)   --->   "%store_ln14 = store i3 0, i3 %i" [Coefficients.cpp:14]   --->   Operation 10 'store' 'store_ln14' <Predicate = true> <Delay = 0.42>
ST_1 : Operation 11 [1/1] (0.00ns)   --->   "%br_ln0 = br void %for.inc"   --->   Operation 11 'br' 'br_ln0' <Predicate = true> <Delay = 0.00>
ST_1 : Operation 12 [1/1] (0.00ns)   --->   "%i_4 = load i3 %i" [Coefficients.cpp:14]   --->   Operation 12 'load' 'i_4' <Predicate = true> <Delay = 0.00>
ST_1 : Operation 13 [1/1] (0.00ns)   --->   "%specbitsmap_ln0 = specbitsmap void @_ssdm_op_SpecBitsMap, i32 %gmem"   --->   Operation 13 'specbitsmap' 'specbitsmap_ln0' <Predicate = true> <Delay = 0.00>
ST_1 : Operation 14 [1/1] (0.67ns)   --->   "%icmp_ln14 = icmp_eq  i3 %i_4, i3 6" [Coefficients.cpp:14]   --->   Operation 14 'icmp' 'icmp_ln14' <Predicate = true> <Delay = 0.67> <CoreInst = "Cmp">   --->   Core 9 'Cmp' <Latency = 0> <II = 1> <Delay = 0.67> <FuncUnit> <Opcode : 'seteq' 'setne' 'setle' 'setge' 'setlt' 'setgt'> <InPorts = 2> <OutPorts = 1>
ST_1 : Operation 15 [1/1] (0.67ns)   --->   "%add_ln14 = add i3 %i_4, i3 1" [Coefficients.cpp:14]   --->   Operation 15 'add' 'add_ln14' <Predicate = true> <Delay = 0.67> <CoreInst = "Adder">   --->   Core 1 'Adder' <Latency = 0> <II = 1> <Delay = 0.67> <FuncUnit> <Opcode : 'add' 'sub'> <InPorts = 2> <OutPorts = 1>
ST_1 : Operation 16 [1/1] (0.00ns)   --->   "%br_ln14 = br i1 %icmp_ln14, void %for.inc.split, void %for.end.exitStub" [Coefficients.cpp:14]   --->   Operation 16 'br' 'br_ln14' <Predicate = true> <Delay = 0.00>
ST_1 : Operation 17 [1/1] (0.42ns)   --->   "%store_ln14 = store i3 %add_ln14, i3 %i" [Coefficients.cpp:14]   --->   Operation 17 'store' 'store_ln14' <Predicate = (!icmp_ln14)> <Delay = 0.42>

State 2 <SV = 1> <Delay = 7.30>
ST_2 : Operation 18 [1/1] (0.00ns)   --->   "%gmem_addr = getelementptr i32 %gmem, i64 %sext_ln14_cast" [Coefficients.cpp:14]   --->   Operation 18 'getelementptr' 'gmem_addr' <Predicate = true> <Delay = 0.00>
ST_2 : Operation 19 [1/1] (7.30ns)   --->   "%gmem_addr_read = read i32 @_ssdm_op_Read.m_axi.p1i32, i64 %gmem_addr" [Coefficients.cpp:15]   --->   Operation 19 'read' 'gmem_addr_read' <Predicate = true> <Delay = 7.30> <CoreInst = "m_axi">   --->   Core 119 'm_axi' <Latency = 0> <II = 1> <Delay = 1.00> <Adapter> <Opcode : 'read' 'write' 'readreq' 'writereq' 'writeresp'>
ST_2 : Operation 27 [1/1] (0.42ns)   --->   "%ret_ln0 = ret"   --->   Operation 27 'ret' 'ret_ln0' <Predicate = (icmp_ln14)> <Delay = 0.42>

State 3 <SV = 2> <Delay = 0.67>
ST_3 : Operation 20 [1/1] (0.00ns)   --->   "%zext_ln14 = zext i3 %i_4" [Coefficients.cpp:14]   --->   Operation 20 'zext' 'zext_ln14' <Predicate = true> <Delay = 0.00>
ST_3 : Operation 21 [1/1] (0.00ns)   --->   "%specpipeline_ln14 = specpipeline void @_ssdm_op_SpecPipeline, i32 4294967295, i32 0, i32 0, i32 0, void @empty_0" [Coefficients.cpp:14]   --->   Operation 21 'specpipeline' 'specpipeline_ln14' <Predicate = true> <Delay = 0.00>
ST_3 : Operation 22 [1/1] (0.00ns)   --->   "%speclooptripcount_ln14 = speclooptripcount void @_ssdm_op_SpecLoopTripCount, i64 6, i64 6, i64 6" [Coefficients.cpp:14]   --->   Operation 22 'speclooptripcount' 'speclooptripcount_ln14' <Predicate = true> <Delay = 0.00>
ST_3 : Operation 23 [1/1] (0.00ns)   --->   "%specloopname_ln14 = specloopname void @_ssdm_op_SpecLoopName, void @empty_18" [Coefficients.cpp:14]   --->   Operation 23 'specloopname' 'specloopname_ln14' <Predicate = true> <Delay = 0.00>
ST_3 : Operation 24 [1/1] (0.00ns)   --->   "%bramVal_addr = getelementptr i32 %bramVal, i64 0, i64 %zext_ln14" [Coefficients.cpp:15]   --->   Operation 24 'getelementptr' 'bramVal_addr' <Predicate = true> <Delay = 0.00>
ST_3 : Operation 25 [1/1] (0.67ns)   --->   "%store_ln15 = store i32 %gmem_addr_read, i3 %bramVal_addr" [Coefficients.cpp:15]   --->   Operation 25 'store' 'store_ln15' <Predicate = true> <Delay = 0.67> <CoreInst = "RAM">   --->   Core 82 'RAM' <Latency = 1> <II = 1> <Delay = 0.67> <Storage> <Opcode : 'load' 'store'> <Ports = 2> <Width = 32> <Depth = 6> <RAM>
ST_3 : Operation 26 [1/1] (0.00ns)   --->   "%br_ln14 = br void %for.inc" [Coefficients.cpp:14]   --->   Operation 26 'br' 'br_ln14' <Predicate = true> <Delay = 0.00>


============================================================
+ Verbose Summary: Binding
============================================================
STG Binding: 
---------------- STG Properties BEGIN ----------------
- Is combinational: 0
- Is one-state seq: 0
- Is datapath-only: 0
- Is pipelined: 0
- Is top level: 0
Port [ Return ] is wired: 1; IO mode=ap_ctrl_hs:ce=0
Port [ gmem]:  wired=1; compound=1; hidden=0; nouse=0; global=0; static=0; extern=0; dir=0; type=4; pingpong=0; private_global=0; IO mode=m_axi:ce=0
Port [ sext_ln14]:  wired=1; compound=0; hidden=0; nouse=0; global=0; static=0; extern=0; dir=0; type=0; pingpong=0; private_global=0; IO mode=ap_none:ce=0
Port [ bramVal]:  wired=1; compound=1; hidden=0; nouse=0; global=0; static=0; extern=0; dir=1; type=1; pingpong=0; private_global=0; MemPort=[03]; IO mode=ap_memory:ce=0
---------------- STG Properties END ------------------

---------------- Datapath Model BEGIN ----------------

<LifeTime>
<method=bitvector/>
i                      (alloca           ) [ 0100]
sext_ln14_read         (read             ) [ 0000]
sext_ln14_cast         (sext             ) [ 0110]
specinterface_ln0      (specinterface    ) [ 0000]
store_ln14             (store            ) [ 0000]
br_ln0                 (br               ) [ 0000]
i_4                    (load             ) [ 0111]
specbitsmap_ln0        (specbitsmap      ) [ 0000]
icmp_ln14              (icmp             ) [ 0110]
add_ln14               (add              ) [ 0000]
br_ln14                (br               ) [ 0000]
store_ln14             (store            ) [ 0000]
gmem_addr              (getelementptr    ) [ 0000]
gmem_addr_read         (read             ) [ 0101]
zext_ln14              (zext             ) [ 0000]
specpipeline_ln14      (specpipeline     ) [ 0000]
speclooptripcount_ln14 (speclooptripcount) [ 0000]
specloopname_ln14      (specloopname     ) [ 0000]
bramVal_addr           (getelementptr    ) [ 0000]
store_ln15             (store            ) [ 0000]
br_ln14                (br               ) [ 0000]
ret_ln0                (ret              ) [ 0000]
</LifeTime>

<model>

<comp_list>
<comp id="0" class="1000" name="gmem">
<pin_list>
<pin id="1" dir="1" index="0" bw="1" slack="0"/>
</pin_list>
<bind>
<StgValue><ssdm name="gmem"/></StgValue>
</bind>
</comp>

<comp id="2" class="1000" name="sext_ln14">
<pin_list>
<pin id="3" dir="1" index="0" bw="1" slack="0"/>
</pin_list>
<bind>
<StgValue><ssdm name="sext_ln14"/></StgValue>
</bind>
</comp>

<comp id="4" class="1000" name="bramVal">
<pin_list>
<pin id="5" dir="1" index="0" bw="1" slack="0"/>
</pin_list>
<bind>
<StgValue><ssdm name="bramVal"/><MemPortTyVec>0 3 </MemPortTyVec>
</StgValue>
</bind>
</comp>

<comp id="6" class="1001" name="const_6">
<pin_list>
<pin id="7" dir="1" index="0" bw="1" slack="0"/>
</pin_list>
<bind>
<StgValue><ssdm name=""/></StgValue>
</bind>
</comp>

<comp id="8" class="1001" name="const_8">
<pin_list>
<pin id="9" dir="1" index="0" bw="1" slack="0"/>
</pin_list>
<bind>
<StgValue><ssdm name="_ssdm_op_Read.ap_auto.i62"/></StgValue>
</bind>
</comp>

<comp id="10" class="1001" name="const_10">
<pin_list>
<pin id="11" dir="1" index="0" bw="1" slack="2147483647"/>
</pin_list>
<bind>
<StgValue><ssdm name="_ssdm_op_SpecInterface"/></StgValue>
</bind>
</comp>

<comp id="12" class="1001" name="const_12">
<pin_list>
<pin id="13" dir="1" index="0" bw="1" slack="2147483647"/>
</pin_list>
<bind>
<StgValue><ssdm name="empty"/></StgValue>
</bind>
</comp>

<comp id="14" class="1001" name="const_14">
<pin_list>
<pin id="15" dir="1" index="0" bw="1" slack="2147483647"/>
</pin_list>
<bind>
<StgValue><ssdm name=""/></StgValue>
</bind>
</comp>

<comp id="16" class="1001" name="const_16">
<pin_list>
<pin id="17" dir="1" index="0" bw="1" slack="2147483647"/>
</pin_list>
<bind>
<StgValue><ssdm name="empty_0"/></StgValue>
</bind>
</comp>

<comp id="18" class="1001" name="const_18">
<pin_list>
<pin id="19" dir="1" index="0" bw="1" slack="2147483647"/>
</pin_list>
<bind>
<StgValue><ssdm name="empty_1"/></StgValue>
</bind>
</comp>

<comp id="20" class="1001" name="const_20">
<pin_list>
<pin id="21" dir="1" index="0" bw="1" slack="2147483647"/>
</pin_list>
<bind>
<StgValue><ssdm name="empty_2"/></StgValue>
</bind>
</comp>

<comp id="22" class="1001" name="const_22">
<pin_list>
<pin id="23" dir="1" index="0" bw="1" slack="2147483647"/>
</pin_list>
<bind>
<StgValue><ssdm name=""/></StgValue>
</bind>
</comp>

<comp id="24" class="1001" name="const_24">
<pin_list>
<pin id="25" dir="1" index="0" bw="1" slack="2147483647"/>
</pin_list>
<bind>
<StgValue><ssdm name=""/></StgValue>
</bind>
</comp>

<comp id="26" class="1001" name="const_26">
<pin_list>
<pin id="27" dir="1" index="0" bw="1" slack="0"/>
</pin_list>
<bind>
<StgValue><ssdm name=""/></StgValue>
</bind>
</comp>

<comp id="28" class="1001" name="const_28">
<pin_list>
<pin id="29" dir="1" index="0" bw="1" slack="2147483647"/>
</pin_list>
<bind>
<StgValue><ssdm name="_ssdm_op_SpecBitsMap"/></StgValue>
</bind>
</comp>

<comp id="30" class="1001" name="const_30">
<pin_list>
<pin id="31" dir="1" index="0" bw="1" slack="0"/>
</pin_list>
<bind>
<StgValue><ssdm name=""/></StgValue>
</bind>
</comp>

<comp id="32" class="1001" name="const_32">
<pin_list>
<pin id="33" dir="1" index="0" bw="1" slack="0"/>
</pin_list>
<bind>
<StgValue><ssdm name=""/></StgValue>
</bind>
</comp>

<comp id="34" class="1001" name="const_34">
<pin_list>
<pin id="35" dir="1" index="0" bw="1" slack="0"/>
</pin_list>
<bind>
<StgValue><ssdm name="_ssdm_op_Read.m_axi.p1i32"/></StgValue>
</bind>
</comp>

<comp id="36" class="1001" name="const_36">
<pin_list>
<pin id="37" dir="1" index="0" bw="1" slack="2147483647"/>
</pin_list>
<bind>
<StgValue><ssdm name="_ssdm_op_SpecPipeline"/></StgValue>
</bind>
</comp>

<comp id="38" class="1001" name="const_38">
<pin_list>
<pin id="39" dir="1" index="0" bw="1" slack="2147483647"/>
</pin_list>
<bind>
<StgValue><ssdm name="_ssdm_op_SpecLoopTripCount"/></StgValue>
</bind>
</comp>

<comp id="40" class="1001" name="const_40">
<pin_list>
<pin id="41" dir="1" index="0" bw="1" slack="2147483647"/>
</pin_list>
<bind>
<StgValue><ssdm name=""/></StgValue>
</bind>
</comp>

<comp id="42" class="1001" name="const_42">
<pin_list>
<pin id="43" dir="1" index="0" bw="1" slack="2147483647"/>
</pin_list>
<bind>
<StgValue><ssdm name="_ssdm_op_SpecLoopName"/></StgValue>
</bind>
</comp>

<comp id="44" class="1001" name="const_44">
<pin_list>
<pin id="45" dir="1" index="0" bw="1" slack="2147483647"/>
</pin_list>
<bind>
<StgValue><ssdm name="empty_18"/></StgValue>
</bind>
</comp>

<comp id="46" class="1001" name="const_46">
<pin_list>
<pin id="47" dir="1" index="0" bw="1" slack="0"/>
</pin_list>
<bind>
<StgValue><ssdm name=""/></StgValue>
</bind>
</comp>

<comp id="48" class="1004" name="i_fu_48">
<pin_list>
<pin id="49" dir="0" index="0" bw="1" slack="0"/>
<pin id="50" dir="1" index="1" bw="3" slack="0"/>
</pin_list>
<bind>
<opcode="alloca(26) " fcode="alloca"/>
<opset="i/1 "/>
</bind>
</comp>

<comp id="52" class="1004" name="sext_ln14_read_read_fu_52">
<pin_list>
<pin id="53" dir="0" index="0" bw="62" slack="0"/>
<pin id="54" dir="0" index="1" bw="62" slack="0"/>
<pin id="55" dir="1" index="2" bw="62" slack="0"/>
</pin_list>
<bind>
<opcode="read(1150) " fcode="read"/>
<opset="sext_ln14_read/1 "/>
</bind>
</comp>

<comp id="58" class="1004" name="gmem_addr_read_read_fu_58">
<pin_list>
<pin id="59" dir="0" index="0" bw="32" slack="0"/>
<pin id="60" dir="0" index="1" bw="32" slack="0"/>
<pin id="61" dir="1" index="2" bw="32" slack="1"/>
</pin_list>
<bind>
<opcode="read(1150) " fcode="read"/>
<opset="gmem_addr_read/2 "/>
</bind>
</comp>

<comp id="63" class="1004" name="bramVal_addr_gep_fu_63">
<pin_list>
<pin id="64" dir="0" index="0" bw="32" slack="0"/>
<pin id="65" dir="0" index="1" bw="1" slack="0"/>
<pin id="66" dir="0" index="2" bw="3" slack="0"/>
<pin id="67" dir="1" index="3" bw="3" slack="0"/>
</pin_list>
<bind>
<opcode="getelementptr(29) " fcode="getelementptr"/>
<opset="bramVal_addr/3 "/>
</bind>
</comp>

<comp id="70" class="1004" name="store_ln15_access_fu_70">
<pin_list>
<pin id="71" dir="0" index="0" bw="3" slack="0"/>
<pin id="72" dir="0" index="1" bw="32" slack="1"/>
<pin id="73" dir="0" index="2" bw="0" slack="2147483647"/>
<pin id="74" dir="1" index="3" bw="32" slack="2147483647"/>
</pin_list>
<bind>
<opcode="store(28) " fcode="store"/>
<opset="store_ln15/3 "/>
</bind>
</comp>

<comp id="76" class="1004" name="sext_ln14_cast_fu_76">
<pin_list>
<pin id="77" dir="0" index="0" bw="62" slack="0"/>
<pin id="78" dir="1" index="1" bw="64" slack="1"/>
</pin_list>
<bind>
<opcode="sext(35) " fcode="sext"/>
<opset="sext_ln14_cast/1 "/>
</bind>
</comp>

<comp id="80" class="1004" name="store_ln14_store_fu_80">
<pin_list>
<pin id="81" dir="0" index="0" bw="1" slack="0"/>
<pin id="82" dir="0" index="1" bw="3" slack="0"/>
<pin id="83" dir="1" index="2" bw="0" slack="2147483647"/>
</pin_list>
<bind>
<opcode="store(28) " fcode="store"/>
<opset="store_ln14/1 "/>
</bind>
</comp>

<comp id="85" class="1004" name="i_4_load_fu_85">
<pin_list>
<pin id="86" dir="0" index="0" bw="3" slack="0"/>
<pin id="87" dir="1" index="1" bw="3" slack="0"/>
</pin_list>
<bind>
<opcode="load(27) " fcode="load"/>
<opset="i_4/1 "/>
</bind>
</comp>

<comp id="88" class="1004" name="icmp_ln14_fu_88">
<pin_list>
<pin id="89" dir="0" index="0" bw="3" slack="0"/>
<pin id="90" dir="0" index="1" bw="3" slack="0"/>
<pin id="91" dir="1" index="2" bw="1" slack="1"/>
</pin_list>
<bind>
<opcode="icmp(45) " fcode="icmp"/>
<opset="icmp_ln14/1 "/>
</bind>
</comp>

<comp id="94" class="1004" name="add_ln14_fu_94">
<pin_list>
<pin id="95" dir="0" index="0" bw="3" slack="0"/>
<pin id="96" dir="0" index="1" bw="1" slack="0"/>
<pin id="97" dir="1" index="2" bw="3" slack="0"/>
</pin_list>
<bind>
<opcode="add(8) " fcode="add"/>
<opset="add_ln14/1 "/>
</bind>
</comp>

<comp id="100" class="1004" name="store_ln14_store_fu_100">
<pin_list>
<pin id="101" dir="0" index="0" bw="3" slack="0"/>
<pin id="102" dir="0" index="1" bw="3" slack="0"/>
<pin id="103" dir="1" index="2" bw="0" slack="2147483647"/>
</pin_list>
<bind>
<opcode="store(28) " fcode="store"/>
<opset="store_ln14/1 "/>
</bind>
</comp>

<comp id="105" class="1004" name="gmem_addr_fu_105">
<pin_list>
<pin id="106" dir="0" index="0" bw="64" slack="0"/>
<pin id="107" dir="0" index="1" bw="64" slack="1"/>
<pin id="108" dir="1" index="2" bw="64" slack="0"/>
</pin_list>
<bind>
<opcode="getelementptr(29) " fcode="getelementptr"/>
<opset="gmem_addr/2 "/>
</bind>
</comp>

<comp id="111" class="1004" name="zext_ln14_fu_111">
<pin_list>
<pin id="112" dir="0" index="0" bw="3" slack="2"/>
<pin id="113" dir="1" index="1" bw="64" slack="0"/>
</pin_list>
<bind>
<opcode="zext(34) " fcode="zext"/>
<opset="zext_ln14/3 "/>
</bind>
</comp>

<comp id="115" class="1005" name="i_reg_115">
<pin_list>
<pin id="116" dir="0" index="0" bw="3" slack="0"/>
<pin id="117" dir="1" index="1" bw="3" slack="0"/>
</pin_list>
<bind>
<opset="i "/>
</bind>
</comp>

<comp id="122" class="1005" name="sext_ln14_cast_reg_122">
<pin_list>
<pin id="123" dir="0" index="0" bw="64" slack="1"/>
<pin id="124" dir="1" index="1" bw="64" slack="1"/>
</pin_list>
<bind>
<opset="sext_ln14_cast "/>
</bind>
</comp>

<comp id="127" class="1005" name="i_4_reg_127">
<pin_list>
<pin id="128" dir="0" index="0" bw="3" slack="2"/>
<pin id="129" dir="1" index="1" bw="3" slack="2"/>
</pin_list>
<bind>
<opset="i_4 "/>
</bind>
</comp>

<comp id="132" class="1005" name="icmp_ln14_reg_132">
<pin_list>
<pin id="133" dir="0" index="0" bw="1" slack="1"/>
<pin id="134" dir="1" index="1" bw="1" slack="2147483647"/>
</pin_list>
<bind>
<opset="icmp_ln14 "/>
</bind>
</comp>

<comp id="136" class="1005" name="gmem_addr_read_reg_136">
<pin_list>
<pin id="137" dir="0" index="0" bw="32" slack="1"/>
<pin id="138" dir="1" index="1" bw="32" slack="1"/>
</pin_list>
<bind>
<opset="gmem_addr_read "/>
</bind>
</comp>

</comp_list>

<net_list>
<net id="51"><net_src comp="6" pin="0"/><net_sink comp="48" pin=0"/></net>

<net id="56"><net_src comp="8" pin="0"/><net_sink comp="52" pin=0"/></net>

<net id="57"><net_src comp="2" pin="0"/><net_sink comp="52" pin=1"/></net>

<net id="62"><net_src comp="34" pin="0"/><net_sink comp="58" pin=0"/></net>

<net id="68"><net_src comp="4" pin="0"/><net_sink comp="63" pin=0"/></net>

<net id="69"><net_src comp="46" pin="0"/><net_sink comp="63" pin=1"/></net>

<net id="75"><net_src comp="63" pin="3"/><net_sink comp="70" pin=0"/></net>

<net id="79"><net_src comp="52" pin="2"/><net_sink comp="76" pin=0"/></net>

<net id="84"><net_src comp="26" pin="0"/><net_sink comp="80" pin=0"/></net>

<net id="92"><net_src comp="85" pin="1"/><net_sink comp="88" pin=0"/></net>

<net id="93"><net_src comp="30" pin="0"/><net_sink comp="88" pin=1"/></net>

<net id="98"><net_src comp="85" pin="1"/><net_sink comp="94" pin=0"/></net>

<net id="99"><net_src comp="32" pin="0"/><net_sink comp="94" pin=1"/></net>

<net id="104"><net_src comp="94" pin="2"/><net_sink comp="100" pin=0"/></net>

<net id="109"><net_src comp="0" pin="0"/><net_sink comp="105" pin=0"/></net>

<net id="110"><net_src comp="105" pin="2"/><net_sink comp="58" pin=1"/></net>

<net id="114"><net_src comp="111" pin="1"/><net_sink comp="63" pin=2"/></net>

<net id="118"><net_src comp="48" pin="1"/><net_sink comp="115" pin=0"/></net>

<net id="119"><net_src comp="115" pin="1"/><net_sink comp="80" pin=1"/></net>

<net id="120"><net_src comp="115" pin="1"/><net_sink comp="85" pin=0"/></net>

<net id="121"><net_src comp="115" pin="1"/><net_sink comp="100" pin=1"/></net>

<net id="125"><net_src comp="76" pin="1"/><net_sink comp="122" pin=0"/></net>

<net id="126"><net_src comp="122" pin="1"/><net_sink comp="105" pin=1"/></net>

<net id="130"><net_src comp="85" pin="1"/><net_sink comp="127" pin=0"/></net>

<net id="131"><net_src comp="127" pin="1"/><net_sink comp="111" pin=0"/></net>

<net id="135"><net_src comp="88" pin="2"/><net_sink comp="132" pin=0"/></net>

<net id="139"><net_src comp="58" pin="2"/><net_sink comp="136" pin=0"/></net>

<net id="140"><net_src comp="136" pin="1"/><net_sink comp="70" pin=1"/></net>

</net_list>

</model> 
---------------- Datapath Model END ------------------

* FSMD analyzer results:
  - Output states:
	Port: gmem | {}
	Port: bramVal | {3 }
 - Input state : 
	Port: firTop_Pipeline_VITIS_LOOP_14_1 : gmem | {2 }
	Port: firTop_Pipeline_VITIS_LOOP_14_1 : sext_ln14 | {1 }
  - Chain level:
	State 1
		store_ln14 : 1
		i_4 : 1
		icmp_ln14 : 2
		add_ln14 : 2
		br_ln14 : 3
		store_ln14 : 3
	State 2
		gmem_addr_read : 1
	State 3
		bramVal_addr : 1
		store_ln15 : 2


============================================================
+ Verbose Summary: Datapath Resource usage 
============================================================

* Functional unit list:
|----------|---------------------------|---------|---------|
| Operation|      Functional Unit      |    FF   |   LUT   |
|----------|---------------------------|---------|---------|
|   icmp   |      icmp_ln14_fu_88      |    0    |    10   |
|----------|---------------------------|---------|---------|
|    add   |       add_ln14_fu_94      |    0    |    10   |
|----------|---------------------------|---------|---------|
|   read   | sext_ln14_read_read_fu_52 |    0    |    0    |
|          | gmem_addr_read_read_fu_58 |    0    |    0    |
|----------|---------------------------|---------|---------|
|   sext   |    sext_ln14_cast_fu_76   |    0    |    0    |
|----------|---------------------------|---------|---------|
|   zext   |      zext_ln14_fu_111     |    0    |    0    |
|----------|---------------------------|---------|---------|
|   Total  |                           |    0    |    20   |
|----------|---------------------------|---------|---------|

Memories:
N/A

* Register list:
+----------------------+--------+
|                      |   FF   |
+----------------------+--------+
|gmem_addr_read_reg_136|   32   |
|      i_4_reg_127     |    3   |
|       i_reg_115      |    3   |
|   icmp_ln14_reg_132  |    1   |
|sext_ln14_cast_reg_122|   64   |
+----------------------+--------+
|         Total        |   103  |
+----------------------+--------+

* Multiplexer (MUX) list: 
|--------|------|------|------|--------|
|  Comp  |  Pin | Size |  BW  | S x BW |
|--------|------|------|------|--------|
|  Total |      |      |      |    0   |
|--------|------|------|------|--------|



* Summary:
+-----------+--------+--------+
|           |   FF   |   LUT  |
+-----------+--------+--------+
|  Function |    0   |   20   |
|   Memory  |    -   |    -   |
|Multiplexer|    -   |    -   |
|  Register |   103  |    -   |
+-----------+--------+--------+
|   Total   |   103  |   20   |
+-----------+--------+--------+
