

================================================================
== Vitis HLS Report for 'firTop_Pipeline_VITIS_LOOP_102_2'
================================================================
* Date:           Mon Apr 13 17:36:39 2026

* Version:        2024.1 (Build 5069499 on May 21 2024)
* Project:        calculateCoefficients
* Solution:       hls (Vivado IP Flow Target)
* Product family: zynquplus
* Target device:  xczu3eg-sfvc784-2-e


================================================================
== Performance Estimates
================================================================
+ Timing: 
    * Summary: 
    +--------+----------+----------+------------+
    |  Clock |  Target  | Estimated| Uncertainty|
    +--------+----------+----------+------------+
    |ap_clk  |  10.00 ns|  6.306 ns|     2.70 ns|
    +--------+----------+----------+------------+

+ Latency: 
    * Summary: 
    +---------+---------+-----------+----------+-----+-----+-----------------------------------------------+
    |  Latency (cycles) |  Latency (absolute)  |  Interval |                    Pipeline                   |
    |   min   |   max   |    min    |    max   | min | max |                      Type                     |
    +---------+---------+-----------+----------+-----+-----+-----------------------------------------------+
    |        2|      133|  20.000 ns|  1.330 us|    1|  128|  loop auto-rewind stp(delay=0 clock cycles(s))|
    +---------+---------+-----------+----------+-----+-----+-----------------------------------------------+

    + Detail: 
        * Instance: 
        N/A

        * Loop: 
        +--------------------+---------+---------+----------+-----------+-----------+---------+----------+
        |                    |  Latency (cycles) | Iteration|  Initiation Interval  |   Trip  |          |
        |      Loop Name     |   min   |   max   |  Latency |  achieved |   target  |  Count  | Pipelined|
        +--------------------+---------+---------+----------+-----------+-----------+---------+----------+
        |- VITIS_LOOP_102_2  |        0|      131|         6|          1|          1|  0 ~ 127|       yes|
        +--------------------+---------+---------+----------+-----------+-----------+---------+----------+

============================================================
+ Verbose Summary: Synthesis Manager
============================================================
InlineROM: 1
ExposeGlobal: 0
============================================================
+ Verbose Summary: CDFG Model
============================================================
IsTopModel: 0
ResetActiveHigh: 1
IsCombinational: 0
IsDatapathOnly: 0
HasWiredReturn: 1
HasMFsm: 2
HasVarLatency: 1
IsPipeline: 0
IsRtlPipelined: 0
IsInstanceOverlapped: 0
IsDontTouch: 0
HasImplIP: 0
IsGatedGlobalClock: 0

+ Individual pipeline summary: 
  * Pipeline-0: initiation interval (II) = 1, depth = 6


============================================================
+ Verbose Summary: Schedule
============================================================
* Number of FSM states : 6
* Pipeline : 1
  Pipeline-0 : II = 1, D = 6, States = { 1 2 3 4 5 6 }
* Dataflow Pipeline: 0

* FSM state transitions: 
1 --> 2 
2 --> 3 
3 --> 4 
4 --> 5 
5 --> 6 
6 --> 

* FSM state operations: 

State 1 <SV = 0> <Delay = 1.87>
ST_1 : Operation 9 [1/1] (0.00ns)   --->   "%i_2 = alloca i32 1" [Coefficients.cpp:102->Coefficients.cpp:29]   --->   Operation 9 'alloca' 'i_2' <Predicate = true> <Delay = 0.00>
ST_1 : Operation 10 [1/1] (0.00ns)   --->   "%mean_read = read i64 @_ssdm_op_Read.ap_auto.double, i64 %mean"   --->   Operation 10 'read' 'mean_read' <Predicate = true> <Delay = 0.00>
ST_1 : Operation 11 [1/1] (0.00ns)   --->   "%p_reload11_read = read i32 @_ssdm_op_Read.ap_auto.i32, i32 %p_reload11"   --->   Operation 11 'read' 'p_reload11_read' <Predicate = true> <Delay = 0.00>
ST_1 : Operation 12 [1/1] (0.42ns)   --->   "%store_ln102 = store i7 0, i7 %i_2" [Coefficients.cpp:102->Coefficients.cpp:29]   --->   Operation 12 'store' 'store_ln102' <Predicate = true> <Delay = 0.42>
ST_1 : Operation 13 [1/1] (0.00ns)   --->   "%br_ln0 = br void %for.inc46.i"   --->   Operation 13 'br' 'br_ln0' <Predicate = true> <Delay = 0.00>
ST_1 : Operation 14 [1/1] (0.00ns)   --->   "%i = load i7 %i_2" [Coefficients.cpp:102->Coefficients.cpp:29]   --->   Operation 14 'load' 'i' <Predicate = true> <Delay = 0.00>
ST_1 : Operation 15 [1/1] (0.00ns)   --->   "%zext_ln102_1 = zext i7 %i" [Coefficients.cpp:102->Coefficients.cpp:29]   --->   Operation 15 'zext' 'zext_ln102_1' <Predicate = true> <Delay = 0.00>
ST_1 : Operation 16 [1/1] (1.01ns)   --->   "%icmp_ln102 = icmp_slt  i32 %zext_ln102_1, i32 %p_reload11_read" [Coefficients.cpp:102->Coefficients.cpp:29]   --->   Operation 16 'icmp' 'icmp_ln102' <Predicate = true> <Delay = 1.01> <CoreInst = "Cmp">   --->   Core 9 'Cmp' <Latency = 0> <II = 1> <Delay = 1.01> <FuncUnit> <Opcode : 'seteq' 'setne' 'setle' 'setge' 'setlt' 'setgt'> <InPorts = 2> <OutPorts = 1>
ST_1 : Operation 17 [1/1] (0.00ns)   --->   "%speclooptripcount_ln0 = speclooptripcount void @_ssdm_op_SpecLoopTripCount, i64 0, i64 127, i64 0"   --->   Operation 17 'speclooptripcount' 'speclooptripcount_ln0' <Predicate = true> <Delay = 0.00>
ST_1 : Operation 18 [1/1] (0.77ns)   --->   "%add_ln102 = add i7 %i, i7 1" [Coefficients.cpp:102->Coefficients.cpp:29]   --->   Operation 18 'add' 'add_ln102' <Predicate = true> <Delay = 0.77> <CoreInst = "Adder">   --->   Core 1 'Adder' <Latency = 0> <II = 1> <Delay = 0.77> <FuncUnit> <Opcode : 'add' 'sub'> <InPorts = 2> <OutPorts = 1>
ST_1 : Operation 19 [1/1] (0.00ns)   --->   "%br_ln102 = br i1 %icmp_ln102, void %_Z21calculateCoefficientsiiiiPd.exit.loopexit.exitStub, void %for.inc46.i.split" [Coefficients.cpp:102->Coefficients.cpp:29]   --->   Operation 19 'br' 'br_ln102' <Predicate = true> <Delay = 0.00>
ST_1 : Operation 20 [1/1] (0.00ns)   --->   "%zext_ln102 = zext i7 %i" [Coefficients.cpp:102->Coefficients.cpp:29]   --->   Operation 20 'zext' 'zext_ln102' <Predicate = (icmp_ln102)> <Delay = 0.00>
ST_1 : Operation 21 [1/1] (0.00ns)   --->   "%taps_addr = getelementptr i64 %taps, i64 0, i64 %zext_ln102" [Coefficients.cpp:104->Coefficients.cpp:29]   --->   Operation 21 'getelementptr' 'taps_addr' <Predicate = (icmp_ln102)> <Delay = 0.00>
ST_1 : Operation 22 [2/2] (1.23ns)   --->   "%taps_load = load i7 %taps_addr" [Coefficients.cpp:104->Coefficients.cpp:29]   --->   Operation 22 'load' 'taps_load' <Predicate = (icmp_ln102)> <Delay = 1.23> <CoreInst = "RAM">   --->   Core 82 'RAM' <Latency = 1> <II = 1> <Delay = 1.23> <Storage> <Opcode : 'load' 'store'> <Ports = 2> <Width = 64> <Depth = 100> <RAM>
ST_1 : Operation 23 [1/1] (0.42ns)   --->   "%store_ln102 = store i7 %add_ln102, i7 %i_2" [Coefficients.cpp:102->Coefficients.cpp:29]   --->   Operation 23 'store' 'store_ln102' <Predicate = (icmp_ln102)> <Delay = 0.42>

State 2 <SV = 1> <Delay = 6.30>
ST_2 : Operation 24 [1/2] (1.23ns)   --->   "%taps_load = load i7 %taps_addr" [Coefficients.cpp:104->Coefficients.cpp:29]   --->   Operation 24 'load' 'taps_load' <Predicate = true> <Delay = 1.23> <CoreInst = "RAM">   --->   Core 82 'RAM' <Latency = 1> <II = 1> <Delay = 1.23> <Storage> <Opcode : 'load' 'store'> <Ports = 2> <Width = 64> <Depth = 100> <RAM>
ST_2 : Operation 25 [5/5] (5.06ns)   --->   "%sub45_i = dsub i64 %taps_load, i64 %mean_read" [Coefficients.cpp:104->Coefficients.cpp:29]   --->   Operation 25 'dsub' 'sub45_i' <Predicate = true> <Delay = 5.06> <CoreInst = "DAddSub_fulldsp">   --->   Core 37 'DAddSub_fulldsp' <Latency = 4> <II = 1> <Delay = 5.06> <FuncUnit> <Opcode : 'dadd' 'dsub'> <InPorts = 2> <OutPorts = 1>

State 3 <SV = 2> <Delay = 5.06>
ST_3 : Operation 26 [4/5] (5.06ns)   --->   "%sub45_i = dsub i64 %taps_load, i64 %mean_read" [Coefficients.cpp:104->Coefficients.cpp:29]   --->   Operation 26 'dsub' 'sub45_i' <Predicate = true> <Delay = 5.06> <CoreInst = "DAddSub_fulldsp">   --->   Core 37 'DAddSub_fulldsp' <Latency = 4> <II = 1> <Delay = 5.06> <FuncUnit> <Opcode : 'dadd' 'dsub'> <InPorts = 2> <OutPorts = 1>

State 4 <SV = 3> <Delay = 5.06>
ST_4 : Operation 27 [3/5] (5.06ns)   --->   "%sub45_i = dsub i64 %taps_load, i64 %mean_read" [Coefficients.cpp:104->Coefficients.cpp:29]   --->   Operation 27 'dsub' 'sub45_i' <Predicate = true> <Delay = 5.06> <CoreInst = "DAddSub_fulldsp">   --->   Core 37 'DAddSub_fulldsp' <Latency = 4> <II = 1> <Delay = 5.06> <FuncUnit> <Opcode : 'dadd' 'dsub'> <InPorts = 2> <OutPorts = 1>

State 5 <SV = 4> <Delay = 5.06>
ST_5 : Operation 28 [2/5] (5.06ns)   --->   "%sub45_i = dsub i64 %taps_load, i64 %mean_read" [Coefficients.cpp:104->Coefficients.cpp:29]   --->   Operation 28 'dsub' 'sub45_i' <Predicate = true> <Delay = 5.06> <CoreInst = "DAddSub_fulldsp">   --->   Core 37 'DAddSub_fulldsp' <Latency = 4> <II = 1> <Delay = 5.06> <FuncUnit> <Opcode : 'dadd' 'dsub'> <InPorts = 2> <OutPorts = 1>
ST_5 : Operation 34 [1/1] (0.42ns)   --->   "%ret_ln0 = ret"   --->   Operation 34 'ret' 'ret_ln0' <Predicate = (!icmp_ln102)> <Delay = 0.42>

State 6 <SV = 5> <Delay = 6.30>
ST_6 : Operation 29 [1/1] (0.00ns)   --->   "%specpipeline_ln103 = specpipeline void @_ssdm_op_SpecPipeline, i32 4294967295, i32 0, i32 0, i32 0, void @empty_0" [Coefficients.cpp:103->Coefficients.cpp:29]   --->   Operation 29 'specpipeline' 'specpipeline_ln103' <Predicate = true> <Delay = 0.00>
ST_6 : Operation 30 [1/1] (0.00ns)   --->   "%specloopname_ln102 = specloopname void @_ssdm_op_SpecLoopName, void @empty_16" [Coefficients.cpp:102->Coefficients.cpp:29]   --->   Operation 30 'specloopname' 'specloopname_ln102' <Predicate = true> <Delay = 0.00>
ST_6 : Operation 31 [1/5] (5.06ns)   --->   "%sub45_i = dsub i64 %taps_load, i64 %mean_read" [Coefficients.cpp:104->Coefficients.cpp:29]   --->   Operation 31 'dsub' 'sub45_i' <Predicate = true> <Delay = 5.06> <CoreInst = "DAddSub_fulldsp">   --->   Core 37 'DAddSub_fulldsp' <Latency = 4> <II = 1> <Delay = 5.06> <FuncUnit> <Opcode : 'dadd' 'dsub'> <InPorts = 2> <OutPorts = 1>
ST_6 : Operation 32 [1/1] (1.23ns)   --->   "%store_ln104 = store i64 %sub45_i, i7 %taps_addr" [Coefficients.cpp:104->Coefficients.cpp:29]   --->   Operation 32 'store' 'store_ln104' <Predicate = true> <Delay = 1.23> <CoreInst = "RAM">   --->   Core 82 'RAM' <Latency = 1> <II = 1> <Delay = 1.23> <Storage> <Opcode : 'load' 'store'> <Ports = 2> <Width = 64> <Depth = 100> <RAM>
ST_6 : Operation 33 [1/1] (0.00ns)   --->   "%br_ln102 = br void %for.inc46.i" [Coefficients.cpp:102->Coefficients.cpp:29]   --->   Operation 33 'br' 'br_ln102' <Predicate = true> <Delay = 0.00>


============================================================
+ Verbose Summary: Timing violations
============================================================
Target clock period: 10.000ns, clock uncertainty: 2.700ns.

 <State 1>: 1.870ns
The critical path consists of the following:
	'store' operation 0 bit ('store_ln102', Coefficients.cpp:102->Coefficients.cpp:29) of constant 0 on local variable 'i', Coefficients.cpp:102->Coefficients.cpp:29 [7]  (0.427 ns)
	'load' operation 7 bit ('i', Coefficients.cpp:102->Coefficients.cpp:29) on local variable 'i', Coefficients.cpp:102->Coefficients.cpp:29 [10]  (0.000 ns)
	'icmp' operation 1 bit ('icmp_ln102', Coefficients.cpp:102->Coefficients.cpp:29) [12]  (1.016 ns)
	'store' operation 0 bit ('store_ln102', Coefficients.cpp:102->Coefficients.cpp:29) of variable 'add_ln102', Coefficients.cpp:102->Coefficients.cpp:29 on local variable 'i', Coefficients.cpp:102->Coefficients.cpp:29 [24]  (0.427 ns)

 <State 2>: 6.306ns
The critical path consists of the following:
	'load' operation 64 bit ('taps_load', Coefficients.cpp:104->Coefficients.cpp:29) on array 'taps' [21]  (1.237 ns)
	'dsub' operation 64 bit ('sub45_i', Coefficients.cpp:104->Coefficients.cpp:29) [22]  (5.069 ns)

 <State 3>: 5.069ns
The critical path consists of the following:
	'dsub' operation 64 bit ('sub45_i', Coefficients.cpp:104->Coefficients.cpp:29) [22]  (5.069 ns)

 <State 4>: 5.069ns
The critical path consists of the following:
	'dsub' operation 64 bit ('sub45_i', Coefficients.cpp:104->Coefficients.cpp:29) [22]  (5.069 ns)

 <State 5>: 5.069ns
The critical path consists of the following:
	'dsub' operation 64 bit ('sub45_i', Coefficients.cpp:104->Coefficients.cpp:29) [22]  (5.069 ns)

 <State 6>: 6.306ns
The critical path consists of the following:
	'dsub' operation 64 bit ('sub45_i', Coefficients.cpp:104->Coefficients.cpp:29) [22]  (5.069 ns)
	'store' operation 0 bit ('store_ln104', Coefficients.cpp:104->Coefficients.cpp:29) of variable 'sub45_i', Coefficients.cpp:104->Coefficients.cpp:29 on array 'taps' [23]  (1.237 ns)


============================================================
+ Verbose Summary: Binding
============================================================
N/A
* FSMD analyzer results:
  - Output states:
 - Input state : 
  - Chain level:
	State 1
	State 2
	State 3
	State 4
	State 5
	State 6


============================================================
+ Verbose Summary: Datapath Resource usage 
============================================================
N/A
