

================================================================
== Vitis HLS Report for 'firTop_Pipeline_VITIS_LOOP_102_2'
================================================================
* Date:           Mon Apr 13 17:36:39 2026

* Version:        2024.1 (Build 5069499 on May 21 2024)
* Project:        calculateCoefficients
* Solution:       hls (Vivado IP Flow Target)
* Product family: zynquplus
* Target device:  xczu3eg-sfvc784-2-e


================================================================
== Performance Estimates
================================================================
+ Timing: 
    * Summary: 
    +--------+----------+----------+------------+
    |  Clock |  Target  | Estimated| Uncertainty|
    +--------+----------+----------+------------+
    |ap_clk  |  10.00 ns|  6.306 ns|     2.70 ns|
    +--------+----------+----------+------------+

+ Latency: 
    * Summary: 
    +---------+---------+-----------+----------+-----+-----+-----------------------------------------------+
    |  Latency (cycles) |  Latency (absolute)  |  Interval |                    Pipeline                   |
    |   min   |   max   |    min    |    max   | min | max |                      Type                     |
    +---------+---------+-----------+----------+-----+-----+-----------------------------------------------+
    |        2|      133|  20.000 ns|  1.330 us|    1|  128|  loop auto-rewind stp(delay=0 clock cycles(s))|
    +---------+---------+-----------+----------+-----+-----+-----------------------------------------------+

    + Detail: 
        * Instance: 
        N/A

        * Loop: 
        +--------------------+---------+---------+----------+-----------+-----------+---------+----------+
        |                    |  Latency (cycles) | Iteration|  Initiation Interval  |   Trip  |          |
        |      Loop Name     |   min   |   max   |  Latency |  achieved |   target  |  Count  | Pipelined|
        +--------------------+---------+---------+----------+-----------+-----------+---------+----------+
        |- VITIS_LOOP_102_2  |        0|      131|         6|          1|          1|  0 ~ 127|       yes|
        +--------------------+---------+---------+----------+-----------+-----------+---------+----------+

============================================================
+ Verbose Summary: Synthesis Manager
============================================================
InlineROM: 1
ExposeGlobal: 0
============================================================
+ Verbose Summary: CDFG Model
============================================================
IsTopModel: 0
ResetActiveHigh: 1
IsCombinational: 0
IsDatapathOnly: 0
HasWiredReturn: 1
HasMFsm: 2
HasVarLatency: 1
IsPipeline: 0
IsRtlPipelined: 0
IsInstanceOverlapped: 0
IsDontTouch: 0
HasImplIP: 0
IsGatedGlobalClock: 0

+ Individual pipeline summary: 
  * Pipeline-0: initiation interval (II) = 1, depth = 6


============================================================
+ Verbose Summary: Schedule
============================================================
* Number of FSM states : 6
* Pipeline : 1
  Pipeline-0 : II = 1, D = 6, States = { 1 2 3 4 5 6 }
* Dataflow Pipeline: 0

* FSM state transitions: 
1 --> 2 
2 --> 3 
3 --> 4 
4 --> 5 
5 --> 6 
6 --> 

* FSM state operations: 

State 1 <SV = 0> <Delay = 1.87>
ST_1 : Operation 9 [1/1] (0.00ns)   --->   "%i_2 = alloca i32 1" [Coefficients.cpp:102->Coefficients.cpp:29]   --->   Operation 9 'alloca' 'i_2' <Predicate = true> <Delay = 0.00>
ST_1 : Operation 10 [1/1] (0.00ns)   --->   "%mean_read = read i64 @_ssdm_op_Read.ap_auto.double, i64 %mean"   --->   Operation 10 'read' 'mean_read' <Predicate = true> <Delay = 0.00>
ST_1 : Operation 11 [1/1] (0.00ns)   --->   "%p_reload11_read = read i32 @_ssdm_op_Read.ap_auto.i32, i32 %p_reload11"   --->   Operation 11 'read' 'p_reload11_read' <Predicate = true> <Delay = 0.00>
ST_1 : Operation 12 [1/1] (0.42ns)   --->   "%store_ln102 = store i7 0, i7 %i_2" [Coefficients.cpp:102->Coefficients.cpp:29]   --->   Operation 12 'store' 'store_ln102' <Predicate = true> <Delay = 0.42>
ST_1 : Operation 13 [1/1] (0.00ns)   --->   "%br_ln0 = br void %for.inc46.i"   --->   Operation 13 'br' 'br_ln0' <Predicate = true> <Delay = 0.00>
ST_1 : Operation 14 [1/1] (0.00ns)   --->   "%i = load i7 %i_2" [Coefficients.cpp:102->Coefficients.cpp:29]   --->   Operation 14 'load' 'i' <Predicate = true> <Delay = 0.00>
ST_1 : Operation 15 [1/1] (0.00ns)   --->   "%zext_ln102_1 = zext i7 %i" [Coefficients.cpp:102->Coefficients.cpp:29]   --->   Operation 15 'zext' 'zext_ln102_1' <Predicate = true> <Delay = 0.00>
ST_1 : Operation 16 [1/1] (1.01ns)   --->   "%icmp_ln102 = icmp_slt  i32 %zext_ln102_1, i32 %p_reload11_read" [Coefficients.cpp:102->Coefficients.cpp:29]   --->   Operation 16 'icmp' 'icmp_ln102' <Predicate = true> <Delay = 1.01> <CoreInst = "Cmp">   --->   Core 9 'Cmp' <Latency = 0> <II = 1> <Delay = 1.01> <FuncUnit> <Opcode : 'seteq' 'setne' 'setle' 'setge' 'setlt' 'setgt'> <InPorts = 2> <OutPorts = 1>
ST_1 : Operation 17 [1/1] (0.00ns)   --->   "%speclooptripcount_ln0 = speclooptripcount void @_ssdm_op_SpecLoopTripCount, i64 0, i64 127, i64 0"   --->   Operation 17 'speclooptripcount' 'speclooptripcount_ln0' <Predicate = true> <Delay = 0.00>
ST_1 : Operation 18 [1/1] (0.77ns)   --->   "%add_ln102 = add i7 %i, i7 1" [Coefficients.cpp:102->Coefficients.cpp:29]   --->   Operation 18 'add' 'add_ln102' <Predicate = true> <Delay = 0.77> <CoreInst = "Adder">   --->   Core 1 'Adder' <Latency = 0> <II = 1> <Delay = 0.77> <FuncUnit> <Opcode : 'add' 'sub'> <InPorts = 2> <OutPorts = 1>
ST_1 : Operation 19 [1/1] (0.00ns)   --->   "%br_ln102 = br i1 %icmp_ln102, void %_Z21calculateCoefficientsiiiiPd.exit.loopexit.exitStub, void %for.inc46.i.split" [Coefficients.cpp:102->Coefficients.cpp:29]   --->   Operation 19 'br' 'br_ln102' <Predicate = true> <Delay = 0.00>
ST_1 : Operation 20 [1/1] (0.00ns)   --->   "%zext_ln102 = zext i7 %i" [Coefficients.cpp:102->Coefficients.cpp:29]   --->   Operation 20 'zext' 'zext_ln102' <Predicate = (icmp_ln102)> <Delay = 0.00>
ST_1 : Operation 21 [1/1] (0.00ns)   --->   "%taps_addr = getelementptr i64 %taps, i64 0, i64 %zext_ln102" [Coefficients.cpp:104->Coefficients.cpp:29]   --->   Operation 21 'getelementptr' 'taps_addr' <Predicate = (icmp_ln102)> <Delay = 0.00>
ST_1 : Operation 22 [2/2] (1.23ns)   --->   "%taps_load = load i7 %taps_addr" [Coefficients.cpp:104->Coefficients.cpp:29]   --->   Operation 22 'load' 'taps_load' <Predicate = (icmp_ln102)> <Delay = 1.23> <CoreInst = "RAM">   --->   Core 82 'RAM' <Latency = 1> <II = 1> <Delay = 1.23> <Storage> <Opcode : 'load' 'store'> <Ports = 2> <Width = 64> <Depth = 100> <RAM>
ST_1 : Operation 23 [1/1] (0.42ns)   --->   "%store_ln102 = store i7 %add_ln102, i7 %i_2" [Coefficients.cpp:102->Coefficients.cpp:29]   --->   Operation 23 'store' 'store_ln102' <Predicate = (icmp_ln102)> <Delay = 0.42>

State 2 <SV = 1> <Delay = 6.30>
ST_2 : Operation 24 [1/2] (1.23ns)   --->   "%taps_load = load i7 %taps_addr" [Coefficients.cpp:104->Coefficients.cpp:29]   --->   Operation 24 'load' 'taps_load' <Predicate = true> <Delay = 1.23> <CoreInst = "RAM">   --->   Core 82 'RAM' <Latency = 1> <II = 1> <Delay = 1.23> <Storage> <Opcode : 'load' 'store'> <Ports = 2> <Width = 64> <Depth = 100> <RAM>
ST_2 : Operation 25 [5/5] (5.06ns)   --->   "%sub45_i = dsub i64 %taps_load, i64 %mean_read" [Coefficients.cpp:104->Coefficients.cpp:29]   --->   Operation 25 'dsub' 'sub45_i' <Predicate = true> <Delay = 5.06> <CoreInst = "DAddSub_fulldsp">   --->   Core 37 'DAddSub_fulldsp' <Latency = 4> <II = 1> <Delay = 5.06> <FuncUnit> <Opcode : 'dadd' 'dsub'> <InPorts = 2> <OutPorts = 1>

State 3 <SV = 2> <Delay = 5.06>
ST_3 : Operation 26 [4/5] (5.06ns)   --->   "%sub45_i = dsub i64 %taps_load, i64 %mean_read" [Coefficients.cpp:104->Coefficients.cpp:29]   --->   Operation 26 'dsub' 'sub45_i' <Predicate = true> <Delay = 5.06> <CoreInst = "DAddSub_fulldsp">   --->   Core 37 'DAddSub_fulldsp' <Latency = 4> <II = 1> <Delay = 5.06> <FuncUnit> <Opcode : 'dadd' 'dsub'> <InPorts = 2> <OutPorts = 1>

State 4 <SV = 3> <Delay = 5.06>
ST_4 : Operation 27 [3/5] (5.06ns)   --->   "%sub45_i = dsub i64 %taps_load, i64 %mean_read" [Coefficients.cpp:104->Coefficients.cpp:29]   --->   Operation 27 'dsub' 'sub45_i' <Predicate = true> <Delay = 5.06> <CoreInst = "DAddSub_fulldsp">   --->   Core 37 'DAddSub_fulldsp' <Latency = 4> <II = 1> <Delay = 5.06> <FuncUnit> <Opcode : 'dadd' 'dsub'> <InPorts = 2> <OutPorts = 1>

State 5 <SV = 4> <Delay = 5.06>
ST_5 : Operation 28 [2/5] (5.06ns)   --->   "%sub45_i = dsub i64 %taps_load, i64 %mean_read" [Coefficients.cpp:104->Coefficients.cpp:29]   --->   Operation 28 'dsub' 'sub45_i' <Predicate = true> <Delay = 5.06> <CoreInst = "DAddSub_fulldsp">   --->   Core 37 'DAddSub_fulldsp' <Latency = 4> <II = 1> <Delay = 5.06> <FuncUnit> <Opcode : 'dadd' 'dsub'> <InPorts = 2> <OutPorts = 1>
ST_5 : Operation 34 [1/1] (0.42ns)   --->   "%ret_ln0 = ret"   --->   Operation 34 'ret' 'ret_ln0' <Predicate = (!icmp_ln102)> <Delay = 0.42>

State 6 <SV = 5> <Delay = 6.30>
ST_6 : Operation 29 [1/1] (0.00ns)   --->   "%specpipeline_ln103 = specpipeline void @_ssdm_op_SpecPipeline, i32 4294967295, i32 0, i32 0, i32 0, void @empty_0" [Coefficients.cpp:103->Coefficients.cpp:29]   --->   Operation 29 'specpipeline' 'specpipeline_ln103' <Predicate = true> <Delay = 0.00>
ST_6 : Operation 30 [1/1] (0.00ns)   --->   "%specloopname_ln102 = specloopname void @_ssdm_op_SpecLoopName, void @empty_16" [Coefficients.cpp:102->Coefficients.cpp:29]   --->   Operation 30 'specloopname' 'specloopname_ln102' <Predicate = true> <Delay = 0.00>
ST_6 : Operation 31 [1/5] (5.06ns)   --->   "%sub45_i = dsub i64 %taps_load, i64 %mean_read" [Coefficients.cpp:104->Coefficients.cpp:29]   --->   Operation 31 'dsub' 'sub45_i' <Predicate = true> <Delay = 5.06> <CoreInst = "DAddSub_fulldsp">   --->   Core 37 'DAddSub_fulldsp' <Latency = 4> <II = 1> <Delay = 5.06> <FuncUnit> <Opcode : 'dadd' 'dsub'> <InPorts = 2> <OutPorts = 1>
ST_6 : Operation 32 [1/1] (1.23ns)   --->   "%store_ln104 = store i64 %sub45_i, i7 %taps_addr" [Coefficients.cpp:104->Coefficients.cpp:29]   --->   Operation 32 'store' 'store_ln104' <Predicate = true> <Delay = 1.23> <CoreInst = "RAM">   --->   Core 82 'RAM' <Latency = 1> <II = 1> <Delay = 1.23> <Storage> <Opcode : 'load' 'store'> <Ports = 2> <Width = 64> <Depth = 100> <RAM>
ST_6 : Operation 33 [1/1] (0.00ns)   --->   "%br_ln102 = br void %for.inc46.i" [Coefficients.cpp:102->Coefficients.cpp:29]   --->   Operation 33 'br' 'br_ln102' <Predicate = true> <Delay = 0.00>


============================================================
+ Verbose Summary: Binding
============================================================
STG Binding: 
---------------- STG Properties BEGIN ----------------
- Is combinational: 0
- Is one-state seq: 0
- Is datapath-only: 0
- Is pipelined: 0
- Is top level: 0
Port [ Return ] is wired: 1; IO mode=ap_ctrl_hs:ce=0
Port [ p_reload11]:  wired=1; compound=0; hidden=0; nouse=0; global=0; static=0; extern=0; dir=0; type=0; pingpong=0; private_global=0; IO mode=ap_none:ce=0
Port [ taps]:  wired=1; compound=1; hidden=0; nouse=0; global=0; static=0; extern=0; dir=2; type=1; pingpong=0; private_global=0; MemPort=[01]; IO mode=ap_memory:ce=0
Port [ mean]:  wired=1; compound=0; hidden=0; nouse=0; global=0; static=0; extern=0; dir=0; type=0; pingpong=0; private_global=0; IO mode=ap_none:ce=0
---------------- STG Properties END ------------------

---------------- Datapath Model BEGIN ----------------

<LifeTime>
<method=bitvector/>
i_2                   (alloca           ) [ 0100000]
mean_read             (read             ) [ 0111111]
p_reload11_read       (read             ) [ 0000000]
store_ln102           (store            ) [ 0000000]
br_ln0                (br               ) [ 0000000]
i                     (load             ) [ 0000000]
zext_ln102_1          (zext             ) [ 0000000]
icmp_ln102            (icmp             ) [ 0111110]
speclooptripcount_ln0 (speclooptripcount) [ 0000000]
add_ln102             (add              ) [ 0000000]
br_ln102              (br               ) [ 0000000]
zext_ln102            (zext             ) [ 0000000]
taps_addr             (getelementptr    ) [ 0111111]
store_ln102           (store            ) [ 0000000]
taps_load             (load             ) [ 0101111]
specpipeline_ln103    (specpipeline     ) [ 0000000]
specloopname_ln102    (specloopname     ) [ 0000000]
sub45_i               (dsub             ) [ 0000000]
store_ln104           (store            ) [ 0000000]
br_ln102              (br               ) [ 0000000]
ret_ln0               (ret              ) [ 0000000]
</LifeTime>

<model>

<comp_list>
<comp id="0" class="1000" name="p_reload11">
<pin_list>
<pin id="1" dir="1" index="0" bw="1" slack="0"/>
</pin_list>
<bind>
<StgValue><ssdm name="p_reload11"/></StgValue>
</bind>
</comp>

<comp id="2" class="1000" name="taps">
<pin_list>
<pin id="3" dir="1" index="0" bw="1" slack="0"/>
</pin_list>
<bind>
<StgValue><ssdm name="taps"/><MemPortTyVec>0 1 </MemPortTyVec>
</StgValue>
</bind>
</comp>

<comp id="4" class="1000" name="mean">
<pin_list>
<pin id="5" dir="1" index="0" bw="1" slack="0"/>
</pin_list>
<bind>
<StgValue><ssdm name="mean"/></StgValue>
</bind>
</comp>

<comp id="6" class="1001" name="const_6">
<pin_list>
<pin id="7" dir="1" index="0" bw="1" slack="0"/>
</pin_list>
<bind>
<StgValue><ssdm name=""/></StgValue>
</bind>
</comp>

<comp id="8" class="1001" name="const_8">
<pin_list>
<pin id="9" dir="1" index="0" bw="1" slack="0"/>
</pin_list>
<bind>
<StgValue><ssdm name="_ssdm_op_Read.ap_auto.double"/></StgValue>
</bind>
</comp>

<comp id="10" class="1001" name="const_10">
<pin_list>
<pin id="11" dir="1" index="0" bw="1" slack="0"/>
</pin_list>
<bind>
<StgValue><ssdm name="_ssdm_op_Read.ap_auto.i32"/></StgValue>
</bind>
</comp>

<comp id="12" class="1001" name="const_12">
<pin_list>
<pin id="13" dir="1" index="0" bw="1" slack="0"/>
</pin_list>
<bind>
<StgValue><ssdm name=""/></StgValue>
</bind>
</comp>

<comp id="14" class="1001" name="const_14">
<pin_list>
<pin id="15" dir="1" index="0" bw="1" slack="2147483647"/>
</pin_list>
<bind>
<StgValue><ssdm name="_ssdm_op_SpecLoopTripCount"/></StgValue>
</bind>
</comp>

<comp id="16" class="1001" name="const_16">
<pin_list>
<pin id="17" dir="1" index="0" bw="1" slack="0"/>
</pin_list>
<bind>
<StgValue><ssdm name=""/></StgValue>
</bind>
</comp>

<comp id="18" class="1001" name="const_18">
<pin_list>
<pin id="19" dir="1" index="0" bw="1" slack="2147483647"/>
</pin_list>
<bind>
<StgValue><ssdm name=""/></StgValue>
</bind>
</comp>

<comp id="20" class="1001" name="const_20">
<pin_list>
<pin id="21" dir="1" index="0" bw="1" slack="0"/>
</pin_list>
<bind>
<StgValue><ssdm name=""/></StgValue>
</bind>
</comp>

<comp id="22" class="1001" name="const_22">
<pin_list>
<pin id="23" dir="1" index="0" bw="1" slack="2147483647"/>
</pin_list>
<bind>
<StgValue><ssdm name="_ssdm_op_SpecPipeline"/></StgValue>
</bind>
</comp>

<comp id="24" class="1001" name="const_24">
<pin_list>
<pin id="25" dir="1" index="0" bw="1" slack="2147483647"/>
</pin_list>
<bind>
<StgValue><ssdm name=""/></StgValue>
</bind>
</comp>

<comp id="26" class="1001" name="const_26">
<pin_list>
<pin id="27" dir="1" index="0" bw="1" slack="2147483647"/>
</pin_list>
<bind>
<StgValue><ssdm name=""/></StgValue>
</bind>
</comp>

<comp id="28" class="1001" name="const_28">
<pin_list>
<pin id="29" dir="1" index="0" bw="1" slack="2147483647"/>
</pin_list>
<bind>
<StgValue><ssdm name="empty_0"/></StgValue>
</bind>
</comp>

<comp id="30" class="1001" name="const_30">
<pin_list>
<pin id="31" dir="1" index="0" bw="1" slack="2147483647"/>
</pin_list>
<bind>
<StgValue><ssdm name="_ssdm_op_SpecLoopName"/></StgValue>
</bind>
</comp>

<comp id="32" class="1001" name="const_32">
<pin_list>
<pin id="33" dir="1" index="0" bw="1" slack="2147483647"/>
</pin_list>
<bind>
<StgValue><ssdm name="empty_16"/></StgValue>
</bind>
</comp>

<comp id="34" class="1004" name="i_2_fu_34">
<pin_list>
<pin id="35" dir="0" index="0" bw="1" slack="0"/>
<pin id="36" dir="1" index="1" bw="7" slack="0"/>
</pin_list>
<bind>
<opcode="alloca(26) " fcode="alloca"/>
<opset="i_2/1 "/>
</bind>
</comp>

<comp id="38" class="1004" name="mean_read_read_fu_38">
<pin_list>
<pin id="39" dir="0" index="0" bw="64" slack="0"/>
<pin id="40" dir="0" index="1" bw="64" slack="0"/>
<pin id="41" dir="1" index="2" bw="64" slack="1"/>
</pin_list>
<bind>
<opcode="read(1150) " fcode="read"/>
<opset="mean_read/1 "/>
</bind>
</comp>

<comp id="44" class="1004" name="p_reload11_read_read_fu_44">
<pin_list>
<pin id="45" dir="0" index="0" bw="32" slack="0"/>
<pin id="46" dir="0" index="1" bw="32" slack="0"/>
<pin id="47" dir="1" index="2" bw="32" slack="0"/>
</pin_list>
<bind>
<opcode="read(1150) " fcode="read"/>
<opset="p_reload11_read/1 "/>
</bind>
</comp>

<comp id="50" class="1004" name="taps_addr_gep_fu_50">
<pin_list>
<pin id="51" dir="0" index="0" bw="64" slack="0"/>
<pin id="52" dir="0" index="1" bw="1" slack="0"/>
<pin id="53" dir="0" index="2" bw="7" slack="0"/>
<pin id="54" dir="1" index="3" bw="7" slack="0"/>
</pin_list>
<bind>
<opcode="getelementptr(29) " fcode="getelementptr"/>
<opset="taps_addr/1 "/>
</bind>
</comp>

<comp id="57" class="1004" name="grp_access_fu_57">
<pin_list>
<pin id="58" dir="0" index="0" bw="7" slack="5"/>
<pin id="59" dir="0" index="1" bw="64" slack="0"/>
<pin id="60" dir="0" index="2" bw="0" slack="0"/>
<pin id="62" dir="0" index="4" bw="7" slack="2147483647"/>
<pin id="63" dir="0" index="5" bw="64" slack="2147483647"/>
<pin id="64" dir="0" index="6" bw="0" slack="2147483647"/>
<pin id="61" dir="1" index="3" bw="64" slack="2147483647"/>
<pin id="65" dir="1" index="7" bw="64" slack="0"/>
</pin_list>
<bind>
<opcode="load(27) store(28) " fcode="store"/>
<opset="taps_load/1 store_ln104/6 "/>
</bind>
</comp>

<comp id="67" class="1004" name="grp_fu_67">
<pin_list>
<pin id="68" dir="0" index="0" bw="64" slack="0"/>
<pin id="69" dir="0" index="1" bw="64" slack="1"/>
<pin id="70" dir="1" index="2" bw="64" slack="0"/>
</pin_list>
<bind>
<opcode="dsub(509) " fcode="dadd"/>
<opset="sub45_i/2 "/>
</bind>
</comp>

<comp id="73" class="1004" name="store_ln102_store_fu_73">
<pin_list>
<pin id="74" dir="0" index="0" bw="1" slack="0"/>
<pin id="75" dir="0" index="1" bw="7" slack="0"/>
<pin id="76" dir="1" index="2" bw="0" slack="2147483647"/>
</pin_list>
<bind>
<opcode="store(28) " fcode="store"/>
<opset="store_ln102/1 "/>
</bind>
</comp>

<comp id="78" class="1004" name="i_load_fu_78">
<pin_list>
<pin id="79" dir="0" index="0" bw="7" slack="0"/>
<pin id="80" dir="1" index="1" bw="7" slack="0"/>
</pin_list>
<bind>
<opcode="load(27) " fcode="load"/>
<opset="i/1 "/>
</bind>
</comp>

<comp id="81" class="1004" name="zext_ln102_1_fu_81">
<pin_list>
<pin id="82" dir="0" index="0" bw="7" slack="0"/>
<pin id="83" dir="1" index="1" bw="32" slack="0"/>
</pin_list>
<bind>
<opcode="zext(34) " fcode="zext"/>
<opset="zext_ln102_1/1 "/>
</bind>
</comp>

<comp id="85" class="1004" name="icmp_ln102_fu_85">
<pin_list>
<pin id="86" dir="0" index="0" bw="7" slack="0"/>
<pin id="87" dir="0" index="1" bw="32" slack="0"/>
<pin id="88" dir="1" index="2" bw="1" slack="4"/>
</pin_list>
<bind>
<opcode="icmp(45) " fcode="icmp"/>
<opset="icmp_ln102/1 "/>
</bind>
</comp>

<comp id="91" class="1004" name="add_ln102_fu_91">
<pin_list>
<pin id="92" dir="0" index="0" bw="7" slack="0"/>
<pin id="93" dir="0" index="1" bw="1" slack="0"/>
<pin id="94" dir="1" index="2" bw="7" slack="0"/>
</pin_list>
<bind>
<opcode="add(8) " fcode="add"/>
<opset="add_ln102/1 "/>
</bind>
</comp>

<comp id="97" class="1004" name="zext_ln102_fu_97">
<pin_list>
<pin id="98" dir="0" index="0" bw="7" slack="0"/>
<pin id="99" dir="1" index="1" bw="64" slack="0"/>
</pin_list>
<bind>
<opcode="zext(34) " fcode="zext"/>
<opset="zext_ln102/1 "/>
</bind>
</comp>

<comp id="102" class="1004" name="store_ln102_store_fu_102">
<pin_list>
<pin id="103" dir="0" index="0" bw="7" slack="0"/>
<pin id="104" dir="0" index="1" bw="7" slack="0"/>
<pin id="105" dir="1" index="2" bw="0" slack="2147483647"/>
</pin_list>
<bind>
<opcode="store(28) " fcode="store"/>
<opset="store_ln102/1 "/>
</bind>
</comp>

<comp id="107" class="1005" name="i_2_reg_107">
<pin_list>
<pin id="108" dir="0" index="0" bw="7" slack="0"/>
<pin id="109" dir="1" index="1" bw="7" slack="0"/>
</pin_list>
<bind>
<opset="i_2 "/>
</bind>
</comp>

<comp id="114" class="1005" name="mean_read_reg_114">
<pin_list>
<pin id="115" dir="0" index="0" bw="64" slack="1"/>
<pin id="116" dir="1" index="1" bw="64" slack="1"/>
</pin_list>
<bind>
<opset="mean_read "/>
</bind>
</comp>

<comp id="119" class="1005" name="icmp_ln102_reg_119">
<pin_list>
<pin id="120" dir="0" index="0" bw="1" slack="4"/>
<pin id="121" dir="1" index="1" bw="1" slack="2147483647"/>
</pin_list>
<bind>
<opset="icmp_ln102 "/>
</bind>
</comp>

<comp id="123" class="1005" name="taps_addr_reg_123">
<pin_list>
<pin id="124" dir="0" index="0" bw="7" slack="1"/>
<pin id="125" dir="1" index="1" bw="7" slack="1"/>
</pin_list>
<bind>
<opset="taps_addr "/>
</bind>
</comp>

<comp id="129" class="1005" name="taps_load_reg_129">
<pin_list>
<pin id="130" dir="0" index="0" bw="64" slack="1"/>
<pin id="131" dir="1" index="1" bw="64" slack="1"/>
</pin_list>
<bind>
<opset="taps_load "/>
</bind>
</comp>

</comp_list>

<net_list>
<net id="37"><net_src comp="6" pin="0"/><net_sink comp="34" pin=0"/></net>

<net id="42"><net_src comp="8" pin="0"/><net_sink comp="38" pin=0"/></net>

<net id="43"><net_src comp="4" pin="0"/><net_sink comp="38" pin=1"/></net>

<net id="48"><net_src comp="10" pin="0"/><net_sink comp="44" pin=0"/></net>

<net id="49"><net_src comp="0" pin="0"/><net_sink comp="44" pin=1"/></net>

<net id="55"><net_src comp="2" pin="0"/><net_sink comp="50" pin=0"/></net>

<net id="56"><net_src comp="16" pin="0"/><net_sink comp="50" pin=1"/></net>

<net id="66"><net_src comp="50" pin="3"/><net_sink comp="57" pin=2"/></net>

<net id="71"><net_src comp="67" pin="2"/><net_sink comp="57" pin=1"/></net>

<net id="72"><net_src comp="57" pin="7"/><net_sink comp="67" pin=0"/></net>

<net id="77"><net_src comp="12" pin="0"/><net_sink comp="73" pin=0"/></net>

<net id="84"><net_src comp="78" pin="1"/><net_sink comp="81" pin=0"/></net>

<net id="89"><net_src comp="81" pin="1"/><net_sink comp="85" pin=0"/></net>

<net id="90"><net_src comp="44" pin="2"/><net_sink comp="85" pin=1"/></net>

<net id="95"><net_src comp="78" pin="1"/><net_sink comp="91" pin=0"/></net>

<net id="96"><net_src comp="20" pin="0"/><net_sink comp="91" pin=1"/></net>

<net id="100"><net_src comp="78" pin="1"/><net_sink comp="97" pin=0"/></net>

<net id="101"><net_src comp="97" pin="1"/><net_sink comp="50" pin=2"/></net>

<net id="106"><net_src comp="91" pin="2"/><net_sink comp="102" pin=0"/></net>

<net id="110"><net_src comp="34" pin="1"/><net_sink comp="107" pin=0"/></net>

<net id="111"><net_src comp="107" pin="1"/><net_sink comp="73" pin=1"/></net>

<net id="112"><net_src comp="107" pin="1"/><net_sink comp="78" pin=0"/></net>

<net id="113"><net_src comp="107" pin="1"/><net_sink comp="102" pin=1"/></net>

<net id="117"><net_src comp="38" pin="2"/><net_sink comp="114" pin=0"/></net>

<net id="118"><net_src comp="114" pin="1"/><net_sink comp="67" pin=1"/></net>

<net id="122"><net_src comp="85" pin="2"/><net_sink comp="119" pin=0"/></net>

<net id="126"><net_src comp="50" pin="3"/><net_sink comp="123" pin=0"/></net>

<net id="127"><net_src comp="123" pin="1"/><net_sink comp="57" pin=2"/></net>

<net id="128"><net_src comp="123" pin="1"/><net_sink comp="57" pin=0"/></net>

<net id="132"><net_src comp="57" pin="7"/><net_sink comp="129" pin=0"/></net>

<net id="133"><net_src comp="129" pin="1"/><net_sink comp="67" pin=0"/></net>

</net_list>

</model> 
---------------- Datapath Model END ------------------

* FSMD analyzer results:
  - Output states:
	Port: taps | {6 }
 - Input state : 
	Port: firTop_Pipeline_VITIS_LOOP_102_2 : p_reload11 | {1 }
	Port: firTop_Pipeline_VITIS_LOOP_102_2 : taps | {1 2 }
	Port: firTop_Pipeline_VITIS_LOOP_102_2 : mean | {1 }
  - Chain level:
	State 1
		store_ln102 : 1
		i : 1
		zext_ln102_1 : 2
		icmp_ln102 : 3
		add_ln102 : 2
		br_ln102 : 4
		zext_ln102 : 2
		taps_addr : 3
		taps_load : 4
		store_ln102 : 3
	State 2
		sub45_i : 1
	State 3
	State 4
	State 5
	State 6
		store_ln104 : 1


============================================================
+ Verbose Summary: Datapath Resource usage 
============================================================

* Functional unit list:
|----------|----------------------------|---------|---------|---------|
| Operation|       Functional Unit      |   DSP   |    FF   |   LUT   |
|----------|----------------------------|---------|---------|---------|
|   dadd   |          grp_fu_67         |    3    |   445   |   782   |
|----------|----------------------------|---------|---------|---------|
|   icmp   |      icmp_ln102_fu_85      |    0    |    0    |    39   |
|----------|----------------------------|---------|---------|---------|
|    add   |       add_ln102_fu_91      |    0    |    0    |    14   |
|----------|----------------------------|---------|---------|---------|
|   read   |    mean_read_read_fu_38    |    0    |    0    |    0    |
|          | p_reload11_read_read_fu_44 |    0    |    0    |    0    |
|----------|----------------------------|---------|---------|---------|
|   zext   |     zext_ln102_1_fu_81     |    0    |    0    |    0    |
|          |      zext_ln102_fu_97      |    0    |    0    |    0    |
|----------|----------------------------|---------|---------|---------|
|   Total  |                            |    3    |   445   |   835   |
|----------|----------------------------|---------|---------|---------|

Memories:
N/A

* Register list:
+------------------+--------+
|                  |   FF   |
+------------------+--------+
|    i_2_reg_107   |    7   |
|icmp_ln102_reg_119|    1   |
| mean_read_reg_114|   64   |
| taps_addr_reg_123|    7   |
| taps_load_reg_129|   64   |
+------------------+--------+
|       Total      |   143  |
+------------------+--------+

* Multiplexer (MUX) list: 
|------------------|------|------|------|--------||---------||---------||---------|
|       Comp       |  Pin | Size |  BW  | S x BW ||  Delay  ||    FF   ||   LUT   |
|------------------|------|------|------|--------||---------||---------||---------|
| grp_access_fu_57 |  p2  |   2  |   0  |    0   ||    0    ||    9    |
|     grp_fu_67    |  p0  |   2  |  64  |   128  ||    0    ||    9    |
|------------------|------|------|------|--------||---------||---------||---------|
|       Total      |      |      |      |   128  ||  0.854  ||    0    ||    18   |
|------------------|------|------|------|--------||---------||---------||---------|



* Summary:
+-----------+--------+--------+--------+--------+
|           |   DSP  |  Delay |   FF   |   LUT  |
+-----------+--------+--------+--------+--------+
|  Function |    3   |    -   |   445  |   835  |
|   Memory  |    -   |    -   |    -   |    -   |
|Multiplexer|    -   |    0   |    0   |   18   |
|  Register |    -   |    -   |   143  |    -   |
+-----------+--------+--------+--------+--------+
|   Total   |    3   |    0   |   588  |   853  |
+-----------+--------+--------+--------+--------+
