

================================================================
== Vitis HLS Report for 'firTop_Pipeline_VITIS_LOOP_113_2'
================================================================
* Date:           Tue Apr 14 18:08:14 2026

* Version:        2024.1 (Build 5069499 on May 21 2024)
* Project:        calculateCoefficients
* Solution:       hls (Vivado IP Flow Target)
* Product family: zynquplus
* Target device:  xczu3eg-sfvc784-2-e


================================================================
== Performance Estimates
================================================================
+ Timing: 
    * Summary: 
    +--------+----------+----------+------------+
    |  Clock |  Target  | Estimated| Uncertainty|
    +--------+----------+----------+------------+
    |ap_clk  |  10.00 ns|  7.064 ns|     2.70 ns|
    +--------+----------+----------+------------+

+ Latency: 
    * Summary: 
    +---------+---------+-----------+----------+-----+-----+-----------------------------------------------+
    |  Latency (cycles) |  Latency (absolute)  |  Interval |                    Pipeline                   |
    |   min   |   max   |    min    |    max   | min | max |                      Type                     |
    +---------+---------+-----------+----------+-----+-----+-----------------------------------------------+
    |        5|      534|  50.000 ns|  5.340 us|    4|  512|  loop auto-rewind stp(delay=0 clock cycles(s))|
    +---------+---------+-----------+----------+-----+-----+-----------------------------------------------+

    + Detail: 
        * Instance: 
        N/A

        * Loop: 
        +--------------------+---------+---------+----------+-----------+-----------+---------+----------+
        |                    |  Latency (cycles) | Iteration|  Initiation Interval  |   Trip  |          |
        |      Loop Name     |   min   |   max   |  Latency |  achieved |   target  |  Count  | Pipelined|
        +--------------------+---------+---------+----------+-----------+-----------+---------+----------+
        |- VITIS_LOOP_113_2  |        3|      532|        29|          4|          1|  0 ~ 127|       yes|
        +--------------------+---------+---------+----------+-----------+-----------+---------+----------+

============================================================
+ Verbose Summary: Synthesis Manager
============================================================
InlineROM: 1
ExposeGlobal: 0
============================================================
+ Verbose Summary: CDFG Model
============================================================
IsTopModel: 0
ResetActiveHigh: 1
IsCombinational: 0
IsDatapathOnly: 0
HasWiredReturn: 1
HasMFsm: 2
HasVarLatency: 1
IsPipeline: 0
IsRtlPipelined: 0
IsInstanceOverlapped: 0
IsDontTouch: 0
HasImplIP: 0
IsGatedGlobalClock: 0

+ Individual pipeline summary: 
  * Pipeline-0: initiation interval (II) = 4, depth = 29


============================================================
+ Verbose Summary: Schedule
============================================================
* Number of FSM states : 29
* Pipeline : 1
  Pipeline-0 : II = 4, D = 29, States = { 1 2 3 4 5 6 7 8 9 10 11 12 13 14 15 16 17 18 19 20 21 22 23 24 25 26 27 28 29 }
* Dataflow Pipeline: 0

* FSM state transitions: 
1 --> 2 
2 --> 3 
3 --> 4 
4 --> 5 
5 --> 6 
6 --> 7 
7 --> 8 
8 --> 9 
9 --> 10 
10 --> 11 
11 --> 12 
12 --> 13 
13 --> 14 
14 --> 15 
15 --> 16 
16 --> 17 
17 --> 18 
18 --> 19 
19 --> 20 
20 --> 21 
21 --> 22 
22 --> 23 
23 --> 24 
24 --> 25 
25 --> 26 
26 --> 27 
27 --> 28 
28 --> 29 
29 --> 

* FSM state operations: 

State 1 <SV = 0> <Delay = 7.06>
ST_1 : Operation 32 [1/1] (0.00ns)   --->   "%gain_re = alloca i32 1" [Coefficients.cpp:111->Coefficients.cpp:24]   --->   Operation 32 'alloca' 'gain_re' <Predicate = true> <Delay = 0.00>
ST_1 : Operation 33 [1/1] (0.00ns)   --->   "%i_2 = alloca i32 1" [Coefficients.cpp:113->Coefficients.cpp:24]   --->   Operation 33 'alloca' 'i_2' <Predicate = true> <Delay = 0.00>
ST_1 : Operation 34 [1/1] (0.00ns)   --->   "%centerOmega_read = read i64 @_ssdm_op_Read.ap_auto.double, i64 %centerOmega"   --->   Operation 34 'read' 'centerOmega_read' <Predicate = true> <Delay = 0.00>
ST_1 : Operation 35 [1/1] (0.00ns)   --->   "%M_read = read i32 @_ssdm_op_Read.ap_auto.i32, i32 %M"   --->   Operation 35 'read' 'M_read' <Predicate = true> <Delay = 0.00>
ST_1 : Operation 36 [1/1] (0.00ns)   --->   "%p_reload120_read = read i32 @_ssdm_op_Read.ap_auto.i32, i32 %p_reload120"   --->   Operation 36 'read' 'p_reload120_read' <Predicate = true> <Delay = 0.00>
ST_1 : Operation 37 [1/1] (0.42ns)   --->   "%store_ln113 = store i7 0, i7 %i_2" [Coefficients.cpp:113->Coefficients.cpp:24]   --->   Operation 37 'store' 'store_ln113' <Predicate = true> <Delay = 0.42>
ST_1 : Operation 38 [1/1] (0.42ns)   --->   "%store_ln111 = store i64 0, i64 %gain_re" [Coefficients.cpp:111->Coefficients.cpp:24]   --->   Operation 38 'store' 'store_ln111' <Predicate = true> <Delay = 0.42>
ST_1 : Operation 39 [1/1] (0.00ns)   --->   "%br_ln0 = br void %for.inc43.i"   --->   Operation 39 'br' 'br_ln0' <Predicate = true> <Delay = 0.00>
ST_1 : Operation 40 [1/1] (0.00ns)   --->   "%i = load i7 %i_2" [Coefficients.cpp:113->Coefficients.cpp:24]   --->   Operation 40 'load' 'i' <Predicate = true> <Delay = 0.00>
ST_1 : Operation 41 [1/1] (0.00ns)   --->   "%zext_ln113_1 = zext i7 %i" [Coefficients.cpp:113->Coefficients.cpp:24]   --->   Operation 41 'zext' 'zext_ln113_1' <Predicate = true> <Delay = 0.00>
ST_1 : Operation 42 [1/1] (1.01ns)   --->   "%icmp_ln113 = icmp_slt  i32 %zext_ln113_1, i32 %p_reload120_read" [Coefficients.cpp:113->Coefficients.cpp:24]   --->   Operation 42 'icmp' 'icmp_ln113' <Predicate = true> <Delay = 1.01> <CoreInst = "Cmp">   --->   Core 9 'Cmp' <Latency = 0> <II = 1> <Delay = 1.01> <FuncUnit> <Opcode : 'seteq' 'setne' 'setle' 'setge' 'setlt' 'setgt'> <InPorts = 2> <OutPorts = 1>
ST_1 : Operation 43 [1/1] (0.00ns)   --->   "%br_ln113 = br i1 %icmp_ln113, void %for.end45.i.loopexit.exitStub, void %for.inc43.i.split" [Coefficients.cpp:113->Coefficients.cpp:24]   --->   Operation 43 'br' 'br_ln113' <Predicate = true> <Delay = 0.00>
ST_1 : Operation 44 [1/1] (1.01ns)   --->   "%sub_ln115 = sub i32 %zext_ln113_1, i32 %M_read" [Coefficients.cpp:115->Coefficients.cpp:24]   --->   Operation 44 'sub' 'sub_ln115' <Predicate = (icmp_ln113)> <Delay = 1.01> <CoreInst = "Adder">   --->   Core 1 'Adder' <Latency = 0> <II = 1> <Delay = 1.01> <FuncUnit> <Opcode : 'add' 'sub'> <InPorts = 2> <OutPorts = 1>
ST_1 : Operation 45 [4/4] (5.62ns)   --->   "%conv38_i = sitodp i32 %sub_ln115" [Coefficients.cpp:115->Coefficients.cpp:24]   --->   Operation 45 'sitodp' 'conv38_i' <Predicate = (icmp_ln113)> <Delay = 5.62> <CoreInst = "Int2Double">   --->   Core 66 'Int2Double' <Latency = 3> <II = 1> <Delay = 5.62> <FuncUnit> <Opcode : 'uitodp' 'sitodp'> <InPorts = 1> <OutPorts = 1>

State 2 <SV = 1> <Delay = 5.62>
ST_2 : Operation 46 [3/4] (5.62ns)   --->   "%conv38_i = sitodp i32 %sub_ln115" [Coefficients.cpp:115->Coefficients.cpp:24]   --->   Operation 46 'sitodp' 'conv38_i' <Predicate = (icmp_ln113)> <Delay = 5.62> <CoreInst = "Int2Double">   --->   Core 66 'Int2Double' <Latency = 3> <II = 1> <Delay = 5.62> <FuncUnit> <Opcode : 'uitodp' 'sitodp'> <InPorts = 1> <OutPorts = 1>

State 3 <SV = 2> <Delay = 5.62>
ST_3 : Operation 47 [2/4] (5.62ns)   --->   "%conv38_i = sitodp i32 %sub_ln115" [Coefficients.cpp:115->Coefficients.cpp:24]   --->   Operation 47 'sitodp' 'conv38_i' <Predicate = (icmp_ln113)> <Delay = 5.62> <CoreInst = "Int2Double">   --->   Core 66 'Int2Double' <Latency = 3> <II = 1> <Delay = 5.62> <FuncUnit> <Opcode : 'uitodp' 'sitodp'> <InPorts = 1> <OutPorts = 1>

State 4 <SV = 3> <Delay = 5.62>
ST_4 : Operation 48 [1/1] (0.00ns)   --->   "%speclooptripcount_ln0 = speclooptripcount void @_ssdm_op_SpecLoopTripCount, i64 0, i64 127, i64 0"   --->   Operation 48 'speclooptripcount' 'speclooptripcount_ln0' <Predicate = true> <Delay = 0.00>
ST_4 : Operation 49 [1/1] (0.77ns)   --->   "%add_ln113 = add i7 %i, i7 1" [Coefficients.cpp:113->Coefficients.cpp:24]   --->   Operation 49 'add' 'add_ln113' <Predicate = true> <Delay = 0.77> <CoreInst = "Adder">   --->   Core 1 'Adder' <Latency = 0> <II = 1> <Delay = 0.77> <FuncUnit> <Opcode : 'add' 'sub'> <InPorts = 2> <OutPorts = 1>
ST_4 : Operation 50 [1/4] (5.62ns)   --->   "%conv38_i = sitodp i32 %sub_ln115" [Coefficients.cpp:115->Coefficients.cpp:24]   --->   Operation 50 'sitodp' 'conv38_i' <Predicate = (icmp_ln113)> <Delay = 5.62> <CoreInst = "Int2Double">   --->   Core 66 'Int2Double' <Latency = 3> <II = 1> <Delay = 5.62> <FuncUnit> <Opcode : 'uitodp' 'sitodp'> <InPorts = 1> <OutPorts = 1>
ST_4 : Operation 51 [1/1] (0.42ns)   --->   "%store_ln113 = store i7 %add_ln113, i7 %i_2" [Coefficients.cpp:113->Coefficients.cpp:24]   --->   Operation 51 'store' 'store_ln113' <Predicate = (icmp_ln113)> <Delay = 0.42>

State 5 <SV = 4> <Delay = 7.04>
ST_5 : Operation 52 [5/5] (7.04ns)   --->   "%x_assign_3 = dmul i64 %centerOmega_read, i64 %conv38_i" [Coefficients.cpp:115->Coefficients.cpp:24]   --->   Operation 52 'dmul' 'x_assign_3' <Predicate = true> <Delay = 7.04> <CoreInst = "DMul_maxdsp">   --->   Core 49 'DMul_maxdsp' <Latency = 4> <II = 1> <Delay = 7.04> <FuncUnit> <Opcode : 'dmul'> <InPorts = 2> <OutPorts = 1>

State 6 <SV = 5> <Delay = 7.04>
ST_6 : Operation 53 [4/5] (7.04ns)   --->   "%x_assign_3 = dmul i64 %centerOmega_read, i64 %conv38_i" [Coefficients.cpp:115->Coefficients.cpp:24]   --->   Operation 53 'dmul' 'x_assign_3' <Predicate = true> <Delay = 7.04> <CoreInst = "DMul_maxdsp">   --->   Core 49 'DMul_maxdsp' <Latency = 4> <II = 1> <Delay = 7.04> <FuncUnit> <Opcode : 'dmul'> <InPorts = 2> <OutPorts = 1>

State 7 <SV = 6> <Delay = 7.04>
ST_7 : Operation 54 [3/5] (7.04ns)   --->   "%x_assign_3 = dmul i64 %centerOmega_read, i64 %conv38_i" [Coefficients.cpp:115->Coefficients.cpp:24]   --->   Operation 54 'dmul' 'x_assign_3' <Predicate = true> <Delay = 7.04> <CoreInst = "DMul_maxdsp">   --->   Core 49 'DMul_maxdsp' <Latency = 4> <II = 1> <Delay = 7.04> <FuncUnit> <Opcode : 'dmul'> <InPorts = 2> <OutPorts = 1>

State 8 <SV = 7> <Delay = 7.04>
ST_8 : Operation 55 [2/5] (7.04ns)   --->   "%x_assign_3 = dmul i64 %centerOmega_read, i64 %conv38_i" [Coefficients.cpp:115->Coefficients.cpp:24]   --->   Operation 55 'dmul' 'x_assign_3' <Predicate = true> <Delay = 7.04> <CoreInst = "DMul_maxdsp">   --->   Core 49 'DMul_maxdsp' <Latency = 4> <II = 1> <Delay = 7.04> <FuncUnit> <Opcode : 'dmul'> <InPorts = 2> <OutPorts = 1>

State 9 <SV = 8> <Delay = 7.04>
ST_9 : Operation 56 [1/5] (7.04ns)   --->   "%x_assign_3 = dmul i64 %centerOmega_read, i64 %conv38_i" [Coefficients.cpp:115->Coefficients.cpp:24]   --->   Operation 56 'dmul' 'x_assign_3' <Predicate = true> <Delay = 7.04> <CoreInst = "DMul_maxdsp">   --->   Core 49 'DMul_maxdsp' <Latency = 4> <II = 1> <Delay = 7.04> <FuncUnit> <Opcode : 'dmul'> <InPorts = 2> <OutPorts = 1>

State 10 <SV = 9> <Delay = 2.42>
ST_10 : Operation 57 [10/10] (2.42ns)   --->   "%tmp_s = call i64 @sin_or_cos<double>, i64 %x_assign_3, i1 1, i256 %ref_4oPi_table_256, i59 %fourth_order_double_sin_cos_K0, i52 %fourth_order_double_sin_cos_K1, i44 %fourth_order_double_sin_cos_K2, i33 %fourth_order_double_sin_cos_K3, i25 %fourth_order_double_sin_cos_K4" [C:\scratch\2024.1\hls_product\545\2024.1\src\shared\hls\clib\hlsmath\src\common\hls_hotbm_double.cpp:144->C:\scratch\2024.1\hls_product\545\2024.1\src\shared\hls\clib\hlsmath\src\c++\sincoshotbmdouble.cpp:15->C:\scratch\2024.1\hls_product\545\2024.1\src\shared\hls\clib\hlsmath\src\c++\sincoshotbmdouble.cpp:29->Coefficients.cpp:115->Coefficients.cpp:24]   --->   Operation 57 'call' 'tmp_s' <Predicate = true> <Delay = 2.42> <CoreType = "Generic">   --->   Core 0 '' <Latency = 0> <II = 1> <Delay = 1.00> <Generic> <Opcode : >

State 11 <SV = 10> <Delay = 7.06>
ST_11 : Operation 58 [9/10] (7.06ns)   --->   "%tmp_s = call i64 @sin_or_cos<double>, i64 %x_assign_3, i1 1, i256 %ref_4oPi_table_256, i59 %fourth_order_double_sin_cos_K0, i52 %fourth_order_double_sin_cos_K1, i44 %fourth_order_double_sin_cos_K2, i33 %fourth_order_double_sin_cos_K3, i25 %fourth_order_double_sin_cos_K4" [C:\scratch\2024.1\hls_product\545\2024.1\src\shared\hls\clib\hlsmath\src\common\hls_hotbm_double.cpp:144->C:\scratch\2024.1\hls_product\545\2024.1\src\shared\hls\clib\hlsmath\src\c++\sincoshotbmdouble.cpp:15->C:\scratch\2024.1\hls_product\545\2024.1\src\shared\hls\clib\hlsmath\src\c++\sincoshotbmdouble.cpp:29->Coefficients.cpp:115->Coefficients.cpp:24]   --->   Operation 58 'call' 'tmp_s' <Predicate = true> <Delay = 7.06> <CoreType = "Generic">   --->   Core 0 '' <Latency = 0> <II = 1> <Delay = 1.00> <Generic> <Opcode : >

State 12 <SV = 11> <Delay = 7.06>
ST_12 : Operation 59 [8/10] (7.06ns)   --->   "%tmp_s = call i64 @sin_or_cos<double>, i64 %x_assign_3, i1 1, i256 %ref_4oPi_table_256, i59 %fourth_order_double_sin_cos_K0, i52 %fourth_order_double_sin_cos_K1, i44 %fourth_order_double_sin_cos_K2, i33 %fourth_order_double_sin_cos_K3, i25 %fourth_order_double_sin_cos_K4" [C:\scratch\2024.1\hls_product\545\2024.1\src\shared\hls\clib\hlsmath\src\common\hls_hotbm_double.cpp:144->C:\scratch\2024.1\hls_product\545\2024.1\src\shared\hls\clib\hlsmath\src\c++\sincoshotbmdouble.cpp:15->C:\scratch\2024.1\hls_product\545\2024.1\src\shared\hls\clib\hlsmath\src\c++\sincoshotbmdouble.cpp:29->Coefficients.cpp:115->Coefficients.cpp:24]   --->   Operation 59 'call' 'tmp_s' <Predicate = true> <Delay = 7.06> <CoreType = "Generic">   --->   Core 0 '' <Latency = 0> <II = 1> <Delay = 1.00> <Generic> <Opcode : >

State 13 <SV = 12> <Delay = 7.06>
ST_13 : Operation 60 [7/10] (7.06ns)   --->   "%tmp_s = call i64 @sin_or_cos<double>, i64 %x_assign_3, i1 1, i256 %ref_4oPi_table_256, i59 %fourth_order_double_sin_cos_K0, i52 %fourth_order_double_sin_cos_K1, i44 %fourth_order_double_sin_cos_K2, i33 %fourth_order_double_sin_cos_K3, i25 %fourth_order_double_sin_cos_K4" [C:\scratch\2024.1\hls_product\545\2024.1\src\shared\hls\clib\hlsmath\src\common\hls_hotbm_double.cpp:144->C:\scratch\2024.1\hls_product\545\2024.1\src\shared\hls\clib\hlsmath\src\c++\sincoshotbmdouble.cpp:15->C:\scratch\2024.1\hls_product\545\2024.1\src\shared\hls\clib\hlsmath\src\c++\sincoshotbmdouble.cpp:29->Coefficients.cpp:115->Coefficients.cpp:24]   --->   Operation 60 'call' 'tmp_s' <Predicate = (icmp_ln113)> <Delay = 7.06> <CoreType = "Generic">   --->   Core 0 '' <Latency = 0> <II = 1> <Delay = 1.00> <Generic> <Opcode : >

State 14 <SV = 13> <Delay = 7.06>
ST_14 : Operation 61 [6/10] (7.06ns)   --->   "%tmp_s = call i64 @sin_or_cos<double>, i64 %x_assign_3, i1 1, i256 %ref_4oPi_table_256, i59 %fourth_order_double_sin_cos_K0, i52 %fourth_order_double_sin_cos_K1, i44 %fourth_order_double_sin_cos_K2, i33 %fourth_order_double_sin_cos_K3, i25 %fourth_order_double_sin_cos_K4" [C:\scratch\2024.1\hls_product\545\2024.1\src\shared\hls\clib\hlsmath\src\common\hls_hotbm_double.cpp:144->C:\scratch\2024.1\hls_product\545\2024.1\src\shared\hls\clib\hlsmath\src\c++\sincoshotbmdouble.cpp:15->C:\scratch\2024.1\hls_product\545\2024.1\src\shared\hls\clib\hlsmath\src\c++\sincoshotbmdouble.cpp:29->Coefficients.cpp:115->Coefficients.cpp:24]   --->   Operation 61 'call' 'tmp_s' <Predicate = true> <Delay = 7.06> <CoreType = "Generic">   --->   Core 0 '' <Latency = 0> <II = 1> <Delay = 1.00> <Generic> <Opcode : >

State 15 <SV = 14> <Delay = 7.06>
ST_15 : Operation 62 [5/10] (7.06ns)   --->   "%tmp_s = call i64 @sin_or_cos<double>, i64 %x_assign_3, i1 1, i256 %ref_4oPi_table_256, i59 %fourth_order_double_sin_cos_K0, i52 %fourth_order_double_sin_cos_K1, i44 %fourth_order_double_sin_cos_K2, i33 %fourth_order_double_sin_cos_K3, i25 %fourth_order_double_sin_cos_K4" [C:\scratch\2024.1\hls_product\545\2024.1\src\shared\hls\clib\hlsmath\src\common\hls_hotbm_double.cpp:144->C:\scratch\2024.1\hls_product\545\2024.1\src\shared\hls\clib\hlsmath\src\c++\sincoshotbmdouble.cpp:15->C:\scratch\2024.1\hls_product\545\2024.1\src\shared\hls\clib\hlsmath\src\c++\sincoshotbmdouble.cpp:29->Coefficients.cpp:115->Coefficients.cpp:24]   --->   Operation 62 'call' 'tmp_s' <Predicate = true> <Delay = 7.06> <CoreType = "Generic">   --->   Core 0 '' <Latency = 0> <II = 1> <Delay = 1.00> <Generic> <Opcode : >

State 16 <SV = 15> <Delay = 7.06>
ST_16 : Operation 63 [4/10] (7.06ns)   --->   "%tmp_s = call i64 @sin_or_cos<double>, i64 %x_assign_3, i1 1, i256 %ref_4oPi_table_256, i59 %fourth_order_double_sin_cos_K0, i52 %fourth_order_double_sin_cos_K1, i44 %fourth_order_double_sin_cos_K2, i33 %fourth_order_double_sin_cos_K3, i25 %fourth_order_double_sin_cos_K4" [C:\scratch\2024.1\hls_product\545\2024.1\src\shared\hls\clib\hlsmath\src\common\hls_hotbm_double.cpp:144->C:\scratch\2024.1\hls_product\545\2024.1\src\shared\hls\clib\hlsmath\src\c++\sincoshotbmdouble.cpp:15->C:\scratch\2024.1\hls_product\545\2024.1\src\shared\hls\clib\hlsmath\src\c++\sincoshotbmdouble.cpp:29->Coefficients.cpp:115->Coefficients.cpp:24]   --->   Operation 63 'call' 'tmp_s' <Predicate = true> <Delay = 7.06> <CoreType = "Generic">   --->   Core 0 '' <Latency = 0> <II = 1> <Delay = 1.00> <Generic> <Opcode : >

State 17 <SV = 16> <Delay = 7.06>
ST_17 : Operation 64 [1/1] (0.00ns)   --->   "%zext_ln113 = zext i7 %i" [Coefficients.cpp:113->Coefficients.cpp:24]   --->   Operation 64 'zext' 'zext_ln113' <Predicate = true> <Delay = 0.00>
ST_17 : Operation 65 [1/1] (0.00ns)   --->   "%taps_addr = getelementptr i64 %taps, i64 0, i64 %zext_ln113" [Coefficients.cpp:115->Coefficients.cpp:24]   --->   Operation 65 'getelementptr' 'taps_addr' <Predicate = true> <Delay = 0.00>
ST_17 : Operation 66 [2/2] (1.23ns)   --->   "%taps_load = load i7 %taps_addr" [Coefficients.cpp:115->Coefficients.cpp:24]   --->   Operation 66 'load' 'taps_load' <Predicate = true> <Delay = 1.23> <CoreInst = "RAM">   --->   Core 82 'RAM' <Latency = 1> <II = 1> <Delay = 1.23> <Storage> <Opcode : 'load' 'store'> <Ports = 2> <Width = 64> <Depth = 101> <RAM>
ST_17 : Operation 67 [3/10] (7.06ns)   --->   "%tmp_s = call i64 @sin_or_cos<double>, i64 %x_assign_3, i1 1, i256 %ref_4oPi_table_256, i59 %fourth_order_double_sin_cos_K0, i52 %fourth_order_double_sin_cos_K1, i44 %fourth_order_double_sin_cos_K2, i33 %fourth_order_double_sin_cos_K3, i25 %fourth_order_double_sin_cos_K4" [C:\scratch\2024.1\hls_product\545\2024.1\src\shared\hls\clib\hlsmath\src\common\hls_hotbm_double.cpp:144->C:\scratch\2024.1\hls_product\545\2024.1\src\shared\hls\clib\hlsmath\src\c++\sincoshotbmdouble.cpp:15->C:\scratch\2024.1\hls_product\545\2024.1\src\shared\hls\clib\hlsmath\src\c++\sincoshotbmdouble.cpp:29->Coefficients.cpp:115->Coefficients.cpp:24]   --->   Operation 67 'call' 'tmp_s' <Predicate = (icmp_ln113)> <Delay = 7.06> <CoreType = "Generic">   --->   Core 0 '' <Latency = 0> <II = 1> <Delay = 1.00> <Generic> <Opcode : >

State 18 <SV = 17> <Delay = 7.06>
ST_18 : Operation 68 [1/2] (1.23ns)   --->   "%taps_load = load i7 %taps_addr" [Coefficients.cpp:115->Coefficients.cpp:24]   --->   Operation 68 'load' 'taps_load' <Predicate = true> <Delay = 1.23> <CoreInst = "RAM">   --->   Core 82 'RAM' <Latency = 1> <II = 1> <Delay = 1.23> <Storage> <Opcode : 'load' 'store'> <Ports = 2> <Width = 64> <Depth = 101> <RAM>
ST_18 : Operation 69 [2/10] (7.06ns)   --->   "%tmp_s = call i64 @sin_or_cos<double>, i64 %x_assign_3, i1 1, i256 %ref_4oPi_table_256, i59 %fourth_order_double_sin_cos_K0, i52 %fourth_order_double_sin_cos_K1, i44 %fourth_order_double_sin_cos_K2, i33 %fourth_order_double_sin_cos_K3, i25 %fourth_order_double_sin_cos_K4" [C:\scratch\2024.1\hls_product\545\2024.1\src\shared\hls\clib\hlsmath\src\common\hls_hotbm_double.cpp:144->C:\scratch\2024.1\hls_product\545\2024.1\src\shared\hls\clib\hlsmath\src\c++\sincoshotbmdouble.cpp:15->C:\scratch\2024.1\hls_product\545\2024.1\src\shared\hls\clib\hlsmath\src\c++\sincoshotbmdouble.cpp:29->Coefficients.cpp:115->Coefficients.cpp:24]   --->   Operation 69 'call' 'tmp_s' <Predicate = true> <Delay = 7.06> <CoreType = "Generic">   --->   Core 0 '' <Latency = 0> <II = 1> <Delay = 1.00> <Generic> <Opcode : >

State 19 <SV = 18> <Delay = 7.06>
ST_19 : Operation 70 [1/10] (7.06ns)   --->   "%tmp_s = call i64 @sin_or_cos<double>, i64 %x_assign_3, i1 1, i256 %ref_4oPi_table_256, i59 %fourth_order_double_sin_cos_K0, i52 %fourth_order_double_sin_cos_K1, i44 %fourth_order_double_sin_cos_K2, i33 %fourth_order_double_sin_cos_K3, i25 %fourth_order_double_sin_cos_K4" [C:\scratch\2024.1\hls_product\545\2024.1\src\shared\hls\clib\hlsmath\src\common\hls_hotbm_double.cpp:144->C:\scratch\2024.1\hls_product\545\2024.1\src\shared\hls\clib\hlsmath\src\c++\sincoshotbmdouble.cpp:15->C:\scratch\2024.1\hls_product\545\2024.1\src\shared\hls\clib\hlsmath\src\c++\sincoshotbmdouble.cpp:29->Coefficients.cpp:115->Coefficients.cpp:24]   --->   Operation 70 'call' 'tmp_s' <Predicate = true> <Delay = 7.06> <CoreType = "Generic">   --->   Core 0 '' <Latency = 0> <II = 1> <Delay = 1.00> <Generic> <Opcode : >

State 20 <SV = 19> <Delay = 7.04>
ST_20 : Operation 71 [5/5] (7.04ns)   --->   "%mul41_i = dmul i64 %taps_load, i64 %tmp_s" [Coefficients.cpp:115->Coefficients.cpp:24]   --->   Operation 71 'dmul' 'mul41_i' <Predicate = true> <Delay = 7.04> <CoreInst = "DMul_maxdsp">   --->   Core 49 'DMul_maxdsp' <Latency = 4> <II = 1> <Delay = 7.04> <FuncUnit> <Opcode : 'dmul'> <InPorts = 2> <OutPorts = 1>

State 21 <SV = 20> <Delay = 7.04>
ST_21 : Operation 72 [4/5] (7.04ns)   --->   "%mul41_i = dmul i64 %taps_load, i64 %tmp_s" [Coefficients.cpp:115->Coefficients.cpp:24]   --->   Operation 72 'dmul' 'mul41_i' <Predicate = true> <Delay = 7.04> <CoreInst = "DMul_maxdsp">   --->   Core 49 'DMul_maxdsp' <Latency = 4> <II = 1> <Delay = 7.04> <FuncUnit> <Opcode : 'dmul'> <InPorts = 2> <OutPorts = 1>

State 22 <SV = 21> <Delay = 7.04>
ST_22 : Operation 73 [3/5] (7.04ns)   --->   "%mul41_i = dmul i64 %taps_load, i64 %tmp_s" [Coefficients.cpp:115->Coefficients.cpp:24]   --->   Operation 73 'dmul' 'mul41_i' <Predicate = true> <Delay = 7.04> <CoreInst = "DMul_maxdsp">   --->   Core 49 'DMul_maxdsp' <Latency = 4> <II = 1> <Delay = 7.04> <FuncUnit> <Opcode : 'dmul'> <InPorts = 2> <OutPorts = 1>

State 23 <SV = 22> <Delay = 7.04>
ST_23 : Operation 74 [2/5] (7.04ns)   --->   "%mul41_i = dmul i64 %taps_load, i64 %tmp_s" [Coefficients.cpp:115->Coefficients.cpp:24]   --->   Operation 74 'dmul' 'mul41_i' <Predicate = true> <Delay = 7.04> <CoreInst = "DMul_maxdsp">   --->   Core 49 'DMul_maxdsp' <Latency = 4> <II = 1> <Delay = 7.04> <FuncUnit> <Opcode : 'dmul'> <InPorts = 2> <OutPorts = 1>

State 24 <SV = 23> <Delay = 7.04>
ST_24 : Operation 75 [1/5] (7.04ns)   --->   "%mul41_i = dmul i64 %taps_load, i64 %tmp_s" [Coefficients.cpp:115->Coefficients.cpp:24]   --->   Operation 75 'dmul' 'mul41_i' <Predicate = true> <Delay = 7.04> <CoreInst = "DMul_maxdsp">   --->   Core 49 'DMul_maxdsp' <Latency = 4> <II = 1> <Delay = 7.04> <FuncUnit> <Opcode : 'dmul'> <InPorts = 2> <OutPorts = 1>

State 25 <SV = 24> <Delay = 5.06>
ST_25 : Operation 76 [1/1] (0.00ns)   --->   "%gain_re_load = load i64 %gain_re" [Coefficients.cpp:115->Coefficients.cpp:24]   --->   Operation 76 'load' 'gain_re_load' <Predicate = true> <Delay = 0.00>
ST_25 : Operation 77 [5/5] (5.06ns)   --->   "%gain_re_1 = dadd i64 %gain_re_load, i64 %mul41_i" [Coefficients.cpp:115->Coefficients.cpp:24]   --->   Operation 77 'dadd' 'gain_re_1' <Predicate = true> <Delay = 5.06> <CoreInst = "DAddSub_fulldsp">   --->   Core 37 'DAddSub_fulldsp' <Latency = 4> <II = 1> <Delay = 5.06> <FuncUnit> <Opcode : 'dadd' 'dsub'> <InPorts = 2> <OutPorts = 1>
ST_25 : Operation 86 [1/1] (0.00ns)   --->   "%gain_re_load_1 = load i64 %gain_re"   --->   Operation 86 'load' 'gain_re_load_1' <Predicate = (!icmp_ln113)> <Delay = 0.00>
ST_25 : Operation 87 [1/1] (0.00ns)   --->   "%write_ln0 = write void @_ssdm_op_Write.ap_auto.doubleP0A, i64 %gain_re_out, i64 %gain_re_load_1"   --->   Operation 87 'write' 'write_ln0' <Predicate = (!icmp_ln113)> <Delay = 0.00>
ST_25 : Operation 88 [1/1] (0.42ns)   --->   "%ret_ln0 = ret"   --->   Operation 88 'ret' 'ret_ln0' <Predicate = (!icmp_ln113)> <Delay = 0.42>

State 26 <SV = 25> <Delay = 5.06>
ST_26 : Operation 78 [4/5] (5.06ns)   --->   "%gain_re_1 = dadd i64 %gain_re_load, i64 %mul41_i" [Coefficients.cpp:115->Coefficients.cpp:24]   --->   Operation 78 'dadd' 'gain_re_1' <Predicate = true> <Delay = 5.06> <CoreInst = "DAddSub_fulldsp">   --->   Core 37 'DAddSub_fulldsp' <Latency = 4> <II = 1> <Delay = 5.06> <FuncUnit> <Opcode : 'dadd' 'dsub'> <InPorts = 2> <OutPorts = 1>

State 27 <SV = 26> <Delay = 5.06>
ST_27 : Operation 79 [3/5] (5.06ns)   --->   "%gain_re_1 = dadd i64 %gain_re_load, i64 %mul41_i" [Coefficients.cpp:115->Coefficients.cpp:24]   --->   Operation 79 'dadd' 'gain_re_1' <Predicate = true> <Delay = 5.06> <CoreInst = "DAddSub_fulldsp">   --->   Core 37 'DAddSub_fulldsp' <Latency = 4> <II = 1> <Delay = 5.06> <FuncUnit> <Opcode : 'dadd' 'dsub'> <InPorts = 2> <OutPorts = 1>

State 28 <SV = 27> <Delay = 5.06>
ST_28 : Operation 80 [2/5] (5.06ns)   --->   "%gain_re_1 = dadd i64 %gain_re_load, i64 %mul41_i" [Coefficients.cpp:115->Coefficients.cpp:24]   --->   Operation 80 'dadd' 'gain_re_1' <Predicate = true> <Delay = 5.06> <CoreInst = "DAddSub_fulldsp">   --->   Core 37 'DAddSub_fulldsp' <Latency = 4> <II = 1> <Delay = 5.06> <FuncUnit> <Opcode : 'dadd' 'dsub'> <InPorts = 2> <OutPorts = 1>

State 29 <SV = 28> <Delay = 5.49>
ST_29 : Operation 81 [1/1] (0.00ns)   --->   "%specpipeline_ln114 = specpipeline void @_ssdm_op_SpecPipeline, i32 4294967295, i32 0, i32 0, i32 0, void @empty_0" [Coefficients.cpp:114->Coefficients.cpp:24]   --->   Operation 81 'specpipeline' 'specpipeline_ln114' <Predicate = true> <Delay = 0.00>
ST_29 : Operation 82 [1/1] (0.00ns)   --->   "%specloopname_ln113 = specloopname void @_ssdm_op_SpecLoopName, void @empty_17" [Coefficients.cpp:113->Coefficients.cpp:24]   --->   Operation 82 'specloopname' 'specloopname_ln113' <Predicate = true> <Delay = 0.00>
ST_29 : Operation 83 [1/5] (5.06ns)   --->   "%gain_re_1 = dadd i64 %gain_re_load, i64 %mul41_i" [Coefficients.cpp:115->Coefficients.cpp:24]   --->   Operation 83 'dadd' 'gain_re_1' <Predicate = true> <Delay = 5.06> <CoreInst = "DAddSub_fulldsp">   --->   Core 37 'DAddSub_fulldsp' <Latency = 4> <II = 1> <Delay = 5.06> <FuncUnit> <Opcode : 'dadd' 'dsub'> <InPorts = 2> <OutPorts = 1>
ST_29 : Operation 84 [1/1] (0.42ns)   --->   "%store_ln111 = store i64 %gain_re_1, i64 %gain_re" [Coefficients.cpp:111->Coefficients.cpp:24]   --->   Operation 84 'store' 'store_ln111' <Predicate = true> <Delay = 0.42>
ST_29 : Operation 85 [1/1] (0.00ns)   --->   "%br_ln113 = br void %for.inc43.i" [Coefficients.cpp:113->Coefficients.cpp:24]   --->   Operation 85 'br' 'br_ln113' <Predicate = true> <Delay = 0.00>


============================================================
+ Verbose Summary: Timing violations
============================================================
Target clock period: 10.000ns, clock uncertainty: 2.700ns.

 <State 1>: 7.064ns
The critical path consists of the following:
	'store' operation 0 bit ('store_ln113', Coefficients.cpp:113->Coefficients.cpp:24) of constant 0 on local variable 'i', Coefficients.cpp:113->Coefficients.cpp:24 [17]  (0.427 ns)
	'load' operation 7 bit ('i', Coefficients.cpp:113->Coefficients.cpp:24) on local variable 'i', Coefficients.cpp:113->Coefficients.cpp:24 [21]  (0.000 ns)
	'sub' operation 32 bit ('sub_ln115', Coefficients.cpp:115->Coefficients.cpp:24) [34]  (1.016 ns)
	'sitodp' operation 64 bit ('conv38_i', Coefficients.cpp:115->Coefficients.cpp:24) [35]  (5.621 ns)

 <State 2>: 5.621ns
The critical path consists of the following:
	'sitodp' operation 64 bit ('conv38_i', Coefficients.cpp:115->Coefficients.cpp:24) [35]  (5.621 ns)

 <State 3>: 5.621ns
The critical path consists of the following:
	'sitodp' operation 64 bit ('conv38_i', Coefficients.cpp:115->Coefficients.cpp:24) [35]  (5.621 ns)

 <State 4>: 5.621ns
The critical path consists of the following:
	'sitodp' operation 64 bit ('conv38_i', Coefficients.cpp:115->Coefficients.cpp:24) [35]  (5.621 ns)

 <State 5>: 7.042ns
The critical path consists of the following:
	'dmul' operation 64 bit ('x', Coefficients.cpp:115->Coefficients.cpp:24) [36]  (7.042 ns)

 <State 6>: 7.042ns
The critical path consists of the following:
	'dmul' operation 64 bit ('x', Coefficients.cpp:115->Coefficients.cpp:24) [36]  (7.042 ns)

 <State 7>: 7.042ns
The critical path consists of the following:
	'dmul' operation 64 bit ('x', Coefficients.cpp:115->Coefficients.cpp:24) [36]  (7.042 ns)

 <State 8>: 7.042ns
The critical path consists of the following:
	'dmul' operation 64 bit ('x', Coefficients.cpp:115->Coefficients.cpp:24) [36]  (7.042 ns)

 <State 9>: 7.042ns
The critical path consists of the following:
	'dmul' operation 64 bit ('x', Coefficients.cpp:115->Coefficients.cpp:24) [36]  (7.042 ns)

 <State 10>: 2.424ns
The critical path consists of the following:
	'call' operation 64 bit ('tmp_s', C:\scratch\2024.1\hls_product\545\2024.1\src\shared\hls\clib\hlsmath\src\common\hls_hotbm_double.cpp:144->C:\scratch\2024.1\hls_product\545\2024.1\src\shared\hls\clib\hlsmath\src\c++\sincoshotbmdouble.cpp:15->C:\scratch\2024.1\hls_product\545\2024.1\src\shared\hls\clib\hlsmath\src\c++\sincoshotbmdouble.cpp:29->Coefficients.cpp:115->Coefficients.cpp:24) to 'sin_or_cos<double>' [37]  (2.424 ns)

 <State 11>: 7.063ns
The critical path consists of the following:
	'call' operation 64 bit ('tmp_s', C:\scratch\2024.1\hls_product\545\2024.1\src\shared\hls\clib\hlsmath\src\common\hls_hotbm_double.cpp:144->C:\scratch\2024.1\hls_product\545\2024.1\src\shared\hls\clib\hlsmath\src\c++\sincoshotbmdouble.cpp:15->C:\scratch\2024.1\hls_product\545\2024.1\src\shared\hls\clib\hlsmath\src\c++\sincoshotbmdouble.cpp:29->Coefficients.cpp:115->Coefficients.cpp:24) to 'sin_or_cos<double>' [37]  (7.063 ns)

 <State 12>: 7.063ns
The critical path consists of the following:
	'call' operation 64 bit ('tmp_s', C:\scratch\2024.1\hls_product\545\2024.1\src\shared\hls\clib\hlsmath\src\common\hls_hotbm_double.cpp:144->C:\scratch\2024.1\hls_product\545\2024.1\src\shared\hls\clib\hlsmath\src\c++\sincoshotbmdouble.cpp:15->C:\scratch\2024.1\hls_product\545\2024.1\src\shared\hls\clib\hlsmath\src\c++\sincoshotbmdouble.cpp:29->Coefficients.cpp:115->Coefficients.cpp:24) to 'sin_or_cos<double>' [37]  (7.063 ns)

 <State 13>: 7.063ns
The critical path consists of the following:
	'call' operation 64 bit ('tmp_s', C:\scratch\2024.1\hls_product\545\2024.1\src\shared\hls\clib\hlsmath\src\common\hls_hotbm_double.cpp:144->C:\scratch\2024.1\hls_product\545\2024.1\src\shared\hls\clib\hlsmath\src\c++\sincoshotbmdouble.cpp:15->C:\scratch\2024.1\hls_product\545\2024.1\src\shared\hls\clib\hlsmath\src\c++\sincoshotbmdouble.cpp:29->Coefficients.cpp:115->Coefficients.cpp:24) to 'sin_or_cos<double>' [37]  (7.063 ns)

 <State 14>: 7.063ns
The critical path consists of the following:
	'call' operation 64 bit ('tmp_s', C:\scratch\2024.1\hls_product\545\2024.1\src\shared\hls\clib\hlsmath\src\common\hls_hotbm_double.cpp:144->C:\scratch\2024.1\hls_product\545\2024.1\src\shared\hls\clib\hlsmath\src\c++\sincoshotbmdouble.cpp:15->C:\scratch\2024.1\hls_product\545\2024.1\src\shared\hls\clib\hlsmath\src\c++\sincoshotbmdouble.cpp:29->Coefficients.cpp:115->Coefficients.cpp:24) to 'sin_or_cos<double>' [37]  (7.063 ns)

 <State 15>: 7.063ns
The critical path consists of the following:
	'call' operation 64 bit ('tmp_s', C:\scratch\2024.1\hls_product\545\2024.1\src\shared\hls\clib\hlsmath\src\common\hls_hotbm_double.cpp:144->C:\scratch\2024.1\hls_product\545\2024.1\src\shared\hls\clib\hlsmath\src\c++\sincoshotbmdouble.cpp:15->C:\scratch\2024.1\hls_product\545\2024.1\src\shared\hls\clib\hlsmath\src\c++\sincoshotbmdouble.cpp:29->Coefficients.cpp:115->Coefficients.cpp:24) to 'sin_or_cos<double>' [37]  (7.063 ns)

 <State 16>: 7.063ns
The critical path consists of the following:
	'call' operation 64 bit ('tmp_s', C:\scratch\2024.1\hls_product\545\2024.1\src\shared\hls\clib\hlsmath\src\common\hls_hotbm_double.cpp:144->C:\scratch\2024.1\hls_product\545\2024.1\src\shared\hls\clib\hlsmath\src\c++\sincoshotbmdouble.cpp:15->C:\scratch\2024.1\hls_product\545\2024.1\src\shared\hls\clib\hlsmath\src\c++\sincoshotbmdouble.cpp:29->Coefficients.cpp:115->Coefficients.cpp:24) to 'sin_or_cos<double>' [37]  (7.063 ns)

 <State 17>: 7.063ns
The critical path consists of the following:
	'call' operation 64 bit ('tmp_s', C:\scratch\2024.1\hls_product\545\2024.1\src\shared\hls\clib\hlsmath\src\common\hls_hotbm_double.cpp:144->C:\scratch\2024.1\hls_product\545\2024.1\src\shared\hls\clib\hlsmath\src\c++\sincoshotbmdouble.cpp:15->C:\scratch\2024.1\hls_product\545\2024.1\src\shared\hls\clib\hlsmath\src\c++\sincoshotbmdouble.cpp:29->Coefficients.cpp:115->Coefficients.cpp:24) to 'sin_or_cos<double>' [37]  (7.063 ns)

 <State 18>: 7.063ns
The critical path consists of the following:
	'call' operation 64 bit ('tmp_s', C:\scratch\2024.1\hls_product\545\2024.1\src\shared\hls\clib\hlsmath\src\common\hls_hotbm_double.cpp:144->C:\scratch\2024.1\hls_product\545\2024.1\src\shared\hls\clib\hlsmath\src\c++\sincoshotbmdouble.cpp:15->C:\scratch\2024.1\hls_product\545\2024.1\src\shared\hls\clib\hlsmath\src\c++\sincoshotbmdouble.cpp:29->Coefficients.cpp:115->Coefficients.cpp:24) to 'sin_or_cos<double>' [37]  (7.063 ns)

 <State 19>: 7.063ns
The critical path consists of the following:
	'call' operation 64 bit ('tmp_s', C:\scratch\2024.1\hls_product\545\2024.1\src\shared\hls\clib\hlsmath\src\common\hls_hotbm_double.cpp:144->C:\scratch\2024.1\hls_product\545\2024.1\src\shared\hls\clib\hlsmath\src\c++\sincoshotbmdouble.cpp:15->C:\scratch\2024.1\hls_product\545\2024.1\src\shared\hls\clib\hlsmath\src\c++\sincoshotbmdouble.cpp:29->Coefficients.cpp:115->Coefficients.cpp:24) to 'sin_or_cos<double>' [37]  (7.063 ns)

 <State 20>: 7.042ns
The critical path consists of the following:
	'dmul' operation 64 bit ('mul41_i', Coefficients.cpp:115->Coefficients.cpp:24) [38]  (7.042 ns)

 <State 21>: 7.042ns
The critical path consists of the following:
	'dmul' operation 64 bit ('mul41_i', Coefficients.cpp:115->Coefficients.cpp:24) [38]  (7.042 ns)

 <State 22>: 7.042ns
The critical path consists of the following:
	'dmul' operation 64 bit ('mul41_i', Coefficients.cpp:115->Coefficients.cpp:24) [38]  (7.042 ns)

 <State 23>: 7.042ns
The critical path consists of the following:
	'dmul' operation 64 bit ('mul41_i', Coefficients.cpp:115->Coefficients.cpp:24) [38]  (7.042 ns)

 <State 24>: 7.042ns
The critical path consists of the following:
	'dmul' operation 64 bit ('mul41_i', Coefficients.cpp:115->Coefficients.cpp:24) [38]  (7.042 ns)

 <State 25>: 5.069ns
The critical path consists of the following:
	'load' operation 64 bit ('gain_re_load', Coefficients.cpp:115->Coefficients.cpp:24) on local variable 'gain_re', Coefficients.cpp:111->Coefficients.cpp:24 [28]  (0.000 ns)
	'dadd' operation 64 bit ('gain_re', Coefficients.cpp:115->Coefficients.cpp:24) [39]  (5.069 ns)

 <State 26>: 5.069ns
The critical path consists of the following:
	'dadd' operation 64 bit ('gain_re', Coefficients.cpp:115->Coefficients.cpp:24) [39]  (5.069 ns)

 <State 27>: 5.069ns
The critical path consists of the following:
	'dadd' operation 64 bit ('gain_re', Coefficients.cpp:115->Coefficients.cpp:24) [39]  (5.069 ns)

 <State 28>: 5.069ns
The critical path consists of the following:
	'dadd' operation 64 bit ('gain_re', Coefficients.cpp:115->Coefficients.cpp:24) [39]  (5.069 ns)

 <State 29>: 5.496ns
The critical path consists of the following:
	'dadd' operation 64 bit ('gain_re', Coefficients.cpp:115->Coefficients.cpp:24) [39]  (5.069 ns)
	'store' operation 0 bit ('store_ln111', Coefficients.cpp:111->Coefficients.cpp:24) of variable 'gain_re', Coefficients.cpp:115->Coefficients.cpp:24 on local variable 'gain_re', Coefficients.cpp:111->Coefficients.cpp:24 [41]  (0.427 ns)


============================================================
+ Verbose Summary: Binding
============================================================
N/A
* FSMD analyzer results:
  - Output states:
 - Input state : 
  - Chain level:
	State 1
	State 2
	State 3
	State 4
	State 5
	State 6
	State 7
	State 8
	State 9
	State 10
	State 11
	State 12
	State 13
	State 14
	State 15
	State 16
	State 17
	State 18
	State 19
	State 20
	State 21
	State 22
	State 23
	State 24
	State 25
	State 26
	State 27
	State 28
	State 29


============================================================
+ Verbose Summary: Datapath Resource usage 
============================================================
N/A
