

================================================================
== Vitis HLS Report for 'firTop_Pipeline_VITIS_LOOP_113_2'
================================================================
* Date:           Tue Apr 14 18:08:14 2026

* Version:        2024.1 (Build 5069499 on May 21 2024)
* Project:        calculateCoefficients
* Solution:       hls (Vivado IP Flow Target)
* Product family: zynquplus
* Target device:  xczu3eg-sfvc784-2-e


================================================================
== Performance Estimates
================================================================
+ Timing: 
    * Summary: 
    +--------+----------+----------+------------+
    |  Clock |  Target  | Estimated| Uncertainty|
    +--------+----------+----------+------------+
    |ap_clk  |  10.00 ns|  7.064 ns|     2.70 ns|
    +--------+----------+----------+------------+

+ Latency: 
    * Summary: 
    +---------+---------+-----------+----------+-----+-----+-----------------------------------------------+
    |  Latency (cycles) |  Latency (absolute)  |  Interval |                    Pipeline                   |
    |   min   |   max   |    min    |    max   | min | max |                      Type                     |
    +---------+---------+-----------+----------+-----+-----+-----------------------------------------------+
    |        5|      534|  50.000 ns|  5.340 us|    4|  512|  loop auto-rewind stp(delay=0 clock cycles(s))|
    +---------+---------+-----------+----------+-----+-----+-----------------------------------------------+

    + Detail: 
        * Instance: 
        +--------------------------------+---------------------+---------+---------+-----------+-----------+-----+-----+---------+
        |                                |                     |  Latency (cycles) |   Latency (absolute)  |  Interval | Pipeline|
        |            Instance            |        Module       |   min   |   max   |    min    |    max    | min | max |   Type  |
        +--------------------------------+---------------------+---------+---------+-----------+-----------+-----+-----+---------+
        |grp_sin_or_cos_double_s_fu_104  |sin_or_cos_double_s  |        8|        8|  80.000 ns|  80.000 ns|    1|    1|      yes|
        +--------------------------------+---------------------+---------+---------+-----------+-----------+-----+-----+---------+

        * Loop: 
        +--------------------+---------+---------+----------+-----------+-----------+---------+----------+
        |                    |  Latency (cycles) | Iteration|  Initiation Interval  |   Trip  |          |
        |      Loop Name     |   min   |   max   |  Latency |  achieved |   target  |  Count  | Pipelined|
        +--------------------+---------+---------+----------+-----------+-----------+---------+----------+
        |- VITIS_LOOP_113_2  |        3|      532|        29|          4|          1|  0 ~ 127|       yes|
        +--------------------+---------+---------+----------+-----------+-----------+---------+----------+

============================================================
+ Verbose Summary: Synthesis Manager
============================================================
InlineROM: 1
ExposeGlobal: 0
============================================================
+ Verbose Summary: CDFG Model
============================================================
IsTopModel: 0
ResetActiveHigh: 1
IsCombinational: 0
IsDatapathOnly: 0
HasWiredReturn: 1
HasMFsm: 2
HasVarLatency: 1
IsPipeline: 0
IsRtlPipelined: 0
IsInstanceOverlapped: 0
IsDontTouch: 0
HasImplIP: 0
IsGatedGlobalClock: 0

+ Individual pipeline summary: 
  * Pipeline-0: initiation interval (II) = 4, depth = 29


============================================================
+ Verbose Summary: Schedule
============================================================
* Number of FSM states : 29
* Pipeline : 1
  Pipeline-0 : II = 4, D = 29, States = { 1 2 3 4 5 6 7 8 9 10 11 12 13 14 15 16 17 18 19 20 21 22 23 24 25 26 27 28 29 }
* Dataflow Pipeline: 0

* FSM state transitions: 
1 --> 2 
2 --> 3 
3 --> 4 
4 --> 5 
5 --> 6 
6 --> 7 
7 --> 8 
8 --> 9 
9 --> 10 
10 --> 11 
11 --> 12 
12 --> 13 
13 --> 14 
14 --> 15 
15 --> 16 
16 --> 17 
17 --> 18 
18 --> 19 
19 --> 20 
20 --> 21 
21 --> 22 
22 --> 23 
23 --> 24 
24 --> 25 
25 --> 26 
26 --> 27 
27 --> 28 
28 --> 29 
29 --> 

* FSM state operations: 

State 1 <SV = 0> <Delay = 7.06>
ST_1 : Operation 32 [1/1] (0.00ns)   --->   "%gain_re = alloca i32 1" [Coefficients.cpp:111->Coefficients.cpp:24]   --->   Operation 32 'alloca' 'gain_re' <Predicate = true> <Delay = 0.00>
ST_1 : Operation 33 [1/1] (0.00ns)   --->   "%i_2 = alloca i32 1" [Coefficients.cpp:113->Coefficients.cpp:24]   --->   Operation 33 'alloca' 'i_2' <Predicate = true> <Delay = 0.00>
ST_1 : Operation 34 [1/1] (0.00ns)   --->   "%centerOmega_read = read i64 @_ssdm_op_Read.ap_auto.double, i64 %centerOmega"   --->   Operation 34 'read' 'centerOmega_read' <Predicate = true> <Delay = 0.00>
ST_1 : Operation 35 [1/1] (0.00ns)   --->   "%M_read = read i32 @_ssdm_op_Read.ap_auto.i32, i32 %M"   --->   Operation 35 'read' 'M_read' <Predicate = true> <Delay = 0.00>
ST_1 : Operation 36 [1/1] (0.00ns)   --->   "%p_reload120_read = read i32 @_ssdm_op_Read.ap_auto.i32, i32 %p_reload120"   --->   Operation 36 'read' 'p_reload120_read' <Predicate = true> <Delay = 0.00>
ST_1 : Operation 37 [1/1] (0.42ns)   --->   "%store_ln113 = store i7 0, i7 %i_2" [Coefficients.cpp:113->Coefficients.cpp:24]   --->   Operation 37 'store' 'store_ln113' <Predicate = true> <Delay = 0.42>
ST_1 : Operation 38 [1/1] (0.42ns)   --->   "%store_ln111 = store i64 0, i64 %gain_re" [Coefficients.cpp:111->Coefficients.cpp:24]   --->   Operation 38 'store' 'store_ln111' <Predicate = true> <Delay = 0.42>
ST_1 : Operation 39 [1/1] (0.00ns)   --->   "%br_ln0 = br void %for.inc43.i"   --->   Operation 39 'br' 'br_ln0' <Predicate = true> <Delay = 0.00>
ST_1 : Operation 40 [1/1] (0.00ns)   --->   "%i = load i7 %i_2" [Coefficients.cpp:113->Coefficients.cpp:24]   --->   Operation 40 'load' 'i' <Predicate = true> <Delay = 0.00>
ST_1 : Operation 41 [1/1] (0.00ns)   --->   "%zext_ln113_1 = zext i7 %i" [Coefficients.cpp:113->Coefficients.cpp:24]   --->   Operation 41 'zext' 'zext_ln113_1' <Predicate = true> <Delay = 0.00>
ST_1 : Operation 42 [1/1] (1.01ns)   --->   "%icmp_ln113 = icmp_slt  i32 %zext_ln113_1, i32 %p_reload120_read" [Coefficients.cpp:113->Coefficients.cpp:24]   --->   Operation 42 'icmp' 'icmp_ln113' <Predicate = true> <Delay = 1.01> <CoreInst = "Cmp">   --->   Core 9 'Cmp' <Latency = 0> <II = 1> <Delay = 1.01> <FuncUnit> <Opcode : 'seteq' 'setne' 'setle' 'setge' 'setlt' 'setgt'> <InPorts = 2> <OutPorts = 1>
ST_1 : Operation 43 [1/1] (0.00ns)   --->   "%br_ln113 = br i1 %icmp_ln113, void %for.end45.i.loopexit.exitStub, void %for.inc43.i.split" [Coefficients.cpp:113->Coefficients.cpp:24]   --->   Operation 43 'br' 'br_ln113' <Predicate = true> <Delay = 0.00>
ST_1 : Operation 44 [1/1] (1.01ns)   --->   "%sub_ln115 = sub i32 %zext_ln113_1, i32 %M_read" [Coefficients.cpp:115->Coefficients.cpp:24]   --->   Operation 44 'sub' 'sub_ln115' <Predicate = (icmp_ln113)> <Delay = 1.01> <CoreInst = "Adder">   --->   Core 1 'Adder' <Latency = 0> <II = 1> <Delay = 1.01> <FuncUnit> <Opcode : 'add' 'sub'> <InPorts = 2> <OutPorts = 1>
ST_1 : Operation 45 [4/4] (5.62ns)   --->   "%conv38_i = sitodp i32 %sub_ln115" [Coefficients.cpp:115->Coefficients.cpp:24]   --->   Operation 45 'sitodp' 'conv38_i' <Predicate = (icmp_ln113)> <Delay = 5.62> <CoreInst = "Int2Double">   --->   Core 66 'Int2Double' <Latency = 3> <II = 1> <Delay = 5.62> <FuncUnit> <Opcode : 'uitodp' 'sitodp'> <InPorts = 1> <OutPorts = 1>

State 2 <SV = 1> <Delay = 5.62>
ST_2 : Operation 46 [3/4] (5.62ns)   --->   "%conv38_i = sitodp i32 %sub_ln115" [Coefficients.cpp:115->Coefficients.cpp:24]   --->   Operation 46 'sitodp' 'conv38_i' <Predicate = (icmp_ln113)> <Delay = 5.62> <CoreInst = "Int2Double">   --->   Core 66 'Int2Double' <Latency = 3> <II = 1> <Delay = 5.62> <FuncUnit> <Opcode : 'uitodp' 'sitodp'> <InPorts = 1> <OutPorts = 1>

State 3 <SV = 2> <Delay = 5.62>
ST_3 : Operation 47 [2/4] (5.62ns)   --->   "%conv38_i = sitodp i32 %sub_ln115" [Coefficients.cpp:115->Coefficients.cpp:24]   --->   Operation 47 'sitodp' 'conv38_i' <Predicate = (icmp_ln113)> <Delay = 5.62> <CoreInst = "Int2Double">   --->   Core 66 'Int2Double' <Latency = 3> <II = 1> <Delay = 5.62> <FuncUnit> <Opcode : 'uitodp' 'sitodp'> <InPorts = 1> <OutPorts = 1>

State 4 <SV = 3> <Delay = 5.62>
ST_4 : Operation 48 [1/1] (0.00ns)   --->   "%speclooptripcount_ln0 = speclooptripcount void @_ssdm_op_SpecLoopTripCount, i64 0, i64 127, i64 0"   --->   Operation 48 'speclooptripcount' 'speclooptripcount_ln0' <Predicate = true> <Delay = 0.00>
ST_4 : Operation 49 [1/1] (0.77ns)   --->   "%add_ln113 = add i7 %i, i7 1" [Coefficients.cpp:113->Coefficients.cpp:24]   --->   Operation 49 'add' 'add_ln113' <Predicate = true> <Delay = 0.77> <CoreInst = "Adder">   --->   Core 1 'Adder' <Latency = 0> <II = 1> <Delay = 0.77> <FuncUnit> <Opcode : 'add' 'sub'> <InPorts = 2> <OutPorts = 1>
ST_4 : Operation 50 [1/4] (5.62ns)   --->   "%conv38_i = sitodp i32 %sub_ln115" [Coefficients.cpp:115->Coefficients.cpp:24]   --->   Operation 50 'sitodp' 'conv38_i' <Predicate = (icmp_ln113)> <Delay = 5.62> <CoreInst = "Int2Double">   --->   Core 66 'Int2Double' <Latency = 3> <II = 1> <Delay = 5.62> <FuncUnit> <Opcode : 'uitodp' 'sitodp'> <InPorts = 1> <OutPorts = 1>
ST_4 : Operation 51 [1/1] (0.42ns)   --->   "%store_ln113 = store i7 %add_ln113, i7 %i_2" [Coefficients.cpp:113->Coefficients.cpp:24]   --->   Operation 51 'store' 'store_ln113' <Predicate = (icmp_ln113)> <Delay = 0.42>

State 5 <SV = 4> <Delay = 7.04>
ST_5 : Operation 52 [5/5] (7.04ns)   --->   "%x_assign_3 = dmul i64 %centerOmega_read, i64 %conv38_i" [Coefficients.cpp:115->Coefficients.cpp:24]   --->   Operation 52 'dmul' 'x_assign_3' <Predicate = true> <Delay = 7.04> <CoreInst = "DMul_maxdsp">   --->   Core 49 'DMul_maxdsp' <Latency = 4> <II = 1> <Delay = 7.04> <FuncUnit> <Opcode : 'dmul'> <InPorts = 2> <OutPorts = 1>

State 6 <SV = 5> <Delay = 7.04>
ST_6 : Operation 53 [4/5] (7.04ns)   --->   "%x_assign_3 = dmul i64 %centerOmega_read, i64 %conv38_i" [Coefficients.cpp:115->Coefficients.cpp:24]   --->   Operation 53 'dmul' 'x_assign_3' <Predicate = true> <Delay = 7.04> <CoreInst = "DMul_maxdsp">   --->   Core 49 'DMul_maxdsp' <Latency = 4> <II = 1> <Delay = 7.04> <FuncUnit> <Opcode : 'dmul'> <InPorts = 2> <OutPorts = 1>

State 7 <SV = 6> <Delay = 7.04>
ST_7 : Operation 54 [3/5] (7.04ns)   --->   "%x_assign_3 = dmul i64 %centerOmega_read, i64 %conv38_i" [Coefficients.cpp:115->Coefficients.cpp:24]   --->   Operation 54 'dmul' 'x_assign_3' <Predicate = true> <Delay = 7.04> <CoreInst = "DMul_maxdsp">   --->   Core 49 'DMul_maxdsp' <Latency = 4> <II = 1> <Delay = 7.04> <FuncUnit> <Opcode : 'dmul'> <InPorts = 2> <OutPorts = 1>

State 8 <SV = 7> <Delay = 7.04>
ST_8 : Operation 55 [2/5] (7.04ns)   --->   "%x_assign_3 = dmul i64 %centerOmega_read, i64 %conv38_i" [Coefficients.cpp:115->Coefficients.cpp:24]   --->   Operation 55 'dmul' 'x_assign_3' <Predicate = true> <Delay = 7.04> <CoreInst = "DMul_maxdsp">   --->   Core 49 'DMul_maxdsp' <Latency = 4> <II = 1> <Delay = 7.04> <FuncUnit> <Opcode : 'dmul'> <InPorts = 2> <OutPorts = 1>

State 9 <SV = 8> <Delay = 7.04>
ST_9 : Operation 56 [1/5] (7.04ns)   --->   "%x_assign_3 = dmul i64 %centerOmega_read, i64 %conv38_i" [Coefficients.cpp:115->Coefficients.cpp:24]   --->   Operation 56 'dmul' 'x_assign_3' <Predicate = true> <Delay = 7.04> <CoreInst = "DMul_maxdsp">   --->   Core 49 'DMul_maxdsp' <Latency = 4> <II = 1> <Delay = 7.04> <FuncUnit> <Opcode : 'dmul'> <InPorts = 2> <OutPorts = 1>

State 10 <SV = 9> <Delay = 2.42>
ST_10 : Operation 57 [10/10] (2.42ns)   --->   "%tmp_s = call i64 @sin_or_cos<double>, i64 %x_assign_3, i1 1, i256 %ref_4oPi_table_256, i59 %fourth_order_double_sin_cos_K0, i52 %fourth_order_double_sin_cos_K1, i44 %fourth_order_double_sin_cos_K2, i33 %fourth_order_double_sin_cos_K3, i25 %fourth_order_double_sin_cos_K4" [C:\scratch\2024.1\hls_product\545\2024.1\src\shared\hls\clib\hlsmath\src\common\hls_hotbm_double.cpp:144->C:\scratch\2024.1\hls_product\545\2024.1\src\shared\hls\clib\hlsmath\src\c++\sincoshotbmdouble.cpp:15->C:\scratch\2024.1\hls_product\545\2024.1\src\shared\hls\clib\hlsmath\src\c++\sincoshotbmdouble.cpp:29->Coefficients.cpp:115->Coefficients.cpp:24]   --->   Operation 57 'call' 'tmp_s' <Predicate = true> <Delay = 2.42> <CoreType = "Generic">   --->   Core 0 '' <Latency = 0> <II = 1> <Delay = 1.00> <Generic> <Opcode : >

State 11 <SV = 10> <Delay = 7.06>
ST_11 : Operation 58 [9/10] (7.06ns)   --->   "%tmp_s = call i64 @sin_or_cos<double>, i64 %x_assign_3, i1 1, i256 %ref_4oPi_table_256, i59 %fourth_order_double_sin_cos_K0, i52 %fourth_order_double_sin_cos_K1, i44 %fourth_order_double_sin_cos_K2, i33 %fourth_order_double_sin_cos_K3, i25 %fourth_order_double_sin_cos_K4" [C:\scratch\2024.1\hls_product\545\2024.1\src\shared\hls\clib\hlsmath\src\common\hls_hotbm_double.cpp:144->C:\scratch\2024.1\hls_product\545\2024.1\src\shared\hls\clib\hlsmath\src\c++\sincoshotbmdouble.cpp:15->C:\scratch\2024.1\hls_product\545\2024.1\src\shared\hls\clib\hlsmath\src\c++\sincoshotbmdouble.cpp:29->Coefficients.cpp:115->Coefficients.cpp:24]   --->   Operation 58 'call' 'tmp_s' <Predicate = true> <Delay = 7.06> <CoreType = "Generic">   --->   Core 0 '' <Latency = 0> <II = 1> <Delay = 1.00> <Generic> <Opcode : >

State 12 <SV = 11> <Delay = 7.06>
ST_12 : Operation 59 [8/10] (7.06ns)   --->   "%tmp_s = call i64 @sin_or_cos<double>, i64 %x_assign_3, i1 1, i256 %ref_4oPi_table_256, i59 %fourth_order_double_sin_cos_K0, i52 %fourth_order_double_sin_cos_K1, i44 %fourth_order_double_sin_cos_K2, i33 %fourth_order_double_sin_cos_K3, i25 %fourth_order_double_sin_cos_K4" [C:\scratch\2024.1\hls_product\545\2024.1\src\shared\hls\clib\hlsmath\src\common\hls_hotbm_double.cpp:144->C:\scratch\2024.1\hls_product\545\2024.1\src\shared\hls\clib\hlsmath\src\c++\sincoshotbmdouble.cpp:15->C:\scratch\2024.1\hls_product\545\2024.1\src\shared\hls\clib\hlsmath\src\c++\sincoshotbmdouble.cpp:29->Coefficients.cpp:115->Coefficients.cpp:24]   --->   Operation 59 'call' 'tmp_s' <Predicate = true> <Delay = 7.06> <CoreType = "Generic">   --->   Core 0 '' <Latency = 0> <II = 1> <Delay = 1.00> <Generic> <Opcode : >

State 13 <SV = 12> <Delay = 7.06>
ST_13 : Operation 60 [7/10] (7.06ns)   --->   "%tmp_s = call i64 @sin_or_cos<double>, i64 %x_assign_3, i1 1, i256 %ref_4oPi_table_256, i59 %fourth_order_double_sin_cos_K0, i52 %fourth_order_double_sin_cos_K1, i44 %fourth_order_double_sin_cos_K2, i33 %fourth_order_double_sin_cos_K3, i25 %fourth_order_double_sin_cos_K4" [C:\scratch\2024.1\hls_product\545\2024.1\src\shared\hls\clib\hlsmath\src\common\hls_hotbm_double.cpp:144->C:\scratch\2024.1\hls_product\545\2024.1\src\shared\hls\clib\hlsmath\src\c++\sincoshotbmdouble.cpp:15->C:\scratch\2024.1\hls_product\545\2024.1\src\shared\hls\clib\hlsmath\src\c++\sincoshotbmdouble.cpp:29->Coefficients.cpp:115->Coefficients.cpp:24]   --->   Operation 60 'call' 'tmp_s' <Predicate = (icmp_ln113)> <Delay = 7.06> <CoreType = "Generic">   --->   Core 0 '' <Latency = 0> <II = 1> <Delay = 1.00> <Generic> <Opcode : >

State 14 <SV = 13> <Delay = 7.06>
ST_14 : Operation 61 [6/10] (7.06ns)   --->   "%tmp_s = call i64 @sin_or_cos<double>, i64 %x_assign_3, i1 1, i256 %ref_4oPi_table_256, i59 %fourth_order_double_sin_cos_K0, i52 %fourth_order_double_sin_cos_K1, i44 %fourth_order_double_sin_cos_K2, i33 %fourth_order_double_sin_cos_K3, i25 %fourth_order_double_sin_cos_K4" [C:\scratch\2024.1\hls_product\545\2024.1\src\shared\hls\clib\hlsmath\src\common\hls_hotbm_double.cpp:144->C:\scratch\2024.1\hls_product\545\2024.1\src\shared\hls\clib\hlsmath\src\c++\sincoshotbmdouble.cpp:15->C:\scratch\2024.1\hls_product\545\2024.1\src\shared\hls\clib\hlsmath\src\c++\sincoshotbmdouble.cpp:29->Coefficients.cpp:115->Coefficients.cpp:24]   --->   Operation 61 'call' 'tmp_s' <Predicate = true> <Delay = 7.06> <CoreType = "Generic">   --->   Core 0 '' <Latency = 0> <II = 1> <Delay = 1.00> <Generic> <Opcode : >

State 15 <SV = 14> <Delay = 7.06>
ST_15 : Operation 62 [5/10] (7.06ns)   --->   "%tmp_s = call i64 @sin_or_cos<double>, i64 %x_assign_3, i1 1, i256 %ref_4oPi_table_256, i59 %fourth_order_double_sin_cos_K0, i52 %fourth_order_double_sin_cos_K1, i44 %fourth_order_double_sin_cos_K2, i33 %fourth_order_double_sin_cos_K3, i25 %fourth_order_double_sin_cos_K4" [C:\scratch\2024.1\hls_product\545\2024.1\src\shared\hls\clib\hlsmath\src\common\hls_hotbm_double.cpp:144->C:\scratch\2024.1\hls_product\545\2024.1\src\shared\hls\clib\hlsmath\src\c++\sincoshotbmdouble.cpp:15->C:\scratch\2024.1\hls_product\545\2024.1\src\shared\hls\clib\hlsmath\src\c++\sincoshotbmdouble.cpp:29->Coefficients.cpp:115->Coefficients.cpp:24]   --->   Operation 62 'call' 'tmp_s' <Predicate = true> <Delay = 7.06> <CoreType = "Generic">   --->   Core 0 '' <Latency = 0> <II = 1> <Delay = 1.00> <Generic> <Opcode : >

State 16 <SV = 15> <Delay = 7.06>
ST_16 : Operation 63 [4/10] (7.06ns)   --->   "%tmp_s = call i64 @sin_or_cos<double>, i64 %x_assign_3, i1 1, i256 %ref_4oPi_table_256, i59 %fourth_order_double_sin_cos_K0, i52 %fourth_order_double_sin_cos_K1, i44 %fourth_order_double_sin_cos_K2, i33 %fourth_order_double_sin_cos_K3, i25 %fourth_order_double_sin_cos_K4" [C:\scratch\2024.1\hls_product\545\2024.1\src\shared\hls\clib\hlsmath\src\common\hls_hotbm_double.cpp:144->C:\scratch\2024.1\hls_product\545\2024.1\src\shared\hls\clib\hlsmath\src\c++\sincoshotbmdouble.cpp:15->C:\scratch\2024.1\hls_product\545\2024.1\src\shared\hls\clib\hlsmath\src\c++\sincoshotbmdouble.cpp:29->Coefficients.cpp:115->Coefficients.cpp:24]   --->   Operation 63 'call' 'tmp_s' <Predicate = true> <Delay = 7.06> <CoreType = "Generic">   --->   Core 0 '' <Latency = 0> <II = 1> <Delay = 1.00> <Generic> <Opcode : >

State 17 <SV = 16> <Delay = 7.06>
ST_17 : Operation 64 [1/1] (0.00ns)   --->   "%zext_ln113 = zext i7 %i" [Coefficients.cpp:113->Coefficients.cpp:24]   --->   Operation 64 'zext' 'zext_ln113' <Predicate = true> <Delay = 0.00>
ST_17 : Operation 65 [1/1] (0.00ns)   --->   "%taps_addr = getelementptr i64 %taps, i64 0, i64 %zext_ln113" [Coefficients.cpp:115->Coefficients.cpp:24]   --->   Operation 65 'getelementptr' 'taps_addr' <Predicate = true> <Delay = 0.00>
ST_17 : Operation 66 [2/2] (1.23ns)   --->   "%taps_load = load i7 %taps_addr" [Coefficients.cpp:115->Coefficients.cpp:24]   --->   Operation 66 'load' 'taps_load' <Predicate = true> <Delay = 1.23> <CoreInst = "RAM">   --->   Core 82 'RAM' <Latency = 1> <II = 1> <Delay = 1.23> <Storage> <Opcode : 'load' 'store'> <Ports = 2> <Width = 64> <Depth = 101> <RAM>
ST_17 : Operation 67 [3/10] (7.06ns)   --->   "%tmp_s = call i64 @sin_or_cos<double>, i64 %x_assign_3, i1 1, i256 %ref_4oPi_table_256, i59 %fourth_order_double_sin_cos_K0, i52 %fourth_order_double_sin_cos_K1, i44 %fourth_order_double_sin_cos_K2, i33 %fourth_order_double_sin_cos_K3, i25 %fourth_order_double_sin_cos_K4" [C:\scratch\2024.1\hls_product\545\2024.1\src\shared\hls\clib\hlsmath\src\common\hls_hotbm_double.cpp:144->C:\scratch\2024.1\hls_product\545\2024.1\src\shared\hls\clib\hlsmath\src\c++\sincoshotbmdouble.cpp:15->C:\scratch\2024.1\hls_product\545\2024.1\src\shared\hls\clib\hlsmath\src\c++\sincoshotbmdouble.cpp:29->Coefficients.cpp:115->Coefficients.cpp:24]   --->   Operation 67 'call' 'tmp_s' <Predicate = (icmp_ln113)> <Delay = 7.06> <CoreType = "Generic">   --->   Core 0 '' <Latency = 0> <II = 1> <Delay = 1.00> <Generic> <Opcode : >

State 18 <SV = 17> <Delay = 7.06>
ST_18 : Operation 68 [1/2] (1.23ns)   --->   "%taps_load = load i7 %taps_addr" [Coefficients.cpp:115->Coefficients.cpp:24]   --->   Operation 68 'load' 'taps_load' <Predicate = true> <Delay = 1.23> <CoreInst = "RAM">   --->   Core 82 'RAM' <Latency = 1> <II = 1> <Delay = 1.23> <Storage> <Opcode : 'load' 'store'> <Ports = 2> <Width = 64> <Depth = 101> <RAM>
ST_18 : Operation 69 [2/10] (7.06ns)   --->   "%tmp_s = call i64 @sin_or_cos<double>, i64 %x_assign_3, i1 1, i256 %ref_4oPi_table_256, i59 %fourth_order_double_sin_cos_K0, i52 %fourth_order_double_sin_cos_K1, i44 %fourth_order_double_sin_cos_K2, i33 %fourth_order_double_sin_cos_K3, i25 %fourth_order_double_sin_cos_K4" [C:\scratch\2024.1\hls_product\545\2024.1\src\shared\hls\clib\hlsmath\src\common\hls_hotbm_double.cpp:144->C:\scratch\2024.1\hls_product\545\2024.1\src\shared\hls\clib\hlsmath\src\c++\sincoshotbmdouble.cpp:15->C:\scratch\2024.1\hls_product\545\2024.1\src\shared\hls\clib\hlsmath\src\c++\sincoshotbmdouble.cpp:29->Coefficients.cpp:115->Coefficients.cpp:24]   --->   Operation 69 'call' 'tmp_s' <Predicate = true> <Delay = 7.06> <CoreType = "Generic">   --->   Core 0 '' <Latency = 0> <II = 1> <Delay = 1.00> <Generic> <Opcode : >

State 19 <SV = 18> <Delay = 7.06>
ST_19 : Operation 70 [1/10] (7.06ns)   --->   "%tmp_s = call i64 @sin_or_cos<double>, i64 %x_assign_3, i1 1, i256 %ref_4oPi_table_256, i59 %fourth_order_double_sin_cos_K0, i52 %fourth_order_double_sin_cos_K1, i44 %fourth_order_double_sin_cos_K2, i33 %fourth_order_double_sin_cos_K3, i25 %fourth_order_double_sin_cos_K4" [C:\scratch\2024.1\hls_product\545\2024.1\src\shared\hls\clib\hlsmath\src\common\hls_hotbm_double.cpp:144->C:\scratch\2024.1\hls_product\545\2024.1\src\shared\hls\clib\hlsmath\src\c++\sincoshotbmdouble.cpp:15->C:\scratch\2024.1\hls_product\545\2024.1\src\shared\hls\clib\hlsmath\src\c++\sincoshotbmdouble.cpp:29->Coefficients.cpp:115->Coefficients.cpp:24]   --->   Operation 70 'call' 'tmp_s' <Predicate = true> <Delay = 7.06> <CoreType = "Generic">   --->   Core 0 '' <Latency = 0> <II = 1> <Delay = 1.00> <Generic> <Opcode : >

State 20 <SV = 19> <Delay = 7.04>
ST_20 : Operation 71 [5/5] (7.04ns)   --->   "%mul41_i = dmul i64 %taps_load, i64 %tmp_s" [Coefficients.cpp:115->Coefficients.cpp:24]   --->   Operation 71 'dmul' 'mul41_i' <Predicate = true> <Delay = 7.04> <CoreInst = "DMul_maxdsp">   --->   Core 49 'DMul_maxdsp' <Latency = 4> <II = 1> <Delay = 7.04> <FuncUnit> <Opcode : 'dmul'> <InPorts = 2> <OutPorts = 1>

State 21 <SV = 20> <Delay = 7.04>
ST_21 : Operation 72 [4/5] (7.04ns)   --->   "%mul41_i = dmul i64 %taps_load, i64 %tmp_s" [Coefficients.cpp:115->Coefficients.cpp:24]   --->   Operation 72 'dmul' 'mul41_i' <Predicate = true> <Delay = 7.04> <CoreInst = "DMul_maxdsp">   --->   Core 49 'DMul_maxdsp' <Latency = 4> <II = 1> <Delay = 7.04> <FuncUnit> <Opcode : 'dmul'> <InPorts = 2> <OutPorts = 1>

State 22 <SV = 21> <Delay = 7.04>
ST_22 : Operation 73 [3/5] (7.04ns)   --->   "%mul41_i = dmul i64 %taps_load, i64 %tmp_s" [Coefficients.cpp:115->Coefficients.cpp:24]   --->   Operation 73 'dmul' 'mul41_i' <Predicate = true> <Delay = 7.04> <CoreInst = "DMul_maxdsp">   --->   Core 49 'DMul_maxdsp' <Latency = 4> <II = 1> <Delay = 7.04> <FuncUnit> <Opcode : 'dmul'> <InPorts = 2> <OutPorts = 1>

State 23 <SV = 22> <Delay = 7.04>
ST_23 : Operation 74 [2/5] (7.04ns)   --->   "%mul41_i = dmul i64 %taps_load, i64 %tmp_s" [Coefficients.cpp:115->Coefficients.cpp:24]   --->   Operation 74 'dmul' 'mul41_i' <Predicate = true> <Delay = 7.04> <CoreInst = "DMul_maxdsp">   --->   Core 49 'DMul_maxdsp' <Latency = 4> <II = 1> <Delay = 7.04> <FuncUnit> <Opcode : 'dmul'> <InPorts = 2> <OutPorts = 1>

State 24 <SV = 23> <Delay = 7.04>
ST_24 : Operation 75 [1/5] (7.04ns)   --->   "%mul41_i = dmul i64 %taps_load, i64 %tmp_s" [Coefficients.cpp:115->Coefficients.cpp:24]   --->   Operation 75 'dmul' 'mul41_i' <Predicate = true> <Delay = 7.04> <CoreInst = "DMul_maxdsp">   --->   Core 49 'DMul_maxdsp' <Latency = 4> <II = 1> <Delay = 7.04> <FuncUnit> <Opcode : 'dmul'> <InPorts = 2> <OutPorts = 1>

State 25 <SV = 24> <Delay = 5.06>
ST_25 : Operation 76 [1/1] (0.00ns)   --->   "%gain_re_load = load i64 %gain_re" [Coefficients.cpp:115->Coefficients.cpp:24]   --->   Operation 76 'load' 'gain_re_load' <Predicate = true> <Delay = 0.00>
ST_25 : Operation 77 [5/5] (5.06ns)   --->   "%gain_re_1 = dadd i64 %gain_re_load, i64 %mul41_i" [Coefficients.cpp:115->Coefficients.cpp:24]   --->   Operation 77 'dadd' 'gain_re_1' <Predicate = true> <Delay = 5.06> <CoreInst = "DAddSub_fulldsp">   --->   Core 37 'DAddSub_fulldsp' <Latency = 4> <II = 1> <Delay = 5.06> <FuncUnit> <Opcode : 'dadd' 'dsub'> <InPorts = 2> <OutPorts = 1>
ST_25 : Operation 86 [1/1] (0.00ns)   --->   "%gain_re_load_1 = load i64 %gain_re"   --->   Operation 86 'load' 'gain_re_load_1' <Predicate = (!icmp_ln113)> <Delay = 0.00>
ST_25 : Operation 87 [1/1] (0.00ns)   --->   "%write_ln0 = write void @_ssdm_op_Write.ap_auto.doubleP0A, i64 %gain_re_out, i64 %gain_re_load_1"   --->   Operation 87 'write' 'write_ln0' <Predicate = (!icmp_ln113)> <Delay = 0.00>
ST_25 : Operation 88 [1/1] (0.42ns)   --->   "%ret_ln0 = ret"   --->   Operation 88 'ret' 'ret_ln0' <Predicate = (!icmp_ln113)> <Delay = 0.42>

State 26 <SV = 25> <Delay = 5.06>
ST_26 : Operation 78 [4/5] (5.06ns)   --->   "%gain_re_1 = dadd i64 %gain_re_load, i64 %mul41_i" [Coefficients.cpp:115->Coefficients.cpp:24]   --->   Operation 78 'dadd' 'gain_re_1' <Predicate = true> <Delay = 5.06> <CoreInst = "DAddSub_fulldsp">   --->   Core 37 'DAddSub_fulldsp' <Latency = 4> <II = 1> <Delay = 5.06> <FuncUnit> <Opcode : 'dadd' 'dsub'> <InPorts = 2> <OutPorts = 1>

State 27 <SV = 26> <Delay = 5.06>
ST_27 : Operation 79 [3/5] (5.06ns)   --->   "%gain_re_1 = dadd i64 %gain_re_load, i64 %mul41_i" [Coefficients.cpp:115->Coefficients.cpp:24]   --->   Operation 79 'dadd' 'gain_re_1' <Predicate = true> <Delay = 5.06> <CoreInst = "DAddSub_fulldsp">   --->   Core 37 'DAddSub_fulldsp' <Latency = 4> <II = 1> <Delay = 5.06> <FuncUnit> <Opcode : 'dadd' 'dsub'> <InPorts = 2> <OutPorts = 1>

State 28 <SV = 27> <Delay = 5.06>
ST_28 : Operation 80 [2/5] (5.06ns)   --->   "%gain_re_1 = dadd i64 %gain_re_load, i64 %mul41_i" [Coefficients.cpp:115->Coefficients.cpp:24]   --->   Operation 80 'dadd' 'gain_re_1' <Predicate = true> <Delay = 5.06> <CoreInst = "DAddSub_fulldsp">   --->   Core 37 'DAddSub_fulldsp' <Latency = 4> <II = 1> <Delay = 5.06> <FuncUnit> <Opcode : 'dadd' 'dsub'> <InPorts = 2> <OutPorts = 1>

State 29 <SV = 28> <Delay = 5.49>
ST_29 : Operation 81 [1/1] (0.00ns)   --->   "%specpipeline_ln114 = specpipeline void @_ssdm_op_SpecPipeline, i32 4294967295, i32 0, i32 0, i32 0, void @empty_0" [Coefficients.cpp:114->Coefficients.cpp:24]   --->   Operation 81 'specpipeline' 'specpipeline_ln114' <Predicate = true> <Delay = 0.00>
ST_29 : Operation 82 [1/1] (0.00ns)   --->   "%specloopname_ln113 = specloopname void @_ssdm_op_SpecLoopName, void @empty_17" [Coefficients.cpp:113->Coefficients.cpp:24]   --->   Operation 82 'specloopname' 'specloopname_ln113' <Predicate = true> <Delay = 0.00>
ST_29 : Operation 83 [1/5] (5.06ns)   --->   "%gain_re_1 = dadd i64 %gain_re_load, i64 %mul41_i" [Coefficients.cpp:115->Coefficients.cpp:24]   --->   Operation 83 'dadd' 'gain_re_1' <Predicate = true> <Delay = 5.06> <CoreInst = "DAddSub_fulldsp">   --->   Core 37 'DAddSub_fulldsp' <Latency = 4> <II = 1> <Delay = 5.06> <FuncUnit> <Opcode : 'dadd' 'dsub'> <InPorts = 2> <OutPorts = 1>
ST_29 : Operation 84 [1/1] (0.42ns)   --->   "%store_ln111 = store i64 %gain_re_1, i64 %gain_re" [Coefficients.cpp:111->Coefficients.cpp:24]   --->   Operation 84 'store' 'store_ln111' <Predicate = true> <Delay = 0.42>
ST_29 : Operation 85 [1/1] (0.00ns)   --->   "%br_ln113 = br void %for.inc43.i" [Coefficients.cpp:113->Coefficients.cpp:24]   --->   Operation 85 'br' 'br_ln113' <Predicate = true> <Delay = 0.00>


============================================================
+ Verbose Summary: Binding
============================================================
STG Binding: 
---------------- STG Properties BEGIN ----------------
- Is combinational: 0
- Is one-state seq: 0
- Is datapath-only: 0
- Is pipelined: 0
- Is top level: 0
Port [ Return ] is wired: 1; IO mode=ap_ctrl_hs:ce=0
Port [ p_reload120]:  wired=1; compound=0; hidden=0; nouse=0; global=0; static=0; extern=0; dir=0; type=0; pingpong=0; private_global=0; IO mode=ap_none:ce=0
Port [ taps]:  wired=1; compound=1; hidden=0; nouse=0; global=0; static=0; extern=0; dir=0; type=1; pingpong=0; private_global=0; MemPort=[13]; IO mode=ap_memory:ce=0
Port [ M]:  wired=1; compound=0; hidden=0; nouse=0; global=0; static=0; extern=0; dir=0; type=0; pingpong=0; private_global=0; IO mode=ap_none:ce=0
Port [ centerOmega]:  wired=1; compound=0; hidden=0; nouse=0; global=0; static=0; extern=0; dir=0; type=0; pingpong=0; private_global=0; IO mode=ap_none:ce=0
Port [ gain_re_out]:  wired=1; compound=0; hidden=0; nouse=0; global=0; static=0; extern=0; dir=1; type=0; pingpong=0; private_global=0; IO mode=ap_vld:ce=0
Port [ ref_4oPi_table_256]:  wired=0; compound=1; hidden=1; nouse=1; global=1; static=1; extern=0; dir=0; type=1; pingpong=0; private_global=0; MemPort=[1]; IO mode=ap_memory:ce=0
Port [ fourth_order_double_sin_cos_K0]:  wired=0; compound=1; hidden=1; nouse=1; global=1; static=1; extern=0; dir=0; type=1; pingpong=0; private_global=0; MemPort=[1]; IO mode=ap_memory:ce=0
Port [ fourth_order_double_sin_cos_K1]:  wired=0; compound=1; hidden=1; nouse=1; global=1; static=1; extern=0; dir=0; type=1; pingpong=0; private_global=0; MemPort=[1]; IO mode=ap_memory:ce=0
Port [ fourth_order_double_sin_cos_K2]:  wired=0; compound=1; hidden=1; nouse=1; global=1; static=1; extern=0; dir=0; type=1; pingpong=0; private_global=0; MemPort=[1]; IO mode=ap_memory:ce=0
Port [ fourth_order_double_sin_cos_K3]:  wired=0; compound=1; hidden=1; nouse=1; global=1; static=1; extern=0; dir=0; type=1; pingpong=0; private_global=0; MemPort=[1]; IO mode=ap_memory:ce=0
Port [ fourth_order_double_sin_cos_K4]:  wired=0; compound=1; hidden=1; nouse=1; global=1; static=1; extern=0; dir=0; type=1; pingpong=0; private_global=0; MemPort=[1]; IO mode=ap_memory:ce=0
---------------- STG Properties END ------------------

---------------- Datapath Model BEGIN ----------------

<LifeTime>
<method=bitvector/>
gain_re               (alloca           ) [ 011111111111111111111111111111]
i_2                   (alloca           ) [ 011110000000000000000000000000]
centerOmega_read      (read             ) [ 011111111100000000000000000000]
M_read                (read             ) [ 000000000000000000000000000000]
p_reload120_read      (read             ) [ 000000000000000000000000000000]
store_ln113           (store            ) [ 000000000000000000000000000000]
store_ln111           (store            ) [ 000000000000000000000000000000]
br_ln0                (br               ) [ 000000000000000000000000000000]
i                     (load             ) [ 011111111111111111000000000000]
zext_ln113_1          (zext             ) [ 000000000000000000000000000000]
icmp_ln113            (icmp             ) [ 011111111111111111111111110000]
br_ln113              (br               ) [ 000000000000000000000000000000]
sub_ln115             (sub              ) [ 001110000000000000000000000000]
speclooptripcount_ln0 (speclooptripcount) [ 000000000000000000000000000000]
add_ln113             (add              ) [ 000000000000000000000000000000]
conv38_i              (sitodp           ) [ 011111111100000000000000000000]
store_ln113           (store            ) [ 000000000000000000000000000000]
x_assign_3            (dmul             ) [ 011110000011111111110000000000]
zext_ln113            (zext             ) [ 000000000000000000000000000000]
taps_addr             (getelementptr    ) [ 001000000000000000100000000000]
taps_load             (load             ) [ 011110000000000000011111100000]
tmp_s                 (call             ) [ 011110000000000000001111100000]
mul41_i               (dmul             ) [ 011110000000000000000000011111]
gain_re_load          (load             ) [ 011110000000000000000000001111]
specpipeline_ln114    (specpipeline     ) [ 000000000000000000000000000000]
specloopname_ln113    (specloopname     ) [ 000000000000000000000000000000]
gain_re_1             (dadd             ) [ 000000000000000000000000000000]
store_ln111           (store            ) [ 000000000000000000000000000000]
br_ln113              (br               ) [ 000000000000000000000000000000]
gain_re_load_1        (load             ) [ 000000000000000000000000000000]
write_ln0             (write            ) [ 000000000000000000000000000000]
ret_ln0               (ret              ) [ 000000000000000000000000000000]
</LifeTime>

<model>

<comp_list>
<comp id="0" class="1000" name="p_reload120">
<pin_list>
<pin id="1" dir="1" index="0" bw="1" slack="0"/>
</pin_list>
<bind>
<StgValue><ssdm name="p_reload120"/></StgValue>
</bind>
</comp>

<comp id="2" class="1000" name="taps">
<pin_list>
<pin id="3" dir="1" index="0" bw="1" slack="0"/>
</pin_list>
<bind>
<StgValue><ssdm name="taps"/><MemPortTyVec>1 3 </MemPortTyVec>
</StgValue>
</bind>
</comp>

<comp id="4" class="1000" name="M">
<pin_list>
<pin id="5" dir="1" index="0" bw="1" slack="0"/>
</pin_list>
<bind>
<StgValue><ssdm name="M"/></StgValue>
</bind>
</comp>

<comp id="6" class="1000" name="centerOmega">
<pin_list>
<pin id="7" dir="1" index="0" bw="1" slack="0"/>
</pin_list>
<bind>
<StgValue><ssdm name="centerOmega"/></StgValue>
</bind>
</comp>

<comp id="8" class="1000" name="gain_re_out">
<pin_list>
<pin id="9" dir="1" index="0" bw="1" slack="0"/>
</pin_list>
<bind>
<StgValue><ssdm name="gain_re_out"/></StgValue>
</bind>
</comp>

<comp id="10" class="1000" name="ref_4oPi_table_256">
<pin_list>
<pin id="11" dir="1" index="0" bw="1" slack="0"/>
</pin_list>
<bind>
<StgValue><ssdm name="ref_4oPi_table_256"/><MemPortTyVec>1 </MemPortTyVec>
</StgValue>
</bind>
</comp>

<comp id="12" class="1000" name="fourth_order_double_sin_cos_K0">
<pin_list>
<pin id="13" dir="1" index="0" bw="1" slack="0"/>
</pin_list>
<bind>
<StgValue><ssdm name="fourth_order_double_sin_cos_K0"/><MemPortTyVec>1 </MemPortTyVec>
</StgValue>
</bind>
</comp>

<comp id="14" class="1000" name="fourth_order_double_sin_cos_K1">
<pin_list>
<pin id="15" dir="1" index="0" bw="1" slack="0"/>
</pin_list>
<bind>
<StgValue><ssdm name="fourth_order_double_sin_cos_K1"/><MemPortTyVec>1 </MemPortTyVec>
</StgValue>
</bind>
</comp>

<comp id="16" class="1000" name="fourth_order_double_sin_cos_K2">
<pin_list>
<pin id="17" dir="1" index="0" bw="1" slack="0"/>
</pin_list>
<bind>
<StgValue><ssdm name="fourth_order_double_sin_cos_K2"/><MemPortTyVec>1 </MemPortTyVec>
</StgValue>
</bind>
</comp>

<comp id="18" class="1000" name="fourth_order_double_sin_cos_K3">
<pin_list>
<pin id="19" dir="1" index="0" bw="1" slack="0"/>
</pin_list>
<bind>
<StgValue><ssdm name="fourth_order_double_sin_cos_K3"/><MemPortTyVec>1 </MemPortTyVec>
</StgValue>
</bind>
</comp>

<comp id="20" class="1000" name="fourth_order_double_sin_cos_K4">
<pin_list>
<pin id="21" dir="1" index="0" bw="1" slack="0"/>
</pin_list>
<bind>
<StgValue><ssdm name="fourth_order_double_sin_cos_K4"/><MemPortTyVec>1 </MemPortTyVec>
</StgValue>
</bind>
</comp>

<comp id="22" class="1001" name="const_22">
<pin_list>
<pin id="23" dir="1" index="0" bw="1" slack="0"/>
</pin_list>
<bind>
<StgValue><ssdm name=""/></StgValue>
</bind>
</comp>

<comp id="24" class="1001" name="const_24">
<pin_list>
<pin id="25" dir="1" index="0" bw="1" slack="0"/>
</pin_list>
<bind>
<StgValue><ssdm name="_ssdm_op_Read.ap_auto.double"/></StgValue>
</bind>
</comp>

<comp id="26" class="1001" name="const_26">
<pin_list>
<pin id="27" dir="1" index="0" bw="1" slack="0"/>
</pin_list>
<bind>
<StgValue><ssdm name="_ssdm_op_Read.ap_auto.i32"/></StgValue>
</bind>
</comp>

<comp id="28" class="1001" name="const_28">
<pin_list>
<pin id="29" dir="1" index="0" bw="1" slack="0"/>
</pin_list>
<bind>
<StgValue><ssdm name=""/></StgValue>
</bind>
</comp>

<comp id="30" class="1001" name="const_30">
<pin_list>
<pin id="31" dir="1" index="0" bw="1" slack="0"/>
</pin_list>
<bind>
<StgValue><ssdm name=""/></StgValue>
</bind>
</comp>

<comp id="32" class="1001" name="const_32">
<pin_list>
<pin id="33" dir="1" index="0" bw="1" slack="2147483647"/>
</pin_list>
<bind>
<StgValue><ssdm name="_ssdm_op_SpecLoopTripCount"/></StgValue>
</bind>
</comp>

<comp id="34" class="1001" name="const_34">
<pin_list>
<pin id="35" dir="1" index="0" bw="1" slack="0"/>
</pin_list>
<bind>
<StgValue><ssdm name=""/></StgValue>
</bind>
</comp>

<comp id="36" class="1001" name="const_36">
<pin_list>
<pin id="37" dir="1" index="0" bw="1" slack="2147483647"/>
</pin_list>
<bind>
<StgValue><ssdm name=""/></StgValue>
</bind>
</comp>

<comp id="38" class="1001" name="const_38">
<pin_list>
<pin id="39" dir="1" index="0" bw="1" slack="0"/>
</pin_list>
<bind>
<StgValue><ssdm name=""/></StgValue>
</bind>
</comp>

<comp id="40" class="1001" name="const_40">
<pin_list>
<pin id="41" dir="1" index="0" bw="1" slack="0"/>
</pin_list>
<bind>
<StgValue><ssdm name="sin_or_cos<double>"/></StgValue>
</bind>
</comp>

<comp id="42" class="1001" name="const_42">
<pin_list>
<pin id="43" dir="1" index="0" bw="1" slack="0"/>
</pin_list>
<bind>
<StgValue><ssdm name=""/></StgValue>
</bind>
</comp>

<comp id="44" class="1001" name="const_44">
<pin_list>
<pin id="45" dir="1" index="0" bw="1" slack="2147483647"/>
</pin_list>
<bind>
<StgValue><ssdm name="_ssdm_op_SpecPipeline"/></StgValue>
</bind>
</comp>

<comp id="46" class="1001" name="const_46">
<pin_list>
<pin id="47" dir="1" index="0" bw="1" slack="2147483647"/>
</pin_list>
<bind>
<StgValue><ssdm name=""/></StgValue>
</bind>
</comp>

<comp id="48" class="1001" name="const_48">
<pin_list>
<pin id="49" dir="1" index="0" bw="1" slack="2147483647"/>
</pin_list>
<bind>
<StgValue><ssdm name=""/></StgValue>
</bind>
</comp>

<comp id="50" class="1001" name="const_50">
<pin_list>
<pin id="51" dir="1" index="0" bw="1" slack="2147483647"/>
</pin_list>
<bind>
<StgValue><ssdm name="empty_0"/></StgValue>
</bind>
</comp>

<comp id="52" class="1001" name="const_52">
<pin_list>
<pin id="53" dir="1" index="0" bw="1" slack="2147483647"/>
</pin_list>
<bind>
<StgValue><ssdm name="_ssdm_op_SpecLoopName"/></StgValue>
</bind>
</comp>

<comp id="54" class="1001" name="const_54">
<pin_list>
<pin id="55" dir="1" index="0" bw="1" slack="2147483647"/>
</pin_list>
<bind>
<StgValue><ssdm name="empty_17"/></StgValue>
</bind>
</comp>

<comp id="56" class="1001" name="const_56">
<pin_list>
<pin id="57" dir="1" index="0" bw="1" slack="0"/>
</pin_list>
<bind>
<StgValue><ssdm name="_ssdm_op_Write.ap_auto.doubleP0A"/></StgValue>
</bind>
</comp>

<comp id="58" class="1004" name="gain_re_fu_58">
<pin_list>
<pin id="59" dir="0" index="0" bw="1" slack="0"/>
<pin id="60" dir="1" index="1" bw="64" slack="0"/>
</pin_list>
<bind>
<opcode="alloca(26) " fcode="alloca"/>
<opset="gain_re/1 "/>
</bind>
</comp>

<comp id="62" class="1004" name="i_2_fu_62">
<pin_list>
<pin id="63" dir="0" index="0" bw="1" slack="0"/>
<pin id="64" dir="1" index="1" bw="7" slack="0"/>
</pin_list>
<bind>
<opcode="alloca(26) " fcode="alloca"/>
<opset="i_2/1 "/>
</bind>
</comp>

<comp id="66" class="1004" name="centerOmega_read_read_fu_66">
<pin_list>
<pin id="67" dir="0" index="0" bw="64" slack="0"/>
<pin id="68" dir="0" index="1" bw="64" slack="0"/>
<pin id="69" dir="1" index="2" bw="64" slack="4"/>
</pin_list>
<bind>
<opcode="read(1150) " fcode="read"/>
<opset="centerOmega_read/1 "/>
</bind>
</comp>

<comp id="72" class="1004" name="M_read_read_fu_72">
<pin_list>
<pin id="73" dir="0" index="0" bw="32" slack="0"/>
<pin id="74" dir="0" index="1" bw="32" slack="0"/>
<pin id="75" dir="1" index="2" bw="32" slack="0"/>
</pin_list>
<bind>
<opcode="read(1150) " fcode="read"/>
<opset="M_read/1 "/>
</bind>
</comp>

<comp id="78" class="1004" name="p_reload120_read_read_fu_78">
<pin_list>
<pin id="79" dir="0" index="0" bw="32" slack="0"/>
<pin id="80" dir="0" index="1" bw="32" slack="0"/>
<pin id="81" dir="1" index="2" bw="32" slack="0"/>
</pin_list>
<bind>
<opcode="read(1150) " fcode="read"/>
<opset="p_reload120_read/1 "/>
</bind>
</comp>

<comp id="84" class="1004" name="write_ln0_write_fu_84">
<pin_list>
<pin id="85" dir="0" index="0" bw="0" slack="0"/>
<pin id="86" dir="0" index="1" bw="64" slack="0"/>
<pin id="87" dir="0" index="2" bw="64" slack="0"/>
<pin id="88" dir="1" index="3" bw="0" slack="2147483647"/>
</pin_list>
<bind>
<opcode="write(1151) " fcode="write"/>
<opset="write_ln0/25 "/>
</bind>
</comp>

<comp id="91" class="1004" name="taps_addr_gep_fu_91">
<pin_list>
<pin id="92" dir="0" index="0" bw="64" slack="0"/>
<pin id="93" dir="0" index="1" bw="1" slack="0"/>
<pin id="94" dir="0" index="2" bw="7" slack="0"/>
<pin id="95" dir="1" index="3" bw="7" slack="0"/>
</pin_list>
<bind>
<opcode="getelementptr(29) " fcode="getelementptr"/>
<opset="taps_addr/17 "/>
</bind>
</comp>

<comp id="98" class="1004" name="grp_access_fu_98">
<pin_list>
<pin id="99" dir="0" index="0" bw="7" slack="0"/>
<pin id="100" dir="0" index="1" bw="64" slack="2147483647"/>
<pin id="101" dir="0" index="2" bw="0" slack="2147483647"/>
<pin id="102" dir="1" index="3" bw="64" slack="2"/>
</pin_list>
<bind>
<opcode="load(27) " fcode="load"/>
<opset="taps_load/17 "/>
</bind>
</comp>

<comp id="104" class="1004" name="grp_sin_or_cos_double_s_fu_104">
<pin_list>
<pin id="105" dir="0" index="0" bw="64" slack="0"/>
<pin id="106" dir="0" index="1" bw="64" slack="1"/>
<pin id="107" dir="0" index="2" bw="1" slack="0"/>
<pin id="108" dir="0" index="3" bw="256" slack="0"/>
<pin id="109" dir="0" index="4" bw="59" slack="0"/>
<pin id="110" dir="0" index="5" bw="52" slack="0"/>
<pin id="111" dir="0" index="6" bw="44" slack="0"/>
<pin id="112" dir="0" index="7" bw="33" slack="0"/>
<pin id="113" dir="0" index="8" bw="25" slack="0"/>
<pin id="114" dir="1" index="9" bw="64" slack="1"/>
</pin_list>
<bind>
<opcode="call(48) " fcode="call"/>
<opset="tmp_s/10 "/>
</bind>
</comp>

<comp id="123" class="1004" name="grp_fu_123">
<pin_list>
<pin id="124" dir="0" index="0" bw="64" slack="0"/>
<pin id="125" dir="0" index="1" bw="64" slack="1"/>
<pin id="126" dir="1" index="2" bw="64" slack="0"/>
</pin_list>
<bind>
<opcode="dadd(508) " fcode="dadd"/>
<opset="gain_re_1/25 "/>
</bind>
</comp>

<comp id="127" class="1004" name="grp_fu_127">
<pin_list>
<pin id="128" dir="0" index="0" bw="64" slack="2"/>
<pin id="129" dir="0" index="1" bw="64" slack="1"/>
<pin id="130" dir="1" index="2" bw="64" slack="1"/>
</pin_list>
<bind>
<opcode="dmul(510) " fcode="dmul"/>
<opset="x_assign_3/5 mul41_i/20 "/>
</bind>
</comp>

<comp id="131" class="1004" name="grp_fu_131">
<pin_list>
<pin id="132" dir="0" index="0" bw="32" slack="0"/>
<pin id="133" dir="1" index="1" bw="64" slack="1"/>
</pin_list>
<bind>
<opcode="sitodp(517) " fcode="sitodp"/>
<opset="conv38_i/1 "/>
</bind>
</comp>

<comp id="134" class="1004" name="store_ln113_store_fu_134">
<pin_list>
<pin id="135" dir="0" index="0" bw="1" slack="0"/>
<pin id="136" dir="0" index="1" bw="7" slack="0"/>
<pin id="137" dir="1" index="2" bw="0" slack="2147483647"/>
</pin_list>
<bind>
<opcode="store(28) " fcode="store"/>
<opset="store_ln113/1 "/>
</bind>
</comp>

<comp id="139" class="1004" name="store_ln111_store_fu_139">
<pin_list>
<pin id="140" dir="0" index="0" bw="64" slack="0"/>
<pin id="141" dir="0" index="1" bw="64" slack="0"/>
<pin id="142" dir="1" index="2" bw="0" slack="2147483647"/>
</pin_list>
<bind>
<opcode="store(28) " fcode="store"/>
<opset="store_ln111/1 "/>
</bind>
</comp>

<comp id="144" class="1004" name="i_load_fu_144">
<pin_list>
<pin id="145" dir="0" index="0" bw="7" slack="0"/>
<pin id="146" dir="1" index="1" bw="7" slack="0"/>
</pin_list>
<bind>
<opcode="load(27) " fcode="load"/>
<opset="i/1 "/>
</bind>
</comp>

<comp id="147" class="1004" name="zext_ln113_1_fu_147">
<pin_list>
<pin id="148" dir="0" index="0" bw="7" slack="0"/>
<pin id="149" dir="1" index="1" bw="32" slack="0"/>
</pin_list>
<bind>
<opcode="zext(34) " fcode="zext"/>
<opset="zext_ln113_1/1 "/>
</bind>
</comp>

<comp id="151" class="1004" name="icmp_ln113_fu_151">
<pin_list>
<pin id="152" dir="0" index="0" bw="7" slack="0"/>
<pin id="153" dir="0" index="1" bw="32" slack="0"/>
<pin id="154" dir="1" index="2" bw="1" slack="1"/>
</pin_list>
<bind>
<opcode="icmp(45) " fcode="icmp"/>
<opset="icmp_ln113/1 "/>
</bind>
</comp>

<comp id="157" class="1004" name="sub_ln115_fu_157">
<pin_list>
<pin id="158" dir="0" index="0" bw="7" slack="0"/>
<pin id="159" dir="0" index="1" bw="32" slack="0"/>
<pin id="160" dir="1" index="2" bw="32" slack="0"/>
</pin_list>
<bind>
<opcode="sub(10) " fcode="sub"/>
<opset="sub_ln115/1 "/>
</bind>
</comp>

<comp id="164" class="1004" name="add_ln113_fu_164">
<pin_list>
<pin id="165" dir="0" index="0" bw="7" slack="3"/>
<pin id="166" dir="0" index="1" bw="1" slack="0"/>
<pin id="167" dir="1" index="2" bw="7" slack="0"/>
</pin_list>
<bind>
<opcode="add(8) " fcode="add"/>
<opset="add_ln113/4 "/>
</bind>
</comp>

<comp id="169" class="1004" name="store_ln113_store_fu_169">
<pin_list>
<pin id="170" dir="0" index="0" bw="7" slack="0"/>
<pin id="171" dir="0" index="1" bw="7" slack="3"/>
<pin id="172" dir="1" index="2" bw="0" slack="2147483647"/>
</pin_list>
<bind>
<opcode="store(28) " fcode="store"/>
<opset="store_ln113/4 "/>
</bind>
</comp>

<comp id="174" class="1004" name="zext_ln113_fu_174">
<pin_list>
<pin id="175" dir="0" index="0" bw="7" slack="16"/>
<pin id="176" dir="1" index="1" bw="64" slack="0"/>
</pin_list>
<bind>
<opcode="zext(34) " fcode="zext"/>
<opset="zext_ln113/17 "/>
</bind>
</comp>

<comp id="178" class="1004" name="gain_re_load_load_fu_178">
<pin_list>
<pin id="179" dir="0" index="0" bw="64" slack="24"/>
<pin id="180" dir="1" index="1" bw="64" slack="0"/>
</pin_list>
<bind>
<opcode="load(27) " fcode="load"/>
<opset="gain_re_load/25 "/>
</bind>
</comp>

<comp id="182" class="1004" name="store_ln111_store_fu_182">
<pin_list>
<pin id="183" dir="0" index="0" bw="64" slack="0"/>
<pin id="184" dir="0" index="1" bw="64" slack="28"/>
<pin id="185" dir="1" index="2" bw="0" slack="2147483647"/>
</pin_list>
<bind>
<opcode="store(28) " fcode="store"/>
<opset="store_ln111/29 "/>
</bind>
</comp>

<comp id="187" class="1004" name="gain_re_load_1_load_fu_187">
<pin_list>
<pin id="188" dir="0" index="0" bw="64" slack="24"/>
<pin id="189" dir="1" index="1" bw="64" slack="0"/>
</pin_list>
<bind>
<opcode="load(27) " fcode="load"/>
<opset="gain_re_load_1/25 "/>
</bind>
</comp>

<comp id="191" class="1005" name="gain_re_reg_191">
<pin_list>
<pin id="192" dir="0" index="0" bw="64" slack="0"/>
<pin id="193" dir="1" index="1" bw="64" slack="0"/>
</pin_list>
<bind>
<opset="gain_re "/>
</bind>
</comp>

<comp id="199" class="1005" name="i_2_reg_199">
<pin_list>
<pin id="200" dir="0" index="0" bw="7" slack="0"/>
<pin id="201" dir="1" index="1" bw="7" slack="0"/>
</pin_list>
<bind>
<opset="i_2 "/>
</bind>
</comp>

<comp id="206" class="1005" name="centerOmega_read_reg_206">
<pin_list>
<pin id="207" dir="0" index="0" bw="64" slack="4"/>
<pin id="208" dir="1" index="1" bw="64" slack="4"/>
</pin_list>
<bind>
<opset="centerOmega_read "/>
</bind>
</comp>

<comp id="211" class="1005" name="i_reg_211">
<pin_list>
<pin id="212" dir="0" index="0" bw="7" slack="3"/>
<pin id="213" dir="1" index="1" bw="7" slack="3"/>
</pin_list>
<bind>
<opset="i "/>
</bind>
</comp>

<comp id="217" class="1005" name="icmp_ln113_reg_217">
<pin_list>
<pin id="218" dir="0" index="0" bw="1" slack="1"/>
<pin id="219" dir="1" index="1" bw="1" slack="2147483647"/>
</pin_list>
<bind>
<opset="icmp_ln113 "/>
</bind>
</comp>

<comp id="221" class="1005" name="sub_ln115_reg_221">
<pin_list>
<pin id="222" dir="0" index="0" bw="32" slack="1"/>
<pin id="223" dir="1" index="1" bw="32" slack="1"/>
</pin_list>
<bind>
<opset="sub_ln115 "/>
</bind>
</comp>

<comp id="226" class="1005" name="conv38_i_reg_226">
<pin_list>
<pin id="227" dir="0" index="0" bw="64" slack="1"/>
<pin id="228" dir="1" index="1" bw="64" slack="1"/>
</pin_list>
<bind>
<opset="conv38_i "/>
</bind>
</comp>

<comp id="231" class="1005" name="x_assign_3_reg_231">
<pin_list>
<pin id="232" dir="0" index="0" bw="64" slack="1"/>
<pin id="233" dir="1" index="1" bw="64" slack="1"/>
</pin_list>
<bind>
<opset="x_assign_3 "/>
</bind>
</comp>

<comp id="236" class="1005" name="taps_addr_reg_236">
<pin_list>
<pin id="237" dir="0" index="0" bw="7" slack="1"/>
<pin id="238" dir="1" index="1" bw="7" slack="1"/>
</pin_list>
<bind>
<opset="taps_addr "/>
</bind>
</comp>

<comp id="241" class="1005" name="taps_load_reg_241">
<pin_list>
<pin id="242" dir="0" index="0" bw="64" slack="2"/>
<pin id="243" dir="1" index="1" bw="64" slack="2"/>
</pin_list>
<bind>
<opset="taps_load "/>
</bind>
</comp>

<comp id="246" class="1005" name="tmp_s_reg_246">
<pin_list>
<pin id="247" dir="0" index="0" bw="64" slack="1"/>
<pin id="248" dir="1" index="1" bw="64" slack="1"/>
</pin_list>
<bind>
<opset="tmp_s "/>
</bind>
</comp>

<comp id="251" class="1005" name="mul41_i_reg_251">
<pin_list>
<pin id="252" dir="0" index="0" bw="64" slack="1"/>
<pin id="253" dir="1" index="1" bw="64" slack="1"/>
</pin_list>
<bind>
<opset="mul41_i "/>
</bind>
</comp>

<comp id="256" class="1005" name="gain_re_load_reg_256">
<pin_list>
<pin id="257" dir="0" index="0" bw="64" slack="1"/>
<pin id="258" dir="1" index="1" bw="64" slack="1"/>
</pin_list>
<bind>
<opset="gain_re_load "/>
</bind>
</comp>

</comp_list>

<net_list>
<net id="61"><net_src comp="22" pin="0"/><net_sink comp="58" pin=0"/></net>

<net id="65"><net_src comp="22" pin="0"/><net_sink comp="62" pin=0"/></net>

<net id="70"><net_src comp="24" pin="0"/><net_sink comp="66" pin=0"/></net>

<net id="71"><net_src comp="6" pin="0"/><net_sink comp="66" pin=1"/></net>

<net id="76"><net_src comp="26" pin="0"/><net_sink comp="72" pin=0"/></net>

<net id="77"><net_src comp="4" pin="0"/><net_sink comp="72" pin=1"/></net>

<net id="82"><net_src comp="26" pin="0"/><net_sink comp="78" pin=0"/></net>

<net id="83"><net_src comp="0" pin="0"/><net_sink comp="78" pin=1"/></net>

<net id="89"><net_src comp="56" pin="0"/><net_sink comp="84" pin=0"/></net>

<net id="90"><net_src comp="8" pin="0"/><net_sink comp="84" pin=1"/></net>

<net id="96"><net_src comp="2" pin="0"/><net_sink comp="91" pin=0"/></net>

<net id="97"><net_src comp="34" pin="0"/><net_sink comp="91" pin=1"/></net>

<net id="103"><net_src comp="91" pin="3"/><net_sink comp="98" pin=0"/></net>

<net id="115"><net_src comp="40" pin="0"/><net_sink comp="104" pin=0"/></net>

<net id="116"><net_src comp="42" pin="0"/><net_sink comp="104" pin=2"/></net>

<net id="117"><net_src comp="10" pin="0"/><net_sink comp="104" pin=3"/></net>

<net id="118"><net_src comp="12" pin="0"/><net_sink comp="104" pin=4"/></net>

<net id="119"><net_src comp="14" pin="0"/><net_sink comp="104" pin=5"/></net>

<net id="120"><net_src comp="16" pin="0"/><net_sink comp="104" pin=6"/></net>

<net id="121"><net_src comp="18" pin="0"/><net_sink comp="104" pin=7"/></net>

<net id="122"><net_src comp="20" pin="0"/><net_sink comp="104" pin=8"/></net>

<net id="138"><net_src comp="28" pin="0"/><net_sink comp="134" pin=0"/></net>

<net id="143"><net_src comp="30" pin="0"/><net_sink comp="139" pin=0"/></net>

<net id="150"><net_src comp="144" pin="1"/><net_sink comp="147" pin=0"/></net>

<net id="155"><net_src comp="147" pin="1"/><net_sink comp="151" pin=0"/></net>

<net id="156"><net_src comp="78" pin="2"/><net_sink comp="151" pin=1"/></net>

<net id="161"><net_src comp="147" pin="1"/><net_sink comp="157" pin=0"/></net>

<net id="162"><net_src comp="72" pin="2"/><net_sink comp="157" pin=1"/></net>

<net id="163"><net_src comp="157" pin="2"/><net_sink comp="131" pin=0"/></net>

<net id="168"><net_src comp="38" pin="0"/><net_sink comp="164" pin=1"/></net>

<net id="173"><net_src comp="164" pin="2"/><net_sink comp="169" pin=0"/></net>

<net id="177"><net_src comp="174" pin="1"/><net_sink comp="91" pin=2"/></net>

<net id="181"><net_src comp="178" pin="1"/><net_sink comp="123" pin=0"/></net>

<net id="186"><net_src comp="123" pin="2"/><net_sink comp="182" pin=0"/></net>

<net id="190"><net_src comp="187" pin="1"/><net_sink comp="84" pin=2"/></net>

<net id="194"><net_src comp="58" pin="1"/><net_sink comp="191" pin=0"/></net>

<net id="195"><net_src comp="191" pin="1"/><net_sink comp="139" pin=1"/></net>

<net id="196"><net_src comp="191" pin="1"/><net_sink comp="178" pin=0"/></net>

<net id="197"><net_src comp="191" pin="1"/><net_sink comp="182" pin=1"/></net>

<net id="198"><net_src comp="191" pin="1"/><net_sink comp="187" pin=0"/></net>

<net id="202"><net_src comp="62" pin="1"/><net_sink comp="199" pin=0"/></net>

<net id="203"><net_src comp="199" pin="1"/><net_sink comp="134" pin=1"/></net>

<net id="204"><net_src comp="199" pin="1"/><net_sink comp="144" pin=0"/></net>

<net id="205"><net_src comp="199" pin="1"/><net_sink comp="169" pin=1"/></net>

<net id="209"><net_src comp="66" pin="2"/><net_sink comp="206" pin=0"/></net>

<net id="210"><net_src comp="206" pin="1"/><net_sink comp="127" pin=0"/></net>

<net id="214"><net_src comp="144" pin="1"/><net_sink comp="211" pin=0"/></net>

<net id="215"><net_src comp="211" pin="1"/><net_sink comp="164" pin=0"/></net>

<net id="216"><net_src comp="211" pin="1"/><net_sink comp="174" pin=0"/></net>

<net id="220"><net_src comp="151" pin="2"/><net_sink comp="217" pin=0"/></net>

<net id="224"><net_src comp="157" pin="2"/><net_sink comp="221" pin=0"/></net>

<net id="225"><net_src comp="221" pin="1"/><net_sink comp="131" pin=0"/></net>

<net id="229"><net_src comp="131" pin="1"/><net_sink comp="226" pin=0"/></net>

<net id="230"><net_src comp="226" pin="1"/><net_sink comp="127" pin=1"/></net>

<net id="234"><net_src comp="127" pin="2"/><net_sink comp="231" pin=0"/></net>

<net id="235"><net_src comp="231" pin="1"/><net_sink comp="104" pin=1"/></net>

<net id="239"><net_src comp="91" pin="3"/><net_sink comp="236" pin=0"/></net>

<net id="240"><net_src comp="236" pin="1"/><net_sink comp="98" pin=0"/></net>

<net id="244"><net_src comp="98" pin="3"/><net_sink comp="241" pin=0"/></net>

<net id="245"><net_src comp="241" pin="1"/><net_sink comp="127" pin=0"/></net>

<net id="249"><net_src comp="104" pin="9"/><net_sink comp="246" pin=0"/></net>

<net id="250"><net_src comp="246" pin="1"/><net_sink comp="127" pin=1"/></net>

<net id="254"><net_src comp="127" pin="2"/><net_sink comp="251" pin=0"/></net>

<net id="255"><net_src comp="251" pin="1"/><net_sink comp="123" pin=1"/></net>

<net id="259"><net_src comp="178" pin="1"/><net_sink comp="256" pin=0"/></net>

<net id="260"><net_src comp="256" pin="1"/><net_sink comp="123" pin=0"/></net>

</net_list>

</model> 
---------------- Datapath Model END ------------------

* FSMD analyzer results:
  - Output states:
	Port: gain_re_out | {25 }
 - Input state : 
	Port: firTop_Pipeline_VITIS_LOOP_113_2 : p_reload120 | {1 }
	Port: firTop_Pipeline_VITIS_LOOP_113_2 : taps | {17 18 }
	Port: firTop_Pipeline_VITIS_LOOP_113_2 : M | {1 }
	Port: firTop_Pipeline_VITIS_LOOP_113_2 : centerOmega | {1 }
	Port: firTop_Pipeline_VITIS_LOOP_113_2 : ref_4oPi_table_256 | {10 11 }
	Port: firTop_Pipeline_VITIS_LOOP_113_2 : fourth_order_double_sin_cos_K0 | {15 16 }
	Port: firTop_Pipeline_VITIS_LOOP_113_2 : fourth_order_double_sin_cos_K1 | {15 16 }
	Port: firTop_Pipeline_VITIS_LOOP_113_2 : fourth_order_double_sin_cos_K2 | {15 16 }
	Port: firTop_Pipeline_VITIS_LOOP_113_2 : fourth_order_double_sin_cos_K3 | {15 16 }
	Port: firTop_Pipeline_VITIS_LOOP_113_2 : fourth_order_double_sin_cos_K4 | {15 16 }
  - Chain level:
	State 1
		store_ln113 : 1
		store_ln111 : 1
		i : 1
		zext_ln113_1 : 2
		icmp_ln113 : 3
		br_ln113 : 4
		sub_ln115 : 3
		conv38_i : 4
	State 2
	State 3
	State 4
		store_ln113 : 1
	State 5
	State 6
	State 7
	State 8
	State 9
	State 10
	State 11
	State 12
	State 13
	State 14
	State 15
	State 16
	State 17
		taps_addr : 1
		taps_load : 2
	State 18
	State 19
	State 20
	State 21
	State 22
	State 23
	State 24
	State 25
		gain_re_1 : 1
		write_ln0 : 1
	State 26
	State 27
	State 28
	State 29
		store_ln111 : 1


============================================================
+ Verbose Summary: Datapath Resource usage 
============================================================

* Functional unit list:
|----------|--------------------------------|---------|---------|---------|---------|
| Operation|         Functional Unit        |   DSP   |  Delay  |    FF   |   LUT   |
|----------|--------------------------------|---------|---------|---------|---------|
|   call   | grp_sin_or_cos_double_s_fu_104 |    91   |  3.416  |   1518  |   4710  |
|----------|--------------------------------|---------|---------|---------|---------|
|   dadd   |           grp_fu_123           |    3    |    0    |   445   |   782   |
|----------|--------------------------------|---------|---------|---------|---------|
|   dmul   |           grp_fu_127           |    11   |    0    |   299   |   203   |
|----------|--------------------------------|---------|---------|---------|---------|
|   icmp   |        icmp_ln113_fu_151       |    0    |    0    |    0    |    39   |
|----------|--------------------------------|---------|---------|---------|---------|
|    sub   |        sub_ln115_fu_157        |    0    |    0    |    0    |    39   |
|----------|--------------------------------|---------|---------|---------|---------|
|    add   |        add_ln113_fu_164        |    0    |    0    |    0    |    14   |
|----------|--------------------------------|---------|---------|---------|---------|
|          |   centerOmega_read_read_fu_66  |    0    |    0    |    0    |    0    |
|   read   |        M_read_read_fu_72       |    0    |    0    |    0    |    0    |
|          |   p_reload120_read_read_fu_78  |    0    |    0    |    0    |    0    |
|----------|--------------------------------|---------|---------|---------|---------|
|   write  |      write_ln0_write_fu_84     |    0    |    0    |    0    |    0    |
|----------|--------------------------------|---------|---------|---------|---------|
|  sitodp  |           grp_fu_131           |    0    |    0    |    0    |    0    |
|----------|--------------------------------|---------|---------|---------|---------|
|   zext   |       zext_ln113_1_fu_147      |    0    |    0    |    0    |    0    |
|          |        zext_ln113_fu_174       |    0    |    0    |    0    |    0    |
|----------|--------------------------------|---------|---------|---------|---------|
|   Total  |                                |   105   |  3.416  |   2262  |   5787  |
|----------|--------------------------------|---------|---------|---------|---------|

Memories:
N/A

* Register list:
+------------------------+--------+
|                        |   FF   |
+------------------------+--------+
|centerOmega_read_reg_206|   64   |
|    conv38_i_reg_226    |   64   |
|  gain_re_load_reg_256  |   64   |
|     gain_re_reg_191    |   64   |
|       i_2_reg_199      |    7   |
|        i_reg_211       |    7   |
|   icmp_ln113_reg_217   |    1   |
|     mul41_i_reg_251    |   64   |
|    sub_ln115_reg_221   |   32   |
|    taps_addr_reg_236   |    7   |
|    taps_load_reg_241   |   64   |
|      tmp_s_reg_246     |   64   |
|   x_assign_3_reg_231   |   64   |
+------------------------+--------+
|          Total         |   566  |
+------------------------+--------+

* Multiplexer (MUX) list: 
|------------------|------|------|------|--------||---------||---------||---------|
|       Comp       |  Pin | Size |  BW  | S x BW ||  Delay  ||    FF   ||   LUT   |
|------------------|------|------|------|--------||---------||---------||---------|
| grp_access_fu_98 |  p0  |   2  |   7  |   14   ||    0    ||    9    |
|    grp_fu_123    |  p0  |   2  |  64  |   128  ||    0    ||    9    |
|    grp_fu_127    |  p0  |   2  |  64  |   128  ||    0    ||    9    |
|    grp_fu_127    |  p1  |   2  |  64  |   128  ||    0    ||    9    |
|    grp_fu_131    |  p0  |   2  |  32  |   64   ||    0    ||    9    |
|------------------|------|------|------|--------||---------||---------||---------|
|       Total      |      |      |      |   462  ||  2.135  ||    0    ||    45   |
|------------------|------|------|------|--------||---------||---------||---------|



* Summary:
+-----------+--------+--------+--------+--------+
|           |   DSP  |  Delay |   FF   |   LUT  |
+-----------+--------+--------+--------+--------+
|  Function |   105  |    3   |  2262  |  5787  |
|   Memory  |    -   |    -   |    -   |    -   |
|Multiplexer|    -   |    2   |    0   |   45   |
|  Register |    -   |    -   |   566  |    -   |
+-----------+--------+--------+--------+--------+
|   Total   |   105  |    5   |  2828  |  5832  |
+-----------+--------+--------+--------+--------+
