

================================================================
== Vitis HLS Report for 'firTop_Pipeline_VITIS_LOOP_14_1'
================================================================
* Date:           Thu Apr 16 17:18:39 2026

* Version:        2024.1 (Build 5069499 on May 21 2024)
* Project:        calculateCoefficients
* Solution:       hls (Vivado IP Flow Target)
* Product family: zynquplus
* Target device:  xczu3eg-sfvc784-2-e


================================================================
== Performance Estimates
================================================================
+ Timing: 
    * Summary: 
    +--------+----------+----------+------------+
    |  Clock |  Target  | Estimated| Uncertainty|
    +--------+----------+----------+------------+
    |ap_clk  |  10.00 ns|  7.300 ns|     2.70 ns|
    +--------+----------+----------+------------+

+ Latency: 
    * Summary: 
    +---------+---------+-----------+-----------+-----+-----+-----------------------------------------------+
    |  Latency (cycles) |   Latency (absolute)  |  Interval |                    Pipeline                   |
    |   min   |   max   |    min    |    max    | min | max |                      Type                     |
    +---------+---------+-----------+-----------+-----+-----+-----------------------------------------------+
    |        9|        9|  90.000 ns|  90.000 ns|    7|    7|  loop auto-rewind stp(delay=0 clock cycles(s))|
    +---------+---------+-----------+-----------+-----+-----+-----------------------------------------------+

    + Detail: 
        * Instance: 
        N/A

        * Loop: 
        +-------------------+---------+---------+----------+-----------+-----------+------+----------+
        |                   |  Latency (cycles) | Iteration|  Initiation Interval  | Trip |          |
        |     Loop Name     |   min   |   max   |  Latency |  achieved |   target  | Count| Pipelined|
        +-------------------+---------+---------+----------+-----------+-----------+------+----------+
        |- VITIS_LOOP_14_1  |        7|        7|         3|          1|          1|     6|       yes|
        +-------------------+---------+---------+----------+-----------+-----------+------+----------+

============================================================
+ Verbose Summary: Synthesis Manager
============================================================
InlineROM: 1
ExposeGlobal: 0
============================================================
+ Verbose Summary: CDFG Model
============================================================
IsTopModel: 0
ResetActiveHigh: 1
IsCombinational: 0
IsDatapathOnly: 0
HasWiredReturn: 1
HasMFsm: 2
HasVarLatency: 1
IsPipeline: 0
IsRtlPipelined: 0
IsInstanceOverlapped: 0
IsDontTouch: 0
HasImplIP: 0
IsGatedGlobalClock: 0

+ Individual pipeline summary: 
  * Pipeline-0: initiation interval (II) = 1, depth = 3


============================================================
+ Verbose Summary: Schedule
============================================================
* Number of FSM states : 3
* Pipeline : 1
  Pipeline-0 : II = 1, D = 3, States = { 1 2 3 }
* Dataflow Pipeline: 0

* FSM state transitions: 
1 --> 2 
2 --> 3 
3 --> 

* FSM state operations: 

State 1 <SV = 0> <Delay = 1.52>
ST_1 : Operation 6 [1/1] (0.00ns)   --->   "%i = alloca i32 1" [Coefficients.cpp:14]   --->   Operation 6 'alloca' 'i' <Predicate = true> <Delay = 0.00>
ST_1 : Operation 7 [1/1] (0.00ns)   --->   "%sext_ln14_read = read i62 @_ssdm_op_Read.ap_auto.i62, i62 %sext_ln14"   --->   Operation 7 'read' 'sext_ln14_read' <Predicate = true> <Delay = 0.00>
ST_1 : Operation 8 [1/1] (0.00ns)   --->   "%sext_ln14_cast = sext i62 %sext_ln14_read"   --->   Operation 8 'sext' 'sext_ln14_cast' <Predicate = true> <Delay = 0.00>
ST_1 : Operation 9 [1/1] (0.00ns)   --->   "%specinterface_ln0 = specinterface void @_ssdm_op_SpecInterface, i32 %gmem, void @empty, i32 0, i32 0, void @empty_0, i32 0, i32 0, void @empty_1, void @empty_2, void @empty_0, i32 16, i32 16, i32 16, i32 16, void @empty_0, void @empty_0, i32 4294967295, i32 0, i32 0"   --->   Operation 9 'specinterface' 'specinterface_ln0' <Predicate = true> <Delay = 0.00>
ST_1 : Operation 10 [1/1] (0.42ns)   --->   "%store_ln14 = store i3 0, i3 %i" [Coefficients.cpp:14]   --->   Operation 10 'store' 'store_ln14' <Predicate = true> <Delay = 0.42>
ST_1 : Operation 11 [1/1] (0.00ns)   --->   "%br_ln0 = br void %for.inc"   --->   Operation 11 'br' 'br_ln0' <Predicate = true> <Delay = 0.00>
ST_1 : Operation 12 [1/1] (0.00ns)   --->   "%i_4 = load i3 %i" [Coefficients.cpp:14]   --->   Operation 12 'load' 'i_4' <Predicate = true> <Delay = 0.00>
ST_1 : Operation 13 [1/1] (0.00ns)   --->   "%specbitsmap_ln0 = specbitsmap void @_ssdm_op_SpecBitsMap, i32 %gmem"   --->   Operation 13 'specbitsmap' 'specbitsmap_ln0' <Predicate = true> <Delay = 0.00>
ST_1 : Operation 14 [1/1] (0.67ns)   --->   "%icmp_ln14 = icmp_eq  i3 %i_4, i3 6" [Coefficients.cpp:14]   --->   Operation 14 'icmp' 'icmp_ln14' <Predicate = true> <Delay = 0.67> <CoreInst = "Cmp">   --->   Core 9 'Cmp' <Latency = 0> <II = 1> <Delay = 0.67> <FuncUnit> <Opcode : 'seteq' 'setne' 'setle' 'setge' 'setlt' 'setgt'> <InPorts = 2> <OutPorts = 1>
ST_1 : Operation 15 [1/1] (0.67ns)   --->   "%add_ln14 = add i3 %i_4, i3 1" [Coefficients.cpp:14]   --->   Operation 15 'add' 'add_ln14' <Predicate = true> <Delay = 0.67> <CoreInst = "Adder">   --->   Core 1 'Adder' <Latency = 0> <II = 1> <Delay = 0.67> <FuncUnit> <Opcode : 'add' 'sub'> <InPorts = 2> <OutPorts = 1>
ST_1 : Operation 16 [1/1] (0.00ns)   --->   "%br_ln14 = br i1 %icmp_ln14, void %for.inc.split, void %for.end.exitStub" [Coefficients.cpp:14]   --->   Operation 16 'br' 'br_ln14' <Predicate = true> <Delay = 0.00>
ST_1 : Operation 17 [1/1] (0.42ns)   --->   "%store_ln14 = store i3 %add_ln14, i3 %i" [Coefficients.cpp:14]   --->   Operation 17 'store' 'store_ln14' <Predicate = (!icmp_ln14)> <Delay = 0.42>

State 2 <SV = 1> <Delay = 7.30>
ST_2 : Operation 18 [1/1] (0.00ns)   --->   "%gmem_addr = getelementptr i32 %gmem, i64 %sext_ln14_cast" [Coefficients.cpp:14]   --->   Operation 18 'getelementptr' 'gmem_addr' <Predicate = true> <Delay = 0.00>
ST_2 : Operation 19 [1/1] (7.30ns)   --->   "%gmem_addr_read = read i32 @_ssdm_op_Read.m_axi.p1i32, i32 %gmem_addr" [Coefficients.cpp:15]   --->   Operation 19 'read' 'gmem_addr_read' <Predicate = true> <Delay = 7.30> <CoreInst = "m_axi">   --->   Core 119 'm_axi' <Latency = 0> <II = 1> <Delay = 1.00> <Adapter> <Opcode : 'read' 'write' 'readreq' 'writereq' 'writeresp'>
ST_2 : Operation 27 [1/1] (0.42ns)   --->   "%ret_ln0 = ret"   --->   Operation 27 'ret' 'ret_ln0' <Predicate = (icmp_ln14)> <Delay = 0.42>

State 3 <SV = 2> <Delay = 0.67>
ST_3 : Operation 20 [1/1] (0.00ns)   --->   "%zext_ln14 = zext i3 %i_4" [Coefficients.cpp:14]   --->   Operation 20 'zext' 'zext_ln14' <Predicate = true> <Delay = 0.00>
ST_3 : Operation 21 [1/1] (0.00ns)   --->   "%specpipeline_ln14 = specpipeline void @_ssdm_op_SpecPipeline, i32 4294967295, i32 0, i32 0, i32 0, void @empty_0" [Coefficients.cpp:14]   --->   Operation 21 'specpipeline' 'specpipeline_ln14' <Predicate = true> <Delay = 0.00>
ST_3 : Operation 22 [1/1] (0.00ns)   --->   "%speclooptripcount_ln14 = speclooptripcount void @_ssdm_op_SpecLoopTripCount, i64 6, i64 6, i64 6" [Coefficients.cpp:14]   --->   Operation 22 'speclooptripcount' 'speclooptripcount_ln14' <Predicate = true> <Delay = 0.00>
ST_3 : Operation 23 [1/1] (0.00ns)   --->   "%specloopname_ln14 = specloopname void @_ssdm_op_SpecLoopName, void @empty_18" [Coefficients.cpp:14]   --->   Operation 23 'specloopname' 'specloopname_ln14' <Predicate = true> <Delay = 0.00>
ST_3 : Operation 24 [1/1] (0.00ns)   --->   "%bramVal_addr = getelementptr i32 %bramVal, i64 0, i64 %zext_ln14" [Coefficients.cpp:15]   --->   Operation 24 'getelementptr' 'bramVal_addr' <Predicate = true> <Delay = 0.00>
ST_3 : Operation 25 [1/1] (0.67ns)   --->   "%store_ln15 = store i32 %gmem_addr_read, i3 %bramVal_addr" [Coefficients.cpp:15]   --->   Operation 25 'store' 'store_ln15' <Predicate = true> <Delay = 0.67> <CoreInst = "RAM">   --->   Core 82 'RAM' <Latency = 1> <II = 1> <Delay = 0.67> <Storage> <Opcode : 'load' 'store'> <Ports = 2> <Width = 32> <Depth = 6> <RAM>
ST_3 : Operation 26 [1/1] (0.00ns)   --->   "%br_ln14 = br void %for.inc" [Coefficients.cpp:14]   --->   Operation 26 'br' 'br_ln14' <Predicate = true> <Delay = 0.00>


============================================================
+ Verbose Summary: Timing violations
============================================================
Target clock period: 10.000ns, clock uncertainty: 2.700ns.

 <State 1>: 1.527ns
The critical path consists of the following:
	'store' operation 0 bit ('store_ln14', Coefficients.cpp:14) of constant 0 on local variable 'i', Coefficients.cpp:14 [8]  (0.427 ns)
	'load' operation 3 bit ('i', Coefficients.cpp:14) on local variable 'i', Coefficients.cpp:14 [11]  (0.000 ns)
	'add' operation 3 bit ('add_ln14', Coefficients.cpp:14) [14]  (0.673 ns)
	'store' operation 0 bit ('store_ln14', Coefficients.cpp:14) of variable 'add_ln14', Coefficients.cpp:14 on local variable 'i', Coefficients.cpp:14 [25]  (0.427 ns)

 <State 2>: 7.300ns
The critical path consists of the following:
	'getelementptr' operation 32 bit ('gmem_addr', Coefficients.cpp:14) [17]  (0.000 ns)
	bus read operation ('gmem_addr_read', Coefficients.cpp:15) on port 'gmem' (Coefficients.cpp:15) [22]  (7.300 ns)

 <State 3>: 0.677ns
The critical path consists of the following:
	'getelementptr' operation 3 bit ('bramVal_addr', Coefficients.cpp:15) [23]  (0.000 ns)
	'store' operation 0 bit ('store_ln15', Coefficients.cpp:15) of variable 'gmem_addr_read', Coefficients.cpp:15 on array 'bramVal' [24]  (0.677 ns)


============================================================
+ Verbose Summary: Binding
============================================================
N/A
* FSMD analyzer results:
  - Output states:
 - Input state : 
  - Chain level:
	State 1
	State 2
	State 3


============================================================
+ Verbose Summary: Datapath Resource usage 
============================================================
N/A
