

================================================================
== Vitis HLS Report for 'sin_or_cos_double_Pipeline_2'
================================================================
* Date:           Tue Apr 21 17:14:48 2026

* Version:        2024.1 (Build 5069499 on May 21 2024)
* Project:        calculateCoefficients
* Solution:       hls (Vivado IP Flow Target)
* Product family: zynquplus
* Target device:  xczu3eg-sfvc784-2-e


================================================================
== Performance Estimates
================================================================
+ Timing: 
    * Summary: 
    +--------+----------+----------+------------+
    |  Clock |  Target  | Estimated| Uncertainty|
    +--------+----------+----------+------------+
    |ap_clk  |  10.00 ns|  3.170 ns|     2.70 ns|
    +--------+----------+----------+------------+

+ Latency: 
    * Summary: 
    +---------+---------+-----------+-----------+-----+-----+-----------------------------------------------+
    |  Latency (cycles) |   Latency (absolute)  |  Interval |                    Pipeline                   |
    |   min   |   max   |    min    |    max    | min | max |                      Type                     |
    +---------+---------+-----------+-----------+-----+-----+-----------------------------------------------+
    |        5|        5|  50.000 ns|  50.000 ns|    4|    4|  loop auto-rewind stp(delay=0 clock cycles(s))|
    +---------+---------+-----------+-----------+-----+-----+-----------------------------------------------+

    + Detail: 
        * Instance: 
        N/A

        * Loop: 
        +----------+---------+---------+----------+-----------+-----------+------+----------+
        |          |  Latency (cycles) | Iteration|  Initiation Interval  | Trip |          |
        | Loop Name|   min   |   max   |  Latency |  achieved |   target  | Count| Pipelined|
        +----------+---------+---------+----------+-----------+-----------+------+----------+
        |- Loop 1  |        3|        3|         1|          1|          1|     3|       yes|
        +----------+---------+---------+----------+-----------+-----------+------+----------+



================================================================
== Utilization Estimates
================================================================
* Summary: 
+-----------------+---------+-----+--------+-------+-----+
|       Name      | BRAM_18K| DSP |   FF   |  LUT  | URAM|
+-----------------+---------+-----+--------+-------+-----+
|DSP              |        -|    -|       -|      -|    -|
|Expression       |        -|    -|       0|    209|    -|
|FIFO             |        -|    -|       -|      -|    -|
|Instance         |        -|    -|       -|      -|    -|
|Memory           |        -|    -|       -|      -|    -|
|Multiplexer      |        -|    -|       0|     54|    -|
|Register         |        -|    -|     100|      -|    -|
+-----------------+---------+-----+--------+-------+-----+
|Total            |        0|    0|     100|    263|    0|
+-----------------+---------+-----+--------+-------+-----+
|Available        |      432|  360|  141120|  70560|    0|
+-----------------+---------+-----+--------+-------+-----+
|Utilization (%)  |        0|    0|      ~0|     ~0|    0|
+-----------------+---------+-----+--------+-------+-----+

+ Detail: 
    * Instance: 
    N/A

    * DSP: 
    N/A

    * Memory: 
    N/A

    * FIFO: 
    N/A

    * Expression: 
    +----------------------+----------+----+---+-----+------------+------------+
    |     Variable Name    | Operation| DSP| FF| LUT | Bitwidth P0| Bitwidth P1|
    +----------------------+----------+----+---+-----+------------+------------+
    |add_ln401_fu_140_p2   |         +|   0|  0|    9|           2|           1|
    |sub_ln403_fu_154_p2   |         -|   0|  0|   13|           6|           6|
    |ap_condition_80       |       and|   0|  0|    2|           1|           1|
    |icmp_ln401_fu_134_p2  |      icmp|   0|  0|    9|           2|           2|
    |lshr_ln403_fu_164_p2  |      lshr|   0|  0|  176|          63|          63|
    +----------------------+----------+----+---+-----+------------+------------+
    |Total                 |          |   0|  0|  209|          74|          73|
    +----------------------+----------+----+---+-----+------------+------------+

    * Multiplexer: 
    +----------------------+----+-----------+-----+-----------+
    |         Name         | LUT| Input Size| Bits| Total Bits|
    +----------------------+----+-----------+-----+-----------+
    |ap_done_int           |   9|          2|    1|          2|
    |ap_sig_allocacmp_i_2  |   9|          2|    2|          4|
    |i_fu_50               |   9|          2|    2|          4|
    |out_bits_1_fu_58      |   9|          2|   32|         64|
    |out_bits_2_fu_62      |   9|          2|   32|         64|
    |out_bits_fu_54        |   9|          2|   32|         64|
    +----------------------+----+-----------+-----+-----------+
    |Total                 |  54|         12|  101|        202|
    +----------------------+----+-----------+-----+-----------+

    * Register: 
    +------------------+----+----+-----+-----------+
    |       Name       | FF | LUT| Bits| Const Bits|
    +------------------+----+----+-----+-----------+
    |ap_CS_fsm         |   1|   0|    1|          0|
    |ap_done_reg       |   1|   0|    1|          0|
    |i_fu_50           |   2|   0|    2|          0|
    |out_bits_1_fu_58  |  32|   0|   32|          0|
    |out_bits_2_fu_62  |  32|   0|   32|          0|
    |out_bits_fu_54    |  32|   0|   32|          0|
    +------------------+----+----+-----+-----------+
    |Total             | 100|   0|  100|          0|
    +------------------+----+----+-----+-----------+



================================================================
== Interface
================================================================
* Summary: 
+-----------------------+-----+-----+------------+-------------------------------+--------------+
|       RTL Ports       | Dir | Bits|  Protocol  |         Source Object         |    C Type    |
+-----------------------+-----+-----+------------+-------------------------------+--------------+
|ap_clk                 |   in|    1|  ap_ctrl_hs|  sin_or_cos<double>_Pipeline_2|  return value|
|ap_rst                 |   in|    1|  ap_ctrl_hs|  sin_or_cos<double>_Pipeline_2|  return value|
|ap_start               |   in|    1|  ap_ctrl_hs|  sin_or_cos<double>_Pipeline_2|  return value|
|ap_done                |  out|    1|  ap_ctrl_hs|  sin_or_cos<double>_Pipeline_2|  return value|
|ap_idle                |  out|    1|  ap_ctrl_hs|  sin_or_cos<double>_Pipeline_2|  return value|
|ap_ready               |  out|    1|  ap_ctrl_hs|  sin_or_cos<double>_Pipeline_2|  return value|
|out_bits_5_reload      |   in|   32|     ap_none|              out_bits_5_reload|        scalar|
|out_bits_4_reload      |   in|   32|     ap_none|              out_bits_4_reload|        scalar|
|out_bits_3_reload      |   in|   32|     ap_none|              out_bits_3_reload|        scalar|
|result                 |   in|   63|     ap_none|                         result|        scalar|
|out_bits_9_out         |  out|   32|      ap_vld|                 out_bits_9_out|       pointer|
|out_bits_9_out_ap_vld  |  out|    1|      ap_vld|                 out_bits_9_out|       pointer|
|out_bits_8_out         |  out|   32|      ap_vld|                 out_bits_8_out|       pointer|
|out_bits_8_out_ap_vld  |  out|    1|      ap_vld|                 out_bits_8_out|       pointer|
|out_bits_7_out         |  out|   32|      ap_vld|                 out_bits_7_out|       pointer|
|out_bits_7_out_ap_vld  |  out|    1|      ap_vld|                 out_bits_7_out|       pointer|
+-----------------------+-----+-----+------------+-------------------------------+--------------+

============================================================
+ Verbose Summary: Synthesis Manager
============================================================
InlineROM: 1
ExposeGlobal: 0
============================================================
+ Verbose Summary: CDFG Model
============================================================
IsTopModel: 0
ResetActiveHigh: 1
IsCombinational: 2
IsDatapathOnly: 2
HasWiredReturn: 1
HasMFsm: 2
HasVarLatency: 1
IsPipeline: 0
IsRtlPipelined: 0
IsInstanceOverlapped: 0
IsDontTouch: 0
HasImplIP: 0
IsGatedGlobalClock: 0

+ Individual pipeline summary: 
  * Pipeline-0: initiation interval (II) = 1, depth = 1


============================================================
+ Verbose Summary: Schedule
============================================================
* Number of FSM states : 1
* Pipeline : 1
  Pipeline-0 : II = 1, D = 1, States = { 1 }
* Dataflow Pipeline: 0

* FSM state transitions: 
1 --> 

* FSM state operations: 

State 1 <SV = 0> <Delay = 3.17>
ST_1 : Operation 4 [1/1] (0.00ns)   --->   "%i = alloca i32 1" [C:\scratch\2024.1\hls_product\545\2024.1\src\shared\hls\clib/src/hls\utils/x_hls_float_utils.h:401->C:\scratch\2024.1\hls_product\545\2024.1\src\shared\hls\clib/hlsmath/include/FloatingPoint\hls_hotbm.h:252]   --->   Operation 4 'alloca' 'i' <Predicate = true> <Delay = 0.00>
ST_1 : Operation 5 [1/1] (0.00ns)   --->   "%out_bits = alloca i32 1" [C:\scratch\2024.1\hls_product\545\2024.1\src\shared\hls\clib/src/hls\utils/x_hls_float_utils.h:400->C:\scratch\2024.1\hls_product\545\2024.1\src\shared\hls\clib/hlsmath/include/FloatingPoint\hls_hotbm.h:252]   --->   Operation 5 'alloca' 'out_bits' <Predicate = true> <Delay = 0.00>
ST_1 : Operation 6 [1/1] (0.00ns)   --->   "%out_bits_1 = alloca i32 1" [C:\scratch\2024.1\hls_product\545\2024.1\src\shared\hls\clib/src/hls\utils/x_hls_float_utils.h:400->C:\scratch\2024.1\hls_product\545\2024.1\src\shared\hls\clib/hlsmath/include/FloatingPoint\hls_hotbm.h:252]   --->   Operation 6 'alloca' 'out_bits_1' <Predicate = true> <Delay = 0.00>
ST_1 : Operation 7 [1/1] (0.00ns)   --->   "%out_bits_2 = alloca i32 1" [C:\scratch\2024.1\hls_product\545\2024.1\src\shared\hls\clib/src/hls\utils/x_hls_float_utils.h:400->C:\scratch\2024.1\hls_product\545\2024.1\src\shared\hls\clib/hlsmath/include/FloatingPoint\hls_hotbm.h:252]   --->   Operation 7 'alloca' 'out_bits_2' <Predicate = true> <Delay = 0.00>
ST_1 : Operation 8 [1/1] (0.00ns)   --->   "%result_read = read i63 @_ssdm_op_Read.ap_auto.i63, i63 %result"   --->   Operation 8 'read' 'result_read' <Predicate = true> <Delay = 0.00>
ST_1 : Operation 9 [1/1] (0.00ns)   --->   "%out_bits_3_reload_read = read i32 @_ssdm_op_Read.ap_auto.i32, i32 %out_bits_3_reload"   --->   Operation 9 'read' 'out_bits_3_reload_read' <Predicate = true> <Delay = 0.00>
ST_1 : Operation 10 [1/1] (0.00ns)   --->   "%out_bits_4_reload_read = read i32 @_ssdm_op_Read.ap_auto.i32, i32 %out_bits_4_reload"   --->   Operation 10 'read' 'out_bits_4_reload_read' <Predicate = true> <Delay = 0.00>
ST_1 : Operation 11 [1/1] (0.00ns)   --->   "%out_bits_5_reload_read = read i32 @_ssdm_op_Read.ap_auto.i32, i32 %out_bits_5_reload"   --->   Operation 11 'read' 'out_bits_5_reload_read' <Predicate = true> <Delay = 0.00>
ST_1 : Operation 12 [1/1] (0.42ns)   --->   "%store_ln400 = store i32 %out_bits_5_reload_read, i32 %out_bits_2" [C:\scratch\2024.1\hls_product\545\2024.1\src\shared\hls\clib/src/hls\utils/x_hls_float_utils.h:400->C:\scratch\2024.1\hls_product\545\2024.1\src\shared\hls\clib/hlsmath/include/FloatingPoint\hls_hotbm.h:252]   --->   Operation 12 'store' 'store_ln400' <Predicate = true> <Delay = 0.42>
ST_1 : Operation 13 [1/1] (0.42ns)   --->   "%store_ln400 = store i32 %out_bits_4_reload_read, i32 %out_bits_1" [C:\scratch\2024.1\hls_product\545\2024.1\src\shared\hls\clib/src/hls\utils/x_hls_float_utils.h:400->C:\scratch\2024.1\hls_product\545\2024.1\src\shared\hls\clib/hlsmath/include/FloatingPoint\hls_hotbm.h:252]   --->   Operation 13 'store' 'store_ln400' <Predicate = true> <Delay = 0.42>
ST_1 : Operation 14 [1/1] (0.42ns)   --->   "%store_ln400 = store i32 %out_bits_3_reload_read, i32 %out_bits" [C:\scratch\2024.1\hls_product\545\2024.1\src\shared\hls\clib/src/hls\utils/x_hls_float_utils.h:400->C:\scratch\2024.1\hls_product\545\2024.1\src\shared\hls\clib/hlsmath/include/FloatingPoint\hls_hotbm.h:252]   --->   Operation 14 'store' 'store_ln400' <Predicate = true> <Delay = 0.42>
ST_1 : Operation 15 [1/1] (0.42ns)   --->   "%store_ln401 = store i2 0, i2 %i" [C:\scratch\2024.1\hls_product\545\2024.1\src\shared\hls\clib/src/hls\utils/x_hls_float_utils.h:401->C:\scratch\2024.1\hls_product\545\2024.1\src\shared\hls\clib/hlsmath/include/FloatingPoint\hls_hotbm.h:252]   --->   Operation 15 'store' 'store_ln401' <Predicate = true> <Delay = 0.42>
ST_1 : Operation 16 [1/1] (0.00ns)   --->   "%br_ln0 = br void %for.inc.i"   --->   Operation 16 'br' 'br_ln0' <Predicate = true> <Delay = 0.00>
ST_1 : Operation 17 [1/1] (0.00ns)   --->   "%i_2 = load i2 %i" [C:\scratch\2024.1\hls_product\545\2024.1\src\shared\hls\clib/src/hls\utils/x_hls_float_utils.h:401->C:\scratch\2024.1\hls_product\545\2024.1\src\shared\hls\clib/hlsmath/include/FloatingPoint\hls_hotbm.h:252]   --->   Operation 17 'load' 'i_2' <Predicate = true> <Delay = 0.00>
ST_1 : Operation 18 [1/1] (0.54ns)   --->   "%icmp_ln401 = icmp_eq  i2 %i_2, i2 3" [C:\scratch\2024.1\hls_product\545\2024.1\src\shared\hls\clib/src/hls\utils/x_hls_float_utils.h:401->C:\scratch\2024.1\hls_product\545\2024.1\src\shared\hls\clib/hlsmath/include/FloatingPoint\hls_hotbm.h:252]   --->   Operation 18 'icmp' 'icmp_ln401' <Predicate = true> <Delay = 0.54> <CoreInst = "Cmp">   --->   Core 9 'Cmp' <Latency = 0> <II = 1> <Delay = 0.54> <FuncUnit> <Opcode : 'seteq' 'setne' 'setle' 'setge' 'setlt' 'setgt'> <InPorts = 2> <OutPorts = 1>
ST_1 : Operation 19 [1/1] (0.54ns)   --->   "%add_ln401 = add i2 %i_2, i2 1" [C:\scratch\2024.1\hls_product\545\2024.1\src\shared\hls\clib/src/hls\utils/x_hls_float_utils.h:401->C:\scratch\2024.1\hls_product\545\2024.1\src\shared\hls\clib/hlsmath/include/FloatingPoint\hls_hotbm.h:252]   --->   Operation 19 'add' 'add_ln401' <Predicate = true> <Delay = 0.54> <CoreInst = "Adder">   --->   Core 1 'Adder' <Latency = 0> <II = 1> <Delay = 0.54> <FuncUnit> <Opcode : 'add' 'sub'> <InPorts = 2> <OutPorts = 1>
ST_1 : Operation 20 [1/1] (0.00ns)   --->   "%br_ln401 = br i1 %icmp_ln401, void %for.inc.i.split, void %for.end.i.exitStub" [C:\scratch\2024.1\hls_product\545\2024.1\src\shared\hls\clib/src/hls\utils/x_hls_float_utils.h:401->C:\scratch\2024.1\hls_product\545\2024.1\src\shared\hls\clib/hlsmath/include/FloatingPoint\hls_hotbm.h:252]   --->   Operation 20 'br' 'br_ln401' <Predicate = true> <Delay = 0.00>
ST_1 : Operation 21 [1/1] (0.00ns)   --->   "%specpipeline_ln400 = specpipeline void @_ssdm_op_SpecPipeline, i32 4294967295, i32 0, i32 0, i32 0, void @empty_0" [C:\scratch\2024.1\hls_product\545\2024.1\src\shared\hls\clib/src/hls\utils/x_hls_float_utils.h:400->C:\scratch\2024.1\hls_product\545\2024.1\src\shared\hls\clib/hlsmath/include/FloatingPoint\hls_hotbm.h:252]   --->   Operation 21 'specpipeline' 'specpipeline_ln400' <Predicate = (!icmp_ln401)> <Delay = 0.00>
ST_1 : Operation 22 [1/1] (0.00ns)   --->   "%speclooptripcount_ln400 = speclooptripcount void @_ssdm_op_SpecLoopTripCount, i64 3, i64 3, i64 3" [C:\scratch\2024.1\hls_product\545\2024.1\src\shared\hls\clib/src/hls\utils/x_hls_float_utils.h:400->C:\scratch\2024.1\hls_product\545\2024.1\src\shared\hls\clib/hlsmath/include/FloatingPoint\hls_hotbm.h:252]   --->   Operation 22 'speclooptripcount' 'speclooptripcount_ln400' <Predicate = (!icmp_ln401)> <Delay = 0.00>
ST_1 : Operation 23 [1/1] (0.00ns)   --->   "%shl_ln = bitconcatenate i6 @_ssdm_op_BitConcatenate.i6.i2.i4, i2 %i_2, i4 0" [C:\scratch\2024.1\hls_product\545\2024.1\src\shared\hls\clib/src/hls\utils/x_hls_float_utils.h:403->C:\scratch\2024.1\hls_product\545\2024.1\src\shared\hls\clib/hlsmath/include/FloatingPoint\hls_hotbm.h:252]   --->   Operation 23 'bitconcatenate' 'shl_ln' <Predicate = (!icmp_ln401)> <Delay = 0.00>
ST_1 : Operation 24 [1/1] (0.78ns)   --->   "%sub_ln403 = sub i6 47, i6 %shl_ln" [C:\scratch\2024.1\hls_product\545\2024.1\src\shared\hls\clib/src/hls\utils/x_hls_float_utils.h:403->C:\scratch\2024.1\hls_product\545\2024.1\src\shared\hls\clib/hlsmath/include/FloatingPoint\hls_hotbm.h:252]   --->   Operation 24 'sub' 'sub_ln403' <Predicate = (!icmp_ln401)> <Delay = 0.78> <CoreInst = "Adder">   --->   Core 1 'Adder' <Latency = 0> <II = 1> <Delay = 0.78> <FuncUnit> <Opcode : 'add' 'sub'> <InPorts = 2> <OutPorts = 1>
ST_1 : Operation 25 [1/1] (0.00ns)   --->   "%zext_ln403 = zext i6 %sub_ln403" [C:\scratch\2024.1\hls_product\545\2024.1\src\shared\hls\clib/src/hls\utils/x_hls_float_utils.h:403->C:\scratch\2024.1\hls_product\545\2024.1\src\shared\hls\clib/hlsmath/include/FloatingPoint\hls_hotbm.h:252]   --->   Operation 25 'zext' 'zext_ln403' <Predicate = (!icmp_ln401)> <Delay = 0.00>
ST_1 : Operation 26 [1/1] (1.53ns)   --->   "%lshr_ln403 = lshr i63 %result_read, i63 %zext_ln403" [C:\scratch\2024.1\hls_product\545\2024.1\src\shared\hls\clib/src/hls\utils/x_hls_float_utils.h:403->C:\scratch\2024.1\hls_product\545\2024.1\src\shared\hls\clib/hlsmath/include/FloatingPoint\hls_hotbm.h:252]   --->   Operation 26 'lshr' 'lshr_ln403' <Predicate = (!icmp_ln401)> <Delay = 1.53> <CoreInst = "Shifter">   --->   Core 75 'Shifter' <Latency = 0> <II = 1> <Delay = 1.53> <FuncUnit> <Opcode : 'shl' 'lshr' 'ashr'> <InPorts = 2> <OutPorts = 1>
ST_1 : Operation 27 [1/1] (0.00ns)   --->   "%trunc_ln403 = trunc i63 %lshr_ln403" [C:\scratch\2024.1\hls_product\545\2024.1\src\shared\hls\clib/src/hls\utils/x_hls_float_utils.h:403->C:\scratch\2024.1\hls_product\545\2024.1\src\shared\hls\clib/hlsmath/include/FloatingPoint\hls_hotbm.h:252]   --->   Operation 27 'trunc' 'trunc_ln403' <Predicate = (!icmp_ln401)> <Delay = 0.00>
ST_1 : Operation 28 [1/1] (0.00ns)   --->   "%out_bits_3 = bitconcatenate i32 @_ssdm_op_BitConcatenate.i32.i16.i16, i16 %trunc_ln403, i16 32768" [C:\scratch\2024.1\hls_product\545\2024.1\src\shared\hls\clib/src/hls\utils/x_hls_float_utils.h:405->C:\scratch\2024.1\hls_product\545\2024.1\src\shared\hls\clib/hlsmath/include/FloatingPoint\hls_hotbm.h:252]   --->   Operation 28 'bitconcatenate' 'out_bits_3' <Predicate = (!icmp_ln401)> <Delay = 0.00>
ST_1 : Operation 29 [1/1] (0.73ns)   --->   "%switch_ln405 = switch i2 %i_2, void %arrayidx.i128.case.2, i2 0, void %for.inc.i.split.arrayidx.i128.exit_crit_edge7, i2 1, void %for.inc.i.split.arrayidx.i128.exit_crit_edge" [C:\scratch\2024.1\hls_product\545\2024.1\src\shared\hls\clib/src/hls\utils/x_hls_float_utils.h:405->C:\scratch\2024.1\hls_product\545\2024.1\src\shared\hls\clib/hlsmath/include/FloatingPoint\hls_hotbm.h:252]   --->   Operation 29 'switch' 'switch_ln405' <Predicate = (!icmp_ln401)> <Delay = 0.73>
ST_1 : Operation 30 [1/1] (0.42ns)   --->   "%store_ln400 = store i32 %out_bits_3, i32 %out_bits_1" [C:\scratch\2024.1\hls_product\545\2024.1\src\shared\hls\clib/src/hls\utils/x_hls_float_utils.h:400->C:\scratch\2024.1\hls_product\545\2024.1\src\shared\hls\clib/hlsmath/include/FloatingPoint\hls_hotbm.h:252]   --->   Operation 30 'store' 'store_ln400' <Predicate = (!icmp_ln401 & i_2 == 1)> <Delay = 0.42>
ST_1 : Operation 31 [1/1] (0.00ns)   --->   "%br_ln405 = br void %arrayidx.i128.exit" [C:\scratch\2024.1\hls_product\545\2024.1\src\shared\hls\clib/src/hls\utils/x_hls_float_utils.h:405->C:\scratch\2024.1\hls_product\545\2024.1\src\shared\hls\clib/hlsmath/include/FloatingPoint\hls_hotbm.h:252]   --->   Operation 31 'br' 'br_ln405' <Predicate = (!icmp_ln401 & i_2 == 1)> <Delay = 0.00>
ST_1 : Operation 32 [1/1] (0.42ns)   --->   "%store_ln400 = store i32 %out_bits_3, i32 %out_bits" [C:\scratch\2024.1\hls_product\545\2024.1\src\shared\hls\clib/src/hls\utils/x_hls_float_utils.h:400->C:\scratch\2024.1\hls_product\545\2024.1\src\shared\hls\clib/hlsmath/include/FloatingPoint\hls_hotbm.h:252]   --->   Operation 32 'store' 'store_ln400' <Predicate = (!icmp_ln401 & i_2 == 0)> <Delay = 0.42>
ST_1 : Operation 33 [1/1] (0.00ns)   --->   "%br_ln405 = br void %arrayidx.i128.exit" [C:\scratch\2024.1\hls_product\545\2024.1\src\shared\hls\clib/src/hls\utils/x_hls_float_utils.h:405->C:\scratch\2024.1\hls_product\545\2024.1\src\shared\hls\clib/hlsmath/include/FloatingPoint\hls_hotbm.h:252]   --->   Operation 33 'br' 'br_ln405' <Predicate = (!icmp_ln401 & i_2 == 0)> <Delay = 0.00>
ST_1 : Operation 34 [1/1] (0.42ns)   --->   "%store_ln400 = store i32 %out_bits_3, i32 %out_bits_2" [C:\scratch\2024.1\hls_product\545\2024.1\src\shared\hls\clib/src/hls\utils/x_hls_float_utils.h:400->C:\scratch\2024.1\hls_product\545\2024.1\src\shared\hls\clib/hlsmath/include/FloatingPoint\hls_hotbm.h:252]   --->   Operation 34 'store' 'store_ln400' <Predicate = (!icmp_ln401 & i_2 != 0 & i_2 != 1)> <Delay = 0.42>
ST_1 : Operation 35 [1/1] (0.00ns)   --->   "%br_ln405 = br void %arrayidx.i128.exit" [C:\scratch\2024.1\hls_product\545\2024.1\src\shared\hls\clib/src/hls\utils/x_hls_float_utils.h:405->C:\scratch\2024.1\hls_product\545\2024.1\src\shared\hls\clib/hlsmath/include/FloatingPoint\hls_hotbm.h:252]   --->   Operation 35 'br' 'br_ln405' <Predicate = (!icmp_ln401 & i_2 != 0 & i_2 != 1)> <Delay = 0.00>
ST_1 : Operation 36 [1/1] (0.42ns)   --->   "%store_ln401 = store i2 %add_ln401, i2 %i" [C:\scratch\2024.1\hls_product\545\2024.1\src\shared\hls\clib/src/hls\utils/x_hls_float_utils.h:401->C:\scratch\2024.1\hls_product\545\2024.1\src\shared\hls\clib/hlsmath/include/FloatingPoint\hls_hotbm.h:252]   --->   Operation 36 'store' 'store_ln401' <Predicate = (!icmp_ln401)> <Delay = 0.42>
ST_1 : Operation 37 [1/1] (0.00ns)   --->   "%br_ln401 = br void %for.inc.i" [C:\scratch\2024.1\hls_product\545\2024.1\src\shared\hls\clib/src/hls\utils/x_hls_float_utils.h:401->C:\scratch\2024.1\hls_product\545\2024.1\src\shared\hls\clib/hlsmath/include/FloatingPoint\hls_hotbm.h:252]   --->   Operation 37 'br' 'br_ln401' <Predicate = (!icmp_ln401)> <Delay = 0.00>
ST_1 : Operation 38 [1/1] (0.00ns)   --->   "%out_bits_load = load i32 %out_bits"   --->   Operation 38 'load' 'out_bits_load' <Predicate = (icmp_ln401)> <Delay = 0.00>
ST_1 : Operation 39 [1/1] (0.00ns)   --->   "%out_bits_1_load = load i32 %out_bits_1"   --->   Operation 39 'load' 'out_bits_1_load' <Predicate = (icmp_ln401)> <Delay = 0.00>
ST_1 : Operation 40 [1/1] (0.00ns)   --->   "%out_bits_2_load = load i32 %out_bits_2"   --->   Operation 40 'load' 'out_bits_2_load' <Predicate = (icmp_ln401)> <Delay = 0.00>
ST_1 : Operation 41 [1/1] (0.00ns)   --->   "%write_ln0 = write void @_ssdm_op_Write.ap_auto.i32P0A, i32 %out_bits_9_out, i32 %out_bits_2_load"   --->   Operation 41 'write' 'write_ln0' <Predicate = (icmp_ln401)> <Delay = 0.00>
ST_1 : Operation 42 [1/1] (0.00ns)   --->   "%write_ln0 = write void @_ssdm_op_Write.ap_auto.i32P0A, i32 %out_bits_8_out, i32 %out_bits_1_load"   --->   Operation 42 'write' 'write_ln0' <Predicate = (icmp_ln401)> <Delay = 0.00>
ST_1 : Operation 43 [1/1] (0.00ns)   --->   "%write_ln0 = write void @_ssdm_op_Write.ap_auto.i32P0A, i32 %out_bits_7_out, i32 %out_bits_load"   --->   Operation 43 'write' 'write_ln0' <Predicate = (icmp_ln401)> <Delay = 0.00>
ST_1 : Operation 44 [1/1] (0.42ns)   --->   "%ret_ln0 = ret"   --->   Operation 44 'ret' 'ret_ln0' <Predicate = (icmp_ln401)> <Delay = 0.42>


============================================================
+ Verbose Summary: Binding
============================================================
STG Binding: 
---------------- STG Properties BEGIN ----------------
- Is combinational: 0
- Is one-state seq: 0
- Is datapath-only: 0
- Is pipelined: 0
- Is top level: 0
Port [ Return ] is wired: 1; IO mode=ap_ctrl_hs:ce=0
Port [ out_bits_5_reload]:  wired=1; compound=0; hidden=0; nouse=0; global=0; static=0; extern=0; dir=0; type=0; pingpong=0; private_global=0; IO mode=ap_none:ce=0
Port [ out_bits_4_reload]:  wired=1; compound=0; hidden=0; nouse=0; global=0; static=0; extern=0; dir=0; type=0; pingpong=0; private_global=0; IO mode=ap_none:ce=0
Port [ out_bits_3_reload]:  wired=1; compound=0; hidden=0; nouse=0; global=0; static=0; extern=0; dir=0; type=0; pingpong=0; private_global=0; IO mode=ap_none:ce=0
Port [ result]:  wired=1; compound=0; hidden=0; nouse=0; global=0; static=0; extern=0; dir=0; type=0; pingpong=0; private_global=0; IO mode=ap_none:ce=0
Port [ out_bits_9_out]:  wired=1; compound=0; hidden=0; nouse=0; global=0; static=0; extern=0; dir=1; type=0; pingpong=0; private_global=0; IO mode=ap_vld:ce=0
Port [ out_bits_8_out]:  wired=1; compound=0; hidden=0; nouse=0; global=0; static=0; extern=0; dir=1; type=0; pingpong=0; private_global=0; IO mode=ap_vld:ce=0
Port [ out_bits_7_out]:  wired=1; compound=0; hidden=0; nouse=0; global=0; static=0; extern=0; dir=1; type=0; pingpong=0; private_global=0; IO mode=ap_vld:ce=0
---------------- STG Properties END ------------------

---------------- Datapath Model BEGIN ----------------

<LifeTime>
<method=bitvector/>
i                       (alloca           ) [ 01]
out_bits                (alloca           ) [ 01]
out_bits_1              (alloca           ) [ 01]
out_bits_2              (alloca           ) [ 01]
result_read             (read             ) [ 00]
out_bits_3_reload_read  (read             ) [ 00]
out_bits_4_reload_read  (read             ) [ 00]
out_bits_5_reload_read  (read             ) [ 00]
store_ln400             (store            ) [ 00]
store_ln400             (store            ) [ 00]
store_ln400             (store            ) [ 00]
store_ln401             (store            ) [ 00]
br_ln0                  (br               ) [ 00]
i_2                     (load             ) [ 01]
icmp_ln401              (icmp             ) [ 01]
add_ln401               (add              ) [ 00]
br_ln401                (br               ) [ 00]
specpipeline_ln400      (specpipeline     ) [ 00]
speclooptripcount_ln400 (speclooptripcount) [ 00]
shl_ln                  (bitconcatenate   ) [ 00]
sub_ln403               (sub              ) [ 00]
zext_ln403              (zext             ) [ 00]
lshr_ln403              (lshr             ) [ 00]
trunc_ln403             (trunc            ) [ 00]
out_bits_3              (bitconcatenate   ) [ 00]
switch_ln405            (switch           ) [ 00]
store_ln400             (store            ) [ 00]
br_ln405                (br               ) [ 00]
store_ln400             (store            ) [ 00]
br_ln405                (br               ) [ 00]
store_ln400             (store            ) [ 00]
br_ln405                (br               ) [ 00]
store_ln401             (store            ) [ 00]
br_ln401                (br               ) [ 00]
out_bits_load           (load             ) [ 00]
out_bits_1_load         (load             ) [ 00]
out_bits_2_load         (load             ) [ 00]
write_ln0               (write            ) [ 00]
write_ln0               (write            ) [ 00]
write_ln0               (write            ) [ 00]
ret_ln0                 (ret              ) [ 00]
</LifeTime>

<model>

<comp_list>
<comp id="0" class="1000" name="out_bits_5_reload">
<pin_list>
<pin id="1" dir="1" index="0" bw="1" slack="0"/>
</pin_list>
<bind>
<StgValue><ssdm name="out_bits_5_reload"/></StgValue>
</bind>
</comp>

<comp id="2" class="1000" name="out_bits_4_reload">
<pin_list>
<pin id="3" dir="1" index="0" bw="1" slack="0"/>
</pin_list>
<bind>
<StgValue><ssdm name="out_bits_4_reload"/></StgValue>
</bind>
</comp>

<comp id="4" class="1000" name="out_bits_3_reload">
<pin_list>
<pin id="5" dir="1" index="0" bw="1" slack="0"/>
</pin_list>
<bind>
<StgValue><ssdm name="out_bits_3_reload"/></StgValue>
</bind>
</comp>

<comp id="6" class="1000" name="result">
<pin_list>
<pin id="7" dir="1" index="0" bw="1" slack="0"/>
</pin_list>
<bind>
<StgValue><ssdm name="result"/></StgValue>
</bind>
</comp>

<comp id="8" class="1000" name="out_bits_9_out">
<pin_list>
<pin id="9" dir="1" index="0" bw="1" slack="0"/>
</pin_list>
<bind>
<StgValue><ssdm name="out_bits_9_out"/></StgValue>
</bind>
</comp>

<comp id="10" class="1000" name="out_bits_8_out">
<pin_list>
<pin id="11" dir="1" index="0" bw="1" slack="0"/>
</pin_list>
<bind>
<StgValue><ssdm name="out_bits_8_out"/></StgValue>
</bind>
</comp>

<comp id="12" class="1000" name="out_bits_7_out">
<pin_list>
<pin id="13" dir="1" index="0" bw="1" slack="0"/>
</pin_list>
<bind>
<StgValue><ssdm name="out_bits_7_out"/></StgValue>
</bind>
</comp>

<comp id="14" class="1001" name="const_14">
<pin_list>
<pin id="15" dir="1" index="0" bw="1" slack="0"/>
</pin_list>
<bind>
<StgValue><ssdm name=""/></StgValue>
</bind>
</comp>

<comp id="16" class="1001" name="const_16">
<pin_list>
<pin id="17" dir="1" index="0" bw="1" slack="0"/>
</pin_list>
<bind>
<StgValue><ssdm name="_ssdm_op_Read.ap_auto.i63"/></StgValue>
</bind>
</comp>

<comp id="18" class="1001" name="const_18">
<pin_list>
<pin id="19" dir="1" index="0" bw="1" slack="0"/>
</pin_list>
<bind>
<StgValue><ssdm name="_ssdm_op_Read.ap_auto.i32"/></StgValue>
</bind>
</comp>

<comp id="20" class="1001" name="const_20">
<pin_list>
<pin id="21" dir="1" index="0" bw="1" slack="0"/>
</pin_list>
<bind>
<StgValue><ssdm name=""/></StgValue>
</bind>
</comp>

<comp id="22" class="1001" name="const_22">
<pin_list>
<pin id="23" dir="1" index="0" bw="1" slack="0"/>
</pin_list>
<bind>
<StgValue><ssdm name=""/></StgValue>
</bind>
</comp>

<comp id="24" class="1001" name="const_24">
<pin_list>
<pin id="25" dir="1" index="0" bw="1" slack="0"/>
</pin_list>
<bind>
<StgValue><ssdm name=""/></StgValue>
</bind>
</comp>

<comp id="26" class="1001" name="const_26">
<pin_list>
<pin id="27" dir="1" index="0" bw="1" slack="2147483647"/>
</pin_list>
<bind>
<StgValue><ssdm name="_ssdm_op_SpecPipeline"/></StgValue>
</bind>
</comp>

<comp id="28" class="1001" name="const_28">
<pin_list>
<pin id="29" dir="1" index="0" bw="1" slack="2147483647"/>
</pin_list>
<bind>
<StgValue><ssdm name=""/></StgValue>
</bind>
</comp>

<comp id="30" class="1001" name="const_30">
<pin_list>
<pin id="31" dir="1" index="0" bw="1" slack="2147483647"/>
</pin_list>
<bind>
<StgValue><ssdm name=""/></StgValue>
</bind>
</comp>

<comp id="32" class="1001" name="const_32">
<pin_list>
<pin id="33" dir="1" index="0" bw="1" slack="2147483647"/>
</pin_list>
<bind>
<StgValue><ssdm name="empty_0"/></StgValue>
</bind>
</comp>

<comp id="34" class="1001" name="const_34">
<pin_list>
<pin id="35" dir="1" index="0" bw="1" slack="2147483647"/>
</pin_list>
<bind>
<StgValue><ssdm name="_ssdm_op_SpecLoopTripCount"/></StgValue>
</bind>
</comp>

<comp id="36" class="1001" name="const_36">
<pin_list>
<pin id="37" dir="1" index="0" bw="1" slack="2147483647"/>
</pin_list>
<bind>
<StgValue><ssdm name=""/></StgValue>
</bind>
</comp>

<comp id="38" class="1001" name="const_38">
<pin_list>
<pin id="39" dir="1" index="0" bw="1" slack="0"/>
</pin_list>
<bind>
<StgValue><ssdm name="_ssdm_op_BitConcatenate.i6.i2.i4"/></StgValue>
</bind>
</comp>

<comp id="40" class="1001" name="const_40">
<pin_list>
<pin id="41" dir="1" index="0" bw="1" slack="0"/>
</pin_list>
<bind>
<StgValue><ssdm name=""/></StgValue>
</bind>
</comp>

<comp id="42" class="1001" name="const_42">
<pin_list>
<pin id="43" dir="1" index="0" bw="1" slack="0"/>
</pin_list>
<bind>
<StgValue><ssdm name=""/></StgValue>
</bind>
</comp>

<comp id="44" class="1001" name="const_44">
<pin_list>
<pin id="45" dir="1" index="0" bw="1" slack="0"/>
</pin_list>
<bind>
<StgValue><ssdm name="_ssdm_op_BitConcatenate.i32.i16.i16"/></StgValue>
</bind>
</comp>

<comp id="46" class="1001" name="const_46">
<pin_list>
<pin id="47" dir="1" index="0" bw="1" slack="0"/>
</pin_list>
<bind>
<StgValue><ssdm name=""/></StgValue>
</bind>
</comp>

<comp id="48" class="1001" name="const_48">
<pin_list>
<pin id="49" dir="1" index="0" bw="1" slack="0"/>
</pin_list>
<bind>
<StgValue><ssdm name="_ssdm_op_Write.ap_auto.i32P0A"/></StgValue>
</bind>
</comp>

<comp id="50" class="1004" name="i_fu_50">
<pin_list>
<pin id="51" dir="0" index="0" bw="1" slack="0"/>
<pin id="52" dir="1" index="1" bw="2" slack="0"/>
</pin_list>
<bind>
<opcode="alloca(26) " fcode="alloca"/>
<opset="i/1 "/>
</bind>
</comp>

<comp id="54" class="1004" name="out_bits_fu_54">
<pin_list>
<pin id="55" dir="0" index="0" bw="1" slack="0"/>
<pin id="56" dir="1" index="1" bw="32" slack="0"/>
</pin_list>
<bind>
<opcode="alloca(26) " fcode="alloca"/>
<opset="out_bits/1 "/>
</bind>
</comp>

<comp id="58" class="1004" name="out_bits_1_fu_58">
<pin_list>
<pin id="59" dir="0" index="0" bw="1" slack="0"/>
<pin id="60" dir="1" index="1" bw="32" slack="0"/>
</pin_list>
<bind>
<opcode="alloca(26) " fcode="alloca"/>
<opset="out_bits_1/1 "/>
</bind>
</comp>

<comp id="62" class="1004" name="out_bits_2_fu_62">
<pin_list>
<pin id="63" dir="0" index="0" bw="1" slack="0"/>
<pin id="64" dir="1" index="1" bw="32" slack="0"/>
</pin_list>
<bind>
<opcode="alloca(26) " fcode="alloca"/>
<opset="out_bits_2/1 "/>
</bind>
</comp>

<comp id="66" class="1004" name="result_read_read_fu_66">
<pin_list>
<pin id="67" dir="0" index="0" bw="63" slack="0"/>
<pin id="68" dir="0" index="1" bw="63" slack="0"/>
<pin id="69" dir="1" index="2" bw="63" slack="0"/>
</pin_list>
<bind>
<opcode="read(1150) " fcode="read"/>
<opset="result_read/1 "/>
</bind>
</comp>

<comp id="72" class="1004" name="out_bits_3_reload_read_read_fu_72">
<pin_list>
<pin id="73" dir="0" index="0" bw="32" slack="0"/>
<pin id="74" dir="0" index="1" bw="32" slack="0"/>
<pin id="75" dir="1" index="2" bw="32" slack="0"/>
</pin_list>
<bind>
<opcode="read(1150) " fcode="read"/>
<opset="out_bits_3_reload_read/1 "/>
</bind>
</comp>

<comp id="78" class="1004" name="out_bits_4_reload_read_read_fu_78">
<pin_list>
<pin id="79" dir="0" index="0" bw="32" slack="0"/>
<pin id="80" dir="0" index="1" bw="32" slack="0"/>
<pin id="81" dir="1" index="2" bw="32" slack="0"/>
</pin_list>
<bind>
<opcode="read(1150) " fcode="read"/>
<opset="out_bits_4_reload_read/1 "/>
</bind>
</comp>

<comp id="84" class="1004" name="out_bits_5_reload_read_read_fu_84">
<pin_list>
<pin id="85" dir="0" index="0" bw="32" slack="0"/>
<pin id="86" dir="0" index="1" bw="32" slack="0"/>
<pin id="87" dir="1" index="2" bw="32" slack="0"/>
</pin_list>
<bind>
<opcode="read(1150) " fcode="read"/>
<opset="out_bits_5_reload_read/1 "/>
</bind>
</comp>

<comp id="90" class="1004" name="write_ln0_write_fu_90">
<pin_list>
<pin id="91" dir="0" index="0" bw="0" slack="0"/>
<pin id="92" dir="0" index="1" bw="32" slack="0"/>
<pin id="93" dir="0" index="2" bw="32" slack="0"/>
<pin id="94" dir="1" index="3" bw="0" slack="2147483647"/>
</pin_list>
<bind>
<opcode="write(1151) " fcode="write"/>
<opset="write_ln0/1 "/>
</bind>
</comp>

<comp id="97" class="1004" name="write_ln0_write_fu_97">
<pin_list>
<pin id="98" dir="0" index="0" bw="0" slack="0"/>
<pin id="99" dir="0" index="1" bw="32" slack="0"/>
<pin id="100" dir="0" index="2" bw="32" slack="0"/>
<pin id="101" dir="1" index="3" bw="0" slack="2147483647"/>
</pin_list>
<bind>
<opcode="write(1151) " fcode="write"/>
<opset="write_ln0/1 "/>
</bind>
</comp>

<comp id="104" class="1004" name="write_ln0_write_fu_104">
<pin_list>
<pin id="105" dir="0" index="0" bw="0" slack="0"/>
<pin id="106" dir="0" index="1" bw="32" slack="0"/>
<pin id="107" dir="0" index="2" bw="32" slack="0"/>
<pin id="108" dir="1" index="3" bw="0" slack="2147483647"/>
</pin_list>
<bind>
<opcode="write(1151) " fcode="write"/>
<opset="write_ln0/1 "/>
</bind>
</comp>

<comp id="111" class="1004" name="store_ln400_store_fu_111">
<pin_list>
<pin id="112" dir="0" index="0" bw="32" slack="0"/>
<pin id="113" dir="0" index="1" bw="32" slack="0"/>
<pin id="114" dir="1" index="2" bw="0" slack="2147483647"/>
</pin_list>
<bind>
<opcode="store(28) " fcode="store"/>
<opset="store_ln400/1 "/>
</bind>
</comp>

<comp id="116" class="1004" name="store_ln400_store_fu_116">
<pin_list>
<pin id="117" dir="0" index="0" bw="32" slack="0"/>
<pin id="118" dir="0" index="1" bw="32" slack="0"/>
<pin id="119" dir="1" index="2" bw="0" slack="2147483647"/>
</pin_list>
<bind>
<opcode="store(28) " fcode="store"/>
<opset="store_ln400/1 "/>
</bind>
</comp>

<comp id="121" class="1004" name="store_ln400_store_fu_121">
<pin_list>
<pin id="122" dir="0" index="0" bw="32" slack="0"/>
<pin id="123" dir="0" index="1" bw="32" slack="0"/>
<pin id="124" dir="1" index="2" bw="0" slack="2147483647"/>
</pin_list>
<bind>
<opcode="store(28) " fcode="store"/>
<opset="store_ln400/1 "/>
</bind>
</comp>

<comp id="126" class="1004" name="store_ln401_store_fu_126">
<pin_list>
<pin id="127" dir="0" index="0" bw="1" slack="0"/>
<pin id="128" dir="0" index="1" bw="2" slack="0"/>
<pin id="129" dir="1" index="2" bw="0" slack="2147483647"/>
</pin_list>
<bind>
<opcode="store(28) " fcode="store"/>
<opset="store_ln401/1 "/>
</bind>
</comp>

<comp id="131" class="1004" name="i_2_load_fu_131">
<pin_list>
<pin id="132" dir="0" index="0" bw="2" slack="0"/>
<pin id="133" dir="1" index="1" bw="2" slack="0"/>
</pin_list>
<bind>
<opcode="load(27) " fcode="load"/>
<opset="i_2/1 "/>
</bind>
</comp>

<comp id="134" class="1004" name="icmp_ln401_fu_134">
<pin_list>
<pin id="135" dir="0" index="0" bw="2" slack="0"/>
<pin id="136" dir="0" index="1" bw="2" slack="0"/>
<pin id="137" dir="1" index="2" bw="1" slack="2147483647"/>
</pin_list>
<bind>
<opcode="icmp(45) " fcode="icmp"/>
<opset="icmp_ln401/1 "/>
</bind>
</comp>

<comp id="140" class="1004" name="add_ln401_fu_140">
<pin_list>
<pin id="141" dir="0" index="0" bw="2" slack="0"/>
<pin id="142" dir="0" index="1" bw="1" slack="0"/>
<pin id="143" dir="1" index="2" bw="2" slack="0"/>
</pin_list>
<bind>
<opcode="add(8) " fcode="add"/>
<opset="add_ln401/1 "/>
</bind>
</comp>

<comp id="146" class="1004" name="shl_ln_fu_146">
<pin_list>
<pin id="147" dir="0" index="0" bw="6" slack="0"/>
<pin id="148" dir="0" index="1" bw="2" slack="0"/>
<pin id="149" dir="0" index="2" bw="1" slack="0"/>
<pin id="150" dir="1" index="3" bw="6" slack="0"/>
</pin_list>
<bind>
<opcode="bitconcatenate(1004) " fcode="bitconcatenate"/>
<opset="shl_ln/1 "/>
</bind>
</comp>

<comp id="154" class="1004" name="sub_ln403_fu_154">
<pin_list>
<pin id="155" dir="0" index="0" bw="6" slack="0"/>
<pin id="156" dir="0" index="1" bw="6" slack="0"/>
<pin id="157" dir="1" index="2" bw="6" slack="0"/>
</pin_list>
<bind>
<opcode="sub(10) " fcode="sub"/>
<opset="sub_ln403/1 "/>
</bind>
</comp>

<comp id="160" class="1004" name="zext_ln403_fu_160">
<pin_list>
<pin id="161" dir="0" index="0" bw="6" slack="0"/>
<pin id="162" dir="1" index="1" bw="63" slack="0"/>
</pin_list>
<bind>
<opcode="zext(34) " fcode="zext"/>
<opset="zext_ln403/1 "/>
</bind>
</comp>

<comp id="164" class="1004" name="lshr_ln403_fu_164">
<pin_list>
<pin id="165" dir="0" index="0" bw="63" slack="0"/>
<pin id="166" dir="0" index="1" bw="6" slack="0"/>
<pin id="167" dir="1" index="2" bw="63" slack="0"/>
</pin_list>
<bind>
<opcode="lshr(21) " fcode="lshr"/>
<opset="lshr_ln403/1 "/>
</bind>
</comp>

<comp id="170" class="1004" name="trunc_ln403_fu_170">
<pin_list>
<pin id="171" dir="0" index="0" bw="63" slack="0"/>
<pin id="172" dir="1" index="1" bw="16" slack="0"/>
</pin_list>
<bind>
<opcode="trunc(33) " fcode="trunc"/>
<opset="trunc_ln403/1 "/>
</bind>
</comp>

<comp id="174" class="1004" name="out_bits_3_fu_174">
<pin_list>
<pin id="175" dir="0" index="0" bw="32" slack="0"/>
<pin id="176" dir="0" index="1" bw="16" slack="0"/>
<pin id="177" dir="0" index="2" bw="16" slack="0"/>
<pin id="178" dir="1" index="3" bw="32" slack="0"/>
</pin_list>
<bind>
<opcode="bitconcatenate(1004) " fcode="bitconcatenate"/>
<opset="out_bits_3/1 "/>
</bind>
</comp>

<comp id="182" class="1004" name="store_ln400_store_fu_182">
<pin_list>
<pin id="183" dir="0" index="0" bw="32" slack="0"/>
<pin id="184" dir="0" index="1" bw="32" slack="0"/>
<pin id="185" dir="1" index="2" bw="0" slack="2147483647"/>
</pin_list>
<bind>
<opcode="store(28) " fcode="store"/>
<opset="store_ln400/1 "/>
</bind>
</comp>

<comp id="187" class="1004" name="store_ln400_store_fu_187">
<pin_list>
<pin id="188" dir="0" index="0" bw="32" slack="0"/>
<pin id="189" dir="0" index="1" bw="32" slack="0"/>
<pin id="190" dir="1" index="2" bw="0" slack="2147483647"/>
</pin_list>
<bind>
<opcode="store(28) " fcode="store"/>
<opset="store_ln400/1 "/>
</bind>
</comp>

<comp id="192" class="1004" name="store_ln400_store_fu_192">
<pin_list>
<pin id="193" dir="0" index="0" bw="32" slack="0"/>
<pin id="194" dir="0" index="1" bw="32" slack="0"/>
<pin id="195" dir="1" index="2" bw="0" slack="2147483647"/>
</pin_list>
<bind>
<opcode="store(28) " fcode="store"/>
<opset="store_ln400/1 "/>
</bind>
</comp>

<comp id="197" class="1004" name="store_ln401_store_fu_197">
<pin_list>
<pin id="198" dir="0" index="0" bw="2" slack="0"/>
<pin id="199" dir="0" index="1" bw="2" slack="0"/>
<pin id="200" dir="1" index="2" bw="0" slack="2147483647"/>
</pin_list>
<bind>
<opcode="store(28) " fcode="store"/>
<opset="store_ln401/1 "/>
</bind>
</comp>

<comp id="202" class="1004" name="out_bits_load_load_fu_202">
<pin_list>
<pin id="203" dir="0" index="0" bw="32" slack="0"/>
<pin id="204" dir="1" index="1" bw="32" slack="0"/>
</pin_list>
<bind>
<opcode="load(27) " fcode="load"/>
<opset="out_bits_load/1 "/>
</bind>
</comp>

<comp id="206" class="1004" name="out_bits_1_load_load_fu_206">
<pin_list>
<pin id="207" dir="0" index="0" bw="32" slack="0"/>
<pin id="208" dir="1" index="1" bw="32" slack="0"/>
</pin_list>
<bind>
<opcode="load(27) " fcode="load"/>
<opset="out_bits_1_load/1 "/>
</bind>
</comp>

<comp id="210" class="1004" name="out_bits_2_load_load_fu_210">
<pin_list>
<pin id="211" dir="0" index="0" bw="32" slack="0"/>
<pin id="212" dir="1" index="1" bw="32" slack="0"/>
</pin_list>
<bind>
<opcode="load(27) " fcode="load"/>
<opset="out_bits_2_load/1 "/>
</bind>
</comp>

<comp id="214" class="1005" name="i_reg_214">
<pin_list>
<pin id="215" dir="0" index="0" bw="2" slack="0"/>
<pin id="216" dir="1" index="1" bw="2" slack="0"/>
</pin_list>
<bind>
<opset="i "/>
</bind>
</comp>

<comp id="221" class="1005" name="out_bits_reg_221">
<pin_list>
<pin id="222" dir="0" index="0" bw="32" slack="0"/>
<pin id="223" dir="1" index="1" bw="32" slack="0"/>
</pin_list>
<bind>
<opset="out_bits "/>
</bind>
</comp>

<comp id="228" class="1005" name="out_bits_1_reg_228">
<pin_list>
<pin id="229" dir="0" index="0" bw="32" slack="0"/>
<pin id="230" dir="1" index="1" bw="32" slack="0"/>
</pin_list>
<bind>
<opset="out_bits_1 "/>
</bind>
</comp>

<comp id="235" class="1005" name="out_bits_2_reg_235">
<pin_list>
<pin id="236" dir="0" index="0" bw="32" slack="0"/>
<pin id="237" dir="1" index="1" bw="32" slack="0"/>
</pin_list>
<bind>
<opset="out_bits_2 "/>
</bind>
</comp>

</comp_list>

<net_list>
<net id="53"><net_src comp="14" pin="0"/><net_sink comp="50" pin=0"/></net>

<net id="57"><net_src comp="14" pin="0"/><net_sink comp="54" pin=0"/></net>

<net id="61"><net_src comp="14" pin="0"/><net_sink comp="58" pin=0"/></net>

<net id="65"><net_src comp="14" pin="0"/><net_sink comp="62" pin=0"/></net>

<net id="70"><net_src comp="16" pin="0"/><net_sink comp="66" pin=0"/></net>

<net id="71"><net_src comp="6" pin="0"/><net_sink comp="66" pin=1"/></net>

<net id="76"><net_src comp="18" pin="0"/><net_sink comp="72" pin=0"/></net>

<net id="77"><net_src comp="4" pin="0"/><net_sink comp="72" pin=1"/></net>

<net id="82"><net_src comp="18" pin="0"/><net_sink comp="78" pin=0"/></net>

<net id="83"><net_src comp="2" pin="0"/><net_sink comp="78" pin=1"/></net>

<net id="88"><net_src comp="18" pin="0"/><net_sink comp="84" pin=0"/></net>

<net id="89"><net_src comp="0" pin="0"/><net_sink comp="84" pin=1"/></net>

<net id="95"><net_src comp="48" pin="0"/><net_sink comp="90" pin=0"/></net>

<net id="96"><net_src comp="8" pin="0"/><net_sink comp="90" pin=1"/></net>

<net id="102"><net_src comp="48" pin="0"/><net_sink comp="97" pin=0"/></net>

<net id="103"><net_src comp="10" pin="0"/><net_sink comp="97" pin=1"/></net>

<net id="109"><net_src comp="48" pin="0"/><net_sink comp="104" pin=0"/></net>

<net id="110"><net_src comp="12" pin="0"/><net_sink comp="104" pin=1"/></net>

<net id="115"><net_src comp="84" pin="2"/><net_sink comp="111" pin=0"/></net>

<net id="120"><net_src comp="78" pin="2"/><net_sink comp="116" pin=0"/></net>

<net id="125"><net_src comp="72" pin="2"/><net_sink comp="121" pin=0"/></net>

<net id="130"><net_src comp="20" pin="0"/><net_sink comp="126" pin=0"/></net>

<net id="138"><net_src comp="131" pin="1"/><net_sink comp="134" pin=0"/></net>

<net id="139"><net_src comp="22" pin="0"/><net_sink comp="134" pin=1"/></net>

<net id="144"><net_src comp="131" pin="1"/><net_sink comp="140" pin=0"/></net>

<net id="145"><net_src comp="24" pin="0"/><net_sink comp="140" pin=1"/></net>

<net id="151"><net_src comp="38" pin="0"/><net_sink comp="146" pin=0"/></net>

<net id="152"><net_src comp="131" pin="1"/><net_sink comp="146" pin=1"/></net>

<net id="153"><net_src comp="40" pin="0"/><net_sink comp="146" pin=2"/></net>

<net id="158"><net_src comp="42" pin="0"/><net_sink comp="154" pin=0"/></net>

<net id="159"><net_src comp="146" pin="3"/><net_sink comp="154" pin=1"/></net>

<net id="163"><net_src comp="154" pin="2"/><net_sink comp="160" pin=0"/></net>

<net id="168"><net_src comp="66" pin="2"/><net_sink comp="164" pin=0"/></net>

<net id="169"><net_src comp="160" pin="1"/><net_sink comp="164" pin=1"/></net>

<net id="173"><net_src comp="164" pin="2"/><net_sink comp="170" pin=0"/></net>

<net id="179"><net_src comp="44" pin="0"/><net_sink comp="174" pin=0"/></net>

<net id="180"><net_src comp="170" pin="1"/><net_sink comp="174" pin=1"/></net>

<net id="181"><net_src comp="46" pin="0"/><net_sink comp="174" pin=2"/></net>

<net id="186"><net_src comp="174" pin="3"/><net_sink comp="182" pin=0"/></net>

<net id="191"><net_src comp="174" pin="3"/><net_sink comp="187" pin=0"/></net>

<net id="196"><net_src comp="174" pin="3"/><net_sink comp="192" pin=0"/></net>

<net id="201"><net_src comp="140" pin="2"/><net_sink comp="197" pin=0"/></net>

<net id="205"><net_src comp="202" pin="1"/><net_sink comp="104" pin=2"/></net>

<net id="209"><net_src comp="206" pin="1"/><net_sink comp="97" pin=2"/></net>

<net id="213"><net_src comp="210" pin="1"/><net_sink comp="90" pin=2"/></net>

<net id="217"><net_src comp="50" pin="1"/><net_sink comp="214" pin=0"/></net>

<net id="218"><net_src comp="214" pin="1"/><net_sink comp="126" pin=1"/></net>

<net id="219"><net_src comp="214" pin="1"/><net_sink comp="131" pin=0"/></net>

<net id="220"><net_src comp="214" pin="1"/><net_sink comp="197" pin=1"/></net>

<net id="224"><net_src comp="54" pin="1"/><net_sink comp="221" pin=0"/></net>

<net id="225"><net_src comp="221" pin="1"/><net_sink comp="121" pin=1"/></net>

<net id="226"><net_src comp="221" pin="1"/><net_sink comp="187" pin=1"/></net>

<net id="227"><net_src comp="221" pin="1"/><net_sink comp="202" pin=0"/></net>

<net id="231"><net_src comp="58" pin="1"/><net_sink comp="228" pin=0"/></net>

<net id="232"><net_src comp="228" pin="1"/><net_sink comp="116" pin=1"/></net>

<net id="233"><net_src comp="228" pin="1"/><net_sink comp="182" pin=1"/></net>

<net id="234"><net_src comp="228" pin="1"/><net_sink comp="206" pin=0"/></net>

<net id="238"><net_src comp="62" pin="1"/><net_sink comp="235" pin=0"/></net>

<net id="239"><net_src comp="235" pin="1"/><net_sink comp="111" pin=1"/></net>

<net id="240"><net_src comp="235" pin="1"/><net_sink comp="192" pin=1"/></net>

<net id="241"><net_src comp="235" pin="1"/><net_sink comp="210" pin=0"/></net>

</net_list>

</model> 
---------------- Datapath Model END ------------------

* FSMD analyzer results:
  - Output states:
	Port: out_bits_9_out | {1 }
	Port: out_bits_8_out | {1 }
	Port: out_bits_7_out | {1 }
 - Input state : 
	Port: sin_or_cos<double>_Pipeline_2 : out_bits_5_reload | {1 }
	Port: sin_or_cos<double>_Pipeline_2 : out_bits_4_reload | {1 }
	Port: sin_or_cos<double>_Pipeline_2 : out_bits_3_reload | {1 }
	Port: sin_or_cos<double>_Pipeline_2 : result | {1 }
  - Chain level:
	State 1
		store_ln401 : 1
		i_2 : 1
		icmp_ln401 : 2
		add_ln401 : 2
		br_ln401 : 3
		shl_ln : 2
		sub_ln403 : 3
		zext_ln403 : 4
		lshr_ln403 : 5
		trunc_ln403 : 6
		out_bits_3 : 7
		switch_ln405 : 2
		store_ln400 : 8
		store_ln400 : 8
		store_ln400 : 8
		store_ln401 : 3
		out_bits_load : 1
		out_bits_1_load : 1
		out_bits_2_load : 1
		write_ln0 : 2
		write_ln0 : 2
		write_ln0 : 2


============================================================
+ Verbose Summary: Datapath Resource usage 
============================================================

* Functional unit list:
|----------|-----------------------------------|---------|---------|
| Operation|          Functional Unit          |    FF   |   LUT   |
|----------|-----------------------------------|---------|---------|
|   lshr   |         lshr_ln403_fu_164         |    0    |   176   |
|----------|-----------------------------------|---------|---------|
|    sub   |          sub_ln403_fu_154         |    0    |    13   |
|----------|-----------------------------------|---------|---------|
|   icmp   |         icmp_ln401_fu_134         |    0    |    9    |
|----------|-----------------------------------|---------|---------|
|    add   |          add_ln401_fu_140         |    0    |    9    |
|----------|-----------------------------------|---------|---------|
|          |       result_read_read_fu_66      |    0    |    0    |
|   read   | out_bits_3_reload_read_read_fu_72 |    0    |    0    |
|          | out_bits_4_reload_read_read_fu_78 |    0    |    0    |
|          | out_bits_5_reload_read_read_fu_84 |    0    |    0    |
|----------|-----------------------------------|---------|---------|
|          |       write_ln0_write_fu_90       |    0    |    0    |
|   write  |       write_ln0_write_fu_97       |    0    |    0    |
|          |       write_ln0_write_fu_104      |    0    |    0    |
|----------|-----------------------------------|---------|---------|
|bitconcatenate|           shl_ln_fu_146           |    0    |    0    |
|          |         out_bits_3_fu_174         |    0    |    0    |
|----------|-----------------------------------|---------|---------|
|   zext   |         zext_ln403_fu_160         |    0    |    0    |
|----------|-----------------------------------|---------|---------|
|   trunc  |         trunc_ln403_fu_170        |    0    |    0    |
|----------|-----------------------------------|---------|---------|
|   Total  |                                   |    0    |   207   |
|----------|-----------------------------------|---------|---------|

Memories:
N/A

* Register list:
+------------------+--------+
|                  |   FF   |
+------------------+--------+
|     i_reg_214    |    2   |
|out_bits_1_reg_228|   32   |
|out_bits_2_reg_235|   32   |
| out_bits_reg_221 |   32   |
+------------------+--------+
|       Total      |   98   |
+------------------+--------+

* Multiplexer (MUX) list: 
|--------|------|------|------|--------|
|  Comp  |  Pin | Size |  BW  | S x BW |
|--------|------|------|------|--------|
|  Total |      |      |      |    0   |
|--------|------|------|------|--------|



* Summary:
+-----------+--------+--------+
|           |   FF   |   LUT  |
+-----------+--------+--------+
|  Function |    0   |   207  |
|   Memory  |    -   |    -   |
|Multiplexer|    -   |    -   |
|  Register |   98   |    -   |
+-----------+--------+--------+
|   Total   |   98   |   207  |
+-----------+--------+--------+
