

================================================================
== Vitis HLS Report for 'sin_or_cos_double_Pipeline_3'
================================================================
* Date:           Tue Apr 21 17:14:48 2026

* Version:        2024.1 (Build 5069499 on May 21 2024)
* Project:        calculateCoefficients
* Solution:       hls (Vivado IP Flow Target)
* Product family: zynquplus
* Target device:  xczu3eg-sfvc784-2-e


================================================================
== Performance Estimates
================================================================
+ Timing: 
    * Summary: 
    +--------+----------+----------+------------+
    |  Clock |  Target  | Estimated| Uncertainty|
    +--------+----------+----------+------------+
    |ap_clk  |  10.00 ns|  1.527 ns|     2.70 ns|
    +--------+----------+----------+------------+

+ Latency: 
    * Summary: 
    +---------+---------+-----------+-----------+-----+-----+-----------------------------------------------+
    |  Latency (cycles) |   Latency (absolute)  |  Interval |                    Pipeline                   |
    |   min   |   max   |    min    |    max    | min | max |                      Type                     |
    +---------+---------+-----------+-----------+-----+-----+-----------------------------------------------+
    |        6|        6|  60.000 ns|  60.000 ns|    5|    5|  loop auto-rewind stp(delay=0 clock cycles(s))|
    +---------+---------+-----------+-----------+-----+-----+-----------------------------------------------+

    + Detail: 
        * Instance: 
        N/A

        * Loop: 
        +----------+---------+---------+----------+-----------+-----------+------+----------+
        |          |  Latency (cycles) | Iteration|  Initiation Interval  | Trip |          |
        | Loop Name|   min   |   max   |  Latency |  achieved |   target  | Count| Pipelined|
        +----------+---------+---------+----------+-----------+-----------+------+----------+
        |- Loop 1  |        4|        4|         1|          1|          1|     4|       yes|
        +----------+---------+---------+----------+-----------+-----------+------+----------+



================================================================
== Utilization Estimates
================================================================
* Summary: 
+-----------------+---------+-----+--------+-------+-----+
|       Name      | BRAM_18K| DSP |   FF   |  LUT  | URAM|
+-----------------+---------+-----+--------+-------+-----+
|DSP              |        -|    -|       -|      -|    -|
|Expression       |        -|    -|       0|     68|    -|
|FIFO             |        -|    -|       -|      -|    -|
|Instance         |        -|    -|       0|     20|    -|
|Memory           |        -|    -|       -|      -|    -|
|Multiplexer      |        -|    -|       0|     27|    -|
|Register         |        -|    -|     133|      -|    -|
+-----------------+---------+-----+--------+-------+-----+
|Total            |        0|    0|     133|    115|    0|
+-----------------+---------+-----+--------+-------+-----+
|Available        |      432|  360|  141120|  70560|    0|
+-----------------+---------+-----+--------+-------+-----+
|Utilization (%)  |        0|    0|      ~0|     ~0|    0|
+-----------------+---------+-----+--------+-------+-----+

+ Detail: 
    * Instance: 
    +--------------------------+----------------------+---------+----+---+----+-----+
    |         Instance         |        Module        | BRAM_18K| DSP| FF| LUT| URAM|
    +--------------------------+----------------------+---------+----+---+----+-----+
    |sparsemux_9_2_32_1_1_U14  |sparsemux_9_2_32_1_1  |        0|   0|  0|  20|    0|
    +--------------------------+----------------------+---------+----+---+----+-----+
    |Total                     |                      |        0|   0|  0|  20|    0|
    +--------------------------+----------------------+---------+----+---+----+-----+

    * DSP: 
    N/A

    * Memory: 
    N/A

    * FIFO: 
    N/A

    * Expression: 
    +----------------------+----------+----+---+----+------------+------------+
    |     Variable Name    | Operation| DSP| FF| LUT| Bitwidth P0| Bitwidth P1|
    +----------------------+----------+----+---+----+------------+------------+
    |add_ln414_fu_146_p2   |         +|   0|  0|  10|           3|           1|
    |c_4_fu_190_p3         |      cttz|   0|  0|  46|          32|           0|
    |icmp_ln414_fu_140_p2  |      icmp|   0|  0|  12|           3|           4|
    +----------------------+----------+----+---+----+------------+------------+
    |Total                 |          |   0|  0|  68|          38|           5|
    +----------------------+----------+----+---+----+------------+------------+

    * Multiplexer: 
    +--------------------+----+-----------+-----+-----------+
    |        Name        | LUT| Input Size| Bits| Total Bits|
    +--------------------+----+-----------+-----+-----------+
    |ap_done_int         |   9|          2|    1|          2|
    |ap_sig_allocacmp_i  |   9|          2|    3|          6|
    |i_1_fu_60           |   9|          2|    3|          6|
    +--------------------+----+-----------+-----+-----------+
    |Total               |  27|          6|    7|         14|
    +--------------------+----+-----------+-----+-----------+

    * Register: 
    +-------------+----+----+-----+-----------+
    |     Name    | FF | LUT| Bits| Const Bits|
    +-------------+----+----+-----+-----------+
    |ap_CS_fsm    |   1|   0|    1|          0|
    |ap_done_reg  |   1|   0|    1|          0|
    |c_1_fu_68    |  32|   0|   32|          0|
    |c_2_fu_72    |  32|   0|   32|          0|
    |c_3_fu_76    |  32|   0|   32|          0|
    |c_fu_64      |  32|   0|   32|          0|
    |i_1_fu_60    |   3|   0|    3|          0|
    +-------------+----+----+-----+-----------+
    |Total        | 133|   0|  133|          0|
    +-------------+----+----+-----+-----------+



================================================================
== Interface
================================================================
* Summary: 
+-------------------+-----+-----+------------+-------------------------------+--------------+
|     RTL Ports     | Dir | Bits|  Protocol  |         Source Object         |    C Type    |
+-------------------+-----+-----+------------+-------------------------------+--------------+
|ap_clk             |   in|    1|  ap_ctrl_hs|  sin_or_cos<double>_Pipeline_3|  return value|
|ap_rst             |   in|    1|  ap_ctrl_hs|  sin_or_cos<double>_Pipeline_3|  return value|
|ap_start           |   in|    1|  ap_ctrl_hs|  sin_or_cos<double>_Pipeline_3|  return value|
|ap_done            |  out|    1|  ap_ctrl_hs|  sin_or_cos<double>_Pipeline_3|  return value|
|ap_idle            |  out|    1|  ap_ctrl_hs|  sin_or_cos<double>_Pipeline_3|  return value|
|ap_ready           |  out|    1|  ap_ctrl_hs|  sin_or_cos<double>_Pipeline_3|  return value|
|out_bits_7_reload  |   in|   32|     ap_none|              out_bits_7_reload|        scalar|
|out_bits_8_reload  |   in|   32|     ap_none|              out_bits_8_reload|        scalar|
|out_bits_9_reload  |   in|   32|     ap_none|              out_bits_9_reload|        scalar|
|out_bits_6         |   in|   32|     ap_none|                     out_bits_6|        scalar|
|c_3_out            |  out|   32|      ap_vld|                        c_3_out|       pointer|
|c_3_out_ap_vld     |  out|    1|      ap_vld|                        c_3_out|       pointer|
|c_2_out            |  out|   32|      ap_vld|                        c_2_out|       pointer|
|c_2_out_ap_vld     |  out|    1|      ap_vld|                        c_2_out|       pointer|
|c_1_out            |  out|   32|      ap_vld|                        c_1_out|       pointer|
|c_1_out_ap_vld     |  out|    1|      ap_vld|                        c_1_out|       pointer|
|c_out              |  out|   32|      ap_vld|                          c_out|       pointer|
|c_out_ap_vld       |  out|    1|      ap_vld|                          c_out|       pointer|
+-------------------+-----+-----+------------+-------------------------------+--------------+

============================================================
+ Verbose Summary: Synthesis Manager
============================================================
InlineROM: 1
ExposeGlobal: 0
============================================================
+ Verbose Summary: CDFG Model
============================================================
IsTopModel: 0
ResetActiveHigh: 1
IsCombinational: 2
IsDatapathOnly: 2
HasWiredReturn: 1
HasMFsm: 2
HasVarLatency: 1
IsPipeline: 0
IsRtlPipelined: 0
IsInstanceOverlapped: 0
IsDontTouch: 0
HasImplIP: 0
IsGatedGlobalClock: 0

+ Individual pipeline summary: 
  * Pipeline-0: initiation interval (II) = 1, depth = 1


============================================================
+ Verbose Summary: Schedule
============================================================
* Number of FSM states : 1
* Pipeline : 1
  Pipeline-0 : II = 1, D = 1, States = { 1 }
* Dataflow Pipeline: 0

* FSM state transitions: 
1 --> 

* FSM state operations: 

State 1 <SV = 0> <Delay = 1.52>
ST_1 : Operation 4 [1/1] (0.00ns)   --->   "%i_1 = alloca i32 1" [C:\scratch\2024.1\hls_product\545\2024.1\src\shared\hls\clib/src/hls\utils/x_hls_float_utils.h:414->C:\scratch\2024.1\hls_product\545\2024.1\src\shared\hls\clib/hlsmath/include/FloatingPoint\hls_hotbm.h:252]   --->   Operation 4 'alloca' 'i_1' <Predicate = true> <Delay = 0.00>
ST_1 : Operation 5 [1/1] (0.00ns)   --->   "%c = alloca i32 1" [C:\scratch\2024.1\hls_product\545\2024.1\src\shared\hls\clib/src/hls\utils/x_hls_float_utils.h:413->C:\scratch\2024.1\hls_product\545\2024.1\src\shared\hls\clib/hlsmath/include/FloatingPoint\hls_hotbm.h:252]   --->   Operation 5 'alloca' 'c' <Predicate = true> <Delay = 0.00>
ST_1 : Operation 6 [1/1] (0.00ns)   --->   "%c_1 = alloca i32 1" [C:\scratch\2024.1\hls_product\545\2024.1\src\shared\hls\clib/src/hls\utils/x_hls_float_utils.h:413->C:\scratch\2024.1\hls_product\545\2024.1\src\shared\hls\clib/hlsmath/include/FloatingPoint\hls_hotbm.h:252]   --->   Operation 6 'alloca' 'c_1' <Predicate = true> <Delay = 0.00>
ST_1 : Operation 7 [1/1] (0.00ns)   --->   "%c_2 = alloca i32 1" [C:\scratch\2024.1\hls_product\545\2024.1\src\shared\hls\clib/src/hls\utils/x_hls_float_utils.h:413->C:\scratch\2024.1\hls_product\545\2024.1\src\shared\hls\clib/hlsmath/include/FloatingPoint\hls_hotbm.h:252]   --->   Operation 7 'alloca' 'c_2' <Predicate = true> <Delay = 0.00>
ST_1 : Operation 8 [1/1] (0.00ns)   --->   "%c_3 = alloca i32 1" [C:\scratch\2024.1\hls_product\545\2024.1\src\shared\hls\clib/src/hls\utils/x_hls_float_utils.h:413->C:\scratch\2024.1\hls_product\545\2024.1\src\shared\hls\clib/hlsmath/include/FloatingPoint\hls_hotbm.h:252]   --->   Operation 8 'alloca' 'c_3' <Predicate = true> <Delay = 0.00>
ST_1 : Operation 9 [1/1] (0.00ns)   --->   "%out_bits_6_read = read i32 @_ssdm_op_Read.ap_auto.i32, i32 %out_bits_6"   --->   Operation 9 'read' 'out_bits_6_read' <Predicate = true> <Delay = 0.00>
ST_1 : Operation 10 [1/1] (0.00ns)   --->   "%out_bits_9_reload_read = read i32 @_ssdm_op_Read.ap_auto.i32, i32 %out_bits_9_reload"   --->   Operation 10 'read' 'out_bits_9_reload_read' <Predicate = true> <Delay = 0.00>
ST_1 : Operation 11 [1/1] (0.00ns)   --->   "%out_bits_8_reload_read = read i32 @_ssdm_op_Read.ap_auto.i32, i32 %out_bits_8_reload"   --->   Operation 11 'read' 'out_bits_8_reload_read' <Predicate = true> <Delay = 0.00>
ST_1 : Operation 12 [1/1] (0.00ns)   --->   "%out_bits_7_reload_read = read i32 @_ssdm_op_Read.ap_auto.i32, i32 %out_bits_7_reload"   --->   Operation 12 'read' 'out_bits_7_reload_read' <Predicate = true> <Delay = 0.00>
ST_1 : Operation 13 [1/1] (0.42ns)   --->   "%store_ln414 = store i3 0, i3 %i_1" [C:\scratch\2024.1\hls_product\545\2024.1\src\shared\hls\clib/src/hls\utils/x_hls_float_utils.h:414->C:\scratch\2024.1\hls_product\545\2024.1\src\shared\hls\clib/hlsmath/include/FloatingPoint\hls_hotbm.h:252]   --->   Operation 13 'store' 'store_ln414' <Predicate = true> <Delay = 0.42>
ST_1 : Operation 14 [1/1] (0.00ns)   --->   "%br_ln0 = br void %for.inc43.i"   --->   Operation 14 'br' 'br_ln0' <Predicate = true> <Delay = 0.00>
ST_1 : Operation 15 [1/1] (0.00ns)   --->   "%i = load i3 %i_1" [C:\scratch\2024.1\hls_product\545\2024.1\src\shared\hls\clib/src/hls\utils/x_hls_float_utils.h:414->C:\scratch\2024.1\hls_product\545\2024.1\src\shared\hls\clib/hlsmath/include/FloatingPoint\hls_hotbm.h:252]   --->   Operation 15 'load' 'i' <Predicate = true> <Delay = 0.00>
ST_1 : Operation 16 [1/1] (0.67ns)   --->   "%icmp_ln414 = icmp_eq  i3 %i, i3 4" [C:\scratch\2024.1\hls_product\545\2024.1\src\shared\hls\clib/src/hls\utils/x_hls_float_utils.h:414->C:\scratch\2024.1\hls_product\545\2024.1\src\shared\hls\clib/hlsmath/include/FloatingPoint\hls_hotbm.h:252]   --->   Operation 16 'icmp' 'icmp_ln414' <Predicate = true> <Delay = 0.67> <CoreInst = "Cmp">   --->   Core 9 'Cmp' <Latency = 0> <II = 1> <Delay = 0.79> <FuncUnit> <Opcode : 'seteq' 'setne' 'setle' 'setge' 'setlt' 'setgt'> <InPorts = 2> <OutPorts = 1>
ST_1 : Operation 17 [1/1] (0.67ns)   --->   "%add_ln414 = add i3 %i, i3 1" [C:\scratch\2024.1\hls_product\545\2024.1\src\shared\hls\clib/src/hls\utils/x_hls_float_utils.h:414->C:\scratch\2024.1\hls_product\545\2024.1\src\shared\hls\clib/hlsmath/include/FloatingPoint\hls_hotbm.h:252]   --->   Operation 17 'add' 'add_ln414' <Predicate = true> <Delay = 0.67> <CoreInst = "Adder">   --->   Core 1 'Adder' <Latency = 0> <II = 1> <Delay = 0.67> <FuncUnit> <Opcode : 'add' 'sub'> <InPorts = 2> <OutPorts = 1>
ST_1 : Operation 18 [1/1] (0.00ns)   --->   "%br_ln414 = br i1 %icmp_ln414, void %for.inc43.i.split, void %for.end45.i.exitStub" [C:\scratch\2024.1\hls_product\545\2024.1\src\shared\hls\clib/src/hls\utils/x_hls_float_utils.h:414->C:\scratch\2024.1\hls_product\545\2024.1\src\shared\hls\clib/hlsmath/include/FloatingPoint\hls_hotbm.h:252]   --->   Operation 18 'br' 'br_ln414' <Predicate = true> <Delay = 0.00>
ST_1 : Operation 19 [1/1] (0.00ns)   --->   "%trunc_ln414 = trunc i3 %i" [C:\scratch\2024.1\hls_product\545\2024.1\src\shared\hls\clib/src/hls\utils/x_hls_float_utils.h:414->C:\scratch\2024.1\hls_product\545\2024.1\src\shared\hls\clib/hlsmath/include/FloatingPoint\hls_hotbm.h:252]   --->   Operation 19 'trunc' 'trunc_ln414' <Predicate = (!icmp_ln414)> <Delay = 0.00>
ST_1 : Operation 20 [1/1] (0.00ns)   --->   "%specpipeline_ln413 = specpipeline void @_ssdm_op_SpecPipeline, i32 4294967295, i32 0, i32 0, i32 0, void @empty_0" [C:\scratch\2024.1\hls_product\545\2024.1\src\shared\hls\clib/src/hls\utils/x_hls_float_utils.h:413->C:\scratch\2024.1\hls_product\545\2024.1\src\shared\hls\clib/hlsmath/include/FloatingPoint\hls_hotbm.h:252]   --->   Operation 20 'specpipeline' 'specpipeline_ln413' <Predicate = (!icmp_ln414)> <Delay = 0.00>
ST_1 : Operation 21 [1/1] (0.00ns)   --->   "%speclooptripcount_ln413 = speclooptripcount void @_ssdm_op_SpecLoopTripCount, i64 4, i64 4, i64 4" [C:\scratch\2024.1\hls_product\545\2024.1\src\shared\hls\clib/src/hls\utils/x_hls_float_utils.h:413->C:\scratch\2024.1\hls_product\545\2024.1\src\shared\hls\clib/hlsmath/include/FloatingPoint\hls_hotbm.h:252]   --->   Operation 21 'speclooptripcount' 'speclooptripcount_ln413' <Predicate = (!icmp_ln414)> <Delay = 0.00>
ST_1 : Operation 22 [1/1] (0.52ns)   --->   "%x = sparsemux i32 @_ssdm_op_SparseMux.ap_auto.4i32.i32.i2, i2 0, i32 %out_bits_7_reload_read, i2 1, i32 %out_bits_8_reload_read, i2 2, i32 %out_bits_9_reload_read, i2 3, i32 %out_bits_6_read, i32 0, i2 %trunc_ln414" [C:\scratch\2024.1\hls_product\545\2024.1\src\shared\hls\clib/src/hls\utils/x_hls_float_utils.h:415->C:\scratch\2024.1\hls_product\545\2024.1\src\shared\hls\clib/hlsmath/include/FloatingPoint\hls_hotbm.h:252]   --->   Operation 22 'sparsemux' 'x' <Predicate = (!icmp_ln414)> <Delay = 0.52> <CoreInst = "SparseMux">   --->   Core 144 'SparseMux' <Latency = 0> <II = 1> <Delay = 0.52> <FuncUnit> <Opcode : 'sparsemux'> <InPorts = 2> <OutPorts = 1>
ST_1 : Operation 23 [1/1] (0.00ns)   --->   "%tmp_s = partselect i32 @llvm.part.select.i32, i32 %x, i32 31, i32 0" [C:\scratch\2024.1\hls_product\545\2024.1\src\shared\hls\clib/hlsmath/include/FloatingPoint/hls_normalize.h:81->C:\scratch\2024.1\hls_product\545\2024.1\src\shared\hls\clib/src/hls\utils/x_hls_float_utils.h:415->C:\scratch\2024.1\hls_product\545\2024.1\src\shared\hls\clib/hlsmath/include/FloatingPoint\hls_hotbm.h:252]   --->   Operation 23 'partselect' 'tmp_s' <Predicate = (!icmp_ln414)> <Delay = 0.00>
ST_1 : Operation 24 [1/1] (0.56ns)   --->   "%c_4 = cttz i32 @llvm.cttz.i32, i32 %tmp_s, i1 1" [C:\scratch\2024.1\hls_product\545\2024.1\src\shared\hls\clib/hlsmath/include/FloatingPoint/hls_normalize.h:81->C:\scratch\2024.1\hls_product\545\2024.1\src\shared\hls\clib/src/hls\utils/x_hls_float_utils.h:415->C:\scratch\2024.1\hls_product\545\2024.1\src\shared\hls\clib/hlsmath/include/FloatingPoint\hls_hotbm.h:252]   --->   Operation 24 'cttz' 'c_4' <Predicate = (!icmp_ln414)> <Delay = 0.56> <CoreInst = "cttz">   --->   Core 145 'cttz' <Latency = 0> <II = 1> <Delay = 0.56> <FuncUnit> <Opcode : 'cttz'> <InPorts = 1> <OutPorts = 1>
ST_1 : Operation 25 [1/1] (0.73ns)   --->   "%switch_ln415 = switch i2 %trunc_ln414, void %arrayidx42.i.case.3, i2 0, void %for.inc43.i.split.arrayidx42.i.exit_crit_edge6, i2 1, void %arrayidx42.i.case.1, i2 2, void %for.inc43.i.split.arrayidx42.i.exit_crit_edge" [C:\scratch\2024.1\hls_product\545\2024.1\src\shared\hls\clib/src/hls\utils/x_hls_float_utils.h:415->C:\scratch\2024.1\hls_product\545\2024.1\src\shared\hls\clib/hlsmath/include/FloatingPoint\hls_hotbm.h:252]   --->   Operation 25 'switch' 'switch_ln415' <Predicate = (!icmp_ln414)> <Delay = 0.73>
ST_1 : Operation 26 [1/1] (0.00ns)   --->   "%store_ln413 = store i32 %c_4, i32 %c_2" [C:\scratch\2024.1\hls_product\545\2024.1\src\shared\hls\clib/src/hls\utils/x_hls_float_utils.h:413->C:\scratch\2024.1\hls_product\545\2024.1\src\shared\hls\clib/hlsmath/include/FloatingPoint\hls_hotbm.h:252]   --->   Operation 26 'store' 'store_ln413' <Predicate = (!icmp_ln414 & trunc_ln414 == 2)> <Delay = 0.00>
ST_1 : Operation 27 [1/1] (0.00ns)   --->   "%br_ln415 = br void %arrayidx42.i.exit" [C:\scratch\2024.1\hls_product\545\2024.1\src\shared\hls\clib/src/hls\utils/x_hls_float_utils.h:415->C:\scratch\2024.1\hls_product\545\2024.1\src\shared\hls\clib/hlsmath/include/FloatingPoint\hls_hotbm.h:252]   --->   Operation 27 'br' 'br_ln415' <Predicate = (!icmp_ln414 & trunc_ln414 == 2)> <Delay = 0.00>
ST_1 : Operation 28 [1/1] (0.00ns)   --->   "%store_ln413 = store i32 %c_4, i32 %c_1" [C:\scratch\2024.1\hls_product\545\2024.1\src\shared\hls\clib/src/hls\utils/x_hls_float_utils.h:413->C:\scratch\2024.1\hls_product\545\2024.1\src\shared\hls\clib/hlsmath/include/FloatingPoint\hls_hotbm.h:252]   --->   Operation 28 'store' 'store_ln413' <Predicate = (!icmp_ln414 & trunc_ln414 == 1)> <Delay = 0.00>
ST_1 : Operation 29 [1/1] (0.00ns)   --->   "%br_ln415 = br void %arrayidx42.i.exit" [C:\scratch\2024.1\hls_product\545\2024.1\src\shared\hls\clib/src/hls\utils/x_hls_float_utils.h:415->C:\scratch\2024.1\hls_product\545\2024.1\src\shared\hls\clib/hlsmath/include/FloatingPoint\hls_hotbm.h:252]   --->   Operation 29 'br' 'br_ln415' <Predicate = (!icmp_ln414 & trunc_ln414 == 1)> <Delay = 0.00>
ST_1 : Operation 30 [1/1] (0.00ns)   --->   "%store_ln413 = store i32 %c_4, i32 %c" [C:\scratch\2024.1\hls_product\545\2024.1\src\shared\hls\clib/src/hls\utils/x_hls_float_utils.h:413->C:\scratch\2024.1\hls_product\545\2024.1\src\shared\hls\clib/hlsmath/include/FloatingPoint\hls_hotbm.h:252]   --->   Operation 30 'store' 'store_ln413' <Predicate = (!icmp_ln414 & trunc_ln414 == 0)> <Delay = 0.00>
ST_1 : Operation 31 [1/1] (0.00ns)   --->   "%br_ln415 = br void %arrayidx42.i.exit" [C:\scratch\2024.1\hls_product\545\2024.1\src\shared\hls\clib/src/hls\utils/x_hls_float_utils.h:415->C:\scratch\2024.1\hls_product\545\2024.1\src\shared\hls\clib/hlsmath/include/FloatingPoint\hls_hotbm.h:252]   --->   Operation 31 'br' 'br_ln415' <Predicate = (!icmp_ln414 & trunc_ln414 == 0)> <Delay = 0.00>
ST_1 : Operation 32 [1/1] (0.00ns)   --->   "%store_ln413 = store i32 %c_4, i32 %c_3" [C:\scratch\2024.1\hls_product\545\2024.1\src\shared\hls\clib/src/hls\utils/x_hls_float_utils.h:413->C:\scratch\2024.1\hls_product\545\2024.1\src\shared\hls\clib/hlsmath/include/FloatingPoint\hls_hotbm.h:252]   --->   Operation 32 'store' 'store_ln413' <Predicate = (!icmp_ln414 & trunc_ln414 == 3)> <Delay = 0.00>
ST_1 : Operation 33 [1/1] (0.00ns)   --->   "%br_ln415 = br void %arrayidx42.i.exit" [C:\scratch\2024.1\hls_product\545\2024.1\src\shared\hls\clib/src/hls\utils/x_hls_float_utils.h:415->C:\scratch\2024.1\hls_product\545\2024.1\src\shared\hls\clib/hlsmath/include/FloatingPoint\hls_hotbm.h:252]   --->   Operation 33 'br' 'br_ln415' <Predicate = (!icmp_ln414 & trunc_ln414 == 3)> <Delay = 0.00>
ST_1 : Operation 34 [1/1] (0.42ns)   --->   "%store_ln414 = store i3 %add_ln414, i3 %i_1" [C:\scratch\2024.1\hls_product\545\2024.1\src\shared\hls\clib/src/hls\utils/x_hls_float_utils.h:414->C:\scratch\2024.1\hls_product\545\2024.1\src\shared\hls\clib/hlsmath/include/FloatingPoint\hls_hotbm.h:252]   --->   Operation 34 'store' 'store_ln414' <Predicate = (!icmp_ln414)> <Delay = 0.42>
ST_1 : Operation 35 [1/1] (0.00ns)   --->   "%br_ln414 = br void %for.inc43.i" [C:\scratch\2024.1\hls_product\545\2024.1\src\shared\hls\clib/src/hls\utils/x_hls_float_utils.h:414->C:\scratch\2024.1\hls_product\545\2024.1\src\shared\hls\clib/hlsmath/include/FloatingPoint\hls_hotbm.h:252]   --->   Operation 35 'br' 'br_ln414' <Predicate = (!icmp_ln414)> <Delay = 0.00>
ST_1 : Operation 36 [1/1] (0.00ns)   --->   "%c_load = load i32 %c"   --->   Operation 36 'load' 'c_load' <Predicate = (icmp_ln414)> <Delay = 0.00>
ST_1 : Operation 37 [1/1] (0.00ns)   --->   "%c_1_load = load i32 %c_1"   --->   Operation 37 'load' 'c_1_load' <Predicate = (icmp_ln414)> <Delay = 0.00>
ST_1 : Operation 38 [1/1] (0.00ns)   --->   "%c_2_load = load i32 %c_2"   --->   Operation 38 'load' 'c_2_load' <Predicate = (icmp_ln414)> <Delay = 0.00>
ST_1 : Operation 39 [1/1] (0.00ns)   --->   "%c_3_load = load i32 %c_3"   --->   Operation 39 'load' 'c_3_load' <Predicate = (icmp_ln414)> <Delay = 0.00>
ST_1 : Operation 40 [1/1] (0.00ns)   --->   "%write_ln0 = write void @_ssdm_op_Write.ap_auto.i32P0A, i32 %c_3_out, i32 %c_3_load"   --->   Operation 40 'write' 'write_ln0' <Predicate = (icmp_ln414)> <Delay = 0.00>
ST_1 : Operation 41 [1/1] (0.00ns)   --->   "%write_ln0 = write void @_ssdm_op_Write.ap_auto.i32P0A, i32 %c_2_out, i32 %c_2_load"   --->   Operation 41 'write' 'write_ln0' <Predicate = (icmp_ln414)> <Delay = 0.00>
ST_1 : Operation 42 [1/1] (0.00ns)   --->   "%write_ln0 = write void @_ssdm_op_Write.ap_auto.i32P0A, i32 %c_1_out, i32 %c_1_load"   --->   Operation 42 'write' 'write_ln0' <Predicate = (icmp_ln414)> <Delay = 0.00>
ST_1 : Operation 43 [1/1] (0.00ns)   --->   "%write_ln0 = write void @_ssdm_op_Write.ap_auto.i32P0A, i32 %c_out, i32 %c_load"   --->   Operation 43 'write' 'write_ln0' <Predicate = (icmp_ln414)> <Delay = 0.00>
ST_1 : Operation 44 [1/1] (0.42ns)   --->   "%ret_ln0 = ret"   --->   Operation 44 'ret' 'ret_ln0' <Predicate = (icmp_ln414)> <Delay = 0.42>


============================================================
+ Verbose Summary: Binding
============================================================
STG Binding: 
---------------- STG Properties BEGIN ----------------
- Is combinational: 0
- Is one-state seq: 0
- Is datapath-only: 0
- Is pipelined: 0
- Is top level: 0
Port [ Return ] is wired: 1; IO mode=ap_ctrl_hs:ce=0
Port [ out_bits_7_reload]:  wired=1; compound=0; hidden=0; nouse=0; global=0; static=0; extern=0; dir=0; type=0; pingpong=0; private_global=0; IO mode=ap_none:ce=0
Port [ out_bits_8_reload]:  wired=1; compound=0; hidden=0; nouse=0; global=0; static=0; extern=0; dir=0; type=0; pingpong=0; private_global=0; IO mode=ap_none:ce=0
Port [ out_bits_9_reload]:  wired=1; compound=0; hidden=0; nouse=0; global=0; static=0; extern=0; dir=0; type=0; pingpong=0; private_global=0; IO mode=ap_none:ce=0
Port [ out_bits_6]:  wired=1; compound=0; hidden=0; nouse=0; global=0; static=0; extern=0; dir=0; type=0; pingpong=0; private_global=0; IO mode=ap_none:ce=0
Port [ c_3_out]:  wired=1; compound=0; hidden=0; nouse=0; global=0; static=0; extern=0; dir=1; type=0; pingpong=0; private_global=0; IO mode=ap_vld:ce=0
Port [ c_2_out]:  wired=1; compound=0; hidden=0; nouse=0; global=0; static=0; extern=0; dir=1; type=0; pingpong=0; private_global=0; IO mode=ap_vld:ce=0
Port [ c_1_out]:  wired=1; compound=0; hidden=0; nouse=0; global=0; static=0; extern=0; dir=1; type=0; pingpong=0; private_global=0; IO mode=ap_vld:ce=0
Port [ c_out]:  wired=1; compound=0; hidden=0; nouse=0; global=0; static=0; extern=0; dir=1; type=0; pingpong=0; private_global=0; IO mode=ap_vld:ce=0
---------------- STG Properties END ------------------

---------------- Datapath Model BEGIN ----------------

<LifeTime>
<method=bitvector/>
i_1                     (alloca           ) [ 01]
c                       (alloca           ) [ 01]
c_1                     (alloca           ) [ 01]
c_2                     (alloca           ) [ 01]
c_3                     (alloca           ) [ 01]
out_bits_6_read         (read             ) [ 00]
out_bits_9_reload_read  (read             ) [ 00]
out_bits_8_reload_read  (read             ) [ 00]
out_bits_7_reload_read  (read             ) [ 00]
store_ln414             (store            ) [ 00]
br_ln0                  (br               ) [ 00]
i                       (load             ) [ 00]
icmp_ln414              (icmp             ) [ 01]
add_ln414               (add              ) [ 00]
br_ln414                (br               ) [ 00]
trunc_ln414             (trunc            ) [ 01]
specpipeline_ln413      (specpipeline     ) [ 00]
speclooptripcount_ln413 (speclooptripcount) [ 00]
x                       (sparsemux        ) [ 00]
tmp_s                   (partselect       ) [ 00]
c_4                     (cttz             ) [ 00]
switch_ln415            (switch           ) [ 00]
store_ln413             (store            ) [ 00]
br_ln415                (br               ) [ 00]
store_ln413             (store            ) [ 00]
br_ln415                (br               ) [ 00]
store_ln413             (store            ) [ 00]
br_ln415                (br               ) [ 00]
store_ln413             (store            ) [ 00]
br_ln415                (br               ) [ 00]
store_ln414             (store            ) [ 00]
br_ln414                (br               ) [ 00]
c_load                  (load             ) [ 00]
c_1_load                (load             ) [ 00]
c_2_load                (load             ) [ 00]
c_3_load                (load             ) [ 00]
write_ln0               (write            ) [ 00]
write_ln0               (write            ) [ 00]
write_ln0               (write            ) [ 00]
write_ln0               (write            ) [ 00]
ret_ln0                 (ret              ) [ 00]
</LifeTime>

<model>

<comp_list>
<comp id="0" class="1000" name="out_bits_7_reload">
<pin_list>
<pin id="1" dir="1" index="0" bw="1" slack="0"/>
</pin_list>
<bind>
<StgValue><ssdm name="out_bits_7_reload"/></StgValue>
</bind>
</comp>

<comp id="2" class="1000" name="out_bits_8_reload">
<pin_list>
<pin id="3" dir="1" index="0" bw="1" slack="0"/>
</pin_list>
<bind>
<StgValue><ssdm name="out_bits_8_reload"/></StgValue>
</bind>
</comp>

<comp id="4" class="1000" name="out_bits_9_reload">
<pin_list>
<pin id="5" dir="1" index="0" bw="1" slack="0"/>
</pin_list>
<bind>
<StgValue><ssdm name="out_bits_9_reload"/></StgValue>
</bind>
</comp>

<comp id="6" class="1000" name="out_bits_6">
<pin_list>
<pin id="7" dir="1" index="0" bw="1" slack="0"/>
</pin_list>
<bind>
<StgValue><ssdm name="out_bits_6"/></StgValue>
</bind>
</comp>

<comp id="8" class="1000" name="c_3_out">
<pin_list>
<pin id="9" dir="1" index="0" bw="1" slack="0"/>
</pin_list>
<bind>
<StgValue><ssdm name="c_3_out"/></StgValue>
</bind>
</comp>

<comp id="10" class="1000" name="c_2_out">
<pin_list>
<pin id="11" dir="1" index="0" bw="1" slack="0"/>
</pin_list>
<bind>
<StgValue><ssdm name="c_2_out"/></StgValue>
</bind>
</comp>

<comp id="12" class="1000" name="c_1_out">
<pin_list>
<pin id="13" dir="1" index="0" bw="1" slack="0"/>
</pin_list>
<bind>
<StgValue><ssdm name="c_1_out"/></StgValue>
</bind>
</comp>

<comp id="14" class="1000" name="c_out">
<pin_list>
<pin id="15" dir="1" index="0" bw="1" slack="0"/>
</pin_list>
<bind>
<StgValue><ssdm name="c_out"/></StgValue>
</bind>
</comp>

<comp id="16" class="1001" name="const_16">
<pin_list>
<pin id="17" dir="1" index="0" bw="1" slack="0"/>
</pin_list>
<bind>
<StgValue><ssdm name=""/></StgValue>
</bind>
</comp>

<comp id="18" class="1001" name="const_18">
<pin_list>
<pin id="19" dir="1" index="0" bw="1" slack="0"/>
</pin_list>
<bind>
<StgValue><ssdm name="_ssdm_op_Read.ap_auto.i32"/></StgValue>
</bind>
</comp>

<comp id="20" class="1001" name="const_20">
<pin_list>
<pin id="21" dir="1" index="0" bw="1" slack="0"/>
</pin_list>
<bind>
<StgValue><ssdm name=""/></StgValue>
</bind>
</comp>

<comp id="22" class="1001" name="const_22">
<pin_list>
<pin id="23" dir="1" index="0" bw="1" slack="0"/>
</pin_list>
<bind>
<StgValue><ssdm name=""/></StgValue>
</bind>
</comp>

<comp id="24" class="1001" name="const_24">
<pin_list>
<pin id="25" dir="1" index="0" bw="1" slack="0"/>
</pin_list>
<bind>
<StgValue><ssdm name=""/></StgValue>
</bind>
</comp>

<comp id="26" class="1001" name="const_26">
<pin_list>
<pin id="27" dir="1" index="0" bw="1" slack="2147483647"/>
</pin_list>
<bind>
<StgValue><ssdm name="_ssdm_op_SpecPipeline"/></StgValue>
</bind>
</comp>

<comp id="28" class="1001" name="const_28">
<pin_list>
<pin id="29" dir="1" index="0" bw="1" slack="2147483647"/>
</pin_list>
<bind>
<StgValue><ssdm name=""/></StgValue>
</bind>
</comp>

<comp id="30" class="1001" name="const_30">
<pin_list>
<pin id="31" dir="1" index="0" bw="1" slack="0"/>
</pin_list>
<bind>
<StgValue><ssdm name=""/></StgValue>
</bind>
</comp>

<comp id="32" class="1001" name="const_32">
<pin_list>
<pin id="33" dir="1" index="0" bw="1" slack="2147483647"/>
</pin_list>
<bind>
<StgValue><ssdm name="empty_0"/></StgValue>
</bind>
</comp>

<comp id="34" class="1001" name="const_34">
<pin_list>
<pin id="35" dir="1" index="0" bw="1" slack="2147483647"/>
</pin_list>
<bind>
<StgValue><ssdm name="_ssdm_op_SpecLoopTripCount"/></StgValue>
</bind>
</comp>

<comp id="36" class="1001" name="const_36">
<pin_list>
<pin id="37" dir="1" index="0" bw="1" slack="2147483647"/>
</pin_list>
<bind>
<StgValue><ssdm name=""/></StgValue>
</bind>
</comp>

<comp id="38" class="1001" name="const_38">
<pin_list>
<pin id="39" dir="1" index="0" bw="1" slack="0"/>
</pin_list>
<bind>
<StgValue><ssdm name="_ssdm_op_SparseMux.ap_auto.4i32.i32.i2"/></StgValue>
</bind>
</comp>

<comp id="40" class="1001" name="const_40">
<pin_list>
<pin id="41" dir="1" index="0" bw="1" slack="0"/>
</pin_list>
<bind>
<StgValue><ssdm name=""/></StgValue>
</bind>
</comp>

<comp id="42" class="1001" name="const_42">
<pin_list>
<pin id="43" dir="1" index="0" bw="1" slack="0"/>
</pin_list>
<bind>
<StgValue><ssdm name=""/></StgValue>
</bind>
</comp>

<comp id="44" class="1001" name="const_44">
<pin_list>
<pin id="45" dir="1" index="0" bw="1" slack="0"/>
</pin_list>
<bind>
<StgValue><ssdm name=""/></StgValue>
</bind>
</comp>

<comp id="46" class="1001" name="const_46">
<pin_list>
<pin id="47" dir="1" index="0" bw="1" slack="0"/>
</pin_list>
<bind>
<StgValue><ssdm name=""/></StgValue>
</bind>
</comp>

<comp id="48" class="1001" name="const_48">
<pin_list>
<pin id="49" dir="1" index="0" bw="1" slack="0"/>
</pin_list>
<bind>
<StgValue><ssdm name=""/></StgValue>
</bind>
</comp>

<comp id="50" class="1001" name="const_50">
<pin_list>
<pin id="51" dir="1" index="0" bw="1" slack="0"/>
</pin_list>
<bind>
<StgValue><ssdm name="llvm.part.select.i32"/></StgValue>
</bind>
</comp>

<comp id="52" class="1001" name="const_52">
<pin_list>
<pin id="53" dir="1" index="0" bw="1" slack="0"/>
</pin_list>
<bind>
<StgValue><ssdm name=""/></StgValue>
</bind>
</comp>

<comp id="54" class="1001" name="const_54">
<pin_list>
<pin id="55" dir="1" index="0" bw="1" slack="0"/>
</pin_list>
<bind>
<StgValue><ssdm name="llvm.cttz.i32"/></StgValue>
</bind>
</comp>

<comp id="56" class="1001" name="const_56">
<pin_list>
<pin id="57" dir="1" index="0" bw="1" slack="0"/>
</pin_list>
<bind>
<StgValue><ssdm name=""/></StgValue>
</bind>
</comp>

<comp id="58" class="1001" name="const_58">
<pin_list>
<pin id="59" dir="1" index="0" bw="1" slack="0"/>
</pin_list>
<bind>
<StgValue><ssdm name="_ssdm_op_Write.ap_auto.i32P0A"/></StgValue>
</bind>
</comp>

<comp id="60" class="1004" name="i_1_fu_60">
<pin_list>
<pin id="61" dir="0" index="0" bw="1" slack="0"/>
<pin id="62" dir="1" index="1" bw="3" slack="0"/>
</pin_list>
<bind>
<opcode="alloca(26) " fcode="alloca"/>
<opset="i_1/1 "/>
</bind>
</comp>

<comp id="64" class="1004" name="c_fu_64">
<pin_list>
<pin id="65" dir="0" index="0" bw="1" slack="0"/>
<pin id="66" dir="1" index="1" bw="32" slack="0"/>
</pin_list>
<bind>
<opcode="alloca(26) " fcode="alloca"/>
<opset="c/1 "/>
</bind>
</comp>

<comp id="68" class="1004" name="c_1_fu_68">
<pin_list>
<pin id="69" dir="0" index="0" bw="1" slack="0"/>
<pin id="70" dir="1" index="1" bw="32" slack="0"/>
</pin_list>
<bind>
<opcode="alloca(26) " fcode="alloca"/>
<opset="c_1/1 "/>
</bind>
</comp>

<comp id="72" class="1004" name="c_2_fu_72">
<pin_list>
<pin id="73" dir="0" index="0" bw="1" slack="0"/>
<pin id="74" dir="1" index="1" bw="32" slack="0"/>
</pin_list>
<bind>
<opcode="alloca(26) " fcode="alloca"/>
<opset="c_2/1 "/>
</bind>
</comp>

<comp id="76" class="1004" name="c_3_fu_76">
<pin_list>
<pin id="77" dir="0" index="0" bw="1" slack="0"/>
<pin id="78" dir="1" index="1" bw="32" slack="0"/>
</pin_list>
<bind>
<opcode="alloca(26) " fcode="alloca"/>
<opset="c_3/1 "/>
</bind>
</comp>

<comp id="80" class="1004" name="out_bits_6_read_read_fu_80">
<pin_list>
<pin id="81" dir="0" index="0" bw="32" slack="0"/>
<pin id="82" dir="0" index="1" bw="32" slack="0"/>
<pin id="83" dir="1" index="2" bw="32" slack="0"/>
</pin_list>
<bind>
<opcode="read(1150) " fcode="read"/>
<opset="out_bits_6_read/1 "/>
</bind>
</comp>

<comp id="86" class="1004" name="out_bits_9_reload_read_read_fu_86">
<pin_list>
<pin id="87" dir="0" index="0" bw="32" slack="0"/>
<pin id="88" dir="0" index="1" bw="32" slack="0"/>
<pin id="89" dir="1" index="2" bw="32" slack="0"/>
</pin_list>
<bind>
<opcode="read(1150) " fcode="read"/>
<opset="out_bits_9_reload_read/1 "/>
</bind>
</comp>

<comp id="92" class="1004" name="out_bits_8_reload_read_read_fu_92">
<pin_list>
<pin id="93" dir="0" index="0" bw="32" slack="0"/>
<pin id="94" dir="0" index="1" bw="32" slack="0"/>
<pin id="95" dir="1" index="2" bw="32" slack="0"/>
</pin_list>
<bind>
<opcode="read(1150) " fcode="read"/>
<opset="out_bits_8_reload_read/1 "/>
</bind>
</comp>

<comp id="98" class="1004" name="out_bits_7_reload_read_read_fu_98">
<pin_list>
<pin id="99" dir="0" index="0" bw="32" slack="0"/>
<pin id="100" dir="0" index="1" bw="32" slack="0"/>
<pin id="101" dir="1" index="2" bw="32" slack="0"/>
</pin_list>
<bind>
<opcode="read(1150) " fcode="read"/>
<opset="out_bits_7_reload_read/1 "/>
</bind>
</comp>

<comp id="104" class="1004" name="write_ln0_write_fu_104">
<pin_list>
<pin id="105" dir="0" index="0" bw="0" slack="0"/>
<pin id="106" dir="0" index="1" bw="32" slack="0"/>
<pin id="107" dir="0" index="2" bw="32" slack="0"/>
<pin id="108" dir="1" index="3" bw="0" slack="2147483647"/>
</pin_list>
<bind>
<opcode="write(1151) " fcode="write"/>
<opset="write_ln0/1 "/>
</bind>
</comp>

<comp id="111" class="1004" name="write_ln0_write_fu_111">
<pin_list>
<pin id="112" dir="0" index="0" bw="0" slack="0"/>
<pin id="113" dir="0" index="1" bw="32" slack="0"/>
<pin id="114" dir="0" index="2" bw="32" slack="0"/>
<pin id="115" dir="1" index="3" bw="0" slack="2147483647"/>
</pin_list>
<bind>
<opcode="write(1151) " fcode="write"/>
<opset="write_ln0/1 "/>
</bind>
</comp>

<comp id="118" class="1004" name="write_ln0_write_fu_118">
<pin_list>
<pin id="119" dir="0" index="0" bw="0" slack="0"/>
<pin id="120" dir="0" index="1" bw="32" slack="0"/>
<pin id="121" dir="0" index="2" bw="32" slack="0"/>
<pin id="122" dir="1" index="3" bw="0" slack="2147483647"/>
</pin_list>
<bind>
<opcode="write(1151) " fcode="write"/>
<opset="write_ln0/1 "/>
</bind>
</comp>

<comp id="125" class="1004" name="write_ln0_write_fu_125">
<pin_list>
<pin id="126" dir="0" index="0" bw="0" slack="0"/>
<pin id="127" dir="0" index="1" bw="32" slack="0"/>
<pin id="128" dir="0" index="2" bw="32" slack="0"/>
<pin id="129" dir="1" index="3" bw="0" slack="2147483647"/>
</pin_list>
<bind>
<opcode="write(1151) " fcode="write"/>
<opset="write_ln0/1 "/>
</bind>
</comp>

<comp id="132" class="1004" name="store_ln414_store_fu_132">
<pin_list>
<pin id="133" dir="0" index="0" bw="1" slack="0"/>
<pin id="134" dir="0" index="1" bw="3" slack="0"/>
<pin id="135" dir="1" index="2" bw="0" slack="2147483647"/>
</pin_list>
<bind>
<opcode="store(28) " fcode="store"/>
<opset="store_ln414/1 "/>
</bind>
</comp>

<comp id="137" class="1004" name="i_load_fu_137">
<pin_list>
<pin id="138" dir="0" index="0" bw="3" slack="0"/>
<pin id="139" dir="1" index="1" bw="3" slack="0"/>
</pin_list>
<bind>
<opcode="load(27) " fcode="load"/>
<opset="i/1 "/>
</bind>
</comp>

<comp id="140" class="1004" name="icmp_ln414_fu_140">
<pin_list>
<pin id="141" dir="0" index="0" bw="3" slack="0"/>
<pin id="142" dir="0" index="1" bw="3" slack="0"/>
<pin id="143" dir="1" index="2" bw="1" slack="2147483647"/>
</pin_list>
<bind>
<opcode="icmp(45) " fcode="icmp"/>
<opset="icmp_ln414/1 "/>
</bind>
</comp>

<comp id="146" class="1004" name="add_ln414_fu_146">
<pin_list>
<pin id="147" dir="0" index="0" bw="3" slack="0"/>
<pin id="148" dir="0" index="1" bw="1" slack="0"/>
<pin id="149" dir="1" index="2" bw="3" slack="0"/>
</pin_list>
<bind>
<opcode="add(8) " fcode="add"/>
<opset="add_ln414/1 "/>
</bind>
</comp>

<comp id="152" class="1004" name="trunc_ln414_fu_152">
<pin_list>
<pin id="153" dir="0" index="0" bw="3" slack="0"/>
<pin id="154" dir="1" index="1" bw="2" slack="0"/>
</pin_list>
<bind>
<opcode="trunc(33) " fcode="trunc"/>
<opset="trunc_ln414/1 "/>
</bind>
</comp>

<comp id="156" class="1004" name="x_fu_156">
<pin_list>
<pin id="157" dir="0" index="0" bw="32" slack="0"/>
<pin id="158" dir="0" index="1" bw="2" slack="0"/>
<pin id="159" dir="0" index="2" bw="32" slack="0"/>
<pin id="160" dir="0" index="3" bw="2" slack="0"/>
<pin id="161" dir="0" index="4" bw="32" slack="0"/>
<pin id="162" dir="0" index="5" bw="2" slack="0"/>
<pin id="163" dir="0" index="6" bw="32" slack="0"/>
<pin id="164" dir="0" index="7" bw="2" slack="0"/>
<pin id="165" dir="0" index="8" bw="32" slack="0"/>
<pin id="166" dir="0" index="9" bw="32" slack="0"/>
<pin id="167" dir="0" index="10" bw="2" slack="0"/>
<pin id="168" dir="1" index="11" bw="32" slack="0"/>
</pin_list>
<bind>
<opcode="sparsemux(1197) " fcode="sparsemux"/>
<opset="x/1 "/>
</bind>
</comp>

<comp id="180" class="1004" name="tmp_s_fu_180">
<pin_list>
<pin id="181" dir="0" index="0" bw="32" slack="0"/>
<pin id="182" dir="0" index="1" bw="32" slack="0"/>
<pin id="183" dir="0" index="2" bw="6" slack="0"/>
<pin id="184" dir="0" index="3" bw="1" slack="0"/>
<pin id="185" dir="1" index="4" bw="32" slack="0"/>
</pin_list>
<bind>
<opcode="partselect(1002) " fcode="partselect"/>
<opset="tmp_s/1 "/>
</bind>
</comp>

<comp id="190" class="1004" name="c_4_fu_190">
<pin_list>
<pin id="191" dir="0" index="0" bw="32" slack="0"/>
<pin id="192" dir="0" index="1" bw="32" slack="0"/>
<pin id="193" dir="0" index="2" bw="1" slack="0"/>
<pin id="194" dir="1" index="3" bw="32" slack="0"/>
</pin_list>
<bind>
<opcode="cttz(524) " fcode="cttz"/>
<opset="c_4/1 "/>
</bind>
</comp>

<comp id="198" class="1004" name="store_ln413_store_fu_198">
<pin_list>
<pin id="199" dir="0" index="0" bw="32" slack="0"/>
<pin id="200" dir="0" index="1" bw="32" slack="0"/>
<pin id="201" dir="1" index="2" bw="0" slack="2147483647"/>
</pin_list>
<bind>
<opcode="store(28) " fcode="store"/>
<opset="store_ln413/1 "/>
</bind>
</comp>

<comp id="203" class="1004" name="store_ln413_store_fu_203">
<pin_list>
<pin id="204" dir="0" index="0" bw="32" slack="0"/>
<pin id="205" dir="0" index="1" bw="32" slack="0"/>
<pin id="206" dir="1" index="2" bw="0" slack="2147483647"/>
</pin_list>
<bind>
<opcode="store(28) " fcode="store"/>
<opset="store_ln413/1 "/>
</bind>
</comp>

<comp id="208" class="1004" name="store_ln413_store_fu_208">
<pin_list>
<pin id="209" dir="0" index="0" bw="32" slack="0"/>
<pin id="210" dir="0" index="1" bw="32" slack="0"/>
<pin id="211" dir="1" index="2" bw="0" slack="2147483647"/>
</pin_list>
<bind>
<opcode="store(28) " fcode="store"/>
<opset="store_ln413/1 "/>
</bind>
</comp>

<comp id="213" class="1004" name="store_ln413_store_fu_213">
<pin_list>
<pin id="214" dir="0" index="0" bw="32" slack="0"/>
<pin id="215" dir="0" index="1" bw="32" slack="0"/>
<pin id="216" dir="1" index="2" bw="0" slack="2147483647"/>
</pin_list>
<bind>
<opcode="store(28) " fcode="store"/>
<opset="store_ln413/1 "/>
</bind>
</comp>

<comp id="218" class="1004" name="store_ln414_store_fu_218">
<pin_list>
<pin id="219" dir="0" index="0" bw="3" slack="0"/>
<pin id="220" dir="0" index="1" bw="3" slack="0"/>
<pin id="221" dir="1" index="2" bw="0" slack="2147483647"/>
</pin_list>
<bind>
<opcode="store(28) " fcode="store"/>
<opset="store_ln414/1 "/>
</bind>
</comp>

<comp id="223" class="1004" name="c_load_load_fu_223">
<pin_list>
<pin id="224" dir="0" index="0" bw="32" slack="0"/>
<pin id="225" dir="1" index="1" bw="32" slack="0"/>
</pin_list>
<bind>
<opcode="load(27) " fcode="load"/>
<opset="c_load/1 "/>
</bind>
</comp>

<comp id="227" class="1004" name="c_1_load_load_fu_227">
<pin_list>
<pin id="228" dir="0" index="0" bw="32" slack="0"/>
<pin id="229" dir="1" index="1" bw="32" slack="0"/>
</pin_list>
<bind>
<opcode="load(27) " fcode="load"/>
<opset="c_1_load/1 "/>
</bind>
</comp>

<comp id="231" class="1004" name="c_2_load_load_fu_231">
<pin_list>
<pin id="232" dir="0" index="0" bw="32" slack="0"/>
<pin id="233" dir="1" index="1" bw="32" slack="0"/>
</pin_list>
<bind>
<opcode="load(27) " fcode="load"/>
<opset="c_2_load/1 "/>
</bind>
</comp>

<comp id="235" class="1004" name="c_3_load_load_fu_235">
<pin_list>
<pin id="236" dir="0" index="0" bw="32" slack="0"/>
<pin id="237" dir="1" index="1" bw="32" slack="0"/>
</pin_list>
<bind>
<opcode="load(27) " fcode="load"/>
<opset="c_3_load/1 "/>
</bind>
</comp>

<comp id="239" class="1005" name="i_1_reg_239">
<pin_list>
<pin id="240" dir="0" index="0" bw="3" slack="0"/>
<pin id="241" dir="1" index="1" bw="3" slack="0"/>
</pin_list>
<bind>
<opset="i_1 "/>
</bind>
</comp>

<comp id="246" class="1005" name="c_reg_246">
<pin_list>
<pin id="247" dir="0" index="0" bw="32" slack="0"/>
<pin id="248" dir="1" index="1" bw="32" slack="0"/>
</pin_list>
<bind>
<opset="c "/>
</bind>
</comp>

<comp id="252" class="1005" name="c_1_reg_252">
<pin_list>
<pin id="253" dir="0" index="0" bw="32" slack="0"/>
<pin id="254" dir="1" index="1" bw="32" slack="0"/>
</pin_list>
<bind>
<opset="c_1 "/>
</bind>
</comp>

<comp id="258" class="1005" name="c_2_reg_258">
<pin_list>
<pin id="259" dir="0" index="0" bw="32" slack="0"/>
<pin id="260" dir="1" index="1" bw="32" slack="0"/>
</pin_list>
<bind>
<opset="c_2 "/>
</bind>
</comp>

<comp id="264" class="1005" name="c_3_reg_264">
<pin_list>
<pin id="265" dir="0" index="0" bw="32" slack="0"/>
<pin id="266" dir="1" index="1" bw="32" slack="0"/>
</pin_list>
<bind>
<opset="c_3 "/>
</bind>
</comp>

</comp_list>

<net_list>
<net id="63"><net_src comp="16" pin="0"/><net_sink comp="60" pin=0"/></net>

<net id="67"><net_src comp="16" pin="0"/><net_sink comp="64" pin=0"/></net>

<net id="71"><net_src comp="16" pin="0"/><net_sink comp="68" pin=0"/></net>

<net id="75"><net_src comp="16" pin="0"/><net_sink comp="72" pin=0"/></net>

<net id="79"><net_src comp="16" pin="0"/><net_sink comp="76" pin=0"/></net>

<net id="84"><net_src comp="18" pin="0"/><net_sink comp="80" pin=0"/></net>

<net id="85"><net_src comp="6" pin="0"/><net_sink comp="80" pin=1"/></net>

<net id="90"><net_src comp="18" pin="0"/><net_sink comp="86" pin=0"/></net>

<net id="91"><net_src comp="4" pin="0"/><net_sink comp="86" pin=1"/></net>

<net id="96"><net_src comp="18" pin="0"/><net_sink comp="92" pin=0"/></net>

<net id="97"><net_src comp="2" pin="0"/><net_sink comp="92" pin=1"/></net>

<net id="102"><net_src comp="18" pin="0"/><net_sink comp="98" pin=0"/></net>

<net id="103"><net_src comp="0" pin="0"/><net_sink comp="98" pin=1"/></net>

<net id="109"><net_src comp="58" pin="0"/><net_sink comp="104" pin=0"/></net>

<net id="110"><net_src comp="8" pin="0"/><net_sink comp="104" pin=1"/></net>

<net id="116"><net_src comp="58" pin="0"/><net_sink comp="111" pin=0"/></net>

<net id="117"><net_src comp="10" pin="0"/><net_sink comp="111" pin=1"/></net>

<net id="123"><net_src comp="58" pin="0"/><net_sink comp="118" pin=0"/></net>

<net id="124"><net_src comp="12" pin="0"/><net_sink comp="118" pin=1"/></net>

<net id="130"><net_src comp="58" pin="0"/><net_sink comp="125" pin=0"/></net>

<net id="131"><net_src comp="14" pin="0"/><net_sink comp="125" pin=1"/></net>

<net id="136"><net_src comp="20" pin="0"/><net_sink comp="132" pin=0"/></net>

<net id="144"><net_src comp="137" pin="1"/><net_sink comp="140" pin=0"/></net>

<net id="145"><net_src comp="22" pin="0"/><net_sink comp="140" pin=1"/></net>

<net id="150"><net_src comp="137" pin="1"/><net_sink comp="146" pin=0"/></net>

<net id="151"><net_src comp="24" pin="0"/><net_sink comp="146" pin=1"/></net>

<net id="155"><net_src comp="137" pin="1"/><net_sink comp="152" pin=0"/></net>

<net id="169"><net_src comp="38" pin="0"/><net_sink comp="156" pin=0"/></net>

<net id="170"><net_src comp="40" pin="0"/><net_sink comp="156" pin=1"/></net>

<net id="171"><net_src comp="98" pin="2"/><net_sink comp="156" pin=2"/></net>

<net id="172"><net_src comp="42" pin="0"/><net_sink comp="156" pin=3"/></net>

<net id="173"><net_src comp="92" pin="2"/><net_sink comp="156" pin=4"/></net>

<net id="174"><net_src comp="44" pin="0"/><net_sink comp="156" pin=5"/></net>

<net id="175"><net_src comp="86" pin="2"/><net_sink comp="156" pin=6"/></net>

<net id="176"><net_src comp="46" pin="0"/><net_sink comp="156" pin=7"/></net>

<net id="177"><net_src comp="80" pin="2"/><net_sink comp="156" pin=8"/></net>

<net id="178"><net_src comp="48" pin="0"/><net_sink comp="156" pin=9"/></net>

<net id="179"><net_src comp="152" pin="1"/><net_sink comp="156" pin=10"/></net>

<net id="186"><net_src comp="50" pin="0"/><net_sink comp="180" pin=0"/></net>

<net id="187"><net_src comp="156" pin="11"/><net_sink comp="180" pin=1"/></net>

<net id="188"><net_src comp="52" pin="0"/><net_sink comp="180" pin=2"/></net>

<net id="189"><net_src comp="30" pin="0"/><net_sink comp="180" pin=3"/></net>

<net id="195"><net_src comp="54" pin="0"/><net_sink comp="190" pin=0"/></net>

<net id="196"><net_src comp="180" pin="4"/><net_sink comp="190" pin=1"/></net>

<net id="197"><net_src comp="56" pin="0"/><net_sink comp="190" pin=2"/></net>

<net id="202"><net_src comp="190" pin="3"/><net_sink comp="198" pin=0"/></net>

<net id="207"><net_src comp="190" pin="3"/><net_sink comp="203" pin=0"/></net>

<net id="212"><net_src comp="190" pin="3"/><net_sink comp="208" pin=0"/></net>

<net id="217"><net_src comp="190" pin="3"/><net_sink comp="213" pin=0"/></net>

<net id="222"><net_src comp="146" pin="2"/><net_sink comp="218" pin=0"/></net>

<net id="226"><net_src comp="223" pin="1"/><net_sink comp="125" pin=2"/></net>

<net id="230"><net_src comp="227" pin="1"/><net_sink comp="118" pin=2"/></net>

<net id="234"><net_src comp="231" pin="1"/><net_sink comp="111" pin=2"/></net>

<net id="238"><net_src comp="235" pin="1"/><net_sink comp="104" pin=2"/></net>

<net id="242"><net_src comp="60" pin="1"/><net_sink comp="239" pin=0"/></net>

<net id="243"><net_src comp="239" pin="1"/><net_sink comp="132" pin=1"/></net>

<net id="244"><net_src comp="239" pin="1"/><net_sink comp="137" pin=0"/></net>

<net id="245"><net_src comp="239" pin="1"/><net_sink comp="218" pin=1"/></net>

<net id="249"><net_src comp="64" pin="1"/><net_sink comp="246" pin=0"/></net>

<net id="250"><net_src comp="246" pin="1"/><net_sink comp="208" pin=1"/></net>

<net id="251"><net_src comp="246" pin="1"/><net_sink comp="223" pin=0"/></net>

<net id="255"><net_src comp="68" pin="1"/><net_sink comp="252" pin=0"/></net>

<net id="256"><net_src comp="252" pin="1"/><net_sink comp="203" pin=1"/></net>

<net id="257"><net_src comp="252" pin="1"/><net_sink comp="227" pin=0"/></net>

<net id="261"><net_src comp="72" pin="1"/><net_sink comp="258" pin=0"/></net>

<net id="262"><net_src comp="258" pin="1"/><net_sink comp="198" pin=1"/></net>

<net id="263"><net_src comp="258" pin="1"/><net_sink comp="231" pin=0"/></net>

<net id="267"><net_src comp="76" pin="1"/><net_sink comp="264" pin=0"/></net>

<net id="268"><net_src comp="264" pin="1"/><net_sink comp="213" pin=1"/></net>

<net id="269"><net_src comp="264" pin="1"/><net_sink comp="235" pin=0"/></net>

</net_list>

</model> 
---------------- Datapath Model END ------------------

* FSMD analyzer results:
  - Output states:
	Port: c_3_out | {1 }
	Port: c_2_out | {1 }
	Port: c_1_out | {1 }
	Port: c_out | {1 }
 - Input state : 
	Port: sin_or_cos<double>_Pipeline_3 : out_bits_7_reload | {1 }
	Port: sin_or_cos<double>_Pipeline_3 : out_bits_8_reload | {1 }
	Port: sin_or_cos<double>_Pipeline_3 : out_bits_9_reload | {1 }
	Port: sin_or_cos<double>_Pipeline_3 : out_bits_6 | {1 }
  - Chain level:
	State 1
		store_ln414 : 1
		i : 1
		icmp_ln414 : 2
		add_ln414 : 2
		br_ln414 : 3
		trunc_ln414 : 2
		x : 3
		tmp_s : 4
		c_4 : 5
		switch_ln415 : 3
		store_ln413 : 6
		store_ln413 : 6
		store_ln413 : 6
		store_ln413 : 6
		store_ln414 : 3
		c_load : 1
		c_1_load : 1
		c_2_load : 1
		c_3_load : 1
		write_ln0 : 2
		write_ln0 : 2
		write_ln0 : 2
		write_ln0 : 2


============================================================
+ Verbose Summary: Datapath Resource usage 
============================================================

* Functional unit list:
|----------|-----------------------------------|---------|---------|
| Operation|          Functional Unit          |    FF   |   LUT   |
|----------|-----------------------------------|---------|---------|
|   cttz   |             c_4_fu_190            |    0    |    46   |
|----------|-----------------------------------|---------|---------|
| sparsemux|              x_fu_156             |    0    |    20   |
|----------|-----------------------------------|---------|---------|
|   icmp   |         icmp_ln414_fu_140         |    0    |    10   |
|----------|-----------------------------------|---------|---------|
|    add   |          add_ln414_fu_146         |    0    |    10   |
|----------|-----------------------------------|---------|---------|
|          |     out_bits_6_read_read_fu_80    |    0    |    0    |
|   read   | out_bits_9_reload_read_read_fu_86 |    0    |    0    |
|          | out_bits_8_reload_read_read_fu_92 |    0    |    0    |
|          | out_bits_7_reload_read_read_fu_98 |    0    |    0    |
|----------|-----------------------------------|---------|---------|
|          |       write_ln0_write_fu_104      |    0    |    0    |
|   write  |       write_ln0_write_fu_111      |    0    |    0    |
|          |       write_ln0_write_fu_118      |    0    |    0    |
|          |       write_ln0_write_fu_125      |    0    |    0    |
|----------|-----------------------------------|---------|---------|
|   trunc  |         trunc_ln414_fu_152        |    0    |    0    |
|----------|-----------------------------------|---------|---------|
|partselect|            tmp_s_fu_180           |    0    |    0    |
|----------|-----------------------------------|---------|---------|
|   Total  |                                   |    0    |    86   |
|----------|-----------------------------------|---------|---------|

Memories:
N/A

* Register list:
+-----------+--------+
|           |   FF   |
+-----------+--------+
|c_1_reg_252|   32   |
|c_2_reg_258|   32   |
|c_3_reg_264|   32   |
| c_reg_246 |   32   |
|i_1_reg_239|    3   |
+-----------+--------+
|   Total   |   131  |
+-----------+--------+

* Multiplexer (MUX) list: 
|--------|------|------|------|--------|
|  Comp  |  Pin | Size |  BW  | S x BW |
|--------|------|------|------|--------|
|  Total |      |      |      |    0   |
|--------|------|------|------|--------|



* Summary:
+-----------+--------+--------+
|           |   FF   |   LUT  |
+-----------+--------+--------+
|  Function |    0   |   86   |
|   Memory  |    -   |    -   |
|Multiplexer|    -   |    -   |
|  Register |   131  |    -   |
+-----------+--------+--------+
|   Total   |   131  |   86   |
+-----------+--------+--------+
