#-----------------------------------------------------------
# Vivado v2024.1 (64-bit)
# SW Build 5076996 on Wed May 22 18:37:14 MDT 2024
# IP Build 5075265 on Wed May 22 21:45:21 MDT 2024
# SharedData Build 5076995 on Wed May 22 18:29:18 MDT 2024
# Start of session at: Mon Mar 30 15:02:28 2026
# Process ID: 18236
# Current directory: F:/Motor-Simulator-main/Motor-Simulator-main/Vivado/Motor-Simulator
# Command line: vivado.exe -gui_launcher_event rodinguilauncherevent7484 F:\Motor-Simulator-main\Motor-Simulator-main\Vivado\Motor-Simulator\Motor-Simulator.xpr
# Log file: F:/Motor-Simulator-main/Motor-Simulator-main/Vivado/Motor-Simulator/vivado.log
# Journal file: F:/Motor-Simulator-main/Motor-Simulator-main/Vivado/Motor-Simulator\vivado.jou
# Running On        :WFXA4BB6DBB67AF
# Platform          :Windows Server 2016 or Windows 10
# Operating System  :26200
# Processor Detail  :Intel(R) Core(TM) i7-10700 CPU @ 2.90GHz
# CPU Frequency     :2904 MHz
# CPU Physical cores:8
# CPU Logical cores :16
# Host memory       :34059 MB
# Swap memory       :2147 MB
# Total Virtual     :36207 MB
# Available Virtual :28768 MB
#-----------------------------------------------------------
start_gui
open_project F:/Motor-Simulator-main/Motor-Simulator-main/Vivado/Motor-Simulator/Motor-Simulator.xpr
WARNING: [Board 49-26] cannot add Board Part xilinx.com:vek280_es:part0:1.0 available at C:/Xilinx/Vivado/2024.1/data/xhub/boards/XilinxBoardStore/boards/Xilinx/vek280/es/rev_a/1.0/board.xml as part xcve2802-vsvh1760-2lp-e-s-es1 specified in board_part file is either invalid or not available
WARNING: [Board 49-26] cannot add Board Part xilinx.com:vek280_es:part0:1.1 available at C:/Xilinx/Vivado/2024.1/data/xhub/boards/XilinxBoardStore/boards/Xilinx/vek280/es/rev_a/1.1/board.xml as part xcve2802-vsvh1760-2lp-e-s-es1 specified in board_part file is either invalid or not available
WARNING: [Board 49-26] cannot add Board Part xilinx.com:vek280_es_revb:part0:1.0 available at C:/Xilinx/Vivado/2024.1/data/xhub/boards/XilinxBoardStore/boards/Xilinx/vek280/es/rev_b/1.0/board.xml as part xcve2802-vsvh1760-2mp-e-s-es1 specified in board_part file is either invalid or not available
WARNING: [Board 49-26] cannot add Board Part xilinx.com:vek280_es_revb:part0:1.1 available at C:/Xilinx/Vivado/2024.1/data/xhub/boards/XilinxBoardStore/boards/Xilinx/vek280/es/rev_b/1.1/board.xml as part xcve2802-vsvh1760-2mp-e-s-es1 specified in board_part file is either invalid or not available
WARNING: [Board 49-26] cannot add Board Part xilinx.com:vhk158_es:part0:1.0 available at C:/Xilinx/Vivado/2024.1/data/xhub/boards/XilinxBoardStore/boards/Xilinx/vhk158/es/1.0/board.xml as part xcvh1582-vsva3697-2mp-e-s-es1 specified in board_part file is either invalid or not available
WARNING: [Board 49-26] cannot add Board Part xilinx.com:vhk158_es:part0:1.1 available at C:/Xilinx/Vivado/2024.1/data/xhub/boards/XilinxBoardStore/boards/Xilinx/vhk158/es/1.1/board.xml as part xcvh1582-vsva3697-2mp-e-s-es1 specified in board_part file is either invalid or not available
WARNING: [Board 49-26] cannot add Board Part xilinx.com:zcu208ld:part0:2.0 available at C:/Xilinx/Vivado/2024.1/data/xhub/boards/XilinxBoardStore/boards/Xilinx/zcu208ld/production/2.0/board.xml as part xczu58dr-fsvg1517-2-i specified in board_part file is either invalid or not available
WARNING: [Board 49-26] cannot add Board Part xilinx.com:zcu216ld:part0:2.0 available at C:/Xilinx/Vivado/2024.1/data/xhub/boards/XilinxBoardStore/boards/Xilinx/zcu216ld/production/2.0/board.xml as part xczu59dr-ffvf1760-2-i specified in board_part file is either invalid or not available
WARNING: [Board 49-26] cannot add Board Part xilinx.com:zcu670ld:part0:1.0 available at C:/Xilinx/Vivado/2024.1/data/xhub/boards/XilinxBoardStore/boards/Xilinx/zcu670ld/1.0/board.xml as part xczu57dr-fsve1156-2-i specified in board_part file is either invalid or not available
INFO: [Project 1-313] Project file moved from 'C:/Motor-Simulator/Vivado2/Motor-Simulator' since last save.
INFO: [filemgmt 56-3] Default IP Output Path : Could not find the directory 'F:/Motor-Simulator-main/Motor-Simulator-main/Vivado/Motor-Simulator/Motor-Simulator.gen/sources_1'.
WARNING: [filemgmt 56-3] IPUserFilesDir: Could not find the directory 'F:/Motor-Simulator-main/Motor-Simulator-main/Vivado/Motor-Simulator/Motor-Simulator.ip_user_files'.
Scanning sources...
Finished scanning sources
WARNING: [Project 1-509] GeneratedRun file for 'synth_1' not found
WARNING: [Project 1-509] GeneratedRun file for 'Motor_Simulator_hilbert_envelope_axis_0_4_synth_1' not found
WARNING: [Project 1-509] GeneratedRun file for 'Motor_Simulator_calculateCoefficients_0_9_synth_1' not found
WARNING: [Project 1-509] GeneratedRun file for 'impl_1' not found
INFO: [IP_Flow 19-234] Refreshing IP repositories
INFO: [IP_Flow 19-1700] Loaded user IP repository 'f:/Motor-Simulator-main/Motor-Simulator-main/Envelope'.
INFO: [IP_Flow 19-1700] Loaded user IP repository 'f:/Motor-Simulator-main/Motor-Simulator-main/Coefficients'.
INFO: [IP_Flow 19-2313] Loaded Vivado IP repository 'C:/Xilinx/Vivado/2024.1/data/ip'.
INFO: [PSU-1]  DP_AUDIO clock source: RPLL is also being used by other peripheral clocks. Their outputs may get impacted if any driver changes DP_AUDIO PLL source to support runtime audio change 
WARNING: [PSU-2]  DP_VIDEO clock source: DPLL is also being used by other peripheral clocks. Their outputs may get impacted if any driver changes DP_VIDEO PLL source to support runtime resolution change 
INFO: [PSU-0] Address Range of DDR (0x7ff00000 to 0x7fffffff) is reserved by PMU for internal purpose.
INFO: [PSU-1]  DP_AUDIO clock source: RPLL is also being used by other peripheral clocks. Their outputs may get impacted if any driver changes DP_AUDIO PLL source to support runtime audio change 
WARNING: [PSU-2]  DP_VIDEO clock source: DPLL is also being used by other peripheral clocks. Their outputs may get impacted if any driver changes DP_VIDEO PLL source to support runtime resolution change 
INFO: [xilinx.com:ip:axi_bram_ctrl:4.1-2] Motor_Simulator_axi_bram_ctrl_0_2: In IP Integrator, please note that memory depth value gets calculated based on the Data Width of the IP and Address range selected in the Address Editor.Incase a validation error occured on the range of this parameter, please check if the selected Data width and the Address Range are valid. For valid Data width and memory depth values, please refer to the AXI BRAM Controller Product Guide.
INFO: [xilinx.com:ip:axi_bram_ctrl:4.1-1] Motor_Simulator_axi_bram_ctrl_0_2: In IP Integrator, The Maximum address range supported is 2G. Selecting the address range more than 2G in the address editor may resets the value of Memory depth to default value (1024). please refer to the AXI BRAM Controller Product Guide.
INFO: [xilinx.com:ip:axi_bram_ctrl:4.1-2] Motor_Simulator_axi_bram_ctrl_0_2: In IP Integrator, please note that memory depth value gets calculated based on the Data Width of the IP and Address range selected in the Address Editor.Incase a validation error occured on the range of this parameter, please check if the selected Data width and the Address Range are valid. For valid Data width and memory depth values, please refer to the AXI BRAM Controller Product Guide.
INFO: [xilinx.com:ip:axi_bram_ctrl:4.1-1] Motor_Simulator_axi_bram_ctrl_0_2: In IP Integrator, The Maximum address range supported is 2G. Selecting the address range more than 2G in the address editor may resets the value of Memory depth to default value (1024). please refer to the AXI BRAM Controller Product Guide.
INFO: [xilinx.com:ip:axi_bram_ctrl:4.1-2] Motor_Simulator_axi_bram_ctrl_0_2: In IP Integrator, please note that memory depth value gets calculated based on the Data Width of the IP and Address range selected in the Address Editor.Incase a validation error occured on the range of this parameter, please check if the selected Data width and the Address Range are valid. For valid Data width and memory depth values, please refer to the AXI BRAM Controller Product Guide.
INFO: [xilinx.com:ip:axi_bram_ctrl:4.1-1] Motor_Simulator_axi_bram_ctrl_0_2: In IP Integrator, The Maximum address range supported is 2G. Selecting the address range more than 2G in the address editor may resets the value of Memory depth to default value (1024). please refer to the AXI BRAM Controller Product Guide.
INFO: [xilinx.com:ip:axi_bram_ctrl:4.1-2] Motor_Simulator_axi_bram_ctrl_0_2: In IP Integrator, please note that memory depth value gets calculated based on the Data Width of the IP and Address range selected in the Address Editor.Incase a validation error occured on the range of this parameter, please check if the selected Data width and the Address Range are valid. For valid Data width and memory depth values, please refer to the AXI BRAM Controller Product Guide.
INFO: [xilinx.com:ip:axi_bram_ctrl:4.1-1] Motor_Simulator_axi_bram_ctrl_0_2: In IP Integrator, The Maximum address range supported is 2G. Selecting the address range more than 2G in the address editor may resets the value of Memory depth to default value (1024). please refer to the AXI BRAM Controller Product Guide.
open_project: Time (s): cpu = 00:00:46 ; elapsed = 00:00:40 . Memory (MB): peak = 1924.336 ; gain = 649.531
update_compile_order -fileset sources_1
open_bd_design {F:/Motor-Simulator-main/Motor-Simulator-main/Vivado/Motor-Simulator/Motor-Simulator.srcs/sources_1/bd/Motor_Simulator/Motor_Simulator.bd}
Reading block design file <F:/Motor-Simulator-main/Motor-Simulator-main/Vivado/Motor-Simulator/Motor-Simulator.srcs/sources_1/bd/Motor_Simulator/Motor_Simulator.bd>...
Adding component instance block -- xilinx.com:ip:axi_bram_ctrl:4.1 - axi_bram_ctrl_0
Adding component instance block -- xilinx.com:ip:axi_dma:7.1 - axi_dma
WARNING: [BD 41-1282] Parameter 'HAS_BURST' is not defined on '/axi_dma/M_AXIS_MM2S'. Parameter ignored.
WARNING: [BD 41-1282] Parameter 'HAS_BURST' is not defined on '/axi_dma/M_AXIS_MM2S'. Parameter ignored.
Adding component instance block -- xilinx.com:ip:axi_interconnect:2.1 - axi_interconnect_0
Adding component instance block -- xilinx.com:ip:axi_crossbar:2.1 - xbar
Adding component instance block -- xilinx.com:ip:axi_interconnect:2.1 - axi_mem_intercon
Adding component instance block -- xilinx.com:ip:axi_dwidth_converter:2.1 - auto_us
Adding component instance block -- xilinx.com:ip:axi_interconnect:2.1 - axi_mem_intercon_1
Adding component instance block -- xilinx.com:ip:blk_mem_gen:8.4 - blk_mem_gen_0
Adding component instance block -- xilinx.com:hls:hilbert_envelope_axis:1.0 - envelope
Adding component instance block -- xilinx.com:ip:axi_interconnect:2.1 - ps7_0_axi_periph
Adding component instance block -- xilinx.com:ip:axi_crossbar:2.1 - xbar
Adding component instance block -- xilinx.com:ip:axi_dwidth_converter:2.1 - auto_ds
Adding component instance block -- xilinx.com:ip:axi_protocol_converter:2.1 - auto_pc
Adding component instance block -- xilinx.com:ip:axi_dwidth_converter:2.1 - auto_ds
Adding component instance block -- xilinx.com:ip:axi_protocol_converter:2.1 - auto_pc
Adding component instance block -- xilinx.com:ip:proc_sys_reset:5.0 - rst_ps7_0_100M
Adding component instance block -- xilinx.com:ip:zynq_ultra_ps_e:3.5 - zynq_ultra_ps_e_0
INFO: [PSU-0] Address Range of DDR (0x7ff00000 to 0x7fffffff) is reserved by PMU for internal purpose.
INFO: [PSU-1]  DP_AUDIO clock source: RPLL is also being used by other peripheral clocks. Their outputs may get impacted if any driver changes DP_AUDIO PLL source to support runtime audio change 
WARNING: [PSU-2]  DP_VIDEO clock source: DPLL is also being used by other peripheral clocks. Their outputs may get impacted if any driver changes DP_VIDEO PLL source to support runtime resolution change 
Adding component instance block -- xilinx.com:hls:calculateCoefficients:1.0 - firCoefficients
Excluding slave segment /zynq_ultra_ps_e_0/SAXIGP4/HP2_DDR_HIGH from address space /axi_dma/Data_MM2S.
Excluding slave segment /zynq_ultra_ps_e_0/SAXIGP4/HP2_LPS_OCM from address space /axi_dma/Data_MM2S.
Excluding slave segment /zynq_ultra_ps_e_0/SAXIGP2/HP0_DDR_HIGH from address space /axi_dma/Data_S2MM.
Excluding slave segment /zynq_ultra_ps_e_0/SAXIGP2/HP0_LPS_OCM from address space /axi_dma/Data_S2MM.
Successfully read diagram <Motor_Simulator> from block design file <F:/Motor-Simulator-main/Motor-Simulator-main/Vivado/Motor-Simulator/Motor-Simulator.srcs/sources_1/bd/Motor_Simulator/Motor_Simulator.bd>
open_bd_design: Time (s): cpu = 00:00:18 ; elapsed = 00:00:12 . Memory (MB): peak = 2016.039 ; gain = 61.367
