#-----------------------------------------------------------
# Vivado v2024.1 (64-bit)
# SW Build 5076996 on Wed May 22 18:37:14 MDT 2024
# IP Build 5075265 on Wed May 22 21:45:21 MDT 2024
# SharedData Build 5076995 on Wed May 22 18:29:18 MDT 2024
# Start of session at: Fri Mar 27 14:11:28 2026
# Process ID: 33528
# Current directory: C:/Motor-Simulator/Envelope/Envelope_Detector/Envelope_Detector/hls/impl/ip
# Command line: vivado.exe -notrace -mode batch -source run_ippack.tcl
# Log file: C:/Motor-Simulator/Envelope/Envelope_Detector/Envelope_Detector/hls/impl/ip/vivado.log
# Journal file: C:/Motor-Simulator/Envelope/Envelope_Detector/Envelope_Detector/hls/impl/ip\vivado.jou
# Running On        :Max-Zbk
# Platform          :Windows Server 2016 or Windows 10
# Operating System  :26200
# Processor Detail  :13th Gen Intel(R) Core(TM) i9-13900H
# CPU Frequency     :2995 MHz
# CPU Physical cores:14
# CPU Logical cores :20
# Host memory       :33947 MB
# Swap memory       :4308 MB
# Total Virtual     :38256 MB
# Available Virtual :5258 MB
#-----------------------------------------------------------
source run_ippack.tcl -notrace
INFO: calling package_hls_ip ip_types=vitis sysgen json_file=C:/Motor-Simulator/Envelope/Envelope_Detector/Envelope_Detector/hls/hls_data.json outdir=C:/Motor-Simulator/Envelope/Envelope_Detector/Envelope_Detector/hls/impl/ip srcdir=C:/Motor-Simulator/Envelope/Envelope_Detector/Envelope_Detector/hls sort_interfaces_ports=false
INFO: Copied 1 ipmisc file(s) to C:/Motor-Simulator/Envelope/Envelope_Detector/Envelope_Detector/hls/impl/ip/misc
INFO: Copied 5 verilog file(s) to C:/Motor-Simulator/Envelope/Envelope_Detector/Envelope_Detector/hls/impl/ip/hdl/verilog
INFO: Copied 3 vhdl file(s) to C:/Motor-Simulator/Envelope/Envelope_Detector/Envelope_Detector/hls/impl/ip/hdl/vhdl
ipx::create_core: Time (s): cpu = 00:00:07 ; elapsed = 00:00:07 . Memory (MB): peak = 556.824 ; gain = 192.828
INFO: Import ports from HDL: C:/Motor-Simulator/Envelope/Envelope_Detector/Envelope_Detector/hls/impl/ip/hdl/vhdl/hilbert_envelope_axis.vhd (hilbert_envelope_axis)
INFO: Add clock interface ap_clk
INFO: Add reset interface ap_rst_n
INFO: Add axi4stream interface in_stream
INFO: Add axi4stream interface out_stream
INFO: [IP_Flow 19-234] Refreshing IP repositories
INFO: [IP_Flow 19-1704] No user IP repositories specified
INFO: [IP_Flow 19-2313] Loaded Vivado IP repository 'C:/Xilinx/Vivado/2024.1/data/ip'.
INFO: Calling post_process_vitis to specialize IP
INFO: Calling post_process_sysgen to specialize IP
Generating sysgen info xml from json file
INFO: Created IP C:/Motor-Simulator/Envelope/Envelope_Detector/Envelope_Detector/hls/impl/ip/component.xml
INFO: Created IP archive C:/Motor-Simulator/Envelope/Envelope_Detector/Envelope_Detector/hls/impl/ip/xilinx_com_hls_hilbert_envelope_axis_1_0.zip
INFO: [Common 17-206] Exiting Vivado at Fri Mar 27 14:11:39 2026...
