

================================================================
== Synthesis Summary Report of 'firTop'
================================================================
+ General Information: 
    * Date:           Mon Apr 13 17:36:45 2026
    * Version:        2024.1 (Build 5069499 on May 21 2024)
    * Project:        calculateCoefficients
    * Solution:       hls (Vivado IP Flow Target)
    * Product family: zynquplus
    * Target device:  xczu3eg-sfvc784-2-e
    

+ Performance & Resource Estimates: 
    
    PS: '+' for module; 'o' for loop; '*' for dataflow
    +-------------------------------------+------+------+---------+-----------+----------+---------+------+----------+---------+----------+-----------+------------+-----+
    |               Modules               | Issue|      | Latency |  Latency  | Iteration|         | Trip |          |         |          |           |            |     |
    |               & Loops               | Type | Slack| (cycles)|    (ns)   |  Latency | Interval| Count| Pipelined|  BRAM   |    DSP   |     FF    |     LUT    | URAM|
    +-------------------------------------+------+------+---------+-----------+----------+---------+------+----------+---------+----------+-----------+------------+-----+
    |+ firTop                             |     -|  0.00|        -|          -|         -|        -|     -|        no|  10 (2%)|  43 (11%)|  6815 (4%)|  7690 (10%)|    -|
    | + firTop_Pipeline_VITIS_LOOP_13_1   |     -|  0.00|        6|     60.000|         -|        6|     -|        no|        -|         -|  136 (~0%)|    71 (~0%)|    -|
    |  o VITIS_LOOP_13_1                  |     -|  7.30|        4|     40.000|         2|        1|     4|       yes|        -|         -|          -|           -|    -|
    | + firTop_Pipeline_VITIS_LOOP_82_1   |     -|  0.26|        -|          -|         -|        -|     -|        no|        -|   18 (5%)|  3326 (2%)|   3406 (4%)|    -|
    |  o VITIS_LOOP_82_1                  |    II|  7.30|        -|          -|        60|        4|     -|       yes|        -|         -|          -|           -|    -|
    |   + sin_or_cos_float_s              |    II|  0.30|        5|     50.000|         -|        1|     -|       yes|        -|   13 (3%)|  842 (~0%)|   2508 (3%)|    -|
    | + firTop_Pipeline_VITIS_LOOP_102_2  |     -|  0.99|      133|  1.330e+03|         -|      133|     -|        no|        -|         -|   89 (~0%)|   123 (~0%)|    -|
    |  o VITIS_LOOP_102_2                 |     -|  7.30|      131|  1.310e+03|         6|        1|   127|       yes|        -|         -|          -|           -|    -|
    | o VITIS_LOOP_31_2                   |     -|  7.30|        -|          -|         -|        -|     -|        no|        -|         -|          -|           -|    -|
    |  o Shift_Accum_Loop                 |     -|  7.30|        -|          -|        13|        -|     -|        no|        -|         -|          -|           -|    -|
    +-------------------------------------+------+------+---------+-----------+----------+---------+------+----------+---------+----------+-----------+------------+-----+


================================================================
== HW Interfaces
================================================================
* M_AXI
+------------+------------+------------+---------------+---------+--------+----------+-----------+--------------+--------------+-------------+-------------+-------------------+
| Interface  | Read/Write | Data Width | Address Width | Latency | Offset | Register | Max Widen | Max Read     | Max Write    | Num Read    | Num Write   | Resource Estimate |
|            |            | (SW->HW)   |               |         |        |          | Bitwidth  | Burst Length | Burst Length | Outstanding | Outstanding |                   |
+------------+------------+------------+---------------+---------+--------+----------+-----------+--------------+--------------+-------------+-------------+-------------------+
| m_axi_gmem | READ_WRITE | 32 -> 32   | 64            | 0       | slave  | 0        | 0         | 16           | 16           | 16          | 16          | BRAM=4            |
+------------+------------+------------+---------------+---------+--------+----------+-----------+--------------+--------------+-------------+-------------+-------------------+

* S_AXILITE Interfaces
+---------------+------------+---------------+--------+----------+
| Interface     | Data Width | Address Width | Offset | Register |
+---------------+------------+---------------+--------+----------+
| s_axi_control | 32         | 5             | 16     | 0        |
+---------------+------------+---------------+--------+----------+

* S_AXILITE Registers
+---------------+----------+--------+-------+--------+---------------------+
| Interface     | Register | Offset | Width | Access | Description         |
+---------------+----------+--------+-------+--------+---------------------+
| s_axi_control | bram_1   | 0x10   | 32    | W      | Data signal of bram |
| s_axi_control | bram_2   | 0x14   | 32    | W      | Data signal of bram |
+---------------+----------+--------+-------+--------+---------------------+

* AXIS
+------------+-----------+---------------+-------+-------+-----+-------+-------+--------+-------+-------+--------+
| Interface  | Direction | Register Mode | TDATA | TDEST | TID | TKEEP | TLAST | TREADY | TSTRB | TUSER | TVALID |
+------------+-----------+---------------+-------+-------+-----+-------+-------+--------+-------+-------+--------+
| in_stream  | in        | both          | 32    | 6     | 5   | 4     | 1     | 1      | 4     | 2     | 1      |
| out_stream | out       | both          | 32    | 6     | 5   | 4     | 1     | 1      | 4     | 2     | 1      |
+------------+-----------+---------------+-------+-------+-----+-------+-------+--------+-------+-------+--------+

* TOP LEVEL CONTROL
+-----------+--------------+----------+
| Interface | Type         | Ports    |
+-----------+--------------+----------+
| ap_clk    | clock        | ap_clk   |
| ap_rst_n  | reset        | ap_rst_n |
| ap_ctrl   | ap_ctrl_none |          |
+-----------+--------------+----------+


================================================================
== SW I/O Information
================================================================
* Top Function Arguments
+------------+-----------+--------------------------------------------------------+
| Argument   | Direction | Datatype                                               |
+------------+-----------+--------------------------------------------------------+
| in_stream  | in        | stream<hls::axis<ap_int<32>, 2, 5, 6, '8', false>, 0>& |
| out_stream | out       | stream<hls::axis<ap_int<32>, 2, 5, 6, '8', false>, 0>& |
| bram       | inout     | unsigned int*                                          |
+------------+-----------+--------------------------------------------------------+

* SW-to-HW Mapping
+------------+---------------+-----------+----------+----------------------------------+
| Argument   | HW Interface  | HW Type   | HW Usage | HW Info                          |
+------------+---------------+-----------+----------+----------------------------------+
| in_stream  | in_stream     | interface |          |                                  |
| out_stream | out_stream    | interface |          |                                  |
| bram       | m_axi_gmem    | interface |          | channel=0                        |
| bram       | s_axi_control | register  | offset   | name=bram_1 offset=0x10 range=32 |
| bram       | s_axi_control | register  | offset   | name=bram_2 offset=0x14 range=32 |
+------------+---------------+-----------+----------+----------------------------------+


================================================================
== M_AXI Burst Information
================================================================
 Note: All burst requests might be further partitioned into multiple requests during RTL generation based on max_read_burst_length or max_write_burst_length settings.

* Inferred Burst Summary
+--------------+-----------+--------+-------+-----------------+------------------------+
| HW Interface | Direction | Length | Width | Loop            | Loop Location          |
+--------------+-----------+--------+-------+-----------------+------------------------+
| m_axi_gmem   | read      | 4      | 32    | VITIS_LOOP_13_1 | Coefficients.cpp:13:20 |
+--------------+-----------+--------+-------+-----------------+------------------------+

* All M_AXI Variable Accesses
+--------------+----------+------------------------+-----------+--------------+--------+-----------------+------------------------+------------+-------------------------------------------------------------------------------------------------------+
| HW Interface | Variable | Access Location        | Direction | Burst Status | Length | Loop            | Loop Location          | Resolution | Problem                                                                                               |
+--------------+----------+------------------------+-----------+--------------+--------+-----------------+------------------------+------------+-------------------------------------------------------------------------------------------------------+
| m_axi_gmem   | bram     | Coefficients.cpp:14:18 | read      | Widen Fail   |        | VITIS_LOOP_13_1 | Coefficients.cpp:13:20 | 214-353    | Could not widen since type i32 size is greater than or equal to the max_widen_bitwidth threshold of 0 |
| m_axi_gmem   | bram     | Coefficients.cpp:14:18 | read      | Inferred     | 4      | VITIS_LOOP_13_1 | Coefficients.cpp:13:20 |            |                                                                                                       |
+--------------+----------+------------------------+-----------+--------------+--------+-----------------+------------------------+------------+-------------------------------------------------------------------------------------------------------+

    * Resolution URL: docs.xilinx.com/access/sources/dita/topic?Doc_Version=2024.1%20English&url=ug1448-hls-guidance&resourceid=XXX-YYY.html (replace XXX-YYY with column value)

================================================================
== Bind Op Report
================================================================
+------------------------------------------+-----+--------+----------------+-----------+-----------+---------+
| Name                                     | DSP | Pragma | Variable       | Op        | Impl      | Latency |
+------------------------------------------+-----+--------+----------------+-----------+-----------+---------+
| + firTop                                 | 43  |        |                |           |           |         |
|   dadddsub_64ns_64ns_64_5_full_dsp_1_U54 |     |        | bram_read      | adapter   | s_axilite | 0       |
|   add_ln15_fu_474_p2                     |     |        | add_ln15       | add       | fabric    | 0       |
|   i_fu_525_p2                            |     |        | i              | add       | fabric    | 0       |
|   sub_ln73_fu_550_p2                     |     |        | sub_ln73       | sub       | fabric    | 0       |
|   sub_ln73_1_fu_569_p2                   |     |        | sub_ln73_1     | sub       | fabric    | 0       |
|   M_fu_578_p3                            |     |        | M              | select    | auto_sel  | 0       |
|   sitodp_32ns_64_4_no_dsp_1_U59          |     |        | conv_i         | sitodp    | auto      | 3       |
|   dmul_64ns_64ns_64_5_max_dsp_1_U55      | 11  |        | mul_i          | dmul      | maxdsp    | 4       |
|   sitodp_32ns_64_4_no_dsp_1_U59          |     |        | conv1_i        | sitodp    | auto      | 3       |
|   ddiv_64ns_64ns_64_22_no_dsp_1_U57      |     |        | omegaLower     | ddiv      | fabric    | 21      |
|   sitodp_32ns_64_4_no_dsp_1_U60          |     |        | conv3_i        | sitodp    | auto      | 3       |
|   dmul_64ns_64ns_64_5_max_dsp_1_U56      | 11  |        | mul4_i         | dmul      | maxdsp    | 4       |
|   ddiv_64ns_64ns_64_22_no_dsp_1_U58      |     |        | omegaUpper     | ddiv      | fabric    | 21      |
|   dadddsub_64ns_64ns_64_5_full_dsp_1_U54 | 3   |        | sub9_i         | dsub      | fulldsp   | 4       |
|   ddiv_64ns_64ns_64_22_no_dsp_1_U57      |     |        | div10_i        | ddiv      | fabric    | 21      |
|   sitodp_32ns_64_4_no_dsp_1_U59          |     |        | conv26_i       | sitodp    | auto      | 3       |
|   sitodp_32ns_64_4_no_dsp_1_U59          |     |        | conv36_i       | sitodp    | auto      | 3       |
|   ddiv_64ns_64ns_64_22_no_dsp_1_U57      |     |        | mean           | ddiv      | fabric    | 21      |
|   sitodp_32ns_64_4_no_dsp_1_U59          |     |        | data           | sitodp    | auto      | 3       |
|   icmp_ln57_fu_634_p2                    |     |        | icmp_ln57      | seteq     | auto      | 0       |
|   add_ln61_fu_640_p2                     |     |        | add_ln61       | add       | fabric    | 0       |
|   dmul_64ns_64ns_64_5_max_dsp_1_U55      | 11  |        | mul_i1         | dmul      | maxdsp    | 4       |
|   dadddsub_64ns_64ns_64_5_full_dsp_1_U54 | 3   |        | acc            | dsub      | fulldsp   | 4       |
|   add_ln56_fu_797_p2                     |     |        | add_ln56       | add       | fabric    | 0       |
|   icmp_ln140_fu_701_p2                   |     |        | icmp_ln140     | seteq     | auto      | 0       |
|   sub_ln140_fu_707_p2                    |     |        | sub_ln140      | sub       | fabric    | 0       |
|   icmp_ln140_1_fu_717_p2                 |     |        | icmp_ln140_1   | seteq     | auto      | 0       |
|   icmp_ln140_2_fu_723_p2                 |     |        | icmp_ln140_2   | setgt     | auto      | 0       |
|   sub_ln140_1_fu_729_p2                  |     |        | sub_ln140_1    | sub       | fabric    | 0       |
|   icmp_ln140_4_fu_749_p2                 |     |        | icmp_ln140_4   | seteq     | auto      | 0       |
|   shl_ln140_fu_755_p2                    |     |        | shl_ln140      | shl       | auto_pipe | 0       |
|   select_ln140_fu_761_p3                 |     |        | select_ln140   | select    | auto_sel  | 0       |
|   icmp_ln140_3_fu_769_p2                 |     |        | icmp_ln140_3   | setlt     | auto      | 0       |
|   lshr_ln140_fu_783_p2                   |     |        | lshr_ln140     | lshr      | auto_pipe | 0       |
|   sub_ln140_2_fu_803_p2                  |     |        | sub_ln140_2    | sub       | fabric    | 0       |
|   out_stream_TDATA_int_regslice          |     |        | tmp_data_1     | select    | auto_sel  | 0       |
|  + firTop_Pipeline_VITIS_LOOP_13_1       | 0   |        |                |           |           |         |
|    icmp_ln13_fu_131_p2                   |     |        | icmp_ln13      | seteq     | auto      | 0       |
|    add_ln13_fu_137_p2                    |     |        | add_ln13       | add       | fabric    | 0       |
|  + firTop_Pipeline_VITIS_LOOP_82_1       | 18  |        |                |           |           |         |
|    icmp_ln82_fu_213_p2                   |     |        | icmp_ln82      | setlt     | auto      | 0       |
|    add_ln82_fu_231_p2                    |     |        | add_ln82       | add       | fabric    | 0       |
|    sub_ln88_fu_219_p2                    |     |        | sub_ln88       | sub       | fabric    | 0       |
|    icmp_ln88_fu_225_p2                   |     |        | icmp_ln88      | seteq     | auto      | 0       |
|    fptrunc_64ns_32_2_no_dsp_1_U31        |     |        | x_assign       | fptrunc   | auto      | 1       |
|    fptrunc_64ns_32_2_no_dsp_1_U31        |     |        | x_assign_1     | fptrunc   | auto      | 1       |
|    fsub_32ns_32ns_32_4_full_dsp_1_U29    | 2   |        | sub18_i        | fsub      | fulldsp   | 3       |
|    fpext_32ns_64_2_no_dsp_1_U32          |     |        | conv19_i       | fpext     | auto      | 1       |
|    fptrunc_64ns_32_2_no_dsp_1_U31        |     |        | x_assign_2     | fptrunc   | auto      | 1       |
|    fmul_32ns_32ns_32_3_max_dsp_1_U30     | 3   |        | mul30_i        | fmul      | maxdsp    | 2       |
|    fsub_32ns_32ns_32_4_full_dsp_1_U29    | 2   |        | sub31_i        | fsub      | fulldsp   | 3       |
|    fpext_32ns_64_2_no_dsp_1_U32          |     |        | w              | fpext     | auto      | 1       |
|   + sin_or_cos_float_s                   | 13  |        |                |           |           |         |
|     closepath_fu_322_p2                  |     |        | closepath      | setlt     | auto      | 0       |
|     Ex_fu_417_p2                         |     |        | Ex             | add       | fabric    | 0       |
|     select_ln453_fu_422_p3               |     |        | select_ln453   | select    | auto_sel  | 0       |
|     add_ln376_fu_328_p2                  |     |        | add_ln376      | add       | fabric    | 0       |
|     addr_fu_334_p3                       |     |        | addr           | select    | auto_sel  | 0       |
|     shl_ln379_fu_364_p2                  |     |        | shl_ln379      | shl       | auto_pipe | 0       |
|     mul_80s_24ns_80_1_0_U9               | 5   |        | h              | mul       | auto      | 0       |
|     k_1_fu_429_p3                        |     |        | k_1            | select    | auto_sel  | 0       |
|     Mx_bits_1_fu_439_p2                  |     |        | Mx_bits_1      | sub       | fabric    | 0       |
|     Mx_bits_2_fu_444_p3                  |     |        | Mx_bits_2      | select    | auto_sel  | 0       |
|     tmp_1_fu_491_p3                      |     |        | tmp_1          | cttz      | auto      | 0       |
|     shl_ln504_fu_507_p2                  |     |        | shl_ln504      | shl       | auto_pipe | 0       |
|     Ex_1_fu_527_p2                       |     |        | Ex_1           | sub       | fabric    | 0       |
|     sub_ln506_fu_541_p2                  |     |        | sub_ln506      | sub       | fabric    | 0       |
|     select_ln506_fu_547_p3               |     |        | select_ln506   | select    | auto_sel  | 0       |
|     lshr_ln506_fu_563_p2                 |     |        | lshr_ln506     | lshr      | auto_pipe | 0       |
|     shl_ln506_fu_569_p2                  |     |        | shl_ln506      | shl       | auto_pipe | 0       |
|     select_ln506_1_fu_575_p3             |     |        | select_ln506_1 | select    | auto_sel  | 0       |
|     sparsemux_17_3_1_1_0_U10             |     |        | tmp_3          | sparsemux | auto      | 0       |
|     xor_ln242_fu_627_p2                  |     |        | xor_ln242      | xor       | auto      | 0       |
|     cos_basis_fu_633_p3                  |     |        | cos_basis      | select    | auto_sel  | 0       |
|     Mx_1_fu_886_p3                       |     |        | Mx_1           | select    | auto_sel  | 0       |
|     Ex_2_fu_988_p3                       |     |        | Ex_2           | select    | auto_sel  | 0       |
|     mul_15ns_15ns_30_1_0_U13             | 1   |        | mul_ln23       | mul       | auto      | 0       |
|     sin_basis_fu_660_p3                  |     |        | sin_basis      | select    | auto_sel  | 0       |
|     mul_23s_22ns_45_1_0_U7               | 2   |        | mul_ln29       | mul       | auto      | 0       |
|     mul_15ns_15s_30_1_0_U14              | 1   |        | mul_ln30       | mul       | auto      | 0       |
|     mul_30s_29ns_58_1_0_U8               | 4   |        | mul_ln32       | mul       | auto      | 0       |
|     c_fu_1062_p3                         |     |        | c              | cttz      | auto      | 0       |
|     c_1_fu_1080_p3                       |     |        | c_1            | cttz      | auto      | 0       |
|     shl_ln291_fu_1092_p2                 |     |        | shl_ln291      | shl       | auto_pipe | 0       |
|     icmp_ln292_fu_1102_p2                |     |        | icmp_ln292     | seteq     | auto      | 0       |
|     shift_1_fu_1108_p2                   |     |        | shift_1        | add       | fabric    | 0       |
|     shl_ln291_1_fu_1118_p2               |     |        | shl_ln291_1    | shl       | auto_pipe | 0       |
|     shift_2_fu_1124_p3                   |     |        | shift_2        | select    | auto_sel  | 0       |
|     add_ln300_fu_1132_p2                 |     |        | add_ln300      | add       | fabric    | 0       |
|     newexp_fu_1142_p2                    |     |        | newexp         | sub       | fabric    | 0       |
|     icmp_ln306_fu_1156_p2                |     |        | icmp_ln306     | seteq     | auto      | 0       |
|     or_ln306_fu_1162_p2                  |     |        | or_ln306       | or        | auto      | 0       |
|     empty_43_fu_1192_p3                  |     |        | empty_43       | select    | auto_sel  | 0       |
|     sparsemux_33_4_1_1_0_U11             |     |        | tmp_12         | sparsemux | auto      | 0       |
|     sparsemux_33_4_1_1_0_U12             |     |        | tmp_13         | sparsemux | auto      | 0       |
|     results_sign_fu_833_p3               |     |        | results_sign   | select    | auto_sel  | 0       |
|     icmp_ln271_fu_841_p2                 |     |        | icmp_ln271     | seteq     | auto      | 0       |
|     icmp_ln271_1_fu_412_p2               |     |        | icmp_ln271_1   | seteq     | auto      | 0       |
|     and_ln271_fu_846_p2                  |     |        | and_ln271      | and       | auto      | 0       |
|     xor_ln278_fu_851_p2                  |     |        | xor_ln278      | xor       | auto      | 0       |
|     results_sign_2_fu_856_p2             |     |        | results_sign_2 | and       | auto      | 0       |
|     select_ln259_fu_1200_p3              |     |        | select_ln259   | select    | auto_sel  | 0       |
|     icmp_ln282_fu_861_p2                 |     |        | icmp_ln282     | seteq     | auto      | 0       |
|     xor_ln282_fu_866_p2                  |     |        | xor_ln282      | xor       | auto      | 0       |
|     results_sign_4_fu_872_p2             |     |        | results_sign_4 | and       | auto      | 0       |
|     select_ln282_fu_1207_p3              |     |        | select_ln282   | select    | auto_sel  | 0       |
|     or_ln282_fu_1214_p2                  |     |        | or_ln282       | or        | auto      | 0       |
|     results_exp_fu_1219_p3               |     |        | results_exp    | select    | auto_sel  | 0       |
|     select_ln282_2_fu_1227_p3            |     |        | select_ln282_2 | select    | auto_sel  | 0       |
|     results_sig_fu_1234_p3               |     |        | results_sig    | select    | auto_sel  | 0       |
|     results_sign_3_fu_878_p3             |     |        | results_sign_3 | select    | auto_sel  | 0       |
|     results_exp_1_fu_1242_p3             |     |        | results_exp_1  | select    | auto_sel  | 0       |
|     results_sig_1_fu_1249_p3             |     |        | results_sig_1  | select    | auto_sel  | 0       |
|  + firTop_Pipeline_VITIS_LOOP_102_2      | 0   |        |                |           |           |         |
|    icmp_ln102_fu_85_p2                   |     |        | icmp_ln102     | setlt     | auto      | 0       |
|    add_ln102_fu_91_p2                    |     |        | add_ln102      | add       | fabric    | 0       |
+------------------------------------------+-----+--------+----------------+-----------+-----------+---------+


================================================================
== Storage Report
================================================================
+-------------------------------------+---------------+-----------+------+------+--------+-------------------------------+--------+---------+------------------+
| Name                                | Usage         | Type      | BRAM | URAM | Pragma | Variable                      | Impl   | Latency | Bitwidth, Depth, |
|                                     |               |           |      |      |        |                               |        |         | Banks            |
+-------------------------------------+---------------+-----------+------+------+--------+-------------------------------+--------+---------+------------------+
| + firTop                            |               |           | 10   | 0    |        |                               |        |         |                  |
|   control_s_axi_U                   | interface     | s_axilite |      |      |        |                               |        |         |                  |
|   gmem_m_axi_U                      | interface     | m_axi     | 4    |      |        |                               |        |         |                  |
|   taps_U                            | ram_s2p array |           | 4    |      |        | taps                          | auto   | 1       | 64, 100, 1       |
|   shift_reg_U                       | ram_1p        |           | 2    |      |        | shift_reg                     | auto   | 1       | 64, 100, 1       |
|  + firTop_Pipeline_VITIS_LOOP_82_1  |               |           | 0    | 0    |        |                               |        |         |                  |
|   + sin_or_cos_float_s              |               |           | 0    | 0    |        |                               |        |         |                  |
|     ref_4oPi_table_100_U            | rom_1p        |           |      |      | pragma | ref_4oPi_table_100            | lutram | 1       | 100, 13, 1       |
|     second_order_float_sin_cos_K0_U | rom_1p        |           |      |      | pragma | second_order_float_sin_cos_K0 | lutram | 1       | 30, 256, 1       |
|     second_order_float_sin_cos_K1_U | rom_1p        |           |      |      | pragma | second_order_float_sin_cos_K1 | lutram | 1       | 23, 256, 1       |
|     second_order_float_sin_cos_K2_U | rom_1p        |           |      |      | pragma | second_order_float_sin_cos_K2 | lutram | 1       | 15, 256, 1       |
+-------------------------------------+---------------+-----------+------+------+--------+-------------------------------+--------+---------+------------------+


================================================================
== Pragma Report
================================================================
* Valid Pragma Syntax
+-----------+----------------------------+-----------------------------------------------+
| Type      | Options                    | Location                                      |
+-----------+----------------------------+-----------------------------------------------+
| interface | mode=m_axi port=bram       | Coefficients.cpp:5 in firtop, bram            |
| interface | s_axilite port = return    | Coefficients.cpp:6 in firtop                  |
| interface | axis port = in_stream      | Coefficients.cpp:7 in firtop                  |
| interface | axis port = out_stream     | Coefficients.cpp:8 in firtop                  |
| interface | ap_ctrl_none port = return | Coefficients.cpp:9 in firtop                  |
| pipeline  | II = 1                     | Coefficients.cpp:33 in firtop                 |
| pipeline  |                            | Coefficients.cpp:83 in calculatecoefficients  |
| pipeline  |                            | Coefficients.cpp:103 in calculatecoefficients |
+-----------+----------------------------+-----------------------------------------------+


