

================================================================
== Vitis HLS Report for 'sin_or_cos_float_s'
================================================================
* Date:           Wed Mar 11 18:27:59 2026

* Version:        2024.1 (Build 5069499 on May 21 2024)
* Project:        Audio-Filtering
* Solution:       hls (Vivado IP Flow Target)
* Product family: zynquplus
* Target device:  xczu3eg-sfvc784-2-e


================================================================
== Performance Estimates
================================================================
+ Timing: 
    * Summary: 
    +--------+----------+----------+------------+
    |  Clock |  Target  | Estimated| Uncertainty|
    +--------+----------+----------+------------+
    |ap_clk  |  10.00 ns|  7.002 ns|     2.70 ns|
    +--------+----------+----------+------------+

+ Latency: 
    * Summary: 
    +---------+---------+-----------+-----------+-----+-----+---------+
    |  Latency (cycles) |   Latency (absolute)  |  Interval | Pipeline|
    |   min   |   max   |    min    |    max    | min | max |   Type  |
    +---------+---------+-----------+-----------+-----+-----+---------+
    |        5|        5|  50.000 ns|  50.000 ns|    1|    1|      yes|
    +---------+---------+-----------+-----------+-----+-----+---------+

    + Detail: 
        * Instance: 
        N/A

        * Loop: 
        N/A



================================================================
== Utilization Estimates
================================================================
* Summary: 
+-----------------+---------+-----+--------+-------+-----+
|       Name      | BRAM_18K| DSP |   FF   |  LUT  | URAM|
+-----------------+---------+-----+--------+-------+-----+
|DSP              |        -|    -|       -|      -|    -|
|Expression       |        -|    -|       0|   1729|    -|
|FIFO             |        -|    -|       -|      -|    -|
|Instance         |        -|   13|       0|    329|    -|
|Memory           |        -|    -|     168|    293|    -|
|Multiplexer      |        -|    -|       0|     14|    -|
|Register         |        -|    -|     794|    192|    -|
+-----------------+---------+-----+--------+-------+-----+
|Total            |        0|   13|     962|   2557|    0|
+-----------------+---------+-----+--------+-------+-----+
|Available        |      432|  360|  141120|  70560|    0|
+-----------------+---------+-----+--------+-------+-----+
|Utilization (%)  |        0|    3|      ~0|      3|    0|
+-----------------+---------+-----+--------+-------+-----+

+ Detail: 
    * Instance: 
    +-------------------------+----------------------+---------+----+---+----+-----+
    |         Instance        |        Module        | BRAM_18K| DSP| FF| LUT| URAM|
    +-------------------------+----------------------+---------+----+---+----+-----+
    |mul_15ns_15ns_30_1_0_U7  |mul_15ns_15ns_30_1_0  |        0|   1|  0|   5|    0|
    |mul_15ns_15s_30_1_0_U8   |mul_15ns_15s_30_1_0   |        0|   1|  0|   5|    0|
    |mul_23s_22ns_45_1_0_U1   |mul_23s_22ns_45_1_0   |        0|   2|  0|  31|    0|
    |mul_30s_29ns_58_1_0_U2   |mul_30s_29ns_58_1_0   |        0|   4|  0|  25|    0|
    |mul_80s_24ns_80_1_0_U3   |mul_80s_24ns_80_1_0   |        0|   5|  0|  90|    0|
    |sparsemux_17_3_1_1_0_U4  |sparsemux_17_3_1_1_0  |        0|   0|  0|  43|    0|
    |sparsemux_33_4_1_1_0_U5  |sparsemux_33_4_1_1_0  |        0|   0|  0|  65|    0|
    |sparsemux_33_4_1_1_0_U6  |sparsemux_33_4_1_1_0  |        0|   0|  0|  65|    0|
    +-------------------------+----------------------+---------+----+---+----+-----+
    |Total                    |                      |        0|  13|  0| 329|    0|
    +-------------------------+----------------------+---------+----+---+----+-----+

    * DSP: 
    N/A

    * Memory: 
    +---------------------------------+-------------------------------------------------------------------+---------+-----+-----+-----+------+-----+------+-------------+
    |              Memory             |                               Module                              | BRAM_18K|  FF | LUT | URAM| Words| Bits| Banks| W*Bits*Banks|
    +---------------------------------+-------------------------------------------------------------------+---------+-----+-----+-----+------+-----+------+-------------+
    |ref_4oPi_table_100_U             |sin_or_cos_float_s_ref_4oPi_table_100_ROM_1P_LUTRAM_1R             |        0|  100|   21|    0|    13|  100|     1|         1300|
    |second_order_float_sin_cos_K0_U  |sin_or_cos_float_s_second_order_float_sin_cos_K0_ROM_1P_LUTRAM_1R  |        0|   30|  120|    0|   256|   30|     1|         7680|
    |second_order_float_sin_cos_K1_U  |sin_or_cos_float_s_second_order_float_sin_cos_K1_ROM_1P_LUTRAM_1R  |        0|   23|   92|    0|   256|   23|     1|         5888|
    |second_order_float_sin_cos_K2_U  |sin_or_cos_float_s_second_order_float_sin_cos_K2_ROM_1P_LUTRAM_1R  |        0|   15|   60|    0|   256|   15|     1|         3840|
    +---------------------------------+-------------------------------------------------------------------+---------+-----+-----+-----+------+-----+------+-------------+
    |Total                            |                                                                   |        0|  168|  293|    0|   781|  168|     4|        18708|
    +---------------------------------+-------------------------------------------------------------------+---------+-----+-----+-----+------+-----+------+-------------+

    * FIFO: 
    N/A

    * Expression: 
    +---------------------------+----------+----+---+-----+------------+------------+
    |       Variable Name       | Operation| DSP| FF| LUT | Bitwidth P0| Bitwidth P1|
    +---------------------------+----------+----+---+-----+------------+------------+
    |Ex_fu_650_p2               |         +|   0|  0|   15|           8|           8|
    |add_ln300_fu_1095_p2       |         +|   0|  0|   16|           9|           7|
    |add_ln32_1_fu_945_p2       |         +|   0|  0|   30|          30|          30|
    |add_ln32_fu_935_p2         |         +|   0|  0|   30|          30|          30|
    |add_ln376_fu_316_p2        |         +|   0|  0|   15|           8|           7|
    |shift_1_fu_1071_p2         |         +|   0|  0|   39|          32|           5|
    |Ex_1_fu_749_p2             |         -|   0|  0|   15|           8|           8|
    |Mx_bits_1_fu_662_p2        |         -|   0|  0|   65|           1|          58|
    |newexp_fu_1105_p2          |         -|   0|  0|   39|          32|          32|
    |sub_ln506_fu_763_p2        |         -|   0|  0|   15|           1|           8|
    |and_ln271_fu_620_p2        |       and|   0|  0|    2|           1|           1|
    |results_sign_1_fu_637_p2   |       and|   0|  0|    2|           1|           1|
    |c_1_fu_1043_p3             |      cttz|   0|  0|   46|          32|           0|
    |c_fu_1025_p3               |      cttz|   0|  0|   46|          32|           0|
    |tmp_1_fu_713_p3            |      cttz|   0|  0|   46|          32|           0|
    |closepath_fu_310_p2        |      icmp|   0|  0|   15|           8|           7|
    |icmp_ln271_1_fu_615_p2     |      icmp|   0|  0|   30|          23|           1|
    |icmp_ln271_fu_610_p2       |      icmp|   0|  0|   15|           8|           1|
    |icmp_ln282_fu_626_p2       |      icmp|   0|  0|   15|           8|           2|
    |icmp_ln292_fu_1065_p2      |      icmp|   0|  0|   39|          32|           5|
    |icmp_ln306_fu_1119_p2      |      icmp|   0|  0|   36|          29|           1|
    |lshr_ln506_fu_785_p2       |      lshr|   0|  0|   96|          32|          32|
    |or_ln282_fu_1170_p2        |        or|   0|  0|    2|           1|           1|
    |or_ln306_fu_1125_p2        |        or|   0|  0|    2|           1|           1|
    |Ex_2_fu_951_p3             |    select|   0|  0|    8|           1|           1|
    |Mx_1_fu_849_p3             |    select|   0|  0|   29|           1|           2|
    |Mx_bits_2_fu_667_p3        |    select|   0|  0|   57|           1|          58|
    |addr_fu_322_p3             |    select|   0|  0|    8|           1|           6|
    |empty_36_fu_1155_p3        |    select|   0|  0|   22|           1|          23|
    |k_1_fu_400_p3              |    select|   0|  0|    3|           1|           1|
    |results_exp_1_fu_1198_p3   |    select|   0|  0|    8|           1|           1|
    |results_exp_fu_1175_p3     |    select|   0|  0|    8|           1|           8|
    |results_sig_1_fu_1205_p3   |    select|   0|  0|   22|           1|           1|
    |results_sig_fu_1190_p3     |    select|   0|  0|   22|           1|          23|
    |results_sign_2_fu_643_p3   |    select|   0|  0|    2|           1|           1|
    |results_sign_fu_602_p3     |    select|   0|  0|    2|           1|           1|
    |select_ln282_2_fu_1183_p3  |    select|   0|  0|    2|           1|           2|
    |select_ln282_fu_1163_p3    |    select|   0|  0|    2|           1|           2|
    |select_ln453_fu_655_p3     |    select|   0|  0|    8|           1|           8|
    |select_ln506_1_fu_797_p3   |    select|   0|  0|   32|           1|          32|
    |select_ln506_fu_769_p3     |    select|   0|  0|    8|           1|           8|
    |shift_2_fu_1087_p3         |    select|   0|  0|   32|           1|          32|
    |shl_ln291_1_fu_1081_p2     |       shl|   0|  0|   96|          32|          32|
    |shl_ln291_fu_1055_p2       |       shl|   0|  0|   96|          32|          32|
    |shl_ln379_fu_352_p2        |       shl|   0|  0|  325|         100|         100|
    |shl_ln504_fu_729_p2        |       shl|   0|  0|  166|          58|          58|
    |shl_ln506_fu_791_p2        |       shl|   0|  0|   96|          32|          32|
    |sin_basis_fu_829_p2        |       xor|   0|  0|    2|           1|           2|
    |xor_ln282_fu_631_p2        |       xor|   0|  0|    2|           1|           2|
    +---------------------------+----------+----+---+-----+------------+------------+
    |Total                      |          |   0|  0| 1729|         673|         714|
    +---------------------------+----------+----+---+-----+------------+------------+

    * Multiplexer: 
    +-----------+----+-----------+-----+-----------+
    |    Name   | LUT| Input Size| Bits| Total Bits|
    +-----------+----+-----------+-----+-----------+
    |ap_return  |  14|          3|   32|         96|
    +-----------+----+-----------+-----+-----------+
    |Total      |  14|          3|   32|         96|
    +-----------+----+-----------+-----+-----------+

    * Register: 
    +---------------------------------+----+----+-----+-----------+
    |               Name              | FF | LUT| Bits| Const Bits|
    +---------------------------------+----+----+-----+-----------+
    |B_reg_1311                       |  22|   0|   22|          0|
    |B_trunc_reg_1316                 |  15|   0|   15|          0|
    |Ex_1_reg_1306                    |   8|   0|    8|          0|
    |Ex_1_reg_1306_pp0_iter4_reg      |   8|   0|    8|          0|
    |Med_reg_1260                     |  80|   0|   80|          0|
    |Mx_1_reg_1336                    |  29|   0|   29|          0|
    |Mx_bits_reg_1265                 |  58|   0|   58|          0|
    |Mx_reg_1301                      |  29|   0|   29|          0|
    |add_ln32_1_reg_1341              |  30|   0|   30|          0|
    |and_ln271_reg_1283               |   1|   0|    1|          0|
    |ap_ce_reg                        |   1|   0|    1|          0|
    |ap_return_int_reg                |  32|   0|   32|          0|
    |closepath_reg_1244               |   1|   0|    1|          0|
    |cos_basis_reg_1276               |   1|   0|    1|          0|
    |din_exp_reg_1231                 |   8|   0|    8|          0|
    |din_sig_reg_1238                 |  23|   0|   23|          0|
    |din_sig_reg_1238_pp0_iter1_reg   |  23|   0|   23|          0|
    |din_sign_reg_1225                |   1|   0|    1|          0|
    |din_sign_reg_1225_pp0_iter1_reg  |   1|   0|    1|          0|
    |icmp_ln282_reg_1289              |   1|   0|    1|          0|
    |results_sign_2_reg_1296          |   1|   0|    1|          0|
    |t_in_int_reg                     |  32|   0|   32|          0|
    |trunc_ln379_reg_1255             |   4|   0|    4|          0|
    |trunc_ln491_reg_1271             |   1|   0|    1|          0|
    |and_ln271_reg_1283               |  64|  32|    1|          0|
    |closepath_reg_1244               |  64|  32|    1|          0|
    |cos_basis_reg_1276               |  64|  32|    1|          0|
    |din_exp_reg_1231                 |  64|  32|    8|          0|
    |icmp_ln282_reg_1289              |  64|  32|    1|          0|
    |results_sign_2_reg_1296          |  64|  32|    1|          0|
    +---------------------------------+----+----+-----+-----------+
    |Total                            | 794| 192|  423|          0|
    +---------------------------------+----+----+-----+-----------+



================================================================
== Interface
================================================================
* Summary: 
+-----------+-----+-----+------------+-------------------+--------------+
| RTL Ports | Dir | Bits|  Protocol  |   Source Object   |    C Type    |
+-----------+-----+-----+------------+-------------------+--------------+
|ap_clk     |   in|    1|  ap_ctrl_hs|  sin_or_cos<float>|  return value|
|ap_rst     |   in|    1|  ap_ctrl_hs|  sin_or_cos<float>|  return value|
|ap_return  |  out|   32|  ap_ctrl_hs|  sin_or_cos<float>|  return value|
|ap_ce      |   in|    1|  ap_ctrl_hs|  sin_or_cos<float>|  return value|
|t_in       |   in|   32|     ap_none|               t_in|        scalar|
+-----------+-----+-----+------------+-------------------+--------------+

