

================================================================
== Vitis HLS Report for 'calculateCoefficients'
================================================================
* Date:           Wed Mar 11 18:27:51 2026

* Version:        2024.1 (Build 5069499 on May 21 2024)
* Project:        Audio-Filtering
* Solution:       hls (Vivado IP Flow Target)
* Product family: zynquplus
* Target device:  xczu3eg-sfvc784-2-e


================================================================
== Performance Estimates
================================================================
+ Timing: 
    * Summary: 
    +--------+----------+----------+------------+
    |  Clock |  Target  | Estimated| Uncertainty|
    +--------+----------+----------+------------+
    |ap_clk  |  10.00 ns|  7.300 ns|     2.70 ns|
    +--------+----------+----------+------------+

+ Latency: 
    * Summary: 
    +---------+---------+----------+----------+-----+-----+---------+
    |  Latency (cycles) |  Latency (absolute) |  Interval | Pipeline|
    |   min   |   max   |    min   |    max   | min | max |   Type  |
    +---------+---------+----------+----------+-----+-----+---------+
    |      137|      137|  1.370 us|  1.370 us|  138|  138|       no|
    +---------+---------+----------+----------+-----+-----+---------+

    + Detail: 
        * Instance: 
        N/A

        * Loop: 
        N/A

============================================================
+ Verbose Summary: Synthesis Manager
============================================================
InlineROM: 1
ExposeGlobal: 0
============================================================
+ Verbose Summary: CDFG Model
============================================================
IsTopModel: 1
ResetActiveHigh: 1
IsCombinational: 0
IsDatapathOnly: 0
HasWiredReturn: 1
HasMFsm: 0
HasVarLatency: 1
IsPipeline: 0
IsRtlPipelined: 0
IsInstanceOverlapped: 0
IsDontTouch: 0
HasImplIP: 0
IsGatedGlobalClock: 0


============================================================
+ Verbose Summary: Schedule
============================================================
* Number of FSM states : 68
* Pipeline : 0
* Dataflow Pipeline: 0

* FSM state transitions: 
1 --> 2 
2 --> 3 
3 --> 4 
4 --> 5 
5 --> 6 
6 --> 7 
7 --> 8 
8 --> 9 
9 --> 10 
10 --> 11 
11 --> 12 
12 --> 13 
13 --> 14 
14 --> 15 
15 --> 16 
16 --> 17 
17 --> 18 
18 --> 19 
19 --> 20 
20 --> 21 
21 --> 22 
22 --> 23 
23 --> 24 
24 --> 25 
25 --> 26 
26 --> 27 
27 --> 28 
28 --> 29 
29 --> 30 
30 --> 31 
31 --> 32 
32 --> 33 
33 --> 34 
34 --> 35 
35 --> 36 
36 --> 37 
37 --> 38 
38 --> 39 
39 --> 40 
40 --> 41 
41 --> 42 
42 --> 43 
43 --> 44 
44 --> 45 
45 --> 46 
46 --> 47 
47 --> 48 
48 --> 49 
49 --> 50 
50 --> 51 
51 --> 52 
52 --> 53 
53 --> 54 
54 --> 55 
55 --> 56 
56 --> 57 
57 --> 58 
58 --> 59 
59 --> 60 
60 --> 61 
61 --> 62 
62 --> 63 
63 --> 64 
64 --> 65 
65 --> 66 
66 --> 67 
67 --> 68 
68 --> 

* FSM state operations: 

State 1 <SV = 0> <Delay = 6.62>
ST_1 : Operation 69 [1/1] (1.00ns)   --->   "%bram_read = read i64 @_ssdm_op_Read.s_axilite.i64, i64 %bram" [Coefficients.cpp:4]   --->   Operation 69 'read' 'bram_read' <Predicate = true> <Delay = 1.00> <CoreInst = "s_axilite">   --->   Core 120 's_axilite' <Latency = 0> <II = 1> <Delay = 1.00> <Adapter> <Opcode : 'read' 'write'>
ST_1 : Operation 70 [1/1] (1.00ns)   --->   "%samplingRate_read = read i32 @_ssdm_op_Read.s_axilite.float, i32 %samplingRate" [Coefficients.cpp:4]   --->   Operation 70 'read' 'samplingRate_read' <Predicate = true> <Delay = 1.00> <CoreInst = "s_axilite">   --->   Core 120 's_axilite' <Latency = 0> <II = 1> <Delay = 1.00> <Adapter> <Opcode : 'read' 'write'>
ST_1 : Operation 71 [1/1] (1.00ns)   --->   "%upperCutoff_read = read i32 @_ssdm_op_Read.s_axilite.i32, i32 %upperCutoff" [Coefficients.cpp:4]   --->   Operation 71 'read' 'upperCutoff_read' <Predicate = true> <Delay = 1.00> <CoreInst = "s_axilite">   --->   Core 120 's_axilite' <Latency = 0> <II = 1> <Delay = 1.00> <Adapter> <Opcode : 'read' 'write'>
ST_1 : Operation 72 [1/1] (1.00ns)   --->   "%lowerCutoff_read = read i32 @_ssdm_op_Read.s_axilite.i32, i32 %lowerCutoff" [Coefficients.cpp:4]   --->   Operation 72 'read' 'lowerCutoff_read' <Predicate = true> <Delay = 1.00> <CoreInst = "s_axilite">   --->   Core 120 's_axilite' <Latency = 0> <II = 1> <Delay = 1.00> <Adapter> <Opcode : 'read' 'write'>
ST_1 : Operation 73 [4/4] (5.62ns)   --->   "%conv = sitodp i32 %lowerCutoff_read" [Coefficients.cpp:13]   --->   Operation 73 'sitodp' 'conv' <Predicate = true> <Delay = 5.62> <CoreInst = "Int2Double">   --->   Core 66 'Int2Double' <Latency = 3> <II = 1> <Delay = 5.62> <FuncUnit> <Opcode : 'uitodp' 'sitodp'> <InPorts = 1> <OutPorts = 1>
ST_1 : Operation 74 [4/4] (5.62ns)   --->   "%conv3 = sitodp i32 %upperCutoff_read" [Coefficients.cpp:14]   --->   Operation 74 'sitodp' 'conv3' <Predicate = true> <Delay = 5.62> <CoreInst = "Int2Double">   --->   Core 66 'Int2Double' <Latency = 3> <II = 1> <Delay = 5.62> <FuncUnit> <Opcode : 'uitodp' 'sitodp'> <InPorts = 1> <OutPorts = 1>
ST_1 : Operation 75 [1/1] (0.00ns)   --->   "%trunc_ln = partselect i62 @_ssdm_op_PartSelect.i62.i64.i32.i32, i64 %bram_read, i32 2, i32 63" [Coefficients.cpp:16]   --->   Operation 75 'partselect' 'trunc_ln' <Predicate = true> <Delay = 0.00>

State 2 <SV = 1> <Delay = 5.62>
ST_2 : Operation 76 [3/4] (5.62ns)   --->   "%conv = sitodp i32 %lowerCutoff_read" [Coefficients.cpp:13]   --->   Operation 76 'sitodp' 'conv' <Predicate = true> <Delay = 5.62> <CoreInst = "Int2Double">   --->   Core 66 'Int2Double' <Latency = 3> <II = 1> <Delay = 5.62> <FuncUnit> <Opcode : 'uitodp' 'sitodp'> <InPorts = 1> <OutPorts = 1>
ST_2 : Operation 77 [3/4] (5.62ns)   --->   "%conv3 = sitodp i32 %upperCutoff_read" [Coefficients.cpp:14]   --->   Operation 77 'sitodp' 'conv3' <Predicate = true> <Delay = 5.62> <CoreInst = "Int2Double">   --->   Core 66 'Int2Double' <Latency = 3> <II = 1> <Delay = 5.62> <FuncUnit> <Opcode : 'uitodp' 'sitodp'> <InPorts = 1> <OutPorts = 1>

State 3 <SV = 2> <Delay = 5.62>
ST_3 : Operation 78 [2/4] (5.62ns)   --->   "%conv = sitodp i32 %lowerCutoff_read" [Coefficients.cpp:13]   --->   Operation 78 'sitodp' 'conv' <Predicate = true> <Delay = 5.62> <CoreInst = "Int2Double">   --->   Core 66 'Int2Double' <Latency = 3> <II = 1> <Delay = 5.62> <FuncUnit> <Opcode : 'uitodp' 'sitodp'> <InPorts = 1> <OutPorts = 1>
ST_3 : Operation 79 [2/4] (5.62ns)   --->   "%conv3 = sitodp i32 %upperCutoff_read" [Coefficients.cpp:14]   --->   Operation 79 'sitodp' 'conv3' <Predicate = true> <Delay = 5.62> <CoreInst = "Int2Double">   --->   Core 66 'Int2Double' <Latency = 3> <II = 1> <Delay = 5.62> <FuncUnit> <Opcode : 'uitodp' 'sitodp'> <InPorts = 1> <OutPorts = 1>

State 4 <SV = 3> <Delay = 5.62>
ST_4 : Operation 80 [1/4] (5.62ns)   --->   "%conv = sitodp i32 %lowerCutoff_read" [Coefficients.cpp:13]   --->   Operation 80 'sitodp' 'conv' <Predicate = true> <Delay = 5.62> <CoreInst = "Int2Double">   --->   Core 66 'Int2Double' <Latency = 3> <II = 1> <Delay = 5.62> <FuncUnit> <Opcode : 'uitodp' 'sitodp'> <InPorts = 1> <OutPorts = 1>
ST_4 : Operation 81 [1/4] (5.62ns)   --->   "%conv3 = sitodp i32 %upperCutoff_read" [Coefficients.cpp:14]   --->   Operation 81 'sitodp' 'conv3' <Predicate = true> <Delay = 5.62> <CoreInst = "Int2Double">   --->   Core 66 'Int2Double' <Latency = 3> <II = 1> <Delay = 5.62> <FuncUnit> <Opcode : 'uitodp' 'sitodp'> <InPorts = 1> <OutPorts = 1>

State 5 <SV = 4> <Delay = 7.04>
ST_5 : Operation 82 [5/5] (7.04ns)   --->   "%mul = dmul i64 %conv, i64 6.28319" [Coefficients.cpp:13]   --->   Operation 82 'dmul' 'mul' <Predicate = true> <Delay = 7.04> <CoreInst = "DMul_maxdsp">   --->   Core 49 'DMul_maxdsp' <Latency = 4> <II = 1> <Delay = 7.04> <FuncUnit> <Opcode : 'dmul'> <InPorts = 2> <OutPorts = 1>
ST_5 : Operation 83 [5/5] (7.04ns)   --->   "%mul4 = dmul i64 %conv3, i64 6.28319" [Coefficients.cpp:14]   --->   Operation 83 'dmul' 'mul4' <Predicate = true> <Delay = 7.04> <CoreInst = "DMul_maxdsp">   --->   Core 49 'DMul_maxdsp' <Latency = 4> <II = 1> <Delay = 7.04> <FuncUnit> <Opcode : 'dmul'> <InPorts = 2> <OutPorts = 1>

State 6 <SV = 5> <Delay = 7.04>
ST_6 : Operation 84 [4/5] (7.04ns)   --->   "%mul = dmul i64 %conv, i64 6.28319" [Coefficients.cpp:13]   --->   Operation 84 'dmul' 'mul' <Predicate = true> <Delay = 7.04> <CoreInst = "DMul_maxdsp">   --->   Core 49 'DMul_maxdsp' <Latency = 4> <II = 1> <Delay = 7.04> <FuncUnit> <Opcode : 'dmul'> <InPorts = 2> <OutPorts = 1>
ST_6 : Operation 85 [4/5] (7.04ns)   --->   "%mul4 = dmul i64 %conv3, i64 6.28319" [Coefficients.cpp:14]   --->   Operation 85 'dmul' 'mul4' <Predicate = true> <Delay = 7.04> <CoreInst = "DMul_maxdsp">   --->   Core 49 'DMul_maxdsp' <Latency = 4> <II = 1> <Delay = 7.04> <FuncUnit> <Opcode : 'dmul'> <InPorts = 2> <OutPorts = 1>

State 7 <SV = 6> <Delay = 7.04>
ST_7 : Operation 86 [3/5] (7.04ns)   --->   "%mul = dmul i64 %conv, i64 6.28319" [Coefficients.cpp:13]   --->   Operation 86 'dmul' 'mul' <Predicate = true> <Delay = 7.04> <CoreInst = "DMul_maxdsp">   --->   Core 49 'DMul_maxdsp' <Latency = 4> <II = 1> <Delay = 7.04> <FuncUnit> <Opcode : 'dmul'> <InPorts = 2> <OutPorts = 1>
ST_7 : Operation 87 [3/5] (7.04ns)   --->   "%mul4 = dmul i64 %conv3, i64 6.28319" [Coefficients.cpp:14]   --->   Operation 87 'dmul' 'mul4' <Predicate = true> <Delay = 7.04> <CoreInst = "DMul_maxdsp">   --->   Core 49 'DMul_maxdsp' <Latency = 4> <II = 1> <Delay = 7.04> <FuncUnit> <Opcode : 'dmul'> <InPorts = 2> <OutPorts = 1>

State 8 <SV = 7> <Delay = 7.04>
ST_8 : Operation 88 [2/5] (7.04ns)   --->   "%mul = dmul i64 %conv, i64 6.28319" [Coefficients.cpp:13]   --->   Operation 88 'dmul' 'mul' <Predicate = true> <Delay = 7.04> <CoreInst = "DMul_maxdsp">   --->   Core 49 'DMul_maxdsp' <Latency = 4> <II = 1> <Delay = 7.04> <FuncUnit> <Opcode : 'dmul'> <InPorts = 2> <OutPorts = 1>
ST_8 : Operation 89 [2/2] (2.30ns)   --->   "%conv1 = fpext i32 %samplingRate_read" [Coefficients.cpp:13]   --->   Operation 89 'fpext' 'conv1' <Predicate = true> <Delay = 2.30> <CoreInst = "Float2Double">   --->   Core 64 'Float2Double' <Latency = 1> <II = 1> <Delay = 2.30> <FuncUnit> <Opcode : 'fpext'> <InPorts = 1> <OutPorts = 1>
ST_8 : Operation 90 [2/5] (7.04ns)   --->   "%mul4 = dmul i64 %conv3, i64 6.28319" [Coefficients.cpp:14]   --->   Operation 90 'dmul' 'mul4' <Predicate = true> <Delay = 7.04> <CoreInst = "DMul_maxdsp">   --->   Core 49 'DMul_maxdsp' <Latency = 4> <II = 1> <Delay = 7.04> <FuncUnit> <Opcode : 'dmul'> <InPorts = 2> <OutPorts = 1>

State 9 <SV = 8> <Delay = 7.04>
ST_9 : Operation 91 [1/5] (7.04ns)   --->   "%mul = dmul i64 %conv, i64 6.28319" [Coefficients.cpp:13]   --->   Operation 91 'dmul' 'mul' <Predicate = true> <Delay = 7.04> <CoreInst = "DMul_maxdsp">   --->   Core 49 'DMul_maxdsp' <Latency = 4> <II = 1> <Delay = 7.04> <FuncUnit> <Opcode : 'dmul'> <InPorts = 2> <OutPorts = 1>
ST_9 : Operation 92 [1/2] (2.30ns)   --->   "%conv1 = fpext i32 %samplingRate_read" [Coefficients.cpp:13]   --->   Operation 92 'fpext' 'conv1' <Predicate = true> <Delay = 2.30> <CoreInst = "Float2Double">   --->   Core 64 'Float2Double' <Latency = 1> <II = 1> <Delay = 2.30> <FuncUnit> <Opcode : 'fpext'> <InPorts = 1> <OutPorts = 1>
ST_9 : Operation 93 [1/5] (7.04ns)   --->   "%mul4 = dmul i64 %conv3, i64 6.28319" [Coefficients.cpp:14]   --->   Operation 93 'dmul' 'mul4' <Predicate = true> <Delay = 7.04> <CoreInst = "DMul_maxdsp">   --->   Core 49 'DMul_maxdsp' <Latency = 4> <II = 1> <Delay = 7.04> <FuncUnit> <Opcode : 'dmul'> <InPorts = 2> <OutPorts = 1>

State 10 <SV = 9> <Delay = 5.92>
ST_10 : Operation 94 [22/22] (5.92ns)   --->   "%div = ddiv i64 %mul, i64 %conv1" [Coefficients.cpp:13]   --->   Operation 94 'ddiv' 'div' <Predicate = true> <Delay = 5.92> <CoreInst = "DDiv">   --->   Core 39 'DDiv' <Latency = 21> <II = 1> <Delay = 5.92> <FuncUnit> <Opcode : 'ddiv' 'drem'> <InPorts = 2> <OutPorts = 1>
ST_10 : Operation 95 [22/22] (5.92ns)   --->   "%div6 = ddiv i64 %mul4, i64 %conv1" [Coefficients.cpp:14]   --->   Operation 95 'ddiv' 'div6' <Predicate = true> <Delay = 5.92> <CoreInst = "DDiv">   --->   Core 39 'DDiv' <Latency = 21> <II = 1> <Delay = 5.92> <FuncUnit> <Opcode : 'ddiv' 'drem'> <InPorts = 2> <OutPorts = 1>

State 11 <SV = 10> <Delay = 5.92>
ST_11 : Operation 96 [21/22] (5.92ns)   --->   "%div = ddiv i64 %mul, i64 %conv1" [Coefficients.cpp:13]   --->   Operation 96 'ddiv' 'div' <Predicate = true> <Delay = 5.92> <CoreInst = "DDiv">   --->   Core 39 'DDiv' <Latency = 21> <II = 1> <Delay = 5.92> <FuncUnit> <Opcode : 'ddiv' 'drem'> <InPorts = 2> <OutPorts = 1>
ST_11 : Operation 97 [21/22] (5.92ns)   --->   "%div6 = ddiv i64 %mul4, i64 %conv1" [Coefficients.cpp:14]   --->   Operation 97 'ddiv' 'div6' <Predicate = true> <Delay = 5.92> <CoreInst = "DDiv">   --->   Core 39 'DDiv' <Latency = 21> <II = 1> <Delay = 5.92> <FuncUnit> <Opcode : 'ddiv' 'drem'> <InPorts = 2> <OutPorts = 1>

State 12 <SV = 11> <Delay = 5.92>
ST_12 : Operation 98 [20/22] (5.92ns)   --->   "%div = ddiv i64 %mul, i64 %conv1" [Coefficients.cpp:13]   --->   Operation 98 'ddiv' 'div' <Predicate = true> <Delay = 5.92> <CoreInst = "DDiv">   --->   Core 39 'DDiv' <Latency = 21> <II = 1> <Delay = 5.92> <FuncUnit> <Opcode : 'ddiv' 'drem'> <InPorts = 2> <OutPorts = 1>
ST_12 : Operation 99 [20/22] (5.92ns)   --->   "%div6 = ddiv i64 %mul4, i64 %conv1" [Coefficients.cpp:14]   --->   Operation 99 'ddiv' 'div6' <Predicate = true> <Delay = 5.92> <CoreInst = "DDiv">   --->   Core 39 'DDiv' <Latency = 21> <II = 1> <Delay = 5.92> <FuncUnit> <Opcode : 'ddiv' 'drem'> <InPorts = 2> <OutPorts = 1>

State 13 <SV = 12> <Delay = 5.92>
ST_13 : Operation 100 [19/22] (5.92ns)   --->   "%div = ddiv i64 %mul, i64 %conv1" [Coefficients.cpp:13]   --->   Operation 100 'ddiv' 'div' <Predicate = true> <Delay = 5.92> <CoreInst = "DDiv">   --->   Core 39 'DDiv' <Latency = 21> <II = 1> <Delay = 5.92> <FuncUnit> <Opcode : 'ddiv' 'drem'> <InPorts = 2> <OutPorts = 1>
ST_13 : Operation 101 [19/22] (5.92ns)   --->   "%div6 = ddiv i64 %mul4, i64 %conv1" [Coefficients.cpp:14]   --->   Operation 101 'ddiv' 'div6' <Predicate = true> <Delay = 5.92> <CoreInst = "DDiv">   --->   Core 39 'DDiv' <Latency = 21> <II = 1> <Delay = 5.92> <FuncUnit> <Opcode : 'ddiv' 'drem'> <InPorts = 2> <OutPorts = 1>

State 14 <SV = 13> <Delay = 5.92>
ST_14 : Operation 102 [18/22] (5.92ns)   --->   "%div = ddiv i64 %mul, i64 %conv1" [Coefficients.cpp:13]   --->   Operation 102 'ddiv' 'div' <Predicate = true> <Delay = 5.92> <CoreInst = "DDiv">   --->   Core 39 'DDiv' <Latency = 21> <II = 1> <Delay = 5.92> <FuncUnit> <Opcode : 'ddiv' 'drem'> <InPorts = 2> <OutPorts = 1>
ST_14 : Operation 103 [18/22] (5.92ns)   --->   "%div6 = ddiv i64 %mul4, i64 %conv1" [Coefficients.cpp:14]   --->   Operation 103 'ddiv' 'div6' <Predicate = true> <Delay = 5.92> <CoreInst = "DDiv">   --->   Core 39 'DDiv' <Latency = 21> <II = 1> <Delay = 5.92> <FuncUnit> <Opcode : 'ddiv' 'drem'> <InPorts = 2> <OutPorts = 1>

State 15 <SV = 14> <Delay = 5.92>
ST_15 : Operation 104 [17/22] (5.92ns)   --->   "%div = ddiv i64 %mul, i64 %conv1" [Coefficients.cpp:13]   --->   Operation 104 'ddiv' 'div' <Predicate = true> <Delay = 5.92> <CoreInst = "DDiv">   --->   Core 39 'DDiv' <Latency = 21> <II = 1> <Delay = 5.92> <FuncUnit> <Opcode : 'ddiv' 'drem'> <InPorts = 2> <OutPorts = 1>
ST_15 : Operation 105 [17/22] (5.92ns)   --->   "%div6 = ddiv i64 %mul4, i64 %conv1" [Coefficients.cpp:14]   --->   Operation 105 'ddiv' 'div6' <Predicate = true> <Delay = 5.92> <CoreInst = "DDiv">   --->   Core 39 'DDiv' <Latency = 21> <II = 1> <Delay = 5.92> <FuncUnit> <Opcode : 'ddiv' 'drem'> <InPorts = 2> <OutPorts = 1>

State 16 <SV = 15> <Delay = 5.92>
ST_16 : Operation 106 [16/22] (5.92ns)   --->   "%div = ddiv i64 %mul, i64 %conv1" [Coefficients.cpp:13]   --->   Operation 106 'ddiv' 'div' <Predicate = true> <Delay = 5.92> <CoreInst = "DDiv">   --->   Core 39 'DDiv' <Latency = 21> <II = 1> <Delay = 5.92> <FuncUnit> <Opcode : 'ddiv' 'drem'> <InPorts = 2> <OutPorts = 1>
ST_16 : Operation 107 [16/22] (5.92ns)   --->   "%div6 = ddiv i64 %mul4, i64 %conv1" [Coefficients.cpp:14]   --->   Operation 107 'ddiv' 'div6' <Predicate = true> <Delay = 5.92> <CoreInst = "DDiv">   --->   Core 39 'DDiv' <Latency = 21> <II = 1> <Delay = 5.92> <FuncUnit> <Opcode : 'ddiv' 'drem'> <InPorts = 2> <OutPorts = 1>

State 17 <SV = 16> <Delay = 5.92>
ST_17 : Operation 108 [15/22] (5.92ns)   --->   "%div = ddiv i64 %mul, i64 %conv1" [Coefficients.cpp:13]   --->   Operation 108 'ddiv' 'div' <Predicate = true> <Delay = 5.92> <CoreInst = "DDiv">   --->   Core 39 'DDiv' <Latency = 21> <II = 1> <Delay = 5.92> <FuncUnit> <Opcode : 'ddiv' 'drem'> <InPorts = 2> <OutPorts = 1>
ST_17 : Operation 109 [15/22] (5.92ns)   --->   "%div6 = ddiv i64 %mul4, i64 %conv1" [Coefficients.cpp:14]   --->   Operation 109 'ddiv' 'div6' <Predicate = true> <Delay = 5.92> <CoreInst = "DDiv">   --->   Core 39 'DDiv' <Latency = 21> <II = 1> <Delay = 5.92> <FuncUnit> <Opcode : 'ddiv' 'drem'> <InPorts = 2> <OutPorts = 1>

State 18 <SV = 17> <Delay = 5.92>
ST_18 : Operation 110 [14/22] (5.92ns)   --->   "%div = ddiv i64 %mul, i64 %conv1" [Coefficients.cpp:13]   --->   Operation 110 'ddiv' 'div' <Predicate = true> <Delay = 5.92> <CoreInst = "DDiv">   --->   Core 39 'DDiv' <Latency = 21> <II = 1> <Delay = 5.92> <FuncUnit> <Opcode : 'ddiv' 'drem'> <InPorts = 2> <OutPorts = 1>
ST_18 : Operation 111 [14/22] (5.92ns)   --->   "%div6 = ddiv i64 %mul4, i64 %conv1" [Coefficients.cpp:14]   --->   Operation 111 'ddiv' 'div6' <Predicate = true> <Delay = 5.92> <CoreInst = "DDiv">   --->   Core 39 'DDiv' <Latency = 21> <II = 1> <Delay = 5.92> <FuncUnit> <Opcode : 'ddiv' 'drem'> <InPorts = 2> <OutPorts = 1>

State 19 <SV = 18> <Delay = 5.92>
ST_19 : Operation 112 [13/22] (5.92ns)   --->   "%div = ddiv i64 %mul, i64 %conv1" [Coefficients.cpp:13]   --->   Operation 112 'ddiv' 'div' <Predicate = true> <Delay = 5.92> <CoreInst = "DDiv">   --->   Core 39 'DDiv' <Latency = 21> <II = 1> <Delay = 5.92> <FuncUnit> <Opcode : 'ddiv' 'drem'> <InPorts = 2> <OutPorts = 1>
ST_19 : Operation 113 [13/22] (5.92ns)   --->   "%div6 = ddiv i64 %mul4, i64 %conv1" [Coefficients.cpp:14]   --->   Operation 113 'ddiv' 'div6' <Predicate = true> <Delay = 5.92> <CoreInst = "DDiv">   --->   Core 39 'DDiv' <Latency = 21> <II = 1> <Delay = 5.92> <FuncUnit> <Opcode : 'ddiv' 'drem'> <InPorts = 2> <OutPorts = 1>

State 20 <SV = 19> <Delay = 5.92>
ST_20 : Operation 114 [12/22] (5.92ns)   --->   "%div = ddiv i64 %mul, i64 %conv1" [Coefficients.cpp:13]   --->   Operation 114 'ddiv' 'div' <Predicate = true> <Delay = 5.92> <CoreInst = "DDiv">   --->   Core 39 'DDiv' <Latency = 21> <II = 1> <Delay = 5.92> <FuncUnit> <Opcode : 'ddiv' 'drem'> <InPorts = 2> <OutPorts = 1>
ST_20 : Operation 115 [12/22] (5.92ns)   --->   "%div6 = ddiv i64 %mul4, i64 %conv1" [Coefficients.cpp:14]   --->   Operation 115 'ddiv' 'div6' <Predicate = true> <Delay = 5.92> <CoreInst = "DDiv">   --->   Core 39 'DDiv' <Latency = 21> <II = 1> <Delay = 5.92> <FuncUnit> <Opcode : 'ddiv' 'drem'> <InPorts = 2> <OutPorts = 1>

State 21 <SV = 20> <Delay = 5.92>
ST_21 : Operation 116 [11/22] (5.92ns)   --->   "%div = ddiv i64 %mul, i64 %conv1" [Coefficients.cpp:13]   --->   Operation 116 'ddiv' 'div' <Predicate = true> <Delay = 5.92> <CoreInst = "DDiv">   --->   Core 39 'DDiv' <Latency = 21> <II = 1> <Delay = 5.92> <FuncUnit> <Opcode : 'ddiv' 'drem'> <InPorts = 2> <OutPorts = 1>
ST_21 : Operation 117 [11/22] (5.92ns)   --->   "%div6 = ddiv i64 %mul4, i64 %conv1" [Coefficients.cpp:14]   --->   Operation 117 'ddiv' 'div6' <Predicate = true> <Delay = 5.92> <CoreInst = "DDiv">   --->   Core 39 'DDiv' <Latency = 21> <II = 1> <Delay = 5.92> <FuncUnit> <Opcode : 'ddiv' 'drem'> <InPorts = 2> <OutPorts = 1>

State 22 <SV = 21> <Delay = 5.92>
ST_22 : Operation 118 [10/22] (5.92ns)   --->   "%div = ddiv i64 %mul, i64 %conv1" [Coefficients.cpp:13]   --->   Operation 118 'ddiv' 'div' <Predicate = true> <Delay = 5.92> <CoreInst = "DDiv">   --->   Core 39 'DDiv' <Latency = 21> <II = 1> <Delay = 5.92> <FuncUnit> <Opcode : 'ddiv' 'drem'> <InPorts = 2> <OutPorts = 1>
ST_22 : Operation 119 [10/22] (5.92ns)   --->   "%div6 = ddiv i64 %mul4, i64 %conv1" [Coefficients.cpp:14]   --->   Operation 119 'ddiv' 'div6' <Predicate = true> <Delay = 5.92> <CoreInst = "DDiv">   --->   Core 39 'DDiv' <Latency = 21> <II = 1> <Delay = 5.92> <FuncUnit> <Opcode : 'ddiv' 'drem'> <InPorts = 2> <OutPorts = 1>

State 23 <SV = 22> <Delay = 5.92>
ST_23 : Operation 120 [9/22] (5.92ns)   --->   "%div = ddiv i64 %mul, i64 %conv1" [Coefficients.cpp:13]   --->   Operation 120 'ddiv' 'div' <Predicate = true> <Delay = 5.92> <CoreInst = "DDiv">   --->   Core 39 'DDiv' <Latency = 21> <II = 1> <Delay = 5.92> <FuncUnit> <Opcode : 'ddiv' 'drem'> <InPorts = 2> <OutPorts = 1>
ST_23 : Operation 121 [9/22] (5.92ns)   --->   "%div6 = ddiv i64 %mul4, i64 %conv1" [Coefficients.cpp:14]   --->   Operation 121 'ddiv' 'div6' <Predicate = true> <Delay = 5.92> <CoreInst = "DDiv">   --->   Core 39 'DDiv' <Latency = 21> <II = 1> <Delay = 5.92> <FuncUnit> <Opcode : 'ddiv' 'drem'> <InPorts = 2> <OutPorts = 1>

State 24 <SV = 23> <Delay = 5.92>
ST_24 : Operation 122 [8/22] (5.92ns)   --->   "%div = ddiv i64 %mul, i64 %conv1" [Coefficients.cpp:13]   --->   Operation 122 'ddiv' 'div' <Predicate = true> <Delay = 5.92> <CoreInst = "DDiv">   --->   Core 39 'DDiv' <Latency = 21> <II = 1> <Delay = 5.92> <FuncUnit> <Opcode : 'ddiv' 'drem'> <InPorts = 2> <OutPorts = 1>
ST_24 : Operation 123 [8/22] (5.92ns)   --->   "%div6 = ddiv i64 %mul4, i64 %conv1" [Coefficients.cpp:14]   --->   Operation 123 'ddiv' 'div6' <Predicate = true> <Delay = 5.92> <CoreInst = "DDiv">   --->   Core 39 'DDiv' <Latency = 21> <II = 1> <Delay = 5.92> <FuncUnit> <Opcode : 'ddiv' 'drem'> <InPorts = 2> <OutPorts = 1>

State 25 <SV = 24> <Delay = 5.92>
ST_25 : Operation 124 [7/22] (5.92ns)   --->   "%div = ddiv i64 %mul, i64 %conv1" [Coefficients.cpp:13]   --->   Operation 124 'ddiv' 'div' <Predicate = true> <Delay = 5.92> <CoreInst = "DDiv">   --->   Core 39 'DDiv' <Latency = 21> <II = 1> <Delay = 5.92> <FuncUnit> <Opcode : 'ddiv' 'drem'> <InPorts = 2> <OutPorts = 1>
ST_25 : Operation 125 [7/22] (5.92ns)   --->   "%div6 = ddiv i64 %mul4, i64 %conv1" [Coefficients.cpp:14]   --->   Operation 125 'ddiv' 'div6' <Predicate = true> <Delay = 5.92> <CoreInst = "DDiv">   --->   Core 39 'DDiv' <Latency = 21> <II = 1> <Delay = 5.92> <FuncUnit> <Opcode : 'ddiv' 'drem'> <InPorts = 2> <OutPorts = 1>

State 26 <SV = 25> <Delay = 5.92>
ST_26 : Operation 126 [6/22] (5.92ns)   --->   "%div = ddiv i64 %mul, i64 %conv1" [Coefficients.cpp:13]   --->   Operation 126 'ddiv' 'div' <Predicate = true> <Delay = 5.92> <CoreInst = "DDiv">   --->   Core 39 'DDiv' <Latency = 21> <II = 1> <Delay = 5.92> <FuncUnit> <Opcode : 'ddiv' 'drem'> <InPorts = 2> <OutPorts = 1>
ST_26 : Operation 127 [6/22] (5.92ns)   --->   "%div6 = ddiv i64 %mul4, i64 %conv1" [Coefficients.cpp:14]   --->   Operation 127 'ddiv' 'div6' <Predicate = true> <Delay = 5.92> <CoreInst = "DDiv">   --->   Core 39 'DDiv' <Latency = 21> <II = 1> <Delay = 5.92> <FuncUnit> <Opcode : 'ddiv' 'drem'> <InPorts = 2> <OutPorts = 1>

State 27 <SV = 26> <Delay = 5.92>
ST_27 : Operation 128 [5/22] (5.92ns)   --->   "%div = ddiv i64 %mul, i64 %conv1" [Coefficients.cpp:13]   --->   Operation 128 'ddiv' 'div' <Predicate = true> <Delay = 5.92> <CoreInst = "DDiv">   --->   Core 39 'DDiv' <Latency = 21> <II = 1> <Delay = 5.92> <FuncUnit> <Opcode : 'ddiv' 'drem'> <InPorts = 2> <OutPorts = 1>
ST_27 : Operation 129 [5/22] (5.92ns)   --->   "%div6 = ddiv i64 %mul4, i64 %conv1" [Coefficients.cpp:14]   --->   Operation 129 'ddiv' 'div6' <Predicate = true> <Delay = 5.92> <CoreInst = "DDiv">   --->   Core 39 'DDiv' <Latency = 21> <II = 1> <Delay = 5.92> <FuncUnit> <Opcode : 'ddiv' 'drem'> <InPorts = 2> <OutPorts = 1>

State 28 <SV = 27> <Delay = 5.92>
ST_28 : Operation 130 [4/22] (5.92ns)   --->   "%div = ddiv i64 %mul, i64 %conv1" [Coefficients.cpp:13]   --->   Operation 130 'ddiv' 'div' <Predicate = true> <Delay = 5.92> <CoreInst = "DDiv">   --->   Core 39 'DDiv' <Latency = 21> <II = 1> <Delay = 5.92> <FuncUnit> <Opcode : 'ddiv' 'drem'> <InPorts = 2> <OutPorts = 1>
ST_28 : Operation 131 [4/22] (5.92ns)   --->   "%div6 = ddiv i64 %mul4, i64 %conv1" [Coefficients.cpp:14]   --->   Operation 131 'ddiv' 'div6' <Predicate = true> <Delay = 5.92> <CoreInst = "DDiv">   --->   Core 39 'DDiv' <Latency = 21> <II = 1> <Delay = 5.92> <FuncUnit> <Opcode : 'ddiv' 'drem'> <InPorts = 2> <OutPorts = 1>

State 29 <SV = 28> <Delay = 5.92>
ST_29 : Operation 132 [3/22] (5.92ns)   --->   "%div = ddiv i64 %mul, i64 %conv1" [Coefficients.cpp:13]   --->   Operation 132 'ddiv' 'div' <Predicate = true> <Delay = 5.92> <CoreInst = "DDiv">   --->   Core 39 'DDiv' <Latency = 21> <II = 1> <Delay = 5.92> <FuncUnit> <Opcode : 'ddiv' 'drem'> <InPorts = 2> <OutPorts = 1>
ST_29 : Operation 133 [3/22] (5.92ns)   --->   "%div6 = ddiv i64 %mul4, i64 %conv1" [Coefficients.cpp:14]   --->   Operation 133 'ddiv' 'div6' <Predicate = true> <Delay = 5.92> <CoreInst = "DDiv">   --->   Core 39 'DDiv' <Latency = 21> <II = 1> <Delay = 5.92> <FuncUnit> <Opcode : 'ddiv' 'drem'> <InPorts = 2> <OutPorts = 1>

State 30 <SV = 29> <Delay = 5.92>
ST_30 : Operation 134 [2/22] (5.92ns)   --->   "%div = ddiv i64 %mul, i64 %conv1" [Coefficients.cpp:13]   --->   Operation 134 'ddiv' 'div' <Predicate = true> <Delay = 5.92> <CoreInst = "DDiv">   --->   Core 39 'DDiv' <Latency = 21> <II = 1> <Delay = 5.92> <FuncUnit> <Opcode : 'ddiv' 'drem'> <InPorts = 2> <OutPorts = 1>
ST_30 : Operation 135 [2/22] (5.92ns)   --->   "%div6 = ddiv i64 %mul4, i64 %conv1" [Coefficients.cpp:14]   --->   Operation 135 'ddiv' 'div6' <Predicate = true> <Delay = 5.92> <CoreInst = "DDiv">   --->   Core 39 'DDiv' <Latency = 21> <II = 1> <Delay = 5.92> <FuncUnit> <Opcode : 'ddiv' 'drem'> <InPorts = 2> <OutPorts = 1>

State 31 <SV = 30> <Delay = 5.92>
ST_31 : Operation 136 [1/22] (5.92ns)   --->   "%div = ddiv i64 %mul, i64 %conv1" [Coefficients.cpp:13]   --->   Operation 136 'ddiv' 'div' <Predicate = true> <Delay = 5.92> <CoreInst = "DDiv">   --->   Core 39 'DDiv' <Latency = 21> <II = 1> <Delay = 5.92> <FuncUnit> <Opcode : 'ddiv' 'drem'> <InPorts = 2> <OutPorts = 1>
ST_31 : Operation 137 [1/22] (5.92ns)   --->   "%div6 = ddiv i64 %mul4, i64 %conv1" [Coefficients.cpp:14]   --->   Operation 137 'ddiv' 'div6' <Predicate = true> <Delay = 5.92> <CoreInst = "DDiv">   --->   Core 39 'DDiv' <Latency = 21> <II = 1> <Delay = 5.92> <FuncUnit> <Opcode : 'ddiv' 'drem'> <InPorts = 2> <OutPorts = 1>

State 32 <SV = 31> <Delay = 2.89>
ST_32 : Operation 138 [2/2] (2.89ns)   --->   "%omegaLower = fptrunc i64 %div" [Coefficients.cpp:13]   --->   Operation 138 'fptrunc' 'omegaLower' <Predicate = true> <Delay = 2.89> <CoreInst = "Double2Float">   --->   Core 67 'Double2Float' <Latency = 1> <II = 1> <Delay = 2.89> <FuncUnit> <Opcode : 'fptrunc'> <InPorts = 1> <OutPorts = 1>
ST_32 : Operation 139 [2/2] (2.89ns)   --->   "%omegaUpper = fptrunc i64 %div6" [Coefficients.cpp:14]   --->   Operation 139 'fptrunc' 'omegaUpper' <Predicate = true> <Delay = 2.89> <CoreInst = "Double2Float">   --->   Core 67 'Double2Float' <Latency = 1> <II = 1> <Delay = 2.89> <FuncUnit> <Opcode : 'fptrunc'> <InPorts = 1> <OutPorts = 1>

State 33 <SV = 32> <Delay = 2.89>
ST_33 : Operation 140 [1/2] (2.89ns)   --->   "%omegaLower = fptrunc i64 %div" [Coefficients.cpp:13]   --->   Operation 140 'fptrunc' 'omegaLower' <Predicate = true> <Delay = 2.89> <CoreInst = "Double2Float">   --->   Core 67 'Double2Float' <Latency = 1> <II = 1> <Delay = 2.89> <FuncUnit> <Opcode : 'fptrunc'> <InPorts = 1> <OutPorts = 1>
ST_33 : Operation 141 [1/2] (2.89ns)   --->   "%omegaUpper = fptrunc i64 %div6" [Coefficients.cpp:14]   --->   Operation 141 'fptrunc' 'omegaUpper' <Predicate = true> <Delay = 2.89> <CoreInst = "Double2Float">   --->   Core 67 'Double2Float' <Latency = 1> <II = 1> <Delay = 2.89> <FuncUnit> <Opcode : 'fptrunc'> <InPorts = 1> <OutPorts = 1>

State 34 <SV = 33> <Delay = 6.43>
ST_34 : Operation 142 [4/4] (6.43ns)   --->   "%sub9 = fsub i32 %omegaUpper, i32 %omegaLower" [Coefficients.cpp:14]   --->   Operation 142 'fsub' 'sub9' <Predicate = true> <Delay = 6.43> <CoreInst = "FAddSub_fulldsp">   --->   Core 18 'FAddSub_fulldsp' <Latency = 3> <II = 1> <Delay = 6.43> <FuncUnit> <Opcode : 'fadd' 'fsub'> <InPorts = 2> <OutPorts = 1>

State 35 <SV = 34> <Delay = 6.43>
ST_35 : Operation 143 [3/4] (6.43ns)   --->   "%sub9 = fsub i32 %omegaUpper, i32 %omegaLower" [Coefficients.cpp:14]   --->   Operation 143 'fsub' 'sub9' <Predicate = true> <Delay = 6.43> <CoreInst = "FAddSub_fulldsp">   --->   Core 18 'FAddSub_fulldsp' <Latency = 3> <II = 1> <Delay = 6.43> <FuncUnit> <Opcode : 'fadd' 'fsub'> <InPorts = 2> <OutPorts = 1>

State 36 <SV = 35> <Delay = 6.43>
ST_36 : Operation 144 [2/4] (6.43ns)   --->   "%sub9 = fsub i32 %omegaUpper, i32 %omegaLower" [Coefficients.cpp:14]   --->   Operation 144 'fsub' 'sub9' <Predicate = true> <Delay = 6.43> <CoreInst = "FAddSub_fulldsp">   --->   Core 18 'FAddSub_fulldsp' <Latency = 3> <II = 1> <Delay = 6.43> <FuncUnit> <Opcode : 'fadd' 'fsub'> <InPorts = 2> <OutPorts = 1>

State 37 <SV = 36> <Delay = 6.43>
ST_37 : Operation 145 [1/4] (6.43ns)   --->   "%sub9 = fsub i32 %omegaUpper, i32 %omegaLower" [Coefficients.cpp:14]   --->   Operation 145 'fsub' 'sub9' <Predicate = true> <Delay = 6.43> <CoreInst = "FAddSub_fulldsp">   --->   Core 18 'FAddSub_fulldsp' <Latency = 3> <II = 1> <Delay = 6.43> <FuncUnit> <Opcode : 'fadd' 'fsub'> <InPorts = 2> <OutPorts = 1>

State 38 <SV = 37> <Delay = 2.30>
ST_38 : Operation 146 [2/2] (2.30ns)   --->   "%conv2 = fpext i32 %sub9" [Coefficients.cpp:14]   --->   Operation 146 'fpext' 'conv2' <Predicate = true> <Delay = 2.30> <CoreInst = "Float2Double">   --->   Core 64 'Float2Double' <Latency = 1> <II = 1> <Delay = 2.30> <FuncUnit> <Opcode : 'fpext'> <InPorts = 1> <OutPorts = 1>

State 39 <SV = 38> <Delay = 2.30>
ST_39 : Operation 147 [1/2] (2.30ns)   --->   "%conv2 = fpext i32 %sub9" [Coefficients.cpp:14]   --->   Operation 147 'fpext' 'conv2' <Predicate = true> <Delay = 2.30> <CoreInst = "Float2Double">   --->   Core 64 'Float2Double' <Latency = 1> <II = 1> <Delay = 2.30> <FuncUnit> <Opcode : 'fpext'> <InPorts = 1> <OutPorts = 1>

State 40 <SV = 39> <Delay = 5.92>
ST_40 : Operation 148 [22/22] (5.92ns)   --->   "%div1 = ddiv i64 %conv2, i64 3.14159" [Coefficients.cpp:14]   --->   Operation 148 'ddiv' 'div1' <Predicate = true> <Delay = 5.92> <CoreInst = "DDiv">   --->   Core 39 'DDiv' <Latency = 21> <II = 1> <Delay = 5.92> <FuncUnit> <Opcode : 'ddiv' 'drem'> <InPorts = 2> <OutPorts = 1>

State 41 <SV = 40> <Delay = 5.92>
ST_41 : Operation 149 [21/22] (5.92ns)   --->   "%div1 = ddiv i64 %conv2, i64 3.14159" [Coefficients.cpp:14]   --->   Operation 149 'ddiv' 'div1' <Predicate = true> <Delay = 5.92> <CoreInst = "DDiv">   --->   Core 39 'DDiv' <Latency = 21> <II = 1> <Delay = 5.92> <FuncUnit> <Opcode : 'ddiv' 'drem'> <InPorts = 2> <OutPorts = 1>

State 42 <SV = 41> <Delay = 5.92>
ST_42 : Operation 150 [20/22] (5.92ns)   --->   "%div1 = ddiv i64 %conv2, i64 3.14159" [Coefficients.cpp:14]   --->   Operation 150 'ddiv' 'div1' <Predicate = true> <Delay = 5.92> <CoreInst = "DDiv">   --->   Core 39 'DDiv' <Latency = 21> <II = 1> <Delay = 5.92> <FuncUnit> <Opcode : 'ddiv' 'drem'> <InPorts = 2> <OutPorts = 1>

State 43 <SV = 42> <Delay = 5.92>
ST_43 : Operation 151 [19/22] (5.92ns)   --->   "%div1 = ddiv i64 %conv2, i64 3.14159" [Coefficients.cpp:14]   --->   Operation 151 'ddiv' 'div1' <Predicate = true> <Delay = 5.92> <CoreInst = "DDiv">   --->   Core 39 'DDiv' <Latency = 21> <II = 1> <Delay = 5.92> <FuncUnit> <Opcode : 'ddiv' 'drem'> <InPorts = 2> <OutPorts = 1>

State 44 <SV = 43> <Delay = 5.92>
ST_44 : Operation 152 [18/22] (5.92ns)   --->   "%div1 = ddiv i64 %conv2, i64 3.14159" [Coefficients.cpp:14]   --->   Operation 152 'ddiv' 'div1' <Predicate = true> <Delay = 5.92> <CoreInst = "DDiv">   --->   Core 39 'DDiv' <Latency = 21> <II = 1> <Delay = 5.92> <FuncUnit> <Opcode : 'ddiv' 'drem'> <InPorts = 2> <OutPorts = 1>

State 45 <SV = 44> <Delay = 5.92>
ST_45 : Operation 153 [17/22] (5.92ns)   --->   "%div1 = ddiv i64 %conv2, i64 3.14159" [Coefficients.cpp:14]   --->   Operation 153 'ddiv' 'div1' <Predicate = true> <Delay = 5.92> <CoreInst = "DDiv">   --->   Core 39 'DDiv' <Latency = 21> <II = 1> <Delay = 5.92> <FuncUnit> <Opcode : 'ddiv' 'drem'> <InPorts = 2> <OutPorts = 1>

State 46 <SV = 45> <Delay = 5.92>
ST_46 : Operation 154 [16/22] (5.92ns)   --->   "%div1 = ddiv i64 %conv2, i64 3.14159" [Coefficients.cpp:14]   --->   Operation 154 'ddiv' 'div1' <Predicate = true> <Delay = 5.92> <CoreInst = "DDiv">   --->   Core 39 'DDiv' <Latency = 21> <II = 1> <Delay = 5.92> <FuncUnit> <Opcode : 'ddiv' 'drem'> <InPorts = 2> <OutPorts = 1>

State 47 <SV = 46> <Delay = 5.92>
ST_47 : Operation 155 [15/22] (5.92ns)   --->   "%div1 = ddiv i64 %conv2, i64 3.14159" [Coefficients.cpp:14]   --->   Operation 155 'ddiv' 'div1' <Predicate = true> <Delay = 5.92> <CoreInst = "DDiv">   --->   Core 39 'DDiv' <Latency = 21> <II = 1> <Delay = 5.92> <FuncUnit> <Opcode : 'ddiv' 'drem'> <InPorts = 2> <OutPorts = 1>

State 48 <SV = 47> <Delay = 5.92>
ST_48 : Operation 156 [14/22] (5.92ns)   --->   "%div1 = ddiv i64 %conv2, i64 3.14159" [Coefficients.cpp:14]   --->   Operation 156 'ddiv' 'div1' <Predicate = true> <Delay = 5.92> <CoreInst = "DDiv">   --->   Core 39 'DDiv' <Latency = 21> <II = 1> <Delay = 5.92> <FuncUnit> <Opcode : 'ddiv' 'drem'> <InPorts = 2> <OutPorts = 1>

State 49 <SV = 48> <Delay = 5.92>
ST_49 : Operation 157 [13/22] (5.92ns)   --->   "%div1 = ddiv i64 %conv2, i64 3.14159" [Coefficients.cpp:14]   --->   Operation 157 'ddiv' 'div1' <Predicate = true> <Delay = 5.92> <CoreInst = "DDiv">   --->   Core 39 'DDiv' <Latency = 21> <II = 1> <Delay = 5.92> <FuncUnit> <Opcode : 'ddiv' 'drem'> <InPorts = 2> <OutPorts = 1>

State 50 <SV = 49> <Delay = 5.92>
ST_50 : Operation 158 [12/22] (5.92ns)   --->   "%div1 = ddiv i64 %conv2, i64 3.14159" [Coefficients.cpp:14]   --->   Operation 158 'ddiv' 'div1' <Predicate = true> <Delay = 5.92> <CoreInst = "DDiv">   --->   Core 39 'DDiv' <Latency = 21> <II = 1> <Delay = 5.92> <FuncUnit> <Opcode : 'ddiv' 'drem'> <InPorts = 2> <OutPorts = 1>

State 51 <SV = 50> <Delay = 5.92>
ST_51 : Operation 159 [11/22] (5.92ns)   --->   "%div1 = ddiv i64 %conv2, i64 3.14159" [Coefficients.cpp:14]   --->   Operation 159 'ddiv' 'div1' <Predicate = true> <Delay = 5.92> <CoreInst = "DDiv">   --->   Core 39 'DDiv' <Latency = 21> <II = 1> <Delay = 5.92> <FuncUnit> <Opcode : 'ddiv' 'drem'> <InPorts = 2> <OutPorts = 1>

State 52 <SV = 51> <Delay = 5.92>
ST_52 : Operation 160 [10/22] (5.92ns)   --->   "%div1 = ddiv i64 %conv2, i64 3.14159" [Coefficients.cpp:14]   --->   Operation 160 'ddiv' 'div1' <Predicate = true> <Delay = 5.92> <CoreInst = "DDiv">   --->   Core 39 'DDiv' <Latency = 21> <II = 1> <Delay = 5.92> <FuncUnit> <Opcode : 'ddiv' 'drem'> <InPorts = 2> <OutPorts = 1>

State 53 <SV = 52> <Delay = 5.92>
ST_53 : Operation 161 [9/22] (5.92ns)   --->   "%div1 = ddiv i64 %conv2, i64 3.14159" [Coefficients.cpp:14]   --->   Operation 161 'ddiv' 'div1' <Predicate = true> <Delay = 5.92> <CoreInst = "DDiv">   --->   Core 39 'DDiv' <Latency = 21> <II = 1> <Delay = 5.92> <FuncUnit> <Opcode : 'ddiv' 'drem'> <InPorts = 2> <OutPorts = 1>

State 54 <SV = 53> <Delay = 5.92>
ST_54 : Operation 162 [8/22] (5.92ns)   --->   "%div1 = ddiv i64 %conv2, i64 3.14159" [Coefficients.cpp:14]   --->   Operation 162 'ddiv' 'div1' <Predicate = true> <Delay = 5.92> <CoreInst = "DDiv">   --->   Core 39 'DDiv' <Latency = 21> <II = 1> <Delay = 5.92> <FuncUnit> <Opcode : 'ddiv' 'drem'> <InPorts = 2> <OutPorts = 1>

State 55 <SV = 54> <Delay = 5.92>
ST_55 : Operation 163 [7/22] (5.92ns)   --->   "%div1 = ddiv i64 %conv2, i64 3.14159" [Coefficients.cpp:14]   --->   Operation 163 'ddiv' 'div1' <Predicate = true> <Delay = 5.92> <CoreInst = "DDiv">   --->   Core 39 'DDiv' <Latency = 21> <II = 1> <Delay = 5.92> <FuncUnit> <Opcode : 'ddiv' 'drem'> <InPorts = 2> <OutPorts = 1>

State 56 <SV = 55> <Delay = 5.92>
ST_56 : Operation 164 [6/22] (5.92ns)   --->   "%div1 = ddiv i64 %conv2, i64 3.14159" [Coefficients.cpp:14]   --->   Operation 164 'ddiv' 'div1' <Predicate = true> <Delay = 5.92> <CoreInst = "DDiv">   --->   Core 39 'DDiv' <Latency = 21> <II = 1> <Delay = 5.92> <FuncUnit> <Opcode : 'ddiv' 'drem'> <InPorts = 2> <OutPorts = 1>

State 57 <SV = 56> <Delay = 5.92>
ST_57 : Operation 165 [5/22] (5.92ns)   --->   "%div1 = ddiv i64 %conv2, i64 3.14159" [Coefficients.cpp:14]   --->   Operation 165 'ddiv' 'div1' <Predicate = true> <Delay = 5.92> <CoreInst = "DDiv">   --->   Core 39 'DDiv' <Latency = 21> <II = 1> <Delay = 5.92> <FuncUnit> <Opcode : 'ddiv' 'drem'> <InPorts = 2> <OutPorts = 1>

State 58 <SV = 57> <Delay = 5.92>
ST_58 : Operation 166 [4/22] (5.92ns)   --->   "%div1 = ddiv i64 %conv2, i64 3.14159" [Coefficients.cpp:14]   --->   Operation 166 'ddiv' 'div1' <Predicate = true> <Delay = 5.92> <CoreInst = "DDiv">   --->   Core 39 'DDiv' <Latency = 21> <II = 1> <Delay = 5.92> <FuncUnit> <Opcode : 'ddiv' 'drem'> <InPorts = 2> <OutPorts = 1>

State 59 <SV = 58> <Delay = 5.92>
ST_59 : Operation 167 [3/22] (5.92ns)   --->   "%div1 = ddiv i64 %conv2, i64 3.14159" [Coefficients.cpp:14]   --->   Operation 167 'ddiv' 'div1' <Predicate = true> <Delay = 5.92> <CoreInst = "DDiv">   --->   Core 39 'DDiv' <Latency = 21> <II = 1> <Delay = 5.92> <FuncUnit> <Opcode : 'ddiv' 'drem'> <InPorts = 2> <OutPorts = 1>

State 60 <SV = 59> <Delay = 5.92>
ST_60 : Operation 168 [2/22] (5.92ns)   --->   "%div1 = ddiv i64 %conv2, i64 3.14159" [Coefficients.cpp:14]   --->   Operation 168 'ddiv' 'div1' <Predicate = true> <Delay = 5.92> <CoreInst = "DDiv">   --->   Core 39 'DDiv' <Latency = 21> <II = 1> <Delay = 5.92> <FuncUnit> <Opcode : 'ddiv' 'drem'> <InPorts = 2> <OutPorts = 1>

State 61 <SV = 60> <Delay = 7.30>
ST_61 : Operation 169 [1/22] (5.92ns)   --->   "%div1 = ddiv i64 %conv2, i64 3.14159" [Coefficients.cpp:14]   --->   Operation 169 'ddiv' 'div1' <Predicate = true> <Delay = 5.92> <CoreInst = "DDiv">   --->   Core 39 'DDiv' <Latency = 21> <II = 1> <Delay = 5.92> <FuncUnit> <Opcode : 'ddiv' 'drem'> <InPorts = 2> <OutPorts = 1>
ST_61 : Operation 170 [1/1] (0.00ns)   --->   "%sext_ln16 = sext i62 %trunc_ln" [Coefficients.cpp:16]   --->   Operation 170 'sext' 'sext_ln16' <Predicate = true> <Delay = 0.00>
ST_61 : Operation 171 [1/1] (0.00ns)   --->   "%gmem_addr = getelementptr i32 %gmem, i64 %sext_ln16" [Coefficients.cpp:16]   --->   Operation 171 'getelementptr' 'gmem_addr' <Predicate = true> <Delay = 0.00>
ST_61 : Operation 172 [1/1] (7.30ns)   --->   "%empty = writereq i1 @_ssdm_op_WriteReq.m_axi.p1i32, i32 %gmem_addr, i64 25" [Coefficients.cpp:16]   --->   Operation 172 'writereq' 'empty' <Predicate = true> <Delay = 7.30> <CoreInst = "m_axi">   --->   Core 119 'm_axi' <Latency = 0> <II = 1> <Delay = 1.00> <Adapter> <Opcode : 'read' 'write' 'readreq' 'writereq' 'writeresp'>

State 62 <SV = 61> <Delay = 0.00>
ST_62 : Operation 173 [2/2] (0.00ns)   --->   "%call_ln16 = call void @calculateCoefficients_Pipeline_VITIS_LOOP_16_1, i32 %gmem, i62 %trunc_ln, i64 %div1, i32 %omegaUpper, i32 %omegaLower, i100 %ref_4oPi_table_100, i30 %second_order_float_sin_cos_K0, i23 %second_order_float_sin_cos_K1, i15 %second_order_float_sin_cos_K2" [Coefficients.cpp:16]   --->   Operation 173 'call' 'call_ln16' <Predicate = true> <Delay = 0.00> <CoreType = "Generic">   --->   Core 0 '' <Latency = 0> <II = 1> <Delay = 1.00> <Generic> <Opcode : >

State 63 <SV = 62> <Delay = 0.00>
ST_63 : Operation 174 [1/2] (0.00ns)   --->   "%call_ln16 = call void @calculateCoefficients_Pipeline_VITIS_LOOP_16_1, i32 %gmem, i62 %trunc_ln, i64 %div1, i32 %omegaUpper, i32 %omegaLower, i100 %ref_4oPi_table_100, i30 %second_order_float_sin_cos_K0, i23 %second_order_float_sin_cos_K1, i15 %second_order_float_sin_cos_K2" [Coefficients.cpp:16]   --->   Operation 174 'call' 'call_ln16' <Predicate = true> <Delay = 0.00> <CoreType = "Generic">   --->   Core 0 '' <Latency = 0> <II = 1> <Delay = 1.00> <Generic> <Opcode : >

State 64 <SV = 63> <Delay = 7.30>
ST_64 : Operation 175 [5/5] (7.30ns)   --->   "%empty_37 = writeresp i1 @_ssdm_op_WriteResp.m_axi.p1i32, i32 %gmem_addr" [Coefficients.cpp:26]   --->   Operation 175 'writeresp' 'empty_37' <Predicate = true> <Delay = 7.30> <CoreInst = "m_axi">   --->   Core 119 'm_axi' <Latency = 0> <II = 1> <Delay = 1.00> <Adapter> <Opcode : 'read' 'write' 'readreq' 'writereq' 'writeresp'>

State 65 <SV = 64> <Delay = 7.30>
ST_65 : Operation 176 [4/5] (7.30ns)   --->   "%empty_37 = writeresp i1 @_ssdm_op_WriteResp.m_axi.p1i32, i32 %gmem_addr" [Coefficients.cpp:26]   --->   Operation 176 'writeresp' 'empty_37' <Predicate = true> <Delay = 7.30> <CoreInst = "m_axi">   --->   Core 119 'm_axi' <Latency = 0> <II = 1> <Delay = 1.00> <Adapter> <Opcode : 'read' 'write' 'readreq' 'writereq' 'writeresp'>

State 66 <SV = 65> <Delay = 7.30>
ST_66 : Operation 177 [3/5] (7.30ns)   --->   "%empty_37 = writeresp i1 @_ssdm_op_WriteResp.m_axi.p1i32, i32 %gmem_addr" [Coefficients.cpp:26]   --->   Operation 177 'writeresp' 'empty_37' <Predicate = true> <Delay = 7.30> <CoreInst = "m_axi">   --->   Core 119 'm_axi' <Latency = 0> <II = 1> <Delay = 1.00> <Adapter> <Opcode : 'read' 'write' 'readreq' 'writereq' 'writeresp'>

State 67 <SV = 66> <Delay = 7.30>
ST_67 : Operation 178 [2/5] (7.30ns)   --->   "%empty_37 = writeresp i1 @_ssdm_op_WriteResp.m_axi.p1i32, i32 %gmem_addr" [Coefficients.cpp:26]   --->   Operation 178 'writeresp' 'empty_37' <Predicate = true> <Delay = 7.30> <CoreInst = "m_axi">   --->   Core 119 'm_axi' <Latency = 0> <II = 1> <Delay = 1.00> <Adapter> <Opcode : 'read' 'write' 'readreq' 'writereq' 'writeresp'>

State 68 <SV = 67> <Delay = 7.30>
ST_68 : Operation 179 [1/1] (0.00ns)   --->   "%spectopmodule_ln4 = spectopmodule void @_ssdm_op_SpecTopModule, void @empty_12" [Coefficients.cpp:4]   --->   Operation 179 'spectopmodule' 'spectopmodule_ln4' <Predicate = true> <Delay = 0.00>
ST_68 : Operation 180 [1/1] (0.00ns)   --->   "%specinterface_ln4 = specinterface void @_ssdm_op_SpecInterface, i32 0, void @empty_13, i32 0, i32 0, void @empty_0, i32 0, i32 0, void @empty_0, void @empty_0, void @empty_0, i32 0, i32 0, i32 0, i32 0, void @empty_0, void @empty_0, i32 4294967295, i32 0, i32 0" [Coefficients.cpp:4]   --->   Operation 180 'specinterface' 'specinterface_ln4' <Predicate = true> <Delay = 0.00>
ST_68 : Operation 181 [1/1] (0.00ns)   --->   "%specinterface_ln0 = specinterface void @_ssdm_op_SpecInterface, i32 %gmem, void @empty, i32 0, i32 0, void @empty_0, i32 0, i32 0, void @empty_1, void @empty_2, void @empty_0, i32 16, i32 16, i32 16, i32 16, void @empty_0, void @empty_0, i32 4294967295, i32 0, i32 0"   --->   Operation 181 'specinterface' 'specinterface_ln0' <Predicate = true> <Delay = 0.00>
ST_68 : Operation 182 [1/1] (0.00ns)   --->   "%specbitsmap_ln0 = specbitsmap void @_ssdm_op_SpecBitsMap, i32 %gmem"   --->   Operation 182 'specbitsmap' 'specbitsmap_ln0' <Predicate = true> <Delay = 0.00>
ST_68 : Operation 183 [1/1] (0.00ns)   --->   "%specbitsmap_ln0 = specbitsmap void @_ssdm_op_SpecBitsMap, i32 %lowerCutoff"   --->   Operation 183 'specbitsmap' 'specbitsmap_ln0' <Predicate = true> <Delay = 0.00>
ST_68 : Operation 184 [1/1] (0.00ns)   --->   "%specinterface_ln0 = specinterface void @_ssdm_op_SpecInterface, i32 %lowerCutoff, void @empty_3, i32 4294967295, i32 4294967295, void @empty_4, i32 0, i32 0, void @empty_5, void @empty_6, void @empty_0, i32 0, i32 0, i32 0, i32 0, void @empty_0, void @empty_0, i32 4294967295, i32 0, i32 0"   --->   Operation 184 'specinterface' 'specinterface_ln0' <Predicate = true> <Delay = 0.00>
ST_68 : Operation 185 [1/1] (0.00ns)   --->   "%specinterface_ln0 = specinterface void @_ssdm_op_SpecInterface, i32 %lowerCutoff, void @empty_7, i32 4294967295, i32 4294967295, void @empty_0, i32 0, i32 0, void @empty_0, void @empty_0, void @empty_0, i32 0, i32 0, i32 0, i32 0, void @empty_0, void @empty_0, i32 4294967295, i32 0, i32 0"   --->   Operation 185 'specinterface' 'specinterface_ln0' <Predicate = true> <Delay = 0.00>
ST_68 : Operation 186 [1/1] (0.00ns)   --->   "%specbitsmap_ln0 = specbitsmap void @_ssdm_op_SpecBitsMap, i32 %upperCutoff"   --->   Operation 186 'specbitsmap' 'specbitsmap_ln0' <Predicate = true> <Delay = 0.00>
ST_68 : Operation 187 [1/1] (0.00ns)   --->   "%specinterface_ln0 = specinterface void @_ssdm_op_SpecInterface, i32 %upperCutoff, void @empty_3, i32 4294967295, i32 4294967295, void @empty_4, i32 0, i32 0, void @empty_5, void @empty_8, void @empty_0, i32 0, i32 0, i32 0, i32 0, void @empty_0, void @empty_0, i32 4294967295, i32 0, i32 0"   --->   Operation 187 'specinterface' 'specinterface_ln0' <Predicate = true> <Delay = 0.00>
ST_68 : Operation 188 [1/1] (0.00ns)   --->   "%specinterface_ln0 = specinterface void @_ssdm_op_SpecInterface, i32 %upperCutoff, void @empty_7, i32 4294967295, i32 4294967295, void @empty_0, i32 0, i32 0, void @empty_0, void @empty_0, void @empty_0, i32 0, i32 0, i32 0, i32 0, void @empty_0, void @empty_0, i32 4294967295, i32 0, i32 0"   --->   Operation 188 'specinterface' 'specinterface_ln0' <Predicate = true> <Delay = 0.00>
ST_68 : Operation 189 [1/1] (0.00ns)   --->   "%specbitsmap_ln0 = specbitsmap void @_ssdm_op_SpecBitsMap, i32 %samplingRate"   --->   Operation 189 'specbitsmap' 'specbitsmap_ln0' <Predicate = true> <Delay = 0.00>
ST_68 : Operation 190 [1/1] (0.00ns)   --->   "%specinterface_ln0 = specinterface void @_ssdm_op_SpecInterface, i32 %samplingRate, void @empty_3, i32 4294967295, i32 4294967295, void @empty_4, i32 0, i32 0, void @empty_5, void @empty_9, void @empty_0, i32 0, i32 0, i32 0, i32 0, void @empty_0, void @empty_0, i32 4294967295, i32 0, i32 0"   --->   Operation 190 'specinterface' 'specinterface_ln0' <Predicate = true> <Delay = 0.00>
ST_68 : Operation 191 [1/1] (0.00ns)   --->   "%specinterface_ln0 = specinterface void @_ssdm_op_SpecInterface, i32 %samplingRate, void @empty_7, i32 4294967295, i32 4294967295, void @empty_0, i32 0, i32 0, void @empty_0, void @empty_0, void @empty_0, i32 0, i32 0, i32 0, i32 0, void @empty_0, void @empty_0, i32 4294967295, i32 0, i32 0"   --->   Operation 191 'specinterface' 'specinterface_ln0' <Predicate = true> <Delay = 0.00>
ST_68 : Operation 192 [1/1] (0.00ns)   --->   "%specinterface_ln0 = specinterface void @_ssdm_op_SpecInterface, i64 %bram, void @empty_3, i32 0, i32 0, void @empty_0, i32 0, i32 0, void @empty_5, void @empty_10, void @empty_0, i32 0, i32 0, i32 0, i32 0, void @empty_0, void @empty_11, i32 4294967295, i32 0, i32 0"   --->   Operation 192 'specinterface' 'specinterface_ln0' <Predicate = true> <Delay = 0.00>
ST_68 : Operation 193 [1/1] (0.00ns)   --->   "%specinterface_ln0 = specinterface void @_ssdm_op_SpecInterface, i64 %bram, void @empty_7, i32 0, i32 0, void @empty_0, i32 0, i32 0, void @empty_0, void @empty_0, void @empty_0, i32 0, i32 0, i32 0, i32 0, void @empty_0, void @empty_11, i32 4294967295, i32 0, i32 0"   --->   Operation 193 'specinterface' 'specinterface_ln0' <Predicate = true> <Delay = 0.00>
ST_68 : Operation 194 [1/5] (7.30ns)   --->   "%empty_37 = writeresp i1 @_ssdm_op_WriteResp.m_axi.p1i32, i32 %gmem_addr" [Coefficients.cpp:26]   --->   Operation 194 'writeresp' 'empty_37' <Predicate = true> <Delay = 7.30> <CoreInst = "m_axi">   --->   Core 119 'm_axi' <Latency = 0> <II = 1> <Delay = 1.00> <Adapter> <Opcode : 'read' 'write' 'readreq' 'writereq' 'writeresp'>
ST_68 : Operation 195 [1/1] (0.00ns)   --->   "%ret_ln26 = ret" [Coefficients.cpp:26]   --->   Operation 195 'ret' 'ret_ln26' <Predicate = true> <Delay = 0.00>


============================================================
+ Verbose Summary: Timing violations
============================================================
Target clock period: 10.000ns, clock uncertainty: 2.700ns.

 <State 1>: 6.621ns
The critical path consists of the following:
	s_axi read operation ('lowerCutoff', Coefficients.cpp:4) on port 'lowerCutoff' (Coefficients.cpp:4) [28]  (1.000 ns)
	'sitodp' operation 64 bit ('conv', Coefficients.cpp:13) [29]  (5.621 ns)

 <State 2>: 5.621ns
The critical path consists of the following:
	'sitodp' operation 64 bit ('conv', Coefficients.cpp:13) [29]  (5.621 ns)

 <State 3>: 5.621ns
The critical path consists of the following:
	'sitodp' operation 64 bit ('conv', Coefficients.cpp:13) [29]  (5.621 ns)

 <State 4>: 5.621ns
The critical path consists of the following:
	'sitodp' operation 64 bit ('conv', Coefficients.cpp:13) [29]  (5.621 ns)

 <State 5>: 7.042ns
The critical path consists of the following:
	'dmul' operation 64 bit ('mul', Coefficients.cpp:13) [30]  (7.042 ns)

 <State 6>: 7.042ns
The critical path consists of the following:
	'dmul' operation 64 bit ('mul', Coefficients.cpp:13) [30]  (7.042 ns)

 <State 7>: 7.042ns
The critical path consists of the following:
	'dmul' operation 64 bit ('mul', Coefficients.cpp:13) [30]  (7.042 ns)

 <State 8>: 7.042ns
The critical path consists of the following:
	'dmul' operation 64 bit ('mul', Coefficients.cpp:13) [30]  (7.042 ns)

 <State 9>: 7.042ns
The critical path consists of the following:
	'dmul' operation 64 bit ('mul', Coefficients.cpp:13) [30]  (7.042 ns)

 <State 10>: 5.926ns
The critical path consists of the following:
	'ddiv' operation 64 bit ('div', Coefficients.cpp:13) [32]  (5.926 ns)

 <State 11>: 5.926ns
The critical path consists of the following:
	'ddiv' operation 64 bit ('div', Coefficients.cpp:13) [32]  (5.926 ns)

 <State 12>: 5.926ns
The critical path consists of the following:
	'ddiv' operation 64 bit ('div', Coefficients.cpp:13) [32]  (5.926 ns)

 <State 13>: 5.926ns
The critical path consists of the following:
	'ddiv' operation 64 bit ('div', Coefficients.cpp:13) [32]  (5.926 ns)

 <State 14>: 5.926ns
The critical path consists of the following:
	'ddiv' operation 64 bit ('div', Coefficients.cpp:13) [32]  (5.926 ns)

 <State 15>: 5.926ns
The critical path consists of the following:
	'ddiv' operation 64 bit ('div', Coefficients.cpp:13) [32]  (5.926 ns)

 <State 16>: 5.926ns
The critical path consists of the following:
	'ddiv' operation 64 bit ('div', Coefficients.cpp:13) [32]  (5.926 ns)

 <State 17>: 5.926ns
The critical path consists of the following:
	'ddiv' operation 64 bit ('div', Coefficients.cpp:13) [32]  (5.926 ns)

 <State 18>: 5.926ns
The critical path consists of the following:
	'ddiv' operation 64 bit ('div', Coefficients.cpp:13) [32]  (5.926 ns)

 <State 19>: 5.926ns
The critical path consists of the following:
	'ddiv' operation 64 bit ('div', Coefficients.cpp:13) [32]  (5.926 ns)

 <State 20>: 5.926ns
The critical path consists of the following:
	'ddiv' operation 64 bit ('div', Coefficients.cpp:13) [32]  (5.926 ns)

 <State 21>: 5.926ns
The critical path consists of the following:
	'ddiv' operation 64 bit ('div', Coefficients.cpp:13) [32]  (5.926 ns)

 <State 22>: 5.926ns
The critical path consists of the following:
	'ddiv' operation 64 bit ('div', Coefficients.cpp:13) [32]  (5.926 ns)

 <State 23>: 5.926ns
The critical path consists of the following:
	'ddiv' operation 64 bit ('div', Coefficients.cpp:13) [32]  (5.926 ns)

 <State 24>: 5.926ns
The critical path consists of the following:
	'ddiv' operation 64 bit ('div', Coefficients.cpp:13) [32]  (5.926 ns)

 <State 25>: 5.926ns
The critical path consists of the following:
	'ddiv' operation 64 bit ('div', Coefficients.cpp:13) [32]  (5.926 ns)

 <State 26>: 5.926ns
The critical path consists of the following:
	'ddiv' operation 64 bit ('div', Coefficients.cpp:13) [32]  (5.926 ns)

 <State 27>: 5.926ns
The critical path consists of the following:
	'ddiv' operation 64 bit ('div', Coefficients.cpp:13) [32]  (5.926 ns)

 <State 28>: 5.926ns
The critical path consists of the following:
	'ddiv' operation 64 bit ('div', Coefficients.cpp:13) [32]  (5.926 ns)

 <State 29>: 5.926ns
The critical path consists of the following:
	'ddiv' operation 64 bit ('div', Coefficients.cpp:13) [32]  (5.926 ns)

 <State 30>: 5.926ns
The critical path consists of the following:
	'ddiv' operation 64 bit ('div', Coefficients.cpp:13) [32]  (5.926 ns)

 <State 31>: 5.926ns
The critical path consists of the following:
	'ddiv' operation 64 bit ('div', Coefficients.cpp:13) [32]  (5.926 ns)

 <State 32>: 2.891ns
The critical path consists of the following:
	'fptrunc' operation 32 bit ('omegaLower', Coefficients.cpp:13) [33]  (2.891 ns)

 <State 33>: 2.891ns
The critical path consists of the following:
	'fptrunc' operation 32 bit ('omegaLower', Coefficients.cpp:13) [33]  (2.891 ns)

 <State 34>: 6.437ns
The critical path consists of the following:
	'fsub' operation 32 bit ('sub9', Coefficients.cpp:14) [38]  (6.437 ns)

 <State 35>: 6.437ns
The critical path consists of the following:
	'fsub' operation 32 bit ('sub9', Coefficients.cpp:14) [38]  (6.437 ns)

 <State 36>: 6.437ns
The critical path consists of the following:
	'fsub' operation 32 bit ('sub9', Coefficients.cpp:14) [38]  (6.437 ns)

 <State 37>: 6.437ns
The critical path consists of the following:
	'fsub' operation 32 bit ('sub9', Coefficients.cpp:14) [38]  (6.437 ns)

 <State 38>: 2.306ns
The critical path consists of the following:
	'fpext' operation 64 bit ('conv2', Coefficients.cpp:14) [39]  (2.306 ns)

 <State 39>: 2.306ns
The critical path consists of the following:
	'fpext' operation 64 bit ('conv2', Coefficients.cpp:14) [39]  (2.306 ns)

 <State 40>: 5.926ns
The critical path consists of the following:
	'ddiv' operation 64 bit ('div1', Coefficients.cpp:14) [40]  (5.926 ns)

 <State 41>: 5.926ns
The critical path consists of the following:
	'ddiv' operation 64 bit ('div1', Coefficients.cpp:14) [40]  (5.926 ns)

 <State 42>: 5.926ns
The critical path consists of the following:
	'ddiv' operation 64 bit ('div1', Coefficients.cpp:14) [40]  (5.926 ns)

 <State 43>: 5.926ns
The critical path consists of the following:
	'ddiv' operation 64 bit ('div1', Coefficients.cpp:14) [40]  (5.926 ns)

 <State 44>: 5.926ns
The critical path consists of the following:
	'ddiv' operation 64 bit ('div1', Coefficients.cpp:14) [40]  (5.926 ns)

 <State 45>: 5.926ns
The critical path consists of the following:
	'ddiv' operation 64 bit ('div1', Coefficients.cpp:14) [40]  (5.926 ns)

 <State 46>: 5.926ns
The critical path consists of the following:
	'ddiv' operation 64 bit ('div1', Coefficients.cpp:14) [40]  (5.926 ns)

 <State 47>: 5.926ns
The critical path consists of the following:
	'ddiv' operation 64 bit ('div1', Coefficients.cpp:14) [40]  (5.926 ns)

 <State 48>: 5.926ns
The critical path consists of the following:
	'ddiv' operation 64 bit ('div1', Coefficients.cpp:14) [40]  (5.926 ns)

 <State 49>: 5.926ns
The critical path consists of the following:
	'ddiv' operation 64 bit ('div1', Coefficients.cpp:14) [40]  (5.926 ns)

 <State 50>: 5.926ns
The critical path consists of the following:
	'ddiv' operation 64 bit ('div1', Coefficients.cpp:14) [40]  (5.926 ns)

 <State 51>: 5.926ns
The critical path consists of the following:
	'ddiv' operation 64 bit ('div1', Coefficients.cpp:14) [40]  (5.926 ns)

 <State 52>: 5.926ns
The critical path consists of the following:
	'ddiv' operation 64 bit ('div1', Coefficients.cpp:14) [40]  (5.926 ns)

 <State 53>: 5.926ns
The critical path consists of the following:
	'ddiv' operation 64 bit ('div1', Coefficients.cpp:14) [40]  (5.926 ns)

 <State 54>: 5.926ns
The critical path consists of the following:
	'ddiv' operation 64 bit ('div1', Coefficients.cpp:14) [40]  (5.926 ns)

 <State 55>: 5.926ns
The critical path consists of the following:
	'ddiv' operation 64 bit ('div1', Coefficients.cpp:14) [40]  (5.926 ns)

 <State 56>: 5.926ns
The critical path consists of the following:
	'ddiv' operation 64 bit ('div1', Coefficients.cpp:14) [40]  (5.926 ns)

 <State 57>: 5.926ns
The critical path consists of the following:
	'ddiv' operation 64 bit ('div1', Coefficients.cpp:14) [40]  (5.926 ns)

 <State 58>: 5.926ns
The critical path consists of the following:
	'ddiv' operation 64 bit ('div1', Coefficients.cpp:14) [40]  (5.926 ns)

 <State 59>: 5.926ns
The critical path consists of the following:
	'ddiv' operation 64 bit ('div1', Coefficients.cpp:14) [40]  (5.926 ns)

 <State 60>: 5.926ns
The critical path consists of the following:
	'ddiv' operation 64 bit ('div1', Coefficients.cpp:14) [40]  (5.926 ns)

 <State 61>: 7.300ns
The critical path consists of the following:
	'getelementptr' operation 32 bit ('gmem_addr', Coefficients.cpp:16) [43]  (0.000 ns)
	bus request operation ('empty', Coefficients.cpp:16) on port 'gmem' (Coefficients.cpp:16) [44]  (7.300 ns)

 <State 62>: 0.000ns
The critical path consists of the following:

 <State 63>: 0.000ns
The critical path consists of the following:

 <State 64>: 7.300ns
The critical path consists of the following:
	bus response operation ('empty_37', Coefficients.cpp:26) on port 'gmem' (Coefficients.cpp:26) [46]  (7.300 ns)

 <State 65>: 7.300ns
The critical path consists of the following:
	bus response operation ('empty_37', Coefficients.cpp:26) on port 'gmem' (Coefficients.cpp:26) [46]  (7.300 ns)

 <State 66>: 7.300ns
The critical path consists of the following:
	bus response operation ('empty_37', Coefficients.cpp:26) on port 'gmem' (Coefficients.cpp:26) [46]  (7.300 ns)

 <State 67>: 7.300ns
The critical path consists of the following:
	bus response operation ('empty_37', Coefficients.cpp:26) on port 'gmem' (Coefficients.cpp:26) [46]  (7.300 ns)

 <State 68>: 7.300ns
The critical path consists of the following:
	bus response operation ('empty_37', Coefficients.cpp:26) on port 'gmem' (Coefficients.cpp:26) [46]  (7.300 ns)


============================================================
+ Verbose Summary: Binding
============================================================
N/A
* FSMD analyzer results:
  - Output states:
 - Input state : 
  - Chain level:
	State 1
	State 2
	State 3
	State 4
	State 5
	State 6
	State 7
	State 8
	State 9
	State 10
	State 11
	State 12
	State 13
	State 14
	State 15
	State 16
	State 17
	State 18
	State 19
	State 20
	State 21
	State 22
	State 23
	State 24
	State 25
	State 26
	State 27
	State 28
	State 29
	State 30
	State 31
	State 32
	State 33
	State 34
	State 35
	State 36
	State 37
	State 38
	State 39
	State 40
	State 41
	State 42
	State 43
	State 44
	State 45
	State 46
	State 47
	State 48
	State 49
	State 50
	State 51
	State 52
	State 53
	State 54
	State 55
	State 56
	State 57
	State 58
	State 59
	State 60
	State 61
	State 62
	State 63
	State 64
	State 65
	State 66
	State 67
	State 68


============================================================
+ Verbose Summary: Datapath Resource usage 
============================================================
N/A
