# 
# Steps log generated by v++
# This log file contains a collection of steps that describe the kernel compilation flow
# Note: Some steps are tagged as internal, these steps are for debugging purposes and 
#       are not expected to be able to run independently.
# 

# The following environment variables are set when running v++
Environment variables :
------------------------------------------
ALLUSERSPROFILE=C:\ProgramData
APPDATA=C:\Users\maxls\AppData\Roaming
arr.length=0
arr.Ubound=-1
CHARPOP=1
CMAKE_OBJECT_PATH_MAX=4096
CommonProgramFiles=C:\Program Files\Common Files
CommonProgramFiles(x86)=C:\Program Files (x86)\Common Files
CommonProgramW6432=C:\Program Files\Common Files
COMPUTERNAME=MAX-ZBK
ComSpec=C:\WINDOWS\system32\cmd.exe
DriverData=C:\Windows\System32\Drivers\DriverData
EFC_13632_1592913036=1
EFC_13632_344590478=1
HDI_APPROOT=C:/Xilinx/Vitis/2024.1
HDI_PROCESSOR=i686
HOMEDRIVE=C:
HOMEPATH=\Users\maxls
HW_SERVER_DJTG_DISABLE=1
HW_SERVER_FTDIMGR_DISABLE=1
IDE_SKIP_SERVER_LICENSE=1
IFX_TOOLBOX_UUID=3fc11602-776d-3940-ac3f-b32aa45df256
INT_VARIABLE_NAME=XILINX_PATH
ISL_IOSTREAMS_RSA=C:/Xilinx/Vitis/2024.1/tps/isl
JAVA_EXE=C:/Xilinx\Vitis\2024.1\tps\win64\jre11.0.16_1\bin\java.exe
JAVA_HOME=C:/Xilinx\Vitis\2024.1\tps\win64\jre11.0.16_1
LC_NUMERIC=C
LOCALAPPDATA=C:\Users\maxls\AppData\Local
LOGONSERVER=\\MAX-ZBK
LOPPER_DTC_FLAGS=-b 0 -@
NOSPLASH=false
NUMBER_OF_PROCESSORS=20
OneDrive=C:\Users\maxls\OneDrive
OneDriveConsumer=C:\Users\maxls\OneDrive
ORIGINAL_XDG_CURRENT_DESKTOP=undefined
OS=Windows_NT
PATH=C:/Xilinx/Vivado/2024.1/tps/win64/binutils-2.26/bin;C:/Xilinx/Vitis/2024.1/bin/../gnu/aarch64/nt/aarch64-linux/bin;C:/Xilinx/Vitis/2024.1/bin/../gnu/ppc64le/4.9.3/win64/bin;C:/Xilinx/Vitis/2024.1/bin/../gnu/aarch32/nt/gcc-arm-linux-gnueabi/bin;C:/Xilinx\Vitis_HLS\2024.1/tps/mingw/6.2.0/win64.o/nt/bin;C:/Xilinx/Vivado/2024.1\gnuwin\bin;C:/Xilinx/Vivado/2024.1\gnu\microblaze\nt\bin;C:/Xilinx/Vitis/2024.1/bin;C:/Xilinx/Vitis/2024.1/tps/win64/java-cef-95.0.4638.69/bin/lib/win64;C:/Xilinx/Vitis/2024.1/tps/win64/javafx-sdk-11.0.2/lib;C:/Xilinx/Vitis/2024.1/tps/win64/javafx-sdk-11.0.2/bin;C:/Xilinx/Vitis/2024.1/lib/win64.o;C:/Xilinx/Vitis/2024.1/tps/win64/jre11.0.16_1/bin/server;C:/Xilinx/Vitis/2024.1/tps/win64/jre11.0.16_1/bin;C:\Xilinx\Vitis\2024.1\tps\win64\LOPPER~1.0-P\min_sdk\\usr\bin;C:/Xilinx\Vitis\2024.1\tps\win64\cmake-3.24.2\bin;C:/Xilinx\Vitis\2024.1\gnu\microblaze\nt\bin;C:/Xilinx\Vitis\2024.1\gnu\microblaze\linux_toolchain\nt64_le\bin;C:/Xilinx\Vitis\2024.1\gnu\aarch32\nt\gcc-arm-linux-gnueabi\bin;C:/Xilinx\Vitis\2024.1\gnu\aarch32\nt\gcc-arm-none-eabi\bin;C:/Xilinx\Vitis\2024.1\gnu\aarch64\nt\aarch64-linux\bin;C:/Xilinx\Vitis\2024.1\gnu\aarch64\nt\aarch64-none\bin;C:/Xilinx\Vitis\2024.1\gnu\armr5\nt\gcc-arm-none-eabi\bin;C:/Xilinx\Vitis\2024.1\gnuwin\bin;C:/Xilinx\Vitis\2024.1\tps\win64\python-3.8.3;C:/Xilinx\Vitis\2024.1\tps\win64\libxslt\bin;C:/Xilinx/Vivado/2024.1\bin;C:/Xilinx/Vitis/2024.1\gnu\arm\nt\bin;C:/Xilinx/Vitis/2024.1\gnu\microblaze\linux_toolchain\nt64_be\bin;C:/Xilinx/Vitis/2024.1\gnu\riscv\nt\riscv64-unknown-elf\bin;C:/Xilinx/Vitis/2024.1\tps\win64\git-2.16.2\bin;C:/Xilinx/Vitis/2024.1\win64\tools\clang\bin;C:/Xilinx\Vitis_HLS\2024.1\lib\win64.o;C:/Xilinx\Vitis_HLS\2024.1\bin;C:/Xilinx/Vivado/2024.1  /bin;/bin;C:\Program Files\Common Files\Oracle\Java\javapath;C:\Program Files (x86)\VMware\VMware Workstation\bin\;C:\Windows\system32;C:\Windows;C:\Windows\System32\Wbem;C:\Windows\System32\WindowsPowerShell\v1.0\;C:\Windows\System32\OpenSSH\;C:\Program Files (x86)\NVIDIA Corporation\PhysX\Common;C:\Program Files\Git\cmd;C:\Program Files\MATLAB\R2024a\bin;C:\MinGW\bin;C:\Program Files\PuTTY\;C:\Program Files\NVIDIA Corporation\NVIDIA app\NvDLISR;C:\Program Files\Java\jdk-25\bin;C:\Program Files\dotnet\;C:\Program Files\NVIDIA Corporation\SDK Manager;C:\Program Files\Tailscale\;C:\Users\maxls\AppData\Local\Programs\Python\Python311\Scripts\;C:\Users\maxls\AppData\Local\Programs\Python\Python311\;C:\Users\maxls\AppData\Local\Microsoft\WindowsApps;C:\Users\maxls\AppData\Local\Programs\Microsoft VS Code\bin;;C:\Users\maxls\Infineon\LauncherService;C:\iverilog\bin;C:\iverilog\gtkwave\bin;C:/Xilinx/Vitis/2024.1\tps\mingw\6.2.0\win64.o\nt\bin;C:/Xilinx/Vitis/2024.1\tps\mingw\6.2.0\win64.o\nt\libexec\gcc\x86_64-w64-mingw32\6.2.0
PATHEXT=.COM;.EXE;.BAT;.CMD;.VBS;.VBE;.JS;.JSE;.WSF;.WSH;.MSC
PROCESSOR_ARCHITECTURE=AMD64
PROCESSOR_IDENTIFIER=Intel64 Family 6 Model 186 Stepping 2, GenuineIntel
PROCESSOR_LEVEL=6
PROCESSOR_REVISION=ba02
PRODVERSION_EXE=C:/Xilinx/Vitis/2024.1/bin/unwrapped/win64.o/prodversion.exe
ProgramData=C:\ProgramData
ProgramFiles=C:\Program Files
ProgramFiles(x86)=C:\Program Files (x86)
ProgramW6432=C:\Program Files
PROMPT=$P$G
PSModulePath=C:\Program Files\WindowsPowerShell\Modules;C:\WINDOWS\system32\WindowsPowerShell\v1.0\Modules
PUBLIC=C:\Users\Public
PYTHONPATH=;C:/Xilinx/Vitis/2024.1\cli;C:/Xilinx/Vitis/2024.1\cli\python-packages\win64;C:/Xilinx/Vitis/2024.1\cli\python-packages\site-packages;C:/Xilinx/Vitis/2024.1\cli\proto;C:/Xilinx/Vitis/2024.1\scripts\python_pkg;
python_path=;C:/Xilinx/Vitis/2024.1\cli;C:/Xilinx/Vitis/2024.1\cli\python-packages\win64;C:/Xilinx/Vitis/2024.1\cli\python-packages\site-packages;C:/Xilinx/Vitis/2024.1\cli\proto;C:/Xilinx/Vitis/2024.1\scripts\python_pkg;
RDI_APPROOT=C:/Xilinx/Vitis/2024.1
RDI_ARGS= -c --mode hls --config C:\Motor-Simulator\Envelope\Envelope_Detector\hls_config.cfg --work_dir Envelope_Detector
RDI_ARGS_FUNCTION=RDI_EXEC_DEFAULT
RDI_BASEROOT=C:/Xilinx/Vitis
RDI_BINDIR=C:/Xilinx/Vitis/2024.1/bin
RDI_BINROOT=C:/Xilinx/Vitis/2024.1/bin
RDI_BUILD=yes
RDI_CHECK_PROG=True
RDI_DATADIR=C:/Xilinx/Vitis/2024.1/data
RDI_INSTALLROOT=C:/Xilinx
RDI_INSTALLVER=2024.1
RDI_INSTALLVERSION=2024.1
RDI_JAVACEFROOT=C:/Xilinx/Vitis/2024.1/tps/win64/java-cef-95.0.4638.69
RDI_JAVAFXROOT=C:/Xilinx/Vitis/2024.1/tps/win64/javafx-sdk-11.0.2
RDI_JAVAROOT=C:/Xilinx/Vitis/2024.1/tps/win64/jre11.0.16_1
RDI_JAVA_VERSION=11.0.16_1
RDI_LIBDIR=C:/Xilinx/Vitis/2024.1/lib/win64.o
RDI_MINGW_LIB=C:/Xilinx/Vitis/2024.1\tps\mingw\6.2.0\win64.o\nt\bin;C:/Xilinx/Vitis/2024.1\tps\mingw\6.2.0\win64.o\nt\libexec\gcc\x86_64-w64-mingw32\6.2.0
RDI_OPT_EXT=.o
RDI_OS_ARCH=64
RDI_PLATFORM=win64
RDI_PREPEND_PATH=C:/Xilinx/Vitis/2024.1/bin
RDI_PROG=C:/Xilinx/Vitis/2024.1/bin/unwrapped/win64.o/v++.exe
RDI_PROGNAME=v++.exe
RDI_SESSION_INFO=C:\Xilinx\Vitis\2024.1\bin:MAX-ZBK-Fri03-27-2026_13-28-28.25
RDI_SHARED_DATA=C:/Xilinx/SharedData/2024.1/data
RDI_TPS_ROOT=C:/Xilinx/Vivado/2024.1/tps/win64
RDI_USE_JDK11=1
RDI_VERBOSE=False
RT_LIBPATH=C:/Xilinx/Vitis/2024.1/scripts/rt/data
RT_TCL_PATH=C:/Xilinx/Vitis/2024.1/scripts/rt/base_tcl/tcl
SDKROOT=C:\Xilinx\Vitis\2024.1\tps\win64\LOPPER~1.0-P\min_sdk\
SESSIONNAME=Console
session_string=C:\Motor-Simulator\Envelope\Envelope_Detector:MAX-ZBK-Fri03-27-2026_13-34-35.85
SWIG_LIB=C:\Xilinx\Vitis\2024.1\tps\win64\LOPPER~1.0-P\min_sdk\\usr\lib\swig\4.0.2
SYNTH_COMMON=C:/Xilinx/Vitis/2024.1/scripts/rt/data
SystemDrive=C:
SystemRoot=C:\WINDOWS
TCL_LIBRARY=C:/Xilinx/Vitis/2024.1/tps/tcl/tcl8.6
TCMALLOC_LARGE_ALLOC_REPORT_THRESHOLD=4294967296
TEMP=C:\Users\maxls\AppData\Local\Temp
THEIA_APP_PROJECT_PATH=C:\Xilinx\Vitis\2024.1\ide\electron-app\win64\resources\app
THEIA_DEFAULT_PLUGINS=local-dir:C:\Xilinx\Vitis\2024.1\ide\electron-app\win64\resources\app\plugins
THEIA_ELECTRON_TOKEN={"value":"d494342d-90d9-4bbb-b911-b46a2a65cb30"}
THEIA_ELECTRON_VERSION=15.5.7
THEIA_PLUGINS=local-dir:C:\Users\maxls\.theia\plugins
TMP=C:\Users\maxls\AppData\Local\Temp
USERDOMAIN=MAX-ZBK
USERDOMAIN_ROAMINGPROFILE=MAX-ZBK
USERNAME=maxls
USERPROFILE=C:\Users\maxls
VITISNEW=true
VSCODE_API_VERSION=1.53.2
VTUNE_PROFILER_2025_DIR=C:\Program Files (x86)\Intel\oneAPI\vtune\2025.9
windir=C:\WINDOWS
XILINX_HLS=C:/Xilinx\Vitis_HLS\2024.1
XILINX_PLANAHEAD=C:/Xilinx/Vitis/2024.1
XILINX_SDK=C:/Xilinx/Vitis/2024.1
XILINX_VERSION_DEFAULT=2024.1
XILINX_VERSION_VITIS=2024.1
XILINX_VITIS=C:/Xilinx\Vitis\2024.1
XILINX_VITIS_VERSION=Vitis v2024.1 (64-bit)
XILINX_VIVADO=C:/Xilinx/Vivado/2024.1
XILINX_VIVADO_HLS=C:/Xilinx/Vivado/2024.1
XIL_CHECK_TCL_DEBUG=False
XIL_NO_OVERRIDE=0
XIL_SUPPRESS_OVERRIDE_WARNINGS=1
XVREDIST=C:/Xilinx/Vitis/2024.1\tps\win64\xvcredist.exe
ZES_ENABLE_SYSMAN=1
_RDI_BINROOT=C:\Xilinx\Vitis\2024.1\bin
_RDI_CWD=C:\Motor-Simulator\Envelope\Envelope_Detector
_RDI_DONT_SET_XILINX_AS_PATH=True
_RDI_VERSION_PROG=v++
_valid=False
__PSLockDownPolicy=0
XILINX_CD_CONNECT_ID=64711
XILINX_CD_SESSION=5861bb9b-7b4b-4eb3-9e8e-45938d864248


V++ command line:
------------------------------------------
C:/Xilinx/Vitis/2024.1/bin/unwrapped/win64.o/v++.exe -c --mode hls --config C:\Motor-Simulator\Envelope\Envelope_Detector\hls_config.cfg --work_dir Envelope_Detector 

FINAL PROGRAM OPTIONS
--compile
--config C:\Motor-Simulator\Envelope\Envelope_Detector\hls_config.cfg
--hls.flow_target vivado
--hls.package.output.format ip_catalog
--hls.package.output.syn false
--hls.syn.file hilbert.cpp
--hls.syn.file hilbert.h
--hls.syn.top hilbert_envelope_axis
--hls.tb.file tb_hilbert.cpp
--mode hls
--part xczu3eg-sfvc784-2-e
--target hw
--work_dir Envelope_Detector

PARSED COMMAND LINE OPTIONS
-c 
--mode hls 
--config C:\Motor-Simulator\Envelope\Envelope_Detector\hls_config.cfg 
--work_dir Envelope_Detector 

PARSED CONFIG FILE (1) OPTIONS
file: C:\Motor-Simulator\Envelope\Envelope_Detector\hls_config.cfg
part xczu3eg-sfvc784-2-e 
hls.flow_target vivado 
hls.package.output.format ip_catalog 
hls.package.output.syn false 
hls.syn.file hilbert.cpp 
hls.syn.file hilbert.h 
hls.syn.top hilbert_envelope_axis 
hls.tb.file tb_hilbert.cpp 


==========================================
new:  steps log generated by v++ for new launch 
timestamp: 27 Mar 2026 13:34:40
------------------------------------------
V++ internal step: writing a config file for vitis_hls: C:/Motor-Simulator/Envelope/Envelope_Detector/Envelope_Detector/hls/config.cmdline
timestamp: 27 Mar 2026 13:34:40
V++ internal step status: success
------------------------------------------
V++ internal step: running vitis_hls
timestamp: 27 Mar 2026 13:34:40
working dir: C:/Motor-Simulator/Envelope/Envelope_Detector
cmd: vitis_hls -nolog -run csynth -work_dir C:/Motor-Simulator/Envelope/Envelope_Detector/Envelope_Detector -config C:/Motor-Simulator/Envelope/Envelope_Detector/hls_config.cfg -cmdlineconfig C:/Motor-Simulator/Envelope/Envelope_Detector/Envelope_Detector/hls/config.cmdline
V++ internal step status: success

------------------------------------------
VITIS-RUN command line :
------------------------------------------
C:/Xilinx/Vitis/2024.1/bin/unwrapped/win64.o/vitis-run.exe --mode hls --package --config C:\Motor-Simulator\Envelope\Envelope_Detector\hls_config.cfg --work_dir Envelope_Detector 
  Options from -O    : 
  Options from *.ini : 
  Options from Hw Platform : 

==========================================
new:  steps log generated by v++ for new launch 
timestamp: 27 Mar 2026 13:36:37
------------------------------------------
VITIS-RUN internal step: writing a config file for vitis_hls: C:/Motor-Simulator/Envelope/Envelope_Detector/Envelope_Detector/hls/config.cmdline
timestamp: 27 Mar 2026 13:36:37
VITIS-RUN internal step status: success
------------------------------------------
VITIS-RUN internal step: running vitis_hls
timestamp: 27 Mar 2026 13:36:37
working dir: C:/Motor-Simulator/Envelope/Envelope_Detector
cmd: vitis_hls -nolog -run package -work_dir C:/Motor-Simulator/Envelope/Envelope_Detector/Envelope_Detector -config C:/Motor-Simulator/Envelope/Envelope_Detector/hls_config.cfg -cmdlineconfig C:/Motor-Simulator/Envelope/Envelope_Detector/Envelope_Detector/hls/config.cmdline
VITIS-RUN internal step status: success

------------------------------------------
V++ command line :
------------------------------------------
C:/Xilinx/Vitis/2024.1/bin/unwrapped/win64.o/v++.exe -c --mode hls --config C:\Motor-Simulator\Envelope\Envelope_Detector\hls_config.cfg --work_dir Envelope_Detector 
  Options from -O    : 
  Options from *.ini : 
  Options from Hw Platform : 

==========================================
new:  steps log generated by v++ for new launch 
timestamp: 27 Mar 2026 14:09:07
------------------------------------------
V++ internal step: writing a config file for vitis_hls: C:/Motor-Simulator/Envelope/Envelope_Detector/Envelope_Detector/hls/config.cmdline
timestamp: 27 Mar 2026 14:09:07
V++ internal step status: success
------------------------------------------
V++ internal step: running vitis_hls
timestamp: 27 Mar 2026 14:09:07
working dir: C:/Motor-Simulator/Envelope/Envelope_Detector
cmd: vitis_hls -nolog -run csynth -work_dir C:/Motor-Simulator/Envelope/Envelope_Detector/Envelope_Detector -config C:/Motor-Simulator/Envelope/Envelope_Detector/hls_config.cfg -cmdlineconfig C:/Motor-Simulator/Envelope/Envelope_Detector/Envelope_Detector/hls/config.cmdline
V++ internal step status: success

------------------------------------------
VITIS-RUN command line :
------------------------------------------
C:/Xilinx/Vitis/2024.1/bin/unwrapped/win64.o/vitis-run.exe --mode hls --package --config C:\Motor-Simulator\Envelope\Envelope_Detector\hls_config.cfg --work_dir Envelope_Detector 
  Options from -O    : 
  Options from *.ini : 
  Options from Hw Platform : 

==========================================
new:  steps log generated by v++ for new launch 
timestamp: 27 Mar 2026 14:11:21
------------------------------------------
VITIS-RUN internal step: writing a config file for vitis_hls: C:/Motor-Simulator/Envelope/Envelope_Detector/Envelope_Detector/hls/config.cmdline
timestamp: 27 Mar 2026 14:11:21
VITIS-RUN internal step status: success
------------------------------------------
VITIS-RUN internal step: running vitis_hls
timestamp: 27 Mar 2026 14:11:21
working dir: C:/Motor-Simulator/Envelope/Envelope_Detector
cmd: vitis_hls -nolog -run package -work_dir C:/Motor-Simulator/Envelope/Envelope_Detector/Envelope_Detector -config C:/Motor-Simulator/Envelope/Envelope_Detector/hls_config.cfg -cmdlineconfig C:/Motor-Simulator/Envelope/Envelope_Detector/Envelope_Detector/hls/config.cmdline
VITIS-RUN internal step status: success

------------------------------------------
V++ command line :
------------------------------------------
C:/Xilinx/Vitis/2024.1/bin/unwrapped/win64.o/v++.exe -c --mode hls --config C:\Motor-Simulator-main\Envelope\Envelope_Detector\hls_config.cfg --work_dir Envelope_Detector 
  Options from -O    : 
  Options from *.ini : 
  Options from Hw Platform : 

==========================================
new:  steps log generated by v++ for new launch 
timestamp: 13 Apr 2026 15:00:02
------------------------------------------
V++ internal step: writing a config file for vitis_hls: C:/Motor-Simulator-main/Envelope/Envelope_Detector/Envelope_Detector/hls/config.cmdline
timestamp: 13 Apr 2026 15:00:02
V++ internal step status: success
------------------------------------------
V++ internal step: running vitis_hls
timestamp: 13 Apr 2026 15:00:02
working dir: C:/Motor-Simulator-main/Envelope/Envelope_Detector
cmd: vitis_hls -nolog -run csynth -work_dir C:/Motor-Simulator-main/Envelope/Envelope_Detector/Envelope_Detector -config C:/Motor-Simulator-main/Envelope/Envelope_Detector/hls_config.cfg -cmdlineconfig C:/Motor-Simulator-main/Envelope/Envelope_Detector/Envelope_Detector/hls/config.cmdline
V++ internal step status: success

------------------------------------------
VITIS-RUN command line :
------------------------------------------
C:/Xilinx/Vitis/2024.1/bin/unwrapped/win64.o/vitis-run.exe --mode hls --csim --config C:\Motor-Simulator-main\Envelope\Envelope_Detector\hls_config.cfg --work_dir Envelope_Detector 
  Options from -O    : 
  Options from *.ini : 
  Options from Hw Platform : 

==========================================
new:  steps log generated by v++ for new launch 
timestamp: 13 Apr 2026 15:03:57
------------------------------------------
VITIS-RUN internal step: writing a config file for vitis_hls: C:/Motor-Simulator-main/Envelope/Envelope_Detector/Envelope_Detector/hls/config.cmdline
timestamp: 13 Apr 2026 15:03:57
VITIS-RUN internal step status: success
------------------------------------------
VITIS-RUN internal step: running vitis_hls
timestamp: 13 Apr 2026 15:03:57
working dir: C:/Motor-Simulator-main/Envelope/Envelope_Detector
cmd: vitis_hls -nolog -run csim -work_dir C:/Motor-Simulator-main/Envelope/Envelope_Detector/Envelope_Detector -config C:/Motor-Simulator-main/Envelope/Envelope_Detector/hls_config.cfg -cmdlineconfig C:/Motor-Simulator-main/Envelope/Envelope_Detector/Envelope_Detector/hls/config.cmdline
VITIS-RUN internal step status: fail

------------------------------------------
VITIS-RUN command line :
------------------------------------------
C:/Xilinx/Vitis/2024.1/bin/unwrapped/win64.o/vitis-run.exe --mode hls --csim --config C:\Motor-Simulator-main\Envelope\Envelope_Detector\hls_config.cfg --work_dir Envelope_Detector 
  Options from -O    : 
  Options from *.ini : 
  Options from Hw Platform : 

==========================================
new:  steps log generated by v++ for new launch 
timestamp: 13 Apr 2026 15:04:39
------------------------------------------
VITIS-RUN internal step: writing a config file for vitis_hls: C:/Motor-Simulator-main/Envelope/Envelope_Detector/Envelope_Detector/hls/config.cmdline
timestamp: 13 Apr 2026 15:04:39
VITIS-RUN internal step status: success
------------------------------------------
VITIS-RUN internal step: running vitis_hls
timestamp: 13 Apr 2026 15:04:39
working dir: C:/Motor-Simulator-main/Envelope/Envelope_Detector
cmd: vitis_hls -nolog -run csim -work_dir C:/Motor-Simulator-main/Envelope/Envelope_Detector/Envelope_Detector -config C:/Motor-Simulator-main/Envelope/Envelope_Detector/hls_config.cfg -cmdlineconfig C:/Motor-Simulator-main/Envelope/Envelope_Detector/Envelope_Detector/hls/config.cmdline
VITIS-RUN internal step status: success

------------------------------------------
VITIS-RUN command line :
------------------------------------------
C:/Xilinx/Vitis/2024.1/bin/unwrapped/win64.o/vitis-run.exe --mode hls --package --config C:\Motor-Simulator-main\Envelope\Envelope_Detector\hls_config.cfg --work_dir Envelope_Detector 
  Options from -O    : 
  Options from *.ini : 
  Options from Hw Platform : 

==========================================
new:  steps log generated by v++ for new launch 
timestamp: 13 Apr 2026 15:05:07
------------------------------------------
VITIS-RUN internal step: writing a config file for vitis_hls: C:/Motor-Simulator-main/Envelope/Envelope_Detector/Envelope_Detector/hls/config.cmdline
timestamp: 13 Apr 2026 15:05:07
VITIS-RUN internal step status: success
------------------------------------------
VITIS-RUN internal step: running vitis_hls
timestamp: 13 Apr 2026 15:05:07
working dir: C:/Motor-Simulator-main/Envelope/Envelope_Detector
cmd: vitis_hls -nolog -run package -work_dir C:/Motor-Simulator-main/Envelope/Envelope_Detector/Envelope_Detector -config C:/Motor-Simulator-main/Envelope/Envelope_Detector/hls_config.cfg -cmdlineconfig C:/Motor-Simulator-main/Envelope/Envelope_Detector/Envelope_Detector/hls/config.cmdline
VITIS-RUN internal step status: success

------------------------------------------
V++ command line :
------------------------------------------
C:/Xilinx/Vitis/2024.1/bin/unwrapped/win64.o/v++.exe -c --mode hls --config C:\Motor-Simulator-main\Envelope\Envelope_Detector\hls_config.cfg --work_dir Envelope_Detector 
  Options from -O    : 
  Options from *.ini : 
  Options from Hw Platform : 

==========================================
new:  steps log generated by v++ for new launch 
timestamp: 13 Apr 2026 15:20:26
------------------------------------------
V++ internal step: writing a config file for vitis_hls: C:/Motor-Simulator-main/Envelope/Envelope_Detector/Envelope_Detector/hls/config.cmdline
timestamp: 13 Apr 2026 15:20:26
V++ internal step status: success
------------------------------------------
V++ internal step: running vitis_hls
timestamp: 13 Apr 2026 15:20:26
working dir: C:/Motor-Simulator-main/Envelope/Envelope_Detector
cmd: vitis_hls -nolog -run csynth -work_dir C:/Motor-Simulator-main/Envelope/Envelope_Detector/Envelope_Detector -config C:/Motor-Simulator-main/Envelope/Envelope_Detector/hls_config.cfg -cmdlineconfig C:/Motor-Simulator-main/Envelope/Envelope_Detector/Envelope_Detector/hls/config.cmdline
V++ internal step status: success

------------------------------------------
VITIS-RUN command line :
------------------------------------------
C:/Xilinx/Vitis/2024.1/bin/unwrapped/win64.o/vitis-run.exe --mode hls --package --config C:\Motor-Simulator-main\Envelope\Envelope_Detector\hls_config.cfg --work_dir Envelope_Detector 
  Options from -O    : 
  Options from *.ini : 
  Options from Hw Platform : 

==========================================
new:  steps log generated by v++ for new launch 
timestamp: 13 Apr 2026 15:21:15
------------------------------------------
VITIS-RUN internal step: writing a config file for vitis_hls: C:/Motor-Simulator-main/Envelope/Envelope_Detector/Envelope_Detector/hls/config.cmdline
timestamp: 13 Apr 2026 15:21:15
VITIS-RUN internal step status: success
------------------------------------------
VITIS-RUN internal step: running vitis_hls
timestamp: 13 Apr 2026 15:21:15
working dir: C:/Motor-Simulator-main/Envelope/Envelope_Detector
cmd: vitis_hls -nolog -run package -work_dir C:/Motor-Simulator-main/Envelope/Envelope_Detector/Envelope_Detector -config C:/Motor-Simulator-main/Envelope/Envelope_Detector/hls_config.cfg -cmdlineconfig C:/Motor-Simulator-main/Envelope/Envelope_Detector/Envelope_Detector/hls/config.cmdline
VITIS-RUN internal step status: success

------------------------------------------
VITIS-RUN command line :
------------------------------------------
C:/Xilinx/Vitis/2024.1/bin/unwrapped/win64.o/vitis-run.exe --mode hls --csim --config C:\Motor-Simulator-main\Envelope\Envelope_Detector\hls_config.cfg --work_dir Envelope_Detector 
  Options from -O    : 
  Options from *.ini : 
  Options from Hw Platform : 

==========================================
new:  steps log generated by v++ for new launch 
timestamp: 13 Apr 2026 16:59:26
------------------------------------------
VITIS-RUN internal step: writing a config file for vitis_hls: C:/Motor-Simulator-main/Envelope/Envelope_Detector/Envelope_Detector/hls/config.cmdline
timestamp: 13 Apr 2026 16:59:26
VITIS-RUN internal step status: success
------------------------------------------
VITIS-RUN internal step: running vitis_hls
timestamp: 13 Apr 2026 16:59:26
working dir: C:/Motor-Simulator-main/Envelope/Envelope_Detector
cmd: vitis_hls -nolog -run csim -work_dir C:/Motor-Simulator-main/Envelope/Envelope_Detector/Envelope_Detector -config C:/Motor-Simulator-main/Envelope/Envelope_Detector/hls_config.cfg -cmdlineconfig C:/Motor-Simulator-main/Envelope/Envelope_Detector/Envelope_Detector/hls/config.cmdline
VITIS-RUN internal step status: success

------------------------------------------
VITIS-RUN command line :
------------------------------------------
C:/Xilinx/Vitis/2024.1/bin/unwrapped/win64.o/vitis-run.exe --mode hls --csim --config C:\Motor-Simulator-main\Envelope\Envelope_Detector\hls_config.cfg --work_dir Envelope_Detector 
  Options from -O    : 
  Options from *.ini : 
  Options from Hw Platform : 

==========================================
new:  steps log generated by v++ for new launch 
timestamp: 13 Apr 2026 17:19:42
------------------------------------------
VITIS-RUN internal step: writing a config file for vitis_hls: C:/Motor-Simulator-main/Envelope/Envelope_Detector/Envelope_Detector/hls/config.cmdline
timestamp: 13 Apr 2026 17:19:42
VITIS-RUN internal step status: success
------------------------------------------
VITIS-RUN internal step: running vitis_hls
timestamp: 13 Apr 2026 17:19:42
working dir: C:/Motor-Simulator-main/Envelope/Envelope_Detector
cmd: vitis_hls -nolog -run csim -work_dir C:/Motor-Simulator-main/Envelope/Envelope_Detector/Envelope_Detector -config C:/Motor-Simulator-main/Envelope/Envelope_Detector/hls_config.cfg -cmdlineconfig C:/Motor-Simulator-main/Envelope/Envelope_Detector/Envelope_Detector/hls/config.cmdline
VITIS-RUN internal step status: success

------------------------------------------
V++ command line :
------------------------------------------
C:/Xilinx/Vitis/2024.1/bin/unwrapped/win64.o/v++.exe -c --mode hls --config C:\Motor-Simulator-main\Envelope\Envelope_Detector\hls_config.cfg --work_dir Envelope_Detector 
  Options from -O    : 
  Options from *.ini : 
  Options from Hw Platform : 

==========================================
new:  steps log generated by v++ for new launch 
timestamp: 13 Apr 2026 17:20:02
------------------------------------------
V++ internal step: writing a config file for vitis_hls: C:/Motor-Simulator-main/Envelope/Envelope_Detector/Envelope_Detector/hls/config.cmdline
timestamp: 13 Apr 2026 17:20:02
V++ internal step status: success
------------------------------------------
V++ internal step: running vitis_hls
timestamp: 13 Apr 2026 17:20:02
working dir: C:/Motor-Simulator-main/Envelope/Envelope_Detector
cmd: vitis_hls -nolog -run csynth -work_dir C:/Motor-Simulator-main/Envelope/Envelope_Detector/Envelope_Detector -config C:/Motor-Simulator-main/Envelope/Envelope_Detector/hls_config.cfg -cmdlineconfig C:/Motor-Simulator-main/Envelope/Envelope_Detector/Envelope_Detector/hls/config.cmdline
V++ internal step status: success

------------------------------------------
VITIS-RUN command line :
------------------------------------------
C:/Xilinx/Vitis/2024.1/bin/unwrapped/win64.o/vitis-run.exe --mode hls --package --config C:\Motor-Simulator-main\Envelope\Envelope_Detector\hls_config.cfg --work_dir Envelope_Detector 
  Options from -O    : 
  Options from *.ini : 
  Options from Hw Platform : 

==========================================
new:  steps log generated by v++ for new launch 
timestamp: 13 Apr 2026 17:20:57
------------------------------------------
VITIS-RUN internal step: writing a config file for vitis_hls: C:/Motor-Simulator-main/Envelope/Envelope_Detector/Envelope_Detector/hls/config.cmdline
timestamp: 13 Apr 2026 17:20:57
VITIS-RUN internal step status: success
------------------------------------------
VITIS-RUN internal step: running vitis_hls
timestamp: 13 Apr 2026 17:20:57
working dir: C:/Motor-Simulator-main/Envelope/Envelope_Detector
cmd: vitis_hls -nolog -run package -work_dir C:/Motor-Simulator-main/Envelope/Envelope_Detector/Envelope_Detector -config C:/Motor-Simulator-main/Envelope/Envelope_Detector/hls_config.cfg -cmdlineconfig C:/Motor-Simulator-main/Envelope/Envelope_Detector/Envelope_Detector/hls/config.cmdline
VITIS-RUN internal step status: success

------------------------------------------
V++ command line :
------------------------------------------
C:/Xilinx/Vitis/2024.1/bin/unwrapped/win64.o/v++.exe -c --mode hls --config C:\Motor-Simulator-main\Envelope\Envelope_Detector\hls_config.cfg --work_dir Envelope_Detector 
  Options from -O    : 
  Options from *.ini : 
  Options from Hw Platform : 

==========================================
new:  steps log generated by v++ for new launch 
timestamp: 13 Apr 2026 17:21:43
------------------------------------------
V++ internal step: writing a config file for vitis_hls: C:/Motor-Simulator-main/Envelope/Envelope_Detector/Envelope_Detector/hls/config.cmdline
timestamp: 13 Apr 2026 17:21:43
V++ internal step status: success
------------------------------------------
V++ internal step: running vitis_hls
timestamp: 13 Apr 2026 17:21:43
working dir: C:/Motor-Simulator-main/Envelope/Envelope_Detector
cmd: vitis_hls -nolog -run csynth -work_dir C:/Motor-Simulator-main/Envelope/Envelope_Detector/Envelope_Detector -config C:/Motor-Simulator-main/Envelope/Envelope_Detector/hls_config.cfg -cmdlineconfig C:/Motor-Simulator-main/Envelope/Envelope_Detector/Envelope_Detector/hls/config.cmdline
V++ internal step status: success

------------------------------------------
VITIS-RUN command line :
------------------------------------------
C:/Xilinx/Vitis/2024.1/bin/unwrapped/win64.o/vitis-run.exe --mode hls --csim --config C:\Motor-Simulator-main\Envelope\Envelope_Detector\hls_config.cfg --work_dir Envelope_Detector 
  Options from -O    : 
  Options from *.ini : 
  Options from Hw Platform : 

==========================================
new:  steps log generated by v++ for new launch 
timestamp: 13 Apr 2026 17:24:25
------------------------------------------
VITIS-RUN internal step: writing a config file for vitis_hls: C:/Motor-Simulator-main/Envelope/Envelope_Detector/Envelope_Detector/hls/config.cmdline
timestamp: 13 Apr 2026 17:24:25
VITIS-RUN internal step status: success
------------------------------------------
VITIS-RUN internal step: running vitis_hls
timestamp: 13 Apr 2026 17:24:25
working dir: C:/Motor-Simulator-main/Envelope/Envelope_Detector
cmd: vitis_hls -nolog -run csim -work_dir C:/Motor-Simulator-main/Envelope/Envelope_Detector/Envelope_Detector -config C:/Motor-Simulator-main/Envelope/Envelope_Detector/hls_config.cfg -cmdlineconfig C:/Motor-Simulator-main/Envelope/Envelope_Detector/Envelope_Detector/hls/config.cmdline
VITIS-RUN internal step status: success

------------------------------------------
VITIS-RUN command line :
------------------------------------------
C:/Xilinx/Vitis/2024.1/bin/unwrapped/win64.o/vitis-run.exe --mode hls --csim --config C:\Motor-Simulator-main\Envelope\Envelope_Detector\hls_config.cfg --work_dir Envelope_Detector 
  Options from -O    : 
  Options from *.ini : 
  Options from Hw Platform : 

==========================================
new:  steps log generated by v++ for new launch 
timestamp: 13 Apr 2026 17:24:47
------------------------------------------
VITIS-RUN internal step: writing a config file for vitis_hls: C:/Motor-Simulator-main/Envelope/Envelope_Detector/Envelope_Detector/hls/config.cmdline
timestamp: 13 Apr 2026 17:24:47
VITIS-RUN internal step status: success
------------------------------------------
VITIS-RUN internal step: running vitis_hls
timestamp: 13 Apr 2026 17:24:47
working dir: C:/Motor-Simulator-main/Envelope/Envelope_Detector
cmd: vitis_hls -nolog -run csim -work_dir C:/Motor-Simulator-main/Envelope/Envelope_Detector/Envelope_Detector -config C:/Motor-Simulator-main/Envelope/Envelope_Detector/hls_config.cfg -cmdlineconfig C:/Motor-Simulator-main/Envelope/Envelope_Detector/Envelope_Detector/hls/config.cmdline
VITIS-RUN internal step status: success

------------------------------------------
V++ command line :
------------------------------------------
C:/Xilinx/Vitis/2024.1/bin/unwrapped/win64.o/v++.exe -c --mode hls --config C:\Motor-Simulator-main\Envelope\Envelope_Detector\hls_config.cfg --work_dir Envelope_Detector 
  Options from -O    : 
  Options from *.ini : 
  Options from Hw Platform : 

==========================================
new:  steps log generated by v++ for new launch 
timestamp: 13 Apr 2026 17:25:04
------------------------------------------
V++ internal step: writing a config file for vitis_hls: C:/Motor-Simulator-main/Envelope/Envelope_Detector/Envelope_Detector/hls/config.cmdline
timestamp: 13 Apr 2026 17:25:04
V++ internal step status: success
------------------------------------------
V++ internal step: running vitis_hls
timestamp: 13 Apr 2026 17:25:04
working dir: C:/Motor-Simulator-main/Envelope/Envelope_Detector
cmd: vitis_hls -nolog -run csynth -work_dir C:/Motor-Simulator-main/Envelope/Envelope_Detector/Envelope_Detector -config C:/Motor-Simulator-main/Envelope/Envelope_Detector/hls_config.cfg -cmdlineconfig C:/Motor-Simulator-main/Envelope/Envelope_Detector/Envelope_Detector/hls/config.cmdline
V++ internal step status: success

------------------------------------------
VITIS-RUN command line :
------------------------------------------
C:/Xilinx/Vitis/2024.1/bin/unwrapped/win64.o/vitis-run.exe --mode hls --package --config C:\Motor-Simulator-main\Envelope\Envelope_Detector\hls_config.cfg --work_dir Envelope_Detector 
  Options from -O    : 
  Options from *.ini : 
  Options from Hw Platform : 

==========================================
new:  steps log generated by v++ for new launch 
timestamp: 13 Apr 2026 17:36:07
------------------------------------------
VITIS-RUN internal step: writing a config file for vitis_hls: C:/Motor-Simulator-main/Envelope/Envelope_Detector/Envelope_Detector/hls/config.cmdline
timestamp: 13 Apr 2026 17:36:07
VITIS-RUN internal step status: success
------------------------------------------
VITIS-RUN internal step: running vitis_hls
timestamp: 13 Apr 2026 17:36:07
working dir: C:/Motor-Simulator-main/Envelope/Envelope_Detector
cmd: vitis_hls -nolog -run package -work_dir C:/Motor-Simulator-main/Envelope/Envelope_Detector/Envelope_Detector -config C:/Motor-Simulator-main/Envelope/Envelope_Detector/hls_config.cfg -cmdlineconfig C:/Motor-Simulator-main/Envelope/Envelope_Detector/Envelope_Detector/hls/config.cmdline
VITIS-RUN internal step status: success

------------------------------------------
VITIS-RUN command line :
------------------------------------------
C:/Xilinx/Vitis/2024.1/bin/unwrapped/win64.o/vitis-run.exe --mode hls --csim --config C:\Motor-Simulator-main\Envelope\Envelope_Detector\hls_config.cfg --work_dir Envelope_Detector 
  Options from -O    : 
  Options from *.ini : 
  Options from Hw Platform : 

==========================================
new:  steps log generated by v++ for new launch 
timestamp: 13 Apr 2026 17:38:13
------------------------------------------
VITIS-RUN internal step: writing a config file for vitis_hls: C:/Motor-Simulator-main/Envelope/Envelope_Detector/Envelope_Detector/hls/config.cmdline
timestamp: 13 Apr 2026 17:38:13
VITIS-RUN internal step status: success
------------------------------------------
VITIS-RUN internal step: running vitis_hls
timestamp: 13 Apr 2026 17:38:13
working dir: C:/Motor-Simulator-main/Envelope/Envelope_Detector
cmd: vitis_hls -nolog -run csim -work_dir C:/Motor-Simulator-main/Envelope/Envelope_Detector/Envelope_Detector -config C:/Motor-Simulator-main/Envelope/Envelope_Detector/hls_config.cfg -cmdlineconfig C:/Motor-Simulator-main/Envelope/Envelope_Detector/Envelope_Detector/hls/config.cmdline
VITIS-RUN internal step status: success

------------------------------------------
VITIS-RUN command line :
------------------------------------------
C:/Xilinx/Vitis/2024.1/bin/unwrapped/win64.o/vitis-run.exe --mode hls --csim --config C:\Motor-Simulator\Envelope\Envelope_Detector\hls_config.cfg --work_dir Envelope_Detector 
  Options from -O    : 
  Options from *.ini : 
  Options from Hw Platform : 

==========================================
new:  steps log generated by v++ for new launch 
timestamp: 14 Apr 2026 13:15:12
------------------------------------------
VITIS-RUN internal step: writing a config file for vitis_hls: C:/Motor-Simulator/Envelope/Envelope_Detector/Envelope_Detector/hls/config.cmdline
timestamp: 14 Apr 2026 13:15:12
VITIS-RUN internal step status: success
------------------------------------------
VITIS-RUN internal step: running vitis_hls
timestamp: 14 Apr 2026 13:15:12
working dir: C:/Motor-Simulator/Envelope/Envelope_Detector
cmd: vitis_hls -nolog -run csim -work_dir C:/Motor-Simulator/Envelope/Envelope_Detector/Envelope_Detector -config C:/Motor-Simulator/Envelope/Envelope_Detector/hls_config.cfg -cmdlineconfig C:/Motor-Simulator/Envelope/Envelope_Detector/Envelope_Detector/hls/config.cmdline
VITIS-RUN internal step status: fail

------------------------------------------
VITIS-RUN command line :
------------------------------------------
C:/Xilinx/Vitis/2024.1/bin/unwrapped/win64.o/vitis-run.exe --mode hls --csim --config C:\Motor-Simulator\Envelope\Envelope_Detector\hls_config.cfg --work_dir Envelope_Detector 
  Options from -O    : 
  Options from *.ini : 
  Options from Hw Platform : 

==========================================
new:  steps log generated by v++ for new launch 
timestamp: 14 Apr 2026 13:36:25
------------------------------------------
VITIS-RUN internal step: writing a config file for vitis_hls: C:/Motor-Simulator/Envelope/Envelope_Detector/Envelope_Detector/hls/config.cmdline
timestamp: 14 Apr 2026 13:36:25
VITIS-RUN internal step status: success
------------------------------------------
VITIS-RUN internal step: running vitis_hls
timestamp: 14 Apr 2026 13:36:25
working dir: C:/Motor-Simulator/Envelope/Envelope_Detector
cmd: vitis_hls -nolog -run csim -work_dir C:/Motor-Simulator/Envelope/Envelope_Detector/Envelope_Detector -config C:/Motor-Simulator/Envelope/Envelope_Detector/hls_config.cfg -cmdlineconfig C:/Motor-Simulator/Envelope/Envelope_Detector/Envelope_Detector/hls/config.cmdline
VITIS-RUN internal step status: fail

------------------------------------------
V++ command line :
------------------------------------------
C:/Xilinx/Vitis/2024.1/bin/unwrapped/win64.o/v++.exe -c --mode hls --config C:\Motor-Simulator\Envelope\Envelope_Detector\hls_config.cfg --work_dir Envelope_Detector 
  Options from -O    : 
  Options from *.ini : 
  Options from Hw Platform : 

==========================================
new:  steps log generated by v++ for new launch 
timestamp: 14 Apr 2026 13:37:12
------------------------------------------
V++ internal step: writing a config file for vitis_hls: C:/Motor-Simulator/Envelope/Envelope_Detector/Envelope_Detector/hls/config.cmdline
timestamp: 14 Apr 2026 13:37:12
V++ internal step status: success
------------------------------------------
V++ internal step: running vitis_hls
timestamp: 14 Apr 2026 13:37:12
working dir: C:/Motor-Simulator/Envelope/Envelope_Detector
cmd: vitis_hls -nolog -run csynth -work_dir C:/Motor-Simulator/Envelope/Envelope_Detector/Envelope_Detector -config C:/Motor-Simulator/Envelope/Envelope_Detector/hls_config.cfg -cmdlineconfig C:/Motor-Simulator/Envelope/Envelope_Detector/Envelope_Detector/hls/config.cmdline
V++ internal step status: success

------------------------------------------
VITIS-RUN command line :
------------------------------------------
C:/Xilinx/Vitis/2024.1/bin/unwrapped/win64.o/vitis-run.exe --mode hls --package --config C:\Motor-Simulator\Envelope\Envelope_Detector\hls_config.cfg --work_dir Envelope_Detector 
  Options from -O    : 
  Options from *.ini : 
  Options from Hw Platform : 

==========================================
new:  steps log generated by v++ for new launch 
timestamp: 14 Apr 2026 13:38:00
------------------------------------------
VITIS-RUN internal step: writing a config file for vitis_hls: C:/Motor-Simulator/Envelope/Envelope_Detector/Envelope_Detector/hls/config.cmdline
timestamp: 14 Apr 2026 13:38:00
VITIS-RUN internal step status: success
------------------------------------------
VITIS-RUN internal step: running vitis_hls
timestamp: 14 Apr 2026 13:38:00
working dir: C:/Motor-Simulator/Envelope/Envelope_Detector
cmd: vitis_hls -nolog -run package -work_dir C:/Motor-Simulator/Envelope/Envelope_Detector/Envelope_Detector -config C:/Motor-Simulator/Envelope/Envelope_Detector/hls_config.cfg -cmdlineconfig C:/Motor-Simulator/Envelope/Envelope_Detector/Envelope_Detector/hls/config.cmdline
VITIS-RUN internal step status: success

------------------------------------------
V++ command line :
------------------------------------------
C:/Xilinx/Vitis/2024.1/bin/unwrapped/win64.o/v++.exe -c --mode hls --config C:\Motor-Simulator\Envelope\Envelope_Detector\hls_config.cfg --work_dir Envelope_Detector 
  Options from -O    : 
  Options from *.ini : 
  Options from Hw Platform : 

==========================================
new:  steps log generated by v++ for new launch 
timestamp: 14 Apr 2026 14:15:20
------------------------------------------
V++ internal step: writing a config file for vitis_hls: C:/Motor-Simulator/Envelope/Envelope_Detector/Envelope_Detector/hls/config.cmdline
timestamp: 14 Apr 2026 14:15:20
V++ internal step status: success
------------------------------------------
V++ internal step: running vitis_hls
timestamp: 14 Apr 2026 14:15:20
working dir: C:/Motor-Simulator/Envelope/Envelope_Detector
cmd: vitis_hls -nolog -run csynth -work_dir C:/Motor-Simulator/Envelope/Envelope_Detector/Envelope_Detector -config C:/Motor-Simulator/Envelope/Envelope_Detector/hls_config.cfg -cmdlineconfig C:/Motor-Simulator/Envelope/Envelope_Detector/Envelope_Detector/hls/config.cmdline
V++ internal step status: success

------------------------------------------
VITIS-RUN command line :
------------------------------------------
C:/Xilinx/Vitis/2024.1/bin/unwrapped/win64.o/vitis-run.exe --mode hls --package --config C:\Motor-Simulator\Envelope\Envelope_Detector\hls_config.cfg --work_dir Envelope_Detector 
  Options from -O    : 
  Options from *.ini : 
  Options from Hw Platform : 

==========================================
new:  steps log generated by v++ for new launch 
timestamp: 14 Apr 2026 14:16:21
------------------------------------------
VITIS-RUN internal step: writing a config file for vitis_hls: C:/Motor-Simulator/Envelope/Envelope_Detector/Envelope_Detector/hls/config.cmdline
timestamp: 14 Apr 2026 14:16:21
VITIS-RUN internal step status: success
------------------------------------------
VITIS-RUN internal step: running vitis_hls
timestamp: 14 Apr 2026 14:16:21
working dir: C:/Motor-Simulator/Envelope/Envelope_Detector
cmd: vitis_hls -nolog -run package -work_dir C:/Motor-Simulator/Envelope/Envelope_Detector/Envelope_Detector -config C:/Motor-Simulator/Envelope/Envelope_Detector/hls_config.cfg -cmdlineconfig C:/Motor-Simulator/Envelope/Envelope_Detector/Envelope_Detector/hls/config.cmdline
VITIS-RUN internal step status: success

------------------------------------------
VITIS-RUN command line :
------------------------------------------
C:/Xilinx/Vitis/2024.1/bin/unwrapped/win64.o/vitis-run.exe --mode hls --csim --config C:\Motor-Simulator\Envelope\Envelope_Detector\hls_config.cfg --work_dir Envelope_Detector 
  Options from -O    : 
  Options from *.ini : 
  Options from Hw Platform : 

==========================================
new:  steps log generated by v++ for new launch 
timestamp: 14 Apr 2026 14:31:05
------------------------------------------
VITIS-RUN internal step: writing a config file for vitis_hls: C:/Motor-Simulator/Envelope/Envelope_Detector/Envelope_Detector/hls/config.cmdline
timestamp: 14 Apr 2026 14:31:05
VITIS-RUN internal step status: success
------------------------------------------
VITIS-RUN internal step: running vitis_hls
timestamp: 14 Apr 2026 14:31:05
working dir: C:/Motor-Simulator/Envelope/Envelope_Detector
cmd: vitis_hls -nolog -run csim -work_dir C:/Motor-Simulator/Envelope/Envelope_Detector/Envelope_Detector -config C:/Motor-Simulator/Envelope/Envelope_Detector/hls_config.cfg -cmdlineconfig C:/Motor-Simulator/Envelope/Envelope_Detector/Envelope_Detector/hls/config.cmdline
VITIS-RUN internal step status: success

------------------------------------------
V++ command line :
------------------------------------------
C:/Xilinx/Vitis/2024.1/bin/unwrapped/win64.o/v++.exe -c --mode hls --config C:\Motor-Simulator\Envelope\Envelope_Detector\hls_config.cfg --work_dir Envelope_Detector 
  Options from -O    : 
  Options from *.ini : 
  Options from Hw Platform : 

==========================================
new:  steps log generated by v++ for new launch 
timestamp: 14 Apr 2026 14:51:10
------------------------------------------
V++ internal step: writing a config file for vitis_hls: C:/Motor-Simulator/Envelope/Envelope_Detector/Envelope_Detector/hls/config.cmdline
timestamp: 14 Apr 2026 14:51:10
V++ internal step status: success
------------------------------------------
V++ internal step: running vitis_hls
timestamp: 14 Apr 2026 14:51:10
working dir: C:/Motor-Simulator/Envelope/Envelope_Detector
cmd: vitis_hls -nolog -run csynth -work_dir C:/Motor-Simulator/Envelope/Envelope_Detector/Envelope_Detector -config C:/Motor-Simulator/Envelope/Envelope_Detector/hls_config.cfg -cmdlineconfig C:/Motor-Simulator/Envelope/Envelope_Detector/Envelope_Detector/hls/config.cmdline
V++ internal step status: success

------------------------------------------
VITIS-RUN command line :
------------------------------------------
C:/Xilinx/Vitis/2024.1/bin/unwrapped/win64.o/vitis-run.exe --mode hls --csim --config C:\Motor-Simulator\Envelope\Envelope_Detector\hls_config.cfg --work_dir Envelope_Detector 
  Options from -O    : 
  Options from *.ini : 
  Options from Hw Platform : 

==========================================
new:  steps log generated by v++ for new launch 
timestamp: 14 Apr 2026 16:29:14
------------------------------------------
VITIS-RUN internal step: writing a config file for vitis_hls: C:/Motor-Simulator/Envelope/Envelope_Detector/Envelope_Detector/hls/config.cmdline
timestamp: 14 Apr 2026 16:29:14
VITIS-RUN internal step status: success
------------------------------------------
VITIS-RUN internal step: running vitis_hls
timestamp: 14 Apr 2026 16:29:14
working dir: C:/Motor-Simulator/Envelope/Envelope_Detector
cmd: vitis_hls -nolog -run csim -work_dir C:/Motor-Simulator/Envelope/Envelope_Detector/Envelope_Detector -config C:/Motor-Simulator/Envelope/Envelope_Detector/hls_config.cfg -cmdlineconfig C:/Motor-Simulator/Envelope/Envelope_Detector/Envelope_Detector/hls/config.cmdline
VITIS-RUN internal step status: fail

------------------------------------------
VITIS-RUN command line :
------------------------------------------
C:/Xilinx/Vitis/2024.1/bin/unwrapped/win64.o/vitis-run.exe --mode hls --csim --config C:\Motor-Simulator\Envelope\Envelope_Detector\hls_config.cfg --work_dir Envelope_Detector 
  Options from -O    : 
  Options from *.ini : 
  Options from Hw Platform : 

==========================================
new:  steps log generated by v++ for new launch 
timestamp: 14 Apr 2026 16:29:53
------------------------------------------
VITIS-RUN internal step: writing a config file for vitis_hls: C:/Motor-Simulator/Envelope/Envelope_Detector/Envelope_Detector/hls/config.cmdline
timestamp: 14 Apr 2026 16:29:53
VITIS-RUN internal step status: success
------------------------------------------
VITIS-RUN internal step: running vitis_hls
timestamp: 14 Apr 2026 16:29:53
working dir: C:/Motor-Simulator/Envelope/Envelope_Detector
cmd: vitis_hls -nolog -run csim -work_dir C:/Motor-Simulator/Envelope/Envelope_Detector/Envelope_Detector -config C:/Motor-Simulator/Envelope/Envelope_Detector/hls_config.cfg -cmdlineconfig C:/Motor-Simulator/Envelope/Envelope_Detector/Envelope_Detector/hls/config.cmdline
VITIS-RUN internal step status: success

------------------------------------------
VITIS-RUN command line :
------------------------------------------
C:/Xilinx/Vitis/2024.1/bin/unwrapped/win64.o/vitis-run.exe --mode hls --csim --config C:\Motor-Simulator\Envelope\Envelope_Detector\hls_config.cfg --work_dir Envelope_Detector 
  Options from -O    : 
  Options from *.ini : 
  Options from Hw Platform : 

==========================================
new:  steps log generated by v++ for new launch 
timestamp: 14 Apr 2026 16:53:25
------------------------------------------
VITIS-RUN internal step: writing a config file for vitis_hls: C:/Motor-Simulator/Envelope/Envelope_Detector/Envelope_Detector/hls/config.cmdline
timestamp: 14 Apr 2026 16:53:25
VITIS-RUN internal step status: success
------------------------------------------
VITIS-RUN internal step: running vitis_hls
timestamp: 14 Apr 2026 16:53:25
working dir: C:/Motor-Simulator/Envelope/Envelope_Detector
cmd: vitis_hls -nolog -run csim -work_dir C:/Motor-Simulator/Envelope/Envelope_Detector/Envelope_Detector -config C:/Motor-Simulator/Envelope/Envelope_Detector/hls_config.cfg -cmdlineconfig C:/Motor-Simulator/Envelope/Envelope_Detector/Envelope_Detector/hls/config.cmdline
VITIS-RUN internal step status: success

------------------------------------------
VITIS-RUN command line :
------------------------------------------
C:/Xilinx/Vitis/2024.1/bin/unwrapped/win64.o/vitis-run.exe --mode hls --csim --config C:\Motor-Simulator\Envelope\Envelope_Detector\hls_config.cfg --work_dir Envelope_Detector 
  Options from -O    : 
  Options from *.ini : 
  Options from Hw Platform : 

==========================================
new:  steps log generated by v++ for new launch 
timestamp: 14 Apr 2026 16:54:12
------------------------------------------
VITIS-RUN internal step: writing a config file for vitis_hls: C:/Motor-Simulator/Envelope/Envelope_Detector/Envelope_Detector/hls/config.cmdline
timestamp: 14 Apr 2026 16:54:12
VITIS-RUN internal step status: success
------------------------------------------
VITIS-RUN internal step: running vitis_hls
timestamp: 14 Apr 2026 16:54:12
working dir: C:/Motor-Simulator/Envelope/Envelope_Detector
cmd: vitis_hls -nolog -run csim -work_dir C:/Motor-Simulator/Envelope/Envelope_Detector/Envelope_Detector -config C:/Motor-Simulator/Envelope/Envelope_Detector/hls_config.cfg -cmdlineconfig C:/Motor-Simulator/Envelope/Envelope_Detector/Envelope_Detector/hls/config.cmdline
VITIS-RUN internal step status: success

------------------------------------------
VITIS-RUN command line :
------------------------------------------
C:/Xilinx/Vitis/2024.1/bin/unwrapped/win64.o/vitis-run.exe --mode hls --csim --config C:\Motor-Simulator\Envelope\Envelope_Detector\hls_config.cfg --work_dir Envelope_Detector 
  Options from -O    : 
  Options from *.ini : 
  Options from Hw Platform : 

==========================================
new:  steps log generated by v++ for new launch 
timestamp: 14 Apr 2026 16:55:03
------------------------------------------
VITIS-RUN internal step: writing a config file for vitis_hls: C:/Motor-Simulator/Envelope/Envelope_Detector/Envelope_Detector/hls/config.cmdline
timestamp: 14 Apr 2026 16:55:03
VITIS-RUN internal step status: success
------------------------------------------
VITIS-RUN internal step: running vitis_hls
timestamp: 14 Apr 2026 16:55:03
working dir: C:/Motor-Simulator/Envelope/Envelope_Detector
cmd: vitis_hls -nolog -run csim -work_dir C:/Motor-Simulator/Envelope/Envelope_Detector/Envelope_Detector -config C:/Motor-Simulator/Envelope/Envelope_Detector/hls_config.cfg -cmdlineconfig C:/Motor-Simulator/Envelope/Envelope_Detector/Envelope_Detector/hls/config.cmdline
VITIS-RUN internal step status: success

------------------------------------------
VITIS-RUN command line :
------------------------------------------
C:/Xilinx/Vitis/2024.1/bin/unwrapped/win64.o/vitis-run.exe --mode hls --csim --config C:\Motor-Simulator\Envelope\Envelope_Detector\hls_config.cfg --work_dir Envelope_Detector 
  Options from -O    : 
  Options from *.ini : 
  Options from Hw Platform : 

==========================================
new:  steps log generated by v++ for new launch 
timestamp: 14 Apr 2026 16:58:22
------------------------------------------
VITIS-RUN internal step: writing a config file for vitis_hls: C:/Motor-Simulator/Envelope/Envelope_Detector/Envelope_Detector/hls/config.cmdline
timestamp: 14 Apr 2026 16:58:22
VITIS-RUN internal step status: success
------------------------------------------
VITIS-RUN internal step: running vitis_hls
timestamp: 14 Apr 2026 16:58:22
working dir: C:/Motor-Simulator/Envelope/Envelope_Detector
cmd: vitis_hls -nolog -run csim -work_dir C:/Motor-Simulator/Envelope/Envelope_Detector/Envelope_Detector -config C:/Motor-Simulator/Envelope/Envelope_Detector/hls_config.cfg -cmdlineconfig C:/Motor-Simulator/Envelope/Envelope_Detector/Envelope_Detector/hls/config.cmdline
VITIS-RUN internal step status: success

------------------------------------------
VITIS-RUN command line :
------------------------------------------
C:/Xilinx/Vitis/2024.1/bin/unwrapped/win64.o/vitis-run.exe --mode hls --csim --config C:\Motor-Simulator\Envelope\Envelope_Detector\hls_config.cfg --work_dir Envelope_Detector 
  Options from -O    : 
  Options from *.ini : 
  Options from Hw Platform : 

==========================================
new:  steps log generated by v++ for new launch 
timestamp: 14 Apr 2026 16:59:51
------------------------------------------
VITIS-RUN internal step: writing a config file for vitis_hls: C:/Motor-Simulator/Envelope/Envelope_Detector/Envelope_Detector/hls/config.cmdline
timestamp: 14 Apr 2026 16:59:51
VITIS-RUN internal step status: success
------------------------------------------
VITIS-RUN internal step: running vitis_hls
timestamp: 14 Apr 2026 16:59:51
working dir: C:/Motor-Simulator/Envelope/Envelope_Detector
cmd: vitis_hls -nolog -run csim -work_dir C:/Motor-Simulator/Envelope/Envelope_Detector/Envelope_Detector -config C:/Motor-Simulator/Envelope/Envelope_Detector/hls_config.cfg -cmdlineconfig C:/Motor-Simulator/Envelope/Envelope_Detector/Envelope_Detector/hls/config.cmdline
VITIS-RUN internal step status: success

------------------------------------------
VITIS-RUN command line :
------------------------------------------
C:/Xilinx/Vitis/2024.1/bin/unwrapped/win64.o/vitis-run.exe --mode hls --csim --config C:\Motor-Simulator\Envelope\Envelope_Detector\hls_config.cfg --work_dir Envelope_Detector 
  Options from -O    : 
  Options from *.ini : 
  Options from Hw Platform : 

==========================================
new:  steps log generated by v++ for new launch 
timestamp: 14 Apr 2026 17:04:37
------------------------------------------
VITIS-RUN internal step: writing a config file for vitis_hls: C:/Motor-Simulator/Envelope/Envelope_Detector/Envelope_Detector/hls/config.cmdline
timestamp: 14 Apr 2026 17:04:37
VITIS-RUN internal step status: success
------------------------------------------
VITIS-RUN internal step: running vitis_hls
timestamp: 14 Apr 2026 17:04:37
working dir: C:/Motor-Simulator/Envelope/Envelope_Detector
cmd: vitis_hls -nolog -run csim -work_dir C:/Motor-Simulator/Envelope/Envelope_Detector/Envelope_Detector -config C:/Motor-Simulator/Envelope/Envelope_Detector/hls_config.cfg -cmdlineconfig C:/Motor-Simulator/Envelope/Envelope_Detector/Envelope_Detector/hls/config.cmdline
VITIS-RUN internal step status: fail

------------------------------------------
VITIS-RUN command line :
------------------------------------------
C:/Xilinx/Vitis/2024.1/bin/unwrapped/win64.o/vitis-run.exe --mode hls --csim --config C:\Motor-Simulator\Envelope\Envelope_Detector\hls_config.cfg --work_dir Envelope_Detector 
  Options from -O    : 
  Options from *.ini : 
  Options from Hw Platform : 

==========================================
new:  steps log generated by v++ for new launch 
timestamp: 14 Apr 2026 17:06:43
------------------------------------------
VITIS-RUN internal step: writing a config file for vitis_hls: C:/Motor-Simulator/Envelope/Envelope_Detector/Envelope_Detector/hls/config.cmdline
timestamp: 14 Apr 2026 17:06:43
VITIS-RUN internal step status: success
------------------------------------------
VITIS-RUN internal step: running vitis_hls
timestamp: 14 Apr 2026 17:06:43
working dir: C:/Motor-Simulator/Envelope/Envelope_Detector
cmd: vitis_hls -nolog -run csim -work_dir C:/Motor-Simulator/Envelope/Envelope_Detector/Envelope_Detector -config C:/Motor-Simulator/Envelope/Envelope_Detector/hls_config.cfg -cmdlineconfig C:/Motor-Simulator/Envelope/Envelope_Detector/Envelope_Detector/hls/config.cmdline
VITIS-RUN internal step status: fail

------------------------------------------
VITIS-RUN command line :
------------------------------------------
C:/Xilinx/Vitis/2024.1/bin/unwrapped/win64.o/vitis-run.exe --mode hls --csim --config C:\Motor-Simulator\Envelope\Envelope_Detector\hls_config.cfg --work_dir Envelope_Detector 
  Options from -O    : 
  Options from *.ini : 
  Options from Hw Platform : 

==========================================
new:  steps log generated by v++ for new launch 
timestamp: 14 Apr 2026 17:08:21
------------------------------------------
VITIS-RUN internal step: writing a config file for vitis_hls: C:/Motor-Simulator/Envelope/Envelope_Detector/Envelope_Detector/hls/config.cmdline
timestamp: 14 Apr 2026 17:08:21
VITIS-RUN internal step status: success
------------------------------------------
VITIS-RUN internal step: running vitis_hls
timestamp: 14 Apr 2026 17:08:21
working dir: C:/Motor-Simulator/Envelope/Envelope_Detector
cmd: vitis_hls -nolog -run csim -work_dir C:/Motor-Simulator/Envelope/Envelope_Detector/Envelope_Detector -config C:/Motor-Simulator/Envelope/Envelope_Detector/hls_config.cfg -cmdlineconfig C:/Motor-Simulator/Envelope/Envelope_Detector/Envelope_Detector/hls/config.cmdline
VITIS-RUN internal step status: fail

------------------------------------------
VITIS-RUN command line :
------------------------------------------
C:/Xilinx/Vitis/2024.1/bin/unwrapped/win64.o/vitis-run.exe --mode hls --csim --config C:\Motor-Simulator\Envelope\Envelope_Detector\hls_config.cfg --work_dir Envelope_Detector 
  Options from -O    : 
  Options from *.ini : 
  Options from Hw Platform : 

==========================================
new:  steps log generated by v++ for new launch 
timestamp: 14 Apr 2026 17:10:14
------------------------------------------
VITIS-RUN internal step: writing a config file for vitis_hls: C:/Motor-Simulator/Envelope/Envelope_Detector/Envelope_Detector/hls/config.cmdline
timestamp: 14 Apr 2026 17:10:14
VITIS-RUN internal step status: success
------------------------------------------
VITIS-RUN internal step: running vitis_hls
timestamp: 14 Apr 2026 17:10:14
working dir: C:/Motor-Simulator/Envelope/Envelope_Detector
cmd: vitis_hls -nolog -run csim -work_dir C:/Motor-Simulator/Envelope/Envelope_Detector/Envelope_Detector -config C:/Motor-Simulator/Envelope/Envelope_Detector/hls_config.cfg -cmdlineconfig C:/Motor-Simulator/Envelope/Envelope_Detector/Envelope_Detector/hls/config.cmdline
VITIS-RUN internal step status: fail

------------------------------------------
VITIS-RUN command line :
------------------------------------------
C:/Xilinx/Vitis/2024.1/bin/unwrapped/win64.o/vitis-run.exe --mode hls --csim --config C:\Motor-Simulator\Envelope\Envelope_Detector\hls_config.cfg --work_dir Envelope_Detector 
  Options from -O    : 
  Options from *.ini : 
  Options from Hw Platform : 

==========================================
new:  steps log generated by v++ for new launch 
timestamp: 14 Apr 2026 17:10:45
------------------------------------------
VITIS-RUN internal step: writing a config file for vitis_hls: C:/Motor-Simulator/Envelope/Envelope_Detector/Envelope_Detector/hls/config.cmdline
timestamp: 14 Apr 2026 17:10:45
VITIS-RUN internal step status: success
------------------------------------------
VITIS-RUN internal step: running vitis_hls
timestamp: 14 Apr 2026 17:10:45
working dir: C:/Motor-Simulator/Envelope/Envelope_Detector
cmd: vitis_hls -nolog -run csim -work_dir C:/Motor-Simulator/Envelope/Envelope_Detector/Envelope_Detector -config C:/Motor-Simulator/Envelope/Envelope_Detector/hls_config.cfg -cmdlineconfig C:/Motor-Simulator/Envelope/Envelope_Detector/Envelope_Detector/hls/config.cmdline
VITIS-RUN internal step status: fail

------------------------------------------
VITIS-RUN command line :
------------------------------------------
C:/Xilinx/Vitis/2024.1/bin/unwrapped/win64.o/vitis-run.exe --mode hls --csim --config C:\Motor-Simulator\Envelope\Envelope_Detector\hls_config.cfg --work_dir Envelope_Detector 
  Options from -O    : 
  Options from *.ini : 
  Options from Hw Platform : 

==========================================
new:  steps log generated by v++ for new launch 
timestamp: 14 Apr 2026 17:11:16
------------------------------------------
VITIS-RUN internal step: writing a config file for vitis_hls: C:/Motor-Simulator/Envelope/Envelope_Detector/Envelope_Detector/hls/config.cmdline
timestamp: 14 Apr 2026 17:11:16
VITIS-RUN internal step status: success
------------------------------------------
VITIS-RUN internal step: running vitis_hls
timestamp: 14 Apr 2026 17:11:16
working dir: C:/Motor-Simulator/Envelope/Envelope_Detector
cmd: vitis_hls -nolog -run csim -work_dir C:/Motor-Simulator/Envelope/Envelope_Detector/Envelope_Detector -config C:/Motor-Simulator/Envelope/Envelope_Detector/hls_config.cfg -cmdlineconfig C:/Motor-Simulator/Envelope/Envelope_Detector/Envelope_Detector/hls/config.cmdline
VITIS-RUN internal step status: fail

------------------------------------------
VITIS-RUN command line :
------------------------------------------
C:/Xilinx/Vitis/2024.1/bin/unwrapped/win64.o/vitis-run.exe --mode hls --csim --config C:\Motor-Simulator\Envelope\Envelope_Detector\hls_config.cfg --work_dir Envelope_Detector 
  Options from -O    : 
  Options from *.ini : 
  Options from Hw Platform : 

==========================================
new:  steps log generated by v++ for new launch 
timestamp: 14 Apr 2026 17:12:17
------------------------------------------
VITIS-RUN internal step: writing a config file for vitis_hls: C:/Motor-Simulator/Envelope/Envelope_Detector/Envelope_Detector/hls/config.cmdline
timestamp: 14 Apr 2026 17:12:17
VITIS-RUN internal step status: success
------------------------------------------
VITIS-RUN internal step: running vitis_hls
timestamp: 14 Apr 2026 17:12:17
working dir: C:/Motor-Simulator/Envelope/Envelope_Detector
cmd: vitis_hls -nolog -run csim -work_dir C:/Motor-Simulator/Envelope/Envelope_Detector/Envelope_Detector -config C:/Motor-Simulator/Envelope/Envelope_Detector/hls_config.cfg -cmdlineconfig C:/Motor-Simulator/Envelope/Envelope_Detector/Envelope_Detector/hls/config.cmdline
VITIS-RUN internal step status: fail

------------------------------------------
VITIS-RUN command line :
------------------------------------------
C:/Xilinx/Vitis/2024.1/bin/unwrapped/win64.o/vitis-run.exe --mode hls --csim --config C:\Motor-Simulator\Envelope\Envelope_Detector\hls_config.cfg --work_dir Envelope_Detector 
  Options from -O    : 
  Options from *.ini : 
  Options from Hw Platform : 

==========================================
new:  steps log generated by v++ for new launch 
timestamp: 14 Apr 2026 17:12:58
------------------------------------------
VITIS-RUN internal step: writing a config file for vitis_hls: C:/Motor-Simulator/Envelope/Envelope_Detector/Envelope_Detector/hls/config.cmdline
timestamp: 14 Apr 2026 17:12:58
VITIS-RUN internal step status: success
------------------------------------------
VITIS-RUN internal step: running vitis_hls
timestamp: 14 Apr 2026 17:12:58
working dir: C:/Motor-Simulator/Envelope/Envelope_Detector
cmd: vitis_hls -nolog -run csim -work_dir C:/Motor-Simulator/Envelope/Envelope_Detector/Envelope_Detector -config C:/Motor-Simulator/Envelope/Envelope_Detector/hls_config.cfg -cmdlineconfig C:/Motor-Simulator/Envelope/Envelope_Detector/Envelope_Detector/hls/config.cmdline
VITIS-RUN internal step status: fail

------------------------------------------
VITIS-RUN command line :
------------------------------------------
C:/Xilinx/Vitis/2024.1/bin/unwrapped/win64.o/vitis-run.exe --mode hls --csim --config C:\Motor-Simulator\Envelope\Envelope_Detector\hls_config.cfg --work_dir Envelope_Detector 
  Options from -O    : 
  Options from *.ini : 
  Options from Hw Platform : 

==========================================
new:  steps log generated by v++ for new launch 
timestamp: 14 Apr 2026 17:14:15
------------------------------------------
VITIS-RUN internal step: writing a config file for vitis_hls: C:/Motor-Simulator/Envelope/Envelope_Detector/Envelope_Detector/hls/config.cmdline
timestamp: 14 Apr 2026 17:14:15
VITIS-RUN internal step status: success
------------------------------------------
VITIS-RUN internal step: running vitis_hls
timestamp: 14 Apr 2026 17:14:15
working dir: C:/Motor-Simulator/Envelope/Envelope_Detector
cmd: vitis_hls -nolog -run csim -work_dir C:/Motor-Simulator/Envelope/Envelope_Detector/Envelope_Detector -config C:/Motor-Simulator/Envelope/Envelope_Detector/hls_config.cfg -cmdlineconfig C:/Motor-Simulator/Envelope/Envelope_Detector/Envelope_Detector/hls/config.cmdline
VITIS-RUN internal step status: success

------------------------------------------
VITIS-RUN command line :
------------------------------------------
C:/Xilinx/Vitis/2024.1/bin/unwrapped/win64.o/vitis-run.exe --mode hls --csim --config C:\Motor-Simulator\Envelope\Envelope_Detector\hls_config.cfg --work_dir Envelope_Detector 
  Options from -O    : 
  Options from *.ini : 
  Options from Hw Platform : 

==========================================
new:  steps log generated by v++ for new launch 
timestamp: 14 Apr 2026 17:31:21
------------------------------------------
VITIS-RUN internal step: writing a config file for vitis_hls: C:/Motor-Simulator/Envelope/Envelope_Detector/Envelope_Detector/hls/config.cmdline
timestamp: 14 Apr 2026 17:31:21
VITIS-RUN internal step status: success
------------------------------------------
VITIS-RUN internal step: running vitis_hls
timestamp: 14 Apr 2026 17:31:21
working dir: C:/Motor-Simulator/Envelope/Envelope_Detector
cmd: vitis_hls -nolog -run csim -work_dir C:/Motor-Simulator/Envelope/Envelope_Detector/Envelope_Detector -config C:/Motor-Simulator/Envelope/Envelope_Detector/hls_config.cfg -cmdlineconfig C:/Motor-Simulator/Envelope/Envelope_Detector/Envelope_Detector/hls/config.cmdline
VITIS-RUN internal step status: success

------------------------------------------
VITIS-RUN command line :
------------------------------------------
C:/Xilinx/Vitis/2024.1/bin/unwrapped/win64.o/vitis-run.exe --mode hls --csim --config C:\Motor-Simulator\Envelope\Envelope_Detector\hls_config.cfg --work_dir Envelope_Detector 
  Options from -O    : 
  Options from *.ini : 
  Options from Hw Platform : 

==========================================
new:  steps log generated by v++ for new launch 
timestamp: 14 Apr 2026 17:41:44
------------------------------------------
VITIS-RUN internal step: writing a config file for vitis_hls: C:/Motor-Simulator/Envelope/Envelope_Detector/Envelope_Detector/hls/config.cmdline
timestamp: 14 Apr 2026 17:41:44
VITIS-RUN internal step status: success
------------------------------------------
VITIS-RUN internal step: running vitis_hls
timestamp: 14 Apr 2026 17:41:44
working dir: C:/Motor-Simulator/Envelope/Envelope_Detector
cmd: vitis_hls -nolog -run csim -work_dir C:/Motor-Simulator/Envelope/Envelope_Detector/Envelope_Detector -config C:/Motor-Simulator/Envelope/Envelope_Detector/hls_config.cfg -cmdlineconfig C:/Motor-Simulator/Envelope/Envelope_Detector/Envelope_Detector/hls/config.cmdline
VITIS-RUN internal step status: success

------------------------------------------
VITIS-RUN command line :
------------------------------------------
C:/Xilinx/Vitis/2024.1/bin/unwrapped/win64.o/vitis-run.exe --mode hls --csim --config C:\Motor-Simulator\Envelope\Envelope_Detector\hls_config.cfg --work_dir Envelope_Detector 
  Options from -O    : 
  Options from *.ini : 
  Options from Hw Platform : 

==========================================
new:  steps log generated by v++ for new launch 
timestamp: 14 Apr 2026 17:50:06
------------------------------------------
VITIS-RUN internal step: writing a config file for vitis_hls: C:/Motor-Simulator/Envelope/Envelope_Detector/Envelope_Detector/hls/config.cmdline
timestamp: 14 Apr 2026 17:50:06
VITIS-RUN internal step status: success
------------------------------------------
VITIS-RUN internal step: running vitis_hls
timestamp: 14 Apr 2026 17:50:06
working dir: C:/Motor-Simulator/Envelope/Envelope_Detector
cmd: vitis_hls -nolog -run csim -work_dir C:/Motor-Simulator/Envelope/Envelope_Detector/Envelope_Detector -config C:/Motor-Simulator/Envelope/Envelope_Detector/hls_config.cfg -cmdlineconfig C:/Motor-Simulator/Envelope/Envelope_Detector/Envelope_Detector/hls/config.cmdline
VITIS-RUN internal step status: success

------------------------------------------
VITIS-RUN command line :
------------------------------------------
C:/Xilinx/Vitis/2024.1/bin/unwrapped/win64.o/vitis-run.exe --mode hls --csim --config C:\Motor-Simulator\Envelope\Envelope_Detector\hls_config.cfg --work_dir Envelope_Detector 
  Options from -O    : 
  Options from *.ini : 
  Options from Hw Platform : 

==========================================
new:  steps log generated by v++ for new launch 
timestamp: 14 Apr 2026 18:01:57
------------------------------------------
VITIS-RUN internal step: writing a config file for vitis_hls: C:/Motor-Simulator/Envelope/Envelope_Detector/Envelope_Detector/hls/config.cmdline
timestamp: 14 Apr 2026 18:01:57
VITIS-RUN internal step status: success
------------------------------------------
VITIS-RUN internal step: running vitis_hls
timestamp: 14 Apr 2026 18:01:57
working dir: C:/Motor-Simulator/Envelope/Envelope_Detector
cmd: vitis_hls -nolog -run csim -work_dir C:/Motor-Simulator/Envelope/Envelope_Detector/Envelope_Detector -config C:/Motor-Simulator/Envelope/Envelope_Detector/hls_config.cfg -cmdlineconfig C:/Motor-Simulator/Envelope/Envelope_Detector/Envelope_Detector/hls/config.cmdline
VITIS-RUN internal step status: success

------------------------------------------
V++ command line :
------------------------------------------
C:/Xilinx/Vitis/2024.1/bin/unwrapped/win64.o/v++.exe -c --mode hls --config C:\Motor-Simulator\Envelope\Envelope_Detector\hls_config.cfg --work_dir Envelope_Detector 
  Options from -O    : 
  Options from *.ini : 
  Options from Hw Platform : 

==========================================
new:  steps log generated by v++ for new launch 
timestamp: 14 Apr 2026 18:08:21
------------------------------------------
V++ internal step: writing a config file for vitis_hls: C:/Motor-Simulator/Envelope/Envelope_Detector/Envelope_Detector/hls/config.cmdline
timestamp: 14 Apr 2026 18:08:21
V++ internal step status: success
------------------------------------------
V++ internal step: running vitis_hls
timestamp: 14 Apr 2026 18:08:21
working dir: C:/Motor-Simulator/Envelope/Envelope_Detector
cmd: vitis_hls -nolog -run csynth -work_dir C:/Motor-Simulator/Envelope/Envelope_Detector/Envelope_Detector -config C:/Motor-Simulator/Envelope/Envelope_Detector/hls_config.cfg -cmdlineconfig C:/Motor-Simulator/Envelope/Envelope_Detector/Envelope_Detector/hls/config.cmdline
V++ internal step status: success

------------------------------------------
VITIS-RUN command line :
------------------------------------------
C:/Xilinx/Vitis/2024.1/bin/unwrapped/win64.o/vitis-run.exe --mode hls --package --config C:\Motor-Simulator\Envelope\Envelope_Detector\hls_config.cfg --work_dir Envelope_Detector 
  Options from -O    : 
  Options from *.ini : 
  Options from Hw Platform : 

==========================================
new:  steps log generated by v++ for new launch 
timestamp: 14 Apr 2026 18:09:15
------------------------------------------
VITIS-RUN internal step: writing a config file for vitis_hls: C:/Motor-Simulator/Envelope/Envelope_Detector/Envelope_Detector/hls/config.cmdline
timestamp: 14 Apr 2026 18:09:15
VITIS-RUN internal step status: success
------------------------------------------
VITIS-RUN internal step: running vitis_hls
timestamp: 14 Apr 2026 18:09:15
working dir: C:/Motor-Simulator/Envelope/Envelope_Detector
cmd: vitis_hls -nolog -run package -work_dir C:/Motor-Simulator/Envelope/Envelope_Detector/Envelope_Detector -config C:/Motor-Simulator/Envelope/Envelope_Detector/hls_config.cfg -cmdlineconfig C:/Motor-Simulator/Envelope/Envelope_Detector/Envelope_Detector/hls/config.cmdline
VITIS-RUN internal step status: success

------------------------------------------
V++ command line :
------------------------------------------
C:/Xilinx/Vitis/2024.1/bin/unwrapped/win64.o/v++.exe -c --mode hls --config C:\Motor-Simulator\Envelope\Envelope_Detector\hls_config.cfg --work_dir Envelope_Detector 
  Options from -O    : 
  Options from *.ini : 
  Options from Hw Platform : 

==========================================
new:  steps log generated by v++ for new launch 
timestamp: 14 Apr 2026 18:39:16
------------------------------------------
V++ internal step: writing a config file for vitis_hls: C:/Motor-Simulator/Envelope/Envelope_Detector/Envelope_Detector/hls/config.cmdline
timestamp: 14 Apr 2026 18:39:16
V++ internal step status: success
------------------------------------------
V++ internal step: running vitis_hls
timestamp: 14 Apr 2026 18:39:16
working dir: C:/Motor-Simulator/Envelope/Envelope_Detector
cmd: vitis_hls -nolog -run csynth -work_dir C:/Motor-Simulator/Envelope/Envelope_Detector/Envelope_Detector -config C:/Motor-Simulator/Envelope/Envelope_Detector/hls_config.cfg -cmdlineconfig C:/Motor-Simulator/Envelope/Envelope_Detector/Envelope_Detector/hls/config.cmdline
V++ internal step status: success

------------------------------------------
VITIS-RUN command line :
------------------------------------------
C:/Xilinx/Vitis/2024.1/bin/unwrapped/win64.o/vitis-run.exe --mode hls --csim --config C:\Motor-Simulator\Envelope\Envelope_Detector\hls_config.cfg --work_dir Envelope_Detector 
  Options from -O    : 
  Options from *.ini : 
  Options from Hw Platform : 

==========================================
new:  steps log generated by v++ for new launch 
timestamp: 14 Apr 2026 18:40:01
------------------------------------------
VITIS-RUN internal step: writing a config file for vitis_hls: C:/Motor-Simulator/Envelope/Envelope_Detector/Envelope_Detector/hls/config.cmdline
timestamp: 14 Apr 2026 18:40:01
VITIS-RUN internal step status: success
------------------------------------------
VITIS-RUN internal step: running vitis_hls
timestamp: 14 Apr 2026 18:40:01
working dir: C:/Motor-Simulator/Envelope/Envelope_Detector
cmd: vitis_hls -nolog -run csim -work_dir C:/Motor-Simulator/Envelope/Envelope_Detector/Envelope_Detector -config C:/Motor-Simulator/Envelope/Envelope_Detector/hls_config.cfg -cmdlineconfig C:/Motor-Simulator/Envelope/Envelope_Detector/Envelope_Detector/hls/config.cmdline

------------------------------------------
VITIS-RUN command line :
------------------------------------------
C:/Xilinx/Vitis/2024.1/bin/unwrapped/win64.o/vitis-run.exe --mode hls --csim --config C:\Motor-Simulator\Envelope\Envelope_Detector\hls_config.cfg --work_dir Envelope_Detector 
  Options from -O    : 
  Options from *.ini : 
  Options from Hw Platform : 

==========================================
new:  steps log generated by v++ for new launch 
timestamp: 14 Apr 2026 20:02:23
------------------------------------------
VITIS-RUN internal step: writing a config file for vitis_hls: C:/Motor-Simulator/Envelope/Envelope_Detector/Envelope_Detector/hls/config.cmdline
timestamp: 14 Apr 2026 20:02:23
VITIS-RUN internal step status: success
------------------------------------------
VITIS-RUN internal step: running vitis_hls
timestamp: 14 Apr 2026 20:02:24
working dir: C:/Motor-Simulator/Envelope/Envelope_Detector
cmd: vitis_hls -nolog -run csim -work_dir C:/Motor-Simulator/Envelope/Envelope_Detector/Envelope_Detector -config C:/Motor-Simulator/Envelope/Envelope_Detector/hls_config.cfg -cmdlineconfig C:/Motor-Simulator/Envelope/Envelope_Detector/Envelope_Detector/hls/config.cmdline
VITIS-RUN internal step status: success

------------------------------------------
V++ command line :
------------------------------------------
C:/Xilinx/Vitis/2024.1/bin/unwrapped/win64.o/v++.exe -c --mode hls --config C:\Motor-Simulator\Envelope\Envelope_Detector\hls_config.cfg --work_dir Envelope_Detector 
  Options from -O    : 
  Options from *.ini : 
  Options from Hw Platform : 

==========================================
new:  steps log generated by v++ for new launch 
timestamp: 16 Apr 2026 19:49:28
------------------------------------------
V++ internal step: writing a config file for vitis_hls: C:/Motor-Simulator/Envelope/Envelope_Detector/Envelope_Detector/hls/config.cmdline
timestamp: 16 Apr 2026 19:49:28
V++ internal step status: success
------------------------------------------
V++ internal step: running vitis_hls
timestamp: 16 Apr 2026 19:49:28
working dir: C:/Motor-Simulator/Envelope/Envelope_Detector
cmd: vitis_hls -nolog -run csynth -work_dir C:/Motor-Simulator/Envelope/Envelope_Detector/Envelope_Detector -config C:/Motor-Simulator/Envelope/Envelope_Detector/hls_config.cfg -cmdlineconfig C:/Motor-Simulator/Envelope/Envelope_Detector/Envelope_Detector/hls/config.cmdline
V++ internal step status: success

------------------------------------------
V++ command line :
------------------------------------------
C:/Xilinx/Vitis/2024.1/bin/unwrapped/win64.o/v++.exe -c --mode hls --config C:\Motor-Simulator\Envelope\Envelope_Detector\hls_config.cfg --work_dir Envelope_Detector 
  Options from -O    : 
  Options from *.ini : 
  Options from Hw Platform : 

==========================================
new:  steps log generated by v++ for new launch 
timestamp: 16 Apr 2026 19:51:08
------------------------------------------
V++ internal step: writing a config file for vitis_hls: C:/Motor-Simulator/Envelope/Envelope_Detector/Envelope_Detector/hls/config.cmdline
timestamp: 16 Apr 2026 19:51:08
V++ internal step status: success
------------------------------------------
V++ internal step: running vitis_hls
timestamp: 16 Apr 2026 19:51:08
working dir: C:/Motor-Simulator/Envelope/Envelope_Detector
cmd: vitis_hls -nolog -run csynth -work_dir C:/Motor-Simulator/Envelope/Envelope_Detector/Envelope_Detector -config C:/Motor-Simulator/Envelope/Envelope_Detector/hls_config.cfg -cmdlineconfig C:/Motor-Simulator/Envelope/Envelope_Detector/Envelope_Detector/hls/config.cmdline
V++ internal step status: success

------------------------------------------
V++ command line :
------------------------------------------
C:/Xilinx/Vitis/2024.1/bin/unwrapped/win64.o/v++.exe -c --mode hls --config C:\Motor-Simulator\Envelope\Envelope_Detector\hls_config.cfg --work_dir Envelope_Detector 
  Options from -O    : 
  Options from *.ini : 
  Options from Hw Platform : 

==========================================
new:  steps log generated by v++ for new launch 
timestamp: 16 Apr 2026 19:54:15
------------------------------------------
V++ internal step: writing a config file for vitis_hls: C:/Motor-Simulator/Envelope/Envelope_Detector/Envelope_Detector/hls/config.cmdline
timestamp: 16 Apr 2026 19:54:15
V++ internal step status: success
------------------------------------------
V++ internal step: running vitis_hls
timestamp: 16 Apr 2026 19:54:15
working dir: C:/Motor-Simulator/Envelope/Envelope_Detector
cmd: vitis_hls -nolog -run csynth -work_dir C:/Motor-Simulator/Envelope/Envelope_Detector/Envelope_Detector -config C:/Motor-Simulator/Envelope/Envelope_Detector/hls_config.cfg -cmdlineconfig C:/Motor-Simulator/Envelope/Envelope_Detector/Envelope_Detector/hls/config.cmdline
V++ internal step status: success

------------------------------------------
VITIS-RUN command line :
------------------------------------------
C:/Xilinx/Vitis/2024.1/bin/unwrapped/win64.o/vitis-run.exe --mode hls --package --config C:\Motor-Simulator\Envelope\Envelope_Detector\hls_config.cfg --work_dir Envelope_Detector 
  Options from -O    : 
  Options from *.ini : 
  Options from Hw Platform : 

==========================================
new:  steps log generated by v++ for new launch 
timestamp: 16 Apr 2026 19:56:11
------------------------------------------
VITIS-RUN internal step: writing a config file for vitis_hls: C:/Motor-Simulator/Envelope/Envelope_Detector/Envelope_Detector/hls/config.cmdline
timestamp: 16 Apr 2026 19:56:11
VITIS-RUN internal step status: success
------------------------------------------
VITIS-RUN internal step: running vitis_hls
timestamp: 16 Apr 2026 19:56:11
working dir: C:/Motor-Simulator/Envelope/Envelope_Detector
cmd: vitis_hls -nolog -run package -work_dir C:/Motor-Simulator/Envelope/Envelope_Detector/Envelope_Detector -config C:/Motor-Simulator/Envelope/Envelope_Detector/hls_config.cfg -cmdlineconfig C:/Motor-Simulator/Envelope/Envelope_Detector/Envelope_Detector/hls/config.cmdline
VITIS-RUN internal step status: success
