INFO: [vitis-run 60-1548] Creating build summary session with primary output C:/Motor-Simulator/Envelope/Envelope_Detector/Envelope_Detector\Envelope_Detector.hlsrun_csim_summary, at 04/14/26 17:12:58
INFO: [vitis-run 82-31] Launching vitis_hls: vitis_hls -nolog -run csim -work_dir C:/Motor-Simulator/Envelope/Envelope_Detector/Envelope_Detector -config C:/Motor-Simulator/Envelope/Envelope_Detector/hls_config.cfg -cmdlineconfig C:/Motor-Simulator/Envelope/Envelope_Detector/Envelope_Detector/hls/config.cmdline

****** Vitis HLS - High-Level Synthesis from C, C++ and OpenCL v2024.1 (64-bit)
  **** SW Build 5069499 on May 21 2024
  **** IP Build 5075265 on Wed May 22 21:45:21 MDT 2024
  **** SharedData Build 5076995 on Wed May 22 18:29:18 MDT 2024
  **** Start of session at: Tue Apr 14 17:13:00 2026
    ** Copyright 1986-2022 Xilinx, Inc. All Rights Reserved.
    ** Copyright 2022-2024 Advanced Micro Devices, Inc. All Rights Reserved.

source C:/Xilinx/Vitis_HLS/2024.1/scripts/vitis_hls/hls.tcl -notrace
INFO: [HLS 200-10] For user 'maxls' on host 'max-zbk' (Windows NT_amd64 version 10.0) on Tue Apr 14 17:13:00 -0400 2026
INFO: [HLS 200-10] In directory 'C:/Motor-Simulator/Envelope/Envelope_Detector'
INFO: [HLS 200-2005] Using work_dir C:/Motor-Simulator/Envelope/Envelope_Detector/Envelope_Detector 
INFO: [HLS 200-1505] Using default flow_target 'vivado'
Resolution: For help on HLS 200-1505 see docs.xilinx.com/access/sources/dita/topic?Doc_Version=2024.1%20English&url=ug1448-hls-guidance&resourceid=200-1505.html
INFO: [HLS 200-1465] Applying ini 'syn.file=hilbert.cpp' from C:/Motor-Simulator/Envelope/Envelope_Detector/hls_config.cfg(8)
INFO: [HLS 200-10] Adding design file 'C:/Motor-Simulator/Envelope/Envelope_Detector/hilbert.cpp' to the project
INFO: [HLS 200-1465] Applying ini 'syn.file=hilbert.h' from C:/Motor-Simulator/Envelope/Envelope_Detector/hls_config.cfg(9)
INFO: [HLS 200-10] Adding design file 'C:/Motor-Simulator/Envelope/Envelope_Detector/hilbert.h' to the project
INFO: [HLS 200-1465] Applying ini 'tb.file=tb_hilbert.cpp' from C:/Motor-Simulator/Envelope/Envelope_Detector/hls_config.cfg(10)
INFO: [HLS 200-10] Adding test bench file 'C:/Motor-Simulator/Envelope/Envelope_Detector/tb_hilbert.cpp' to the project
INFO: [HLS 200-1465] Applying ini 'syn.top=hilbert_envelope_axis' from C:/Motor-Simulator/Envelope/Envelope_Detector/hls_config.cfg(7)
INFO: [HLS 200-1465] Applying ini 'flow_target=vivado' from C:/Motor-Simulator/Envelope/Envelope_Detector/hls_config.cfg(4)
INFO: [HLS 200-1505] Using flow_target 'vivado'
Resolution: For help on HLS 200-1505 see docs.xilinx.com/access/sources/dita/topic?Doc_Version=2024.1%20English&url=ug1448-hls-guidance&resourceid=200-1505.html
INFO: [HLS 200-1465] Applying ini 'part=xczu3eg-sfvc784-2-e' from C:/Motor-Simulator/Envelope/Envelope_Detector/hls_config.cfg(1)
INFO: [HLS 200-1611] Setting target device to 'xczu3eg-sfvc784-2-e'
INFO: [HLS 200-1465] Applying ini 'package.output.format=ip_catalog' from C:/Motor-Simulator/Envelope/Envelope_Detector/hls_config.cfg(5)
INFO: [SIM 211-2] *************** CSIM start ***************
INFO: [SIM 211-4] CSIM will launch CLANG as the compiler.
INFO: [HLS 200-2036] Building debug C Simulation binaries
   Compiling ../../../../tb_hilbert.cpp in debug mode
   Generating csim.exe
In file included from ../../../../tb_hilbert.cpp:5:
In file included from C:/Xilinx/Vitis_HLS/2024.1/include/ap_axi_sdata.h:15:
In file included from C:/Xilinx/Vitis_HLS/2024.1/include/ap_int.h:10:
In file included from C:/Xilinx/Vitis_HLS/2024.1/include/etc/ap_common.h:658:
In file included from C:/Xilinx/Vitis_HLS/2024.1/include/etc/ap_private.h:68:
In file included from C:/Xilinx/Vitis_HLS/2024.1/include/hls_half.h:26:
In file included from C:/Xilinx/Vitis_HLS/2024.1/include/etc/hls_half_fpo.h:19:
In file included from C:/Xilinx/Vitis_HLS/2024.1/include/hls_fpo.h:140:
In file included from C:/Xilinx/Vitis_HLS/2024.1/include/floating_point_v7_1_bitacc_cmodel.h:150:
C:/Xilinx/Vitis_HLS/2024.1/include/gmp.h:58:9: warning: '__GMP_LIBGMP_DLL' macro redefined [-Wmacro-redefined]
#define __GMP_LIBGMP_DLL  0
        ^
C:/Xilinx/Vitis_HLS/2024.1/include/floating_point_v7_1_bitacc_cmodel.h:142:9: note: previous definition is here
#define __GMP_LIBGMP_DLL 1
        ^
1 warning generated.
ERROR [HLS SIM]: an hls::stream is read while empty, which may result in RTL simulation hanging.
If this is not expected, execute C simulation in debug mode in the GUI and examine the source code location of the blocked hls::stream::read() call to debug.
If this is expected, add -DALLOW_EMPTY_HLS_STREAM_READS to -cflags to turn this error into a warning and allow empty hls::stream reads to return the default value for the data type.
@E Simulation failed: Function 'main' returns nonzero value '3'.
ERROR: [SIM 211-100] 'csim_design' failed: nonzero return value.
INFO: [SIM 211-3] *************** CSIM finish ***************
ERROR: 4
INFO: [HLS 200-112] Total CPU user time: 1 seconds. Total CPU system time: 1 seconds. Total elapsed time: 8.917 seconds; peak allocated memory: 178.254 MB.
