INFO: [vitis-run 60-1548] Creating build summary session with primary output C:/Motor-Simulator-main/Envelope/Envelope_Detector/Envelope_Detector\Envelope_Detector.hlsrun_csim_summary, at 04/13/26 17:38:13
INFO: [vitis-run 82-31] Launching vitis_hls: vitis_hls -nolog -run csim -work_dir C:/Motor-Simulator-main/Envelope/Envelope_Detector/Envelope_Detector -config C:/Motor-Simulator-main/Envelope/Envelope_Detector/hls_config.cfg -cmdlineconfig C:/Motor-Simulator-main/Envelope/Envelope_Detector/Envelope_Detector/hls/config.cmdline

****** Vitis HLS - High-Level Synthesis from C, C++ and OpenCL v2024.1 (64-bit)
  **** SW Build 5069499 on May 21 2024
  **** IP Build 5075265 on Wed May 22 21:45:21 MDT 2024
  **** SharedData Build 5076995 on Wed May 22 18:29:18 MDT 2024
  **** Start of session at: Mon Apr 13 17:38:14 2026
    ** Copyright 1986-2022 Xilinx, Inc. All Rights Reserved.
    ** Copyright 2022-2024 Advanced Micro Devices, Inc. All Rights Reserved.

source C:/Xilinx/Vitis_HLS/2024.1/scripts/vitis_hls/hls.tcl -notrace
INFO: [HLS 200-10] For user 'langweil.m' on host 'wfxa4bb6dbb67af.nunet.neu.edu' (Windows NT_amd64 version 10.0) on Mon Apr 13 17:38:15 -0400 2026
INFO: [HLS 200-10] In directory 'C:/Motor-Simulator-main/Envelope/Envelope_Detector'
INFO: [HLS 200-2005] Using work_dir C:/Motor-Simulator-main/Envelope/Envelope_Detector/Envelope_Detector 
INFO: [HLS 200-1505] Using default flow_target 'vivado'
Resolution: For help on HLS 200-1505 see docs.xilinx.com/access/sources/dita/topic?Doc_Version=2024.1%20English&url=ug1448-hls-guidance&resourceid=200-1505.html
INFO: [HLS 200-1465] Applying ini 'syn.file=hilbert.cpp' from C:/Motor-Simulator-main/Envelope/Envelope_Detector/hls_config.cfg(7)
INFO: [HLS 200-10] Adding design file 'C:/Motor-Simulator-main/Envelope/Envelope_Detector/hilbert.cpp' to the project
INFO: [HLS 200-1465] Applying ini 'syn.file=hilbert.h' from C:/Motor-Simulator-main/Envelope/Envelope_Detector/hls_config.cfg(8)
INFO: [HLS 200-10] Adding design file 'C:/Motor-Simulator-main/Envelope/Envelope_Detector/hilbert.h' to the project
INFO: [HLS 200-1465] Applying ini 'tb.file=tb_hilbert.cpp' from C:/Motor-Simulator-main/Envelope/Envelope_Detector/hls_config.cfg(10)
INFO: [HLS 200-10] Adding test bench file 'C:/Motor-Simulator-main/Envelope/Envelope_Detector/tb_hilbert.cpp' to the project
INFO: [HLS 200-1465] Applying ini 'syn.top=hilbert_envelope_axis' from C:/Motor-Simulator-main/Envelope/Envelope_Detector/hls_config.cfg(9)
INFO: [HLS 200-1465] Applying ini 'flow_target=vivado' from C:/Motor-Simulator-main/Envelope/Envelope_Detector/hls_config.cfg(4)
INFO: [HLS 200-1505] Using flow_target 'vivado'
Resolution: For help on HLS 200-1505 see docs.xilinx.com/access/sources/dita/topic?Doc_Version=2024.1%20English&url=ug1448-hls-guidance&resourceid=200-1505.html
INFO: [HLS 200-1465] Applying ini 'part=xczu3eg-sfvc784-2-e' from C:/Motor-Simulator-main/Envelope/Envelope_Detector/hls_config.cfg(1)
INFO: [HLS 200-1611] Setting target device to 'xczu3eg-sfvc784-2-e'
INFO: [HLS 200-1465] Applying ini 'package.output.format=ip_catalog' from C:/Motor-Simulator-main/Envelope/Envelope_Detector/hls_config.cfg(5)
INFO: [SIM 211-2] *************** CSIM start ***************
INFO: [SIM 211-4] CSIM will launch CLANG as the compiler.
INFO: [HLS 200-2036] Building debug C Simulation binaries
make: 'csim.exe' is up to date.
Output[0] = 4 last=0
Output[1] = 0 last=0
Output[2] = 9 last=0
Output[3] = 0 last=0
Output[4] = 15 last=1
INFO [HLS SIM]: The maximum depth reached by any hls::stream() instance in the design is 5
INFO: [SIM 211-1] CSim done with 0 errors.
INFO: [SIM 211-3] *************** CSIM finish ***************
INFO: [HLS 200-112] Total CPU user time: 2 seconds. Total CPU system time: 1 seconds. Total elapsed time: 3.82 seconds; peak allocated memory: 246.039 MB.
INFO: [vitis-run 60-791] Total elapsed time: 0h 0m 8s
