INFO: [v++ 60-1548] Creating build summary session with primary output C:/Motor-Simulator/Envelope/Envelope_Detector/Envelope_Detector\Envelope_Detector.hlscompile_summary, at 04/16/26 19:51:08
INFO: [v++ 82-31] Launching vitis_hls: vitis_hls -nolog -run csynth -work_dir C:/Motor-Simulator/Envelope/Envelope_Detector/Envelope_Detector -config C:/Motor-Simulator/Envelope/Envelope_Detector/hls_config.cfg -cmdlineconfig C:/Motor-Simulator/Envelope/Envelope_Detector/Envelope_Detector/hls/config.cmdline

****** Vitis HLS - High-Level Synthesis from C, C++ and OpenCL v2024.1 (64-bit)
  **** SW Build 5069499 on May 21 2024
  **** IP Build 5075265 on Wed May 22 21:45:21 MDT 2024
  **** SharedData Build 5076995 on Wed May 22 18:29:18 MDT 2024
  **** Start of session at: Thu Apr 16 19:51:11 2026
    ** Copyright 1986-2022 Xilinx, Inc. All Rights Reserved.
    ** Copyright 2022-2024 Advanced Micro Devices, Inc. All Rights Reserved.

source C:/Xilinx/Vitis_HLS/2024.1/scripts/vitis_hls/hls.tcl -notrace
INFO: [HLS 200-10] For user 'maxls' on host 'max-zbk' (Windows NT_amd64 version 10.0) on Thu Apr 16 19:51:11 -0400 2026
INFO: [HLS 200-10] In directory 'C:/Motor-Simulator/Envelope/Envelope_Detector'
INFO: [HLS 200-2005] Using work_dir C:/Motor-Simulator/Envelope/Envelope_Detector/Envelope_Detector 
INFO: [HLS 200-1505] Using default flow_target 'vivado'
Resolution: For help on HLS 200-1505 see docs.xilinx.com/access/sources/dita/topic?Doc_Version=2024.1%20English&url=ug1448-hls-guidance&resourceid=200-1505.html
INFO: [HLS 200-1465] Applying ini 'syn.file=hilbert.cpp' from C:/Motor-Simulator/Envelope/Envelope_Detector/hls_config.cfg(8)
INFO: [HLS 200-10] Adding design file 'C:/Motor-Simulator/Envelope/Envelope_Detector/hilbert.cpp' to the project
INFO: [HLS 200-1465] Applying ini 'syn.file=hilbert.h' from C:/Motor-Simulator/Envelope/Envelope_Detector/hls_config.cfg(9)
INFO: [HLS 200-10] Adding design file 'C:/Motor-Simulator/Envelope/Envelope_Detector/hilbert.h' to the project
INFO: [HLS 200-1465] Applying ini 'tb.file=tb_hilbert.cpp' from C:/Motor-Simulator/Envelope/Envelope_Detector/hls_config.cfg(10)
INFO: [HLS 200-10] Adding test bench file 'C:/Motor-Simulator/Envelope/Envelope_Detector/tb_hilbert.cpp' to the project
INFO: [HLS 200-1465] Applying ini 'tb.file=C:/Motor-Simulator/Envelope/Envelope_Detector/tb_all.cpp' from C:/Motor-Simulator/Envelope/Envelope_Detector/hls_config.cfg(11)
INFO: [HLS 200-10] Adding test bench file 'C:/Motor-Simulator/Envelope/Envelope_Detector/tb_all.cpp' to the project
INFO: [HLS 200-1465] Applying ini 'syn.top=hilbert_envelope_axis' from C:/Motor-Simulator/Envelope/Envelope_Detector/hls_config.cfg(7)
INFO: [HLS 200-1465] Applying ini 'flow_target=vivado' from C:/Motor-Simulator/Envelope/Envelope_Detector/hls_config.cfg(4)
INFO: [HLS 200-1505] Using flow_target 'vivado'
Resolution: For help on HLS 200-1505 see docs.xilinx.com/access/sources/dita/topic?Doc_Version=2024.1%20English&url=ug1448-hls-guidance&resourceid=200-1505.html
INFO: [HLS 200-1465] Applying ini 'part=xczu3eg-sfvc784-2-e' from C:/Motor-Simulator/Envelope/Envelope_Detector/hls_config.cfg(1)
INFO: [HLS 200-1611] Setting target device to 'xczu3eg-sfvc784-2-e'
INFO: [HLS 200-1465] Applying ini 'package.output.format=ip_catalog' from C:/Motor-Simulator/Envelope/Envelope_Detector/hls_config.cfg(5)
INFO: [HLS 200-111] Finished File checks and directory preparation: CPU user time: 1 seconds. CPU system time: 1 seconds. Elapsed time: 2.929 seconds; current allocated memory: 177.109 MB.
INFO: [HLS 200-10] Analyzing design file 'hilbert.cpp' ... 
INFO: [HLS 200-111] Finished Source Code Analysis and Preprocessing: CPU user time: 1 seconds. CPU system time: 0 seconds. Elapsed time: 21.608 seconds; current allocated memory: 184.711 MB.
INFO: [HLS 200-777] Using interface defaults for 'Vivado' flow target.
INFO: [HLS 200-1995] There were 4,513 instructions in the design after the 'Compile/Link' phase of compilation. See the Design Size Report for more details: C:/Motor-Simulator/Envelope/Envelope_Detector/Envelope_Detector/hls/syn/report/csynth_design_size.rpt
INFO: [HLS 200-1995] There were 13,047 instructions in the design after the 'Unroll/Inline (step 1)' phase of compilation. See the Design Size Report for more details: C:/Motor-Simulator/Envelope/Envelope_Detector/Envelope_Detector/hls/syn/report/csynth_design_size.rpt
INFO: [HLS 200-1995] There were 5,436 instructions in the design after the 'Unroll/Inline (step 2)' phase of compilation. See the Design Size Report for more details: C:/Motor-Simulator/Envelope/Envelope_Detector/Envelope_Detector/hls/syn/report/csynth_design_size.rpt
INFO: [HLS 200-1995] There were 5,042 instructions in the design after the 'Unroll/Inline (step 3)' phase of compilation. See the Design Size Report for more details: C:/Motor-Simulator/Envelope/Envelope_Detector/Envelope_Detector/hls/syn/report/csynth_design_size.rpt
INFO: [HLS 200-1995] There were 3,066 instructions in the design after the 'Unroll/Inline (step 4)' phase of compilation. See the Design Size Report for more details: C:/Motor-Simulator/Envelope/Envelope_Detector/Envelope_Detector/hls/syn/report/csynth_design_size.rpt
INFO: [HLS 200-1995] There were 3,066 instructions in the design after the 'Array/Struct (step 1)' phase of compilation. See the Design Size Report for more details: C:/Motor-Simulator/Envelope/Envelope_Detector/Envelope_Detector/hls/syn/report/csynth_design_size.rpt
INFO: [HLS 200-1995] There were 3,066 instructions in the design after the 'Array/Struct (step 2)' phase of compilation. See the Design Size Report for more details: C:/Motor-Simulator/Envelope/Envelope_Detector/Envelope_Detector/hls/syn/report/csynth_design_size.rpt
INFO: [HLS 200-1995] There were 3,066 instructions in the design after the 'Array/Struct (step 3)' phase of compilation. See the Design Size Report for more details: C:/Motor-Simulator/Envelope/Envelope_Detector/Envelope_Detector/hls/syn/report/csynth_design_size.rpt
INFO: [HLS 200-1995] There were 3,066 instructions in the design after the 'Array/Struct (step 4)' phase of compilation. See the Design Size Report for more details: C:/Motor-Simulator/Envelope/Envelope_Detector/Envelope_Detector/hls/syn/report/csynth_design_size.rpt
INFO: [HLS 200-1995] There were 3,178 instructions in the design after the 'Array/Struct (step 5)' phase of compilation. See the Design Size Report for more details: C:/Motor-Simulator/Envelope/Envelope_Detector/Envelope_Detector/hls/syn/report/csynth_design_size.rpt
INFO: [HLS 200-1995] There were 3,192 instructions in the design after the 'Performance (step 1)' phase of compilation. See the Design Size Report for more details: C:/Motor-Simulator/Envelope/Envelope_Detector/Envelope_Detector/hls/syn/report/csynth_design_size.rpt
INFO: [HLS 200-1995] There were 3,178 instructions in the design after the 'Performance (step 2)' phase of compilation. See the Design Size Report for more details: C:/Motor-Simulator/Envelope/Envelope_Detector/Envelope_Detector/hls/syn/report/csynth_design_size.rpt
INFO: [HLS 200-1995] There were 3,080 instructions in the design after the 'Performance (step 3)' phase of compilation. See the Design Size Report for more details: C:/Motor-Simulator/Envelope/Envelope_Detector/Envelope_Detector/hls/syn/report/csynth_design_size.rpt
INFO: [HLS 200-1995] There were 3,080 instructions in the design after the 'Performance (step 4)' phase of compilation. See the Design Size Report for more details: C:/Motor-Simulator/Envelope/Envelope_Detector/Envelope_Detector/hls/syn/report/csynth_design_size.rpt
INFO: [HLS 200-1995] There were 3,026 instructions in the design after the 'HW Transforms (step 1)' phase of compilation. See the Design Size Report for more details: C:/Motor-Simulator/Envelope/Envelope_Detector/Envelope_Detector/hls/syn/report/csynth_design_size.rpt
INFO: [HLS 200-1995] There were 3,015 instructions in the design after the 'HW Transforms (step 2)' phase of compilation. See the Design Size Report for more details: C:/Motor-Simulator/Envelope/Envelope_Detector/Envelope_Detector/hls/syn/report/csynth_design_size.rpt
INFO: [HLS 214-131] Inlining function 'hilbert(int, int&)' into 'hilbert_envelope_axis(hls::stream<hls::axis<ap_int<32>, 2ul, 5ul, 6ul, (unsigned char)56, false>, 0>&, hls::stream<hls::axis<ap_int<32>, 2ul, 5ul, 6ul, (unsigned char)56, false>, 0>&)' (hilbert.cpp:77:9)
INFO: [HLS 214-291] Loop 'VITIS_LOOP_27_1' is marked as complete unroll implied by the pipeline pragma (hilbert.cpp:27:19)
INFO: [HLS 214-291] Loop 'VITIS_LOOP_40_2' is marked as complete unroll implied by the pipeline pragma (hilbert.cpp:40:22)
INFO: [HLS 214-186] Unrolling loop 'VITIS_LOOP_27_1' (hilbert.cpp:27:19) in function 'hilbert_envelope_axis' completely with a factor of 300 (hilbert.cpp:62:0)
INFO: [HLS 214-186] Unrolling loop 'VITIS_LOOP_40_2' (hilbert.cpp:40:22) in function 'hilbert_envelope_axis' completely with a factor of 75 (hilbert.cpp:62:0)
INFO: [HLS 214-178] Inlining function 'fp_struct<float>::fp_struct(float)' into 'int generic_cast_IEEE754<int, (ap_q_mode)6, float>(float, bool, hls::enable_if<std::numeric_limits<int>::is_signed, bool>::type)' (C:\scratch\2024.1\hls_product\545\2024.1\src\shared\hls\clib/hlsmath/include/FloatingPoint\hls_case_IEEE754.h:12:0)
INFO: [HLS 214-178] Inlining function 'fp_struct<float>::mantissa() const' into 'int generic_cast_IEEE754<int, (ap_q_mode)6, float>(float, bool, hls::enable_if<std::numeric_limits<int>::is_signed, bool>::type)' (C:\scratch\2024.1\hls_product\545\2024.1\src\shared\hls\clib/hlsmath/include/FloatingPoint\hls_case_IEEE754.h:12:0)
INFO: [HLS 214-178] Inlining function 'fp_struct<float>::expv() const' into 'int generic_cast_IEEE754<int, (ap_q_mode)6, float>(float, bool, hls::enable_if<std::numeric_limits<int>::is_signed, bool>::type)' (C:\scratch\2024.1\hls_product\545\2024.1\src\shared\hls\clib/hlsmath/include/FloatingPoint\hls_case_IEEE754.h:12:0)
INFO: [HLS 214-178] Inlining function 'fp_struct<float>::__signbit() const' into 'int generic_cast_IEEE754<int, (ap_q_mode)6, float>(float, bool, hls::enable_if<std::numeric_limits<int>::is_signed, bool>::type)' (C:\scratch\2024.1\hls_product\545\2024.1\src\shared\hls\clib/hlsmath/include/FloatingPoint\hls_case_IEEE754.h:12:0)
INFO: [HLS 214-178] Inlining function 'int generic_cast_IEEE754<int, (ap_q_mode)6, float>(float, bool, hls::enable_if<std::numeric_limits<int>::is_signed, bool>::type)' into 'int generic_cast_IEEE754<int, float>(float, bool)' (C:\scratch\2024.1\hls_product\545\2024.1\src\shared\hls\clib/hlsmath/include/FloatingPoint\hls_case_IEEE754.h:116:0)
INFO: [HLS 214-178] Inlining function 'int generic_cast_IEEE754<int, float>(float, bool)' into '__hls_fptosi_float_i32' (C:\scratch\2024.1\hls_product\545\2024.1\src\shared\hls\clib\hlsmath\src\lib_floatconversion.cpp:51:0)
INFO: [HLS 214-178] Inlining function 'hls::sqrt(float)' into 'hilbert_envelope_axis(hls::stream<hls::axis<ap_int<32>, 2ul, 5ul, 6ul, (unsigned char)56, false>, 0>&, hls::stream<hls::axis<ap_int<32>, 2ul, 5ul, 6ul, (unsigned char)56, false>, 0>&)' (hilbert.cpp:62:0)
INFO: [HLS 214-270] Inferring pragma 'array_partition type=complete dim=1' for array 'x' due to pipeline pragma (hilbert.cpp:70:9)
INFO: [HLS 214-248] Applying array_partition to '_ZL1x': Complete partitioning on dimension 1. (hilbert.cpp:17:0)
INFO: [HLS 200-111] Finished Compiling Optimization and Transform: CPU user time: 0 seconds. CPU system time: 0 seconds. Elapsed time: 13.602 seconds; current allocated memory: 185.781 MB.
INFO: [HLS 200-111] Finished Checking Pragmas: CPU user time: 0 seconds. CPU system time: 0 seconds. Elapsed time: 0.004 seconds; current allocated memory: 185.793 MB.
INFO: [HLS 200-10] Starting code transformations ...
INFO: [HLS 200-111] Finished Standard Transforms: CPU user time: 0 seconds. CPU system time: 0 seconds. Elapsed time: 0.148 seconds; current allocated memory: 192.547 MB.
INFO: [HLS 200-10] Checking synthesizability ...
INFO: [HLS 200-111] Finished Checking Synthesizability: CPU user time: 1 seconds. CPU system time: 0 seconds. Elapsed time: 0.125 seconds; current allocated memory: 196.438 MB.
INFO: [XFORM 203-11] Balancing expressions in function 'hilbert_envelope_axis' (hilbert.cpp:29:22)...147 expression(s) balanced.
INFO: [HLS 200-111] Finished Loop, function and other optimizations: CPU user time: 0 seconds. CPU system time: 0 seconds. Elapsed time: 0.721 seconds; current allocated memory: 221.438 MB.
INFO: [XFORM 203-603] Evaluating the output(s) of a call to function '__hls_fptosi_float_i32' (hilbert.cpp:44:31) in function 'hilbert_envelope_axis' and propagating its result(s) since all actual argument(s) to the function are constants.
INFO: [HLS 200-111] Finished Architecture Synthesis: CPU user time: 1 seconds. CPU system time: 1 seconds. Elapsed time: 0.676 seconds; current allocated memory: 232.082 MB.
INFO: [HLS 200-10] Starting hardware synthesis ...
INFO: [HLS 200-10] Synthesizing 'hilbert_envelope_axis' ...
WARNING: [SYN 201-103] Legalizing function name '__hls_fptosi_float_i32' to 'p_hls_fptosi_float_i32'.
INFO: [SYN 201-201] Setting up clock 'default' with a period of 10ns.
INFO: [HLS 200-10] ----------------------------------------------------------------
INFO: [HLS 200-42] -- Implementing module 'p_hls_fptosi_float_i32' 
INFO: [HLS 200-10] ----------------------------------------------------------------
INFO: [SCHED 204-11] Starting scheduling ...
INFO: [SCHED 204-61] Pipelining function '__hls_fptosi_float_i32'.
INFO: [HLS 200-1470] Pipelining result : Target II = 1, Final II = 1, Depth = 1, function '__hls_fptosi_float_i32'
INFO: [SCHED 204-11] Finished scheduling.
INFO: [HLS 200-111] Finished Scheduling: CPU user time: 0 seconds. CPU system time: 0 seconds. Elapsed time: 0.523 seconds; current allocated memory: 236.062 MB.
INFO: [BIND 205-100] Starting micro-architecture generation ...
INFO: [BIND 205-101] Performing variable lifetime analysis.
INFO: [BIND 205-101] Exploring resource sharing.
INFO: [BIND 205-101] Binding ...
INFO: [BIND 205-100] Finished micro-architecture generation.
INFO: [HLS 200-111] Finished Binding: CPU user time: 0 seconds. CPU system time: 0 seconds. Elapsed time: 0.123 seconds; current allocated memory: 237.441 MB.
INFO: [HLS 200-10] ----------------------------------------------------------------
INFO: [HLS 200-42] -- Implementing module 'hilbert_envelope_axis' 
INFO: [HLS 200-10] ----------------------------------------------------------------
INFO: [SCHED 204-11] Starting scheduling ...
INFO: [SCHED 204-61] Pipelining loop 'VITIS_LOOP_69_1'.
INFO: [HLS 200-1470] Pipelining result : Target II = 1, Final II = 1, Depth = 17, loop 'VITIS_LOOP_69_1'
INFO: [SCHED 204-11] Finished scheduling.
INFO: [HLS 200-111] Finished Scheduling: CPU user time: 1 seconds. CPU system time: 0 seconds. Elapsed time: 1.018 seconds; current allocated memory: 251.750 MB.
INFO: [BIND 205-100] Starting micro-architecture generation ...
INFO: [BIND 205-101] Performing variable lifetime analysis.
INFO: [BIND 205-101] Exploring resource sharing.
INFO: [BIND 205-101] Binding ...
INFO: [BIND 205-100] Finished micro-architecture generation.
INFO: [HLS 200-111] Finished Binding: CPU user time: 0 seconds. CPU system time: 0 seconds. Elapsed time: 0.56 seconds; current allocated memory: 252.043 MB.
INFO: [HLS 200-10] ----------------------------------------------------------------
INFO: [HLS 200-10] -- Generating RTL for module 'p_hls_fptosi_float_i32' 
INFO: [HLS 200-10] ----------------------------------------------------------------
INFO: [RTGEN 206-100] Finished creating RTL model for 'p_hls_fptosi_float_i32'.
INFO: [HLS 200-111] Finished Creating RTL model: CPU user time: 1 seconds. CPU system time: 0 seconds. Elapsed time: 0.437 seconds; current allocated memory: 253.379 MB.
INFO: [HLS 200-10] ----------------------------------------------------------------
INFO: [HLS 200-10] -- Generating RTL for module 'hilbert_envelope_axis' 
INFO: [HLS 200-10] ----------------------------------------------------------------
WARNING: [RTGEN 206-101] Design contains AXI ports. Reset is fixed to synchronous and active low.
INFO: [RTGEN 206-500] Setting interface mode on port 'hilbert_envelope_axis/in_stream_V_data_V' to 'axis' (register, both mode).
INFO: [RTGEN 206-500] Setting interface mode on port 'hilbert_envelope_axis/in_stream_V_keep_V' to 'axis' (register, both mode).
INFO: [RTGEN 206-500] Setting interface mode on port 'hilbert_envelope_axis/in_stream_V_strb_V' to 'axis' (register, both mode).
INFO: [RTGEN 206-500] Setting interface mode on port 'hilbert_envelope_axis/in_stream_V_user_V' to 'axis' (register, both mode).
INFO: [RTGEN 206-500] Setting interface mode on port 'hilbert_envelope_axis/in_stream_V_last_V' to 'axis' (register, both mode).
INFO: [RTGEN 206-500] Setting interface mode on port 'hilbert_envelope_axis/in_stream_V_id_V' to 'axis' (register, both mode).
INFO: [RTGEN 206-500] Setting interface mode on port 'hilbert_envelope_axis/in_stream_V_dest_V' to 'axis' (register, both mode).
INFO: [RTGEN 206-500] Setting interface mode on port 'hilbert_envelope_axis/out_stream_V_data_V' to 'axis' (register, both mode).
INFO: [RTGEN 206-500] Setting interface mode on port 'hilbert_envelope_axis/out_stream_V_keep_V' to 'axis' (register, both mode).
INFO: [RTGEN 206-500] Setting interface mode on port 'hilbert_envelope_axis/out_stream_V_strb_V' to 'axis' (register, both mode).
INFO: [RTGEN 206-500] Setting interface mode on port 'hilbert_envelope_axis/out_stream_V_user_V' to 'axis' (register, both mode).
INFO: [RTGEN 206-500] Setting interface mode on port 'hilbert_envelope_axis/out_stream_V_last_V' to 'axis' (register, both mode).
INFO: [RTGEN 206-500] Setting interface mode on port 'hilbert_envelope_axis/out_stream_V_id_V' to 'axis' (register, both mode).
INFO: [RTGEN 206-500] Setting interface mode on port 'hilbert_envelope_axis/out_stream_V_dest_V' to 'axis' (register, both mode).
INFO: [RTGEN 206-500] Setting interface mode on function 'hilbert_envelope_axis' to 'ap_ctrl_none'.
WARNING: [RTGEN 206-101] Register 'p_ZL1x_298' is power-on initialization.
WARNING: [RTGEN 206-101] Register 'p_ZL1x_297' is power-on initialization.
WARNING: [RTGEN 206-101] Register 'p_ZL1x_296' is power-on initialization.
WARNING: [RTGEN 206-101] Register 'p_ZL1x_295' is power-on initialization.
WARNING: [RTGEN 206-101] Register 'p_ZL1x_294' is power-on initialization.
WARNING: [RTGEN 206-101] Register 'p_ZL1x_293' is power-on initialization.
WARNING: [RTGEN 206-101] Register 'p_ZL1x_292' is power-on initialization.
WARNING: [RTGEN 206-101] Register 'p_ZL1x_291' is power-on initialization.
WARNING: [RTGEN 206-101] Register 'p_ZL1x_290' is power-on initialization.
WARNING: [RTGEN 206-101] Register 'p_ZL1x_289' is power-on initialization.
WARNING: [RTGEN 206-101] Register 'p_ZL1x_288' is power-on initialization.
WARNING: [RTGEN 206-101] Register 'p_ZL1x_287' is power-on initialization.
WARNING: [RTGEN 206-101] Register 'p_ZL1x_286' is power-on initialization.
WARNING: [RTGEN 206-101] Register 'p_ZL1x_285' is power-on initialization.
WARNING: [RTGEN 206-101] Register 'p_ZL1x_284' is power-on initialization.
WARNING: [RTGEN 206-101] Register 'p_ZL1x_283' is power-on initialization.
WARNING: [RTGEN 206-101] Register 'p_ZL1x_282' is power-on initialization.
WARNING: [RTGEN 206-101] Register 'p_ZL1x_281' is power-on initialization.
WARNING: [RTGEN 206-101] Register 'p_ZL1x_280' is power-on initialization.
WARNING: [RTGEN 206-101] Register 'p_ZL1x_279' is power-on initialization.
WARNING: [RTGEN 206-101] Register 'p_ZL1x_278' is power-on initialization.
WARNING: [RTGEN 206-101] Register 'p_ZL1x_277' is power-on initialization.
WARNING: [RTGEN 206-101] Register 'p_ZL1x_276' is power-on initialization.
WARNING: [RTGEN 206-101] Register 'p_ZL1x_275' is power-on initialization.
WARNING: [RTGEN 206-101] Register 'p_ZL1x_274' is power-on initialization.
WARNING: [RTGEN 206-101] Register 'p_ZL1x_273' is power-on initialization.
WARNING: [RTGEN 206-101] Register 'p_ZL1x_272' is power-on initialization.
WARNING: [RTGEN 206-101] Register 'p_ZL1x_271' is power-on initialization.
WARNING: [RTGEN 206-101] Register 'p_ZL1x_270' is power-on initialization.
WARNING: [RTGEN 206-101] Register 'p_ZL1x_269' is power-on initialization.
WARNING: [RTGEN 206-101] Register 'p_ZL1x_268' is power-on initialization.
WARNING: [RTGEN 206-101] Register 'p_ZL1x_267' is power-on initialization.
WARNING: [RTGEN 206-101] Register 'p_ZL1x_266' is power-on initialization.
WARNING: [RTGEN 206-101] Register 'p_ZL1x_265' is power-on initialization.
WARNING: [RTGEN 206-101] Register 'p_ZL1x_264' is power-on initialization.
WARNING: [RTGEN 206-101] Register 'p_ZL1x_263' is power-on initialization.
WARNING: [RTGEN 206-101] Register 'p_ZL1x_262' is power-on initialization.
WARNING: [RTGEN 206-101] Register 'p_ZL1x_261' is power-on initialization.
WARNING: [RTGEN 206-101] Register 'p_ZL1x_260' is power-on initialization.
WARNING: [RTGEN 206-101] Register 'p_ZL1x_259' is power-on initialization.
WARNING: [RTGEN 206-101] Register 'p_ZL1x_258' is power-on initialization.
WARNING: [RTGEN 206-101] Register 'p_ZL1x_257' is power-on initialization.
WARNING: [RTGEN 206-101] Register 'p_ZL1x_256' is power-on initialization.
WARNING: [RTGEN 206-101] Register 'p_ZL1x_255' is power-on initialization.
WARNING: [RTGEN 206-101] Register 'p_ZL1x_254' is power-on initialization.
WARNING: [RTGEN 206-101] Register 'p_ZL1x_253' is power-on initialization.
WARNING: [RTGEN 206-101] Register 'p_ZL1x_252' is power-on initialization.
WARNING: [RTGEN 206-101] Register 'p_ZL1x_251' is power-on initialization.
WARNING: [RTGEN 206-101] Register 'p_ZL1x_250' is power-on initialization.
WARNING: [RTGEN 206-101] Register 'p_ZL1x_249' is power-on initialization.
WARNING: [RTGEN 206-101] Register 'p_ZL1x_248' is power-on initialization.
WARNING: [RTGEN 206-101] Register 'p_ZL1x_247' is power-on initialization.
WARNING: [RTGEN 206-101] Register 'p_ZL1x_246' is power-on initialization.
WARNING: [RTGEN 206-101] Register 'p_ZL1x_245' is power-on initialization.
WARNING: [RTGEN 206-101] Register 'p_ZL1x_244' is power-on initialization.
WARNING: [RTGEN 206-101] Register 'p_ZL1x_243' is power-on initialization.
WARNING: [RTGEN 206-101] Register 'p_ZL1x_242' is power-on initialization.
WARNING: [RTGEN 206-101] Register 'p_ZL1x_241' is power-on initialization.
WARNING: [RTGEN 206-101] Register 'p_ZL1x_240' is power-on initialization.
WARNING: [RTGEN 206-101] Register 'p_ZL1x_239' is power-on initialization.
WARNING: [RTGEN 206-101] Register 'p_ZL1x_238' is power-on initialization.
WARNING: [RTGEN 206-101] Register 'p_ZL1x_237' is power-on initialization.
WARNING: [RTGEN 206-101] Register 'p_ZL1x_236' is power-on initialization.
WARNING: [RTGEN 206-101] Register 'p_ZL1x_235' is power-on initialization.
WARNING: [RTGEN 206-101] Register 'p_ZL1x_234' is power-on initialization.
WARNING: [RTGEN 206-101] Register 'p_ZL1x_233' is power-on initialization.
WARNING: [RTGEN 206-101] Register 'p_ZL1x_232' is power-on initialization.
WARNING: [RTGEN 206-101] Register 'p_ZL1x_231' is power-on initialization.
WARNING: [RTGEN 206-101] Register 'p_ZL1x_230' is power-on initialization.
WARNING: [RTGEN 206-101] Register 'p_ZL1x_229' is power-on initialization.
WARNING: [RTGEN 206-101] Register 'p_ZL1x_228' is power-on initialization.
WARNING: [RTGEN 206-101] Register 'p_ZL1x_227' is power-on initialization.
WARNING: [RTGEN 206-101] Register 'p_ZL1x_226' is power-on initialization.
WARNING: [RTGEN 206-101] Register 'p_ZL1x_225' is power-on initialization.
WARNING: [RTGEN 206-101] Register 'p_ZL1x_224' is power-on initialization.
WARNING: [RTGEN 206-101] Register 'p_ZL1x_223' is power-on initialization.
WARNING: [RTGEN 206-101] Register 'p_ZL1x_222' is power-on initialization.
WARNING: [RTGEN 206-101] Register 'p_ZL1x_221' is power-on initialization.
WARNING: [RTGEN 206-101] Register 'p_ZL1x_220' is power-on initialization.
WARNING: [RTGEN 206-101] Register 'p_ZL1x_219' is power-on initialization.
WARNING: [RTGEN 206-101] Register 'p_ZL1x_218' is power-on initialization.
WARNING: [RTGEN 206-101] Register 'p_ZL1x_217' is power-on initialization.
WARNING: [RTGEN 206-101] Register 'p_ZL1x_216' is power-on initialization.
WARNING: [RTGEN 206-101] Register 'p_ZL1x_215' is power-on initialization.
WARNING: [RTGEN 206-101] Register 'p_ZL1x_214' is power-on initialization.
WARNING: [RTGEN 206-101] Register 'p_ZL1x_213' is power-on initialization.
WARNING: [RTGEN 206-101] Register 'p_ZL1x_212' is power-on initialization.
WARNING: [RTGEN 206-101] Register 'p_ZL1x_211' is power-on initialization.
WARNING: [RTGEN 206-101] Register 'p_ZL1x_210' is power-on initialization.
WARNING: [RTGEN 206-101] Register 'p_ZL1x_209' is power-on initialization.
WARNING: [RTGEN 206-101] Register 'p_ZL1x_208' is power-on initialization.
WARNING: [RTGEN 206-101] Register 'p_ZL1x_207' is power-on initialization.
WARNING: [RTGEN 206-101] Register 'p_ZL1x_206' is power-on initialization.
WARNING: [RTGEN 206-101] Register 'p_ZL1x_205' is power-on initialization.
WARNING: [RTGEN 206-101] Register 'p_ZL1x_204' is power-on initialization.
WARNING: [RTGEN 206-101] Register 'p_ZL1x_203' is power-on initialization.
WARNING: [RTGEN 206-101] Register 'p_ZL1x_202' is power-on initialization.
WARNING: [RTGEN 206-101] Register 'p_ZL1x_201' is power-on initialization.
WARNING: [RTGEN 206-101] Register 'p_ZL1x_200' is power-on initialization.
WARNING: [RTGEN 206-101] Register 'p_ZL1x_199' is power-on initialization.
WARNING: [RTGEN 206-101] Register 'p_ZL1x_198' is power-on initialization.
WARNING: [RTGEN 206-101] Register 'p_ZL1x_197' is power-on initialization.
WARNING: [RTGEN 206-101] Register 'p_ZL1x_196' is power-on initialization.
WARNING: [RTGEN 206-101] Register 'p_ZL1x_195' is power-on initialization.
WARNING: [RTGEN 206-101] Register 'p_ZL1x_194' is power-on initialization.
WARNING: [RTGEN 206-101] Register 'p_ZL1x_193' is power-on initialization.
WARNING: [RTGEN 206-101] Register 'p_ZL1x_192' is power-on initialization.
WARNING: [RTGEN 206-101] Register 'p_ZL1x_191' is power-on initialization.
WARNING: [RTGEN 206-101] Register 'p_ZL1x_190' is power-on initialization.
WARNING: [RTGEN 206-101] Register 'p_ZL1x_189' is power-on initialization.
WARNING: [RTGEN 206-101] Register 'p_ZL1x_188' is power-on initialization.
WARNING: [RTGEN 206-101] Register 'p_ZL1x_187' is power-on initialization.
WARNING: [RTGEN 206-101] Register 'p_ZL1x_186' is power-on initialization.
WARNING: [RTGEN 206-101] Register 'p_ZL1x_185' is power-on initialization.
WARNING: [RTGEN 206-101] Register 'p_ZL1x_184' is power-on initialization.
WARNING: [RTGEN 206-101] Register 'p_ZL1x_183' is power-on initialization.
WARNING: [RTGEN 206-101] Register 'p_ZL1x_182' is power-on initialization.
WARNING: [RTGEN 206-101] Register 'p_ZL1x_181' is power-on initialization.
WARNING: [RTGEN 206-101] Register 'p_ZL1x_180' is power-on initialization.
WARNING: [RTGEN 206-101] Register 'p_ZL1x_179' is power-on initialization.
WARNING: [RTGEN 206-101] Register 'p_ZL1x_178' is power-on initialization.
WARNING: [RTGEN 206-101] Register 'p_ZL1x_177' is power-on initialization.
WARNING: [RTGEN 206-101] Register 'p_ZL1x_176' is power-on initialization.
WARNING: [RTGEN 206-101] Register 'p_ZL1x_175' is power-on initialization.
WARNING: [RTGEN 206-101] Register 'p_ZL1x_174' is power-on initialization.
WARNING: [RTGEN 206-101] Register 'p_ZL1x_173' is power-on initialization.
WARNING: [RTGEN 206-101] Register 'p_ZL1x_172' is power-on initialization.
WARNING: [RTGEN 206-101] Register 'p_ZL1x_171' is power-on initialization.
WARNING: [RTGEN 206-101] Register 'p_ZL1x_170' is power-on initialization.
WARNING: [RTGEN 206-101] Register 'p_ZL1x_169' is power-on initialization.
WARNING: [RTGEN 206-101] Register 'p_ZL1x_168' is power-on initialization.
WARNING: [RTGEN 206-101] Register 'p_ZL1x_167' is power-on initialization.
WARNING: [RTGEN 206-101] Register 'p_ZL1x_166' is power-on initialization.
WARNING: [RTGEN 206-101] Register 'p_ZL1x_165' is power-on initialization.
WARNING: [RTGEN 206-101] Register 'p_ZL1x_164' is power-on initialization.
WARNING: [RTGEN 206-101] Register 'p_ZL1x_163' is power-on initialization.
WARNING: [RTGEN 206-101] Register 'p_ZL1x_162' is power-on initialization.
WARNING: [RTGEN 206-101] Register 'p_ZL1x_161' is power-on initialization.
WARNING: [RTGEN 206-101] Register 'p_ZL1x_160' is power-on initialization.
WARNING: [RTGEN 206-101] Register 'p_ZL1x_159' is power-on initialization.
WARNING: [RTGEN 206-101] Register 'p_ZL1x_158' is power-on initialization.
WARNING: [RTGEN 206-101] Register 'p_ZL1x_157' is power-on initialization.
WARNING: [RTGEN 206-101] Register 'p_ZL1x_156' is power-on initialization.
WARNING: [RTGEN 206-101] Register 'p_ZL1x_155' is power-on initialization.
WARNING: [RTGEN 206-101] Register 'p_ZL1x_154' is power-on initialization.
WARNING: [RTGEN 206-101] Register 'p_ZL1x_153' is power-on initialization.
WARNING: [RTGEN 206-101] Register 'p_ZL1x_152' is power-on initialization.
WARNING: [RTGEN 206-101] Register 'p_ZL1x_151' is power-on initialization.
WARNING: [RTGEN 206-101] Register 'p_ZL1x_150' is power-on initialization.
WARNING: [RTGEN 206-101] Register 'p_ZL1x_149' is power-on initialization.
WARNING: [RTGEN 206-101] Register 'p_ZL1x_148' is power-on initialization.
WARNING: [RTGEN 206-101] Register 'p_ZL1x_147' is power-on initialization.
WARNING: [RTGEN 206-101] Register 'p_ZL1x_146' is power-on initialization.
WARNING: [RTGEN 206-101] Register 'p_ZL1x_145' is power-on initialization.
WARNING: [RTGEN 206-101] Register 'p_ZL1x_144' is power-on initialization.
WARNING: [RTGEN 206-101] Register 'p_ZL1x_143' is power-on initialization.
WARNING: [RTGEN 206-101] Register 'p_ZL1x_142' is power-on initialization.
WARNING: [RTGEN 206-101] Register 'p_ZL1x_141' is power-on initialization.
WARNING: [RTGEN 206-101] Register 'p_ZL1x_140' is power-on initialization.
WARNING: [RTGEN 206-101] Register 'p_ZL1x_139' is power-on initialization.
WARNING: [RTGEN 206-101] Register 'p_ZL1x_138' is power-on initialization.
WARNING: [RTGEN 206-101] Register 'p_ZL1x_137' is power-on initialization.
WARNING: [RTGEN 206-101] Register 'p_ZL1x_136' is power-on initialization.
WARNING: [RTGEN 206-101] Register 'p_ZL1x_135' is power-on initialization.
WARNING: [RTGEN 206-101] Register 'p_ZL1x_134' is power-on initialization.
WARNING: [RTGEN 206-101] Register 'p_ZL1x_133' is power-on initialization.
WARNING: [RTGEN 206-101] Register 'p_ZL1x_132' is power-on initialization.
WARNING: [RTGEN 206-101] Register 'p_ZL1x_131' is power-on initialization.
WARNING: [RTGEN 206-101] Register 'p_ZL1x_130' is power-on initialization.
WARNING: [RTGEN 206-101] Register 'p_ZL1x_129' is power-on initialization.
WARNING: [RTGEN 206-101] Register 'p_ZL1x_128' is power-on initialization.
WARNING: [RTGEN 206-101] Register 'p_ZL1x_127' is power-on initialization.
WARNING: [RTGEN 206-101] Register 'p_ZL1x_126' is power-on initialization.
WARNING: [RTGEN 206-101] Register 'p_ZL1x_125' is power-on initialization.
WARNING: [RTGEN 206-101] Register 'p_ZL1x_124' is power-on initialization.
WARNING: [RTGEN 206-101] Register 'p_ZL1x_123' is power-on initialization.
WARNING: [RTGEN 206-101] Register 'p_ZL1x_122' is power-on initialization.
WARNING: [RTGEN 206-101] Register 'p_ZL1x_121' is power-on initialization.
WARNING: [RTGEN 206-101] Register 'p_ZL1x_120' is power-on initialization.
WARNING: [RTGEN 206-101] Register 'p_ZL1x_119' is power-on initialization.
WARNING: [RTGEN 206-101] Register 'p_ZL1x_118' is power-on initialization.
WARNING: [RTGEN 206-101] Register 'p_ZL1x_117' is power-on initialization.
WARNING: [RTGEN 206-101] Register 'p_ZL1x_116' is power-on initialization.
WARNING: [RTGEN 206-101] Register 'p_ZL1x_115' is power-on initialization.
WARNING: [RTGEN 206-101] Register 'p_ZL1x_114' is power-on initialization.
WARNING: [RTGEN 206-101] Register 'p_ZL1x_113' is power-on initialization.
WARNING: [RTGEN 206-101] Register 'p_ZL1x_112' is power-on initialization.
WARNING: [RTGEN 206-101] Register 'p_ZL1x_111' is power-on initialization.
WARNING: [RTGEN 206-101] Register 'p_ZL1x_110' is power-on initialization.
WARNING: [RTGEN 206-101] Register 'p_ZL1x_109' is power-on initialization.
WARNING: [RTGEN 206-101] Register 'p_ZL1x_108' is power-on initialization.
WARNING: [RTGEN 206-101] Register 'p_ZL1x_107' is power-on initialization.
WARNING: [RTGEN 206-101] Register 'p_ZL1x_106' is power-on initialization.
WARNING: [RTGEN 206-101] Register 'p_ZL1x_105' is power-on initialization.
WARNING: [RTGEN 206-101] Register 'p_ZL1x_104' is power-on initialization.
WARNING: [RTGEN 206-101] Register 'p_ZL1x_103' is power-on initialization.
WARNING: [RTGEN 206-101] Register 'p_ZL1x_102' is power-on initialization.
WARNING: [RTGEN 206-101] Register 'p_ZL1x_101' is power-on initialization.
WARNING: [RTGEN 206-101] Register 'p_ZL1x_100' is power-on initialization.
WARNING: [RTGEN 206-101] Register 'p_ZL1x_99' is power-on initialization.
WARNING: [RTGEN 206-101] Register 'p_ZL1x_98' is power-on initialization.
WARNING: [RTGEN 206-101] Register 'p_ZL1x_97' is power-on initialization.
WARNING: [RTGEN 206-101] Register 'p_ZL1x_96' is power-on initialization.
WARNING: [RTGEN 206-101] Register 'p_ZL1x_95' is power-on initialization.
WARNING: [RTGEN 206-101] Register 'p_ZL1x_94' is power-on initialization.
WARNING: [RTGEN 206-101] Register 'p_ZL1x_93' is power-on initialization.
WARNING: [RTGEN 206-101] Register 'p_ZL1x_92' is power-on initialization.
WARNING: [RTGEN 206-101] Register 'p_ZL1x_91' is power-on initialization.
WARNING: [RTGEN 206-101] Register 'p_ZL1x_90' is power-on initialization.
WARNING: [RTGEN 206-101] Register 'p_ZL1x_89' is power-on initialization.
WARNING: [RTGEN 206-101] Register 'p_ZL1x_88' is power-on initialization.
WARNING: [RTGEN 206-101] Register 'p_ZL1x_87' is power-on initialization.
WARNING: [RTGEN 206-101] Register 'p_ZL1x_86' is power-on initialization.
WARNING: [RTGEN 206-101] Register 'p_ZL1x_85' is power-on initialization.
WARNING: [RTGEN 206-101] Register 'p_ZL1x_84' is power-on initialization.
WARNING: [RTGEN 206-101] Register 'p_ZL1x_83' is power-on initialization.
WARNING: [RTGEN 206-101] Register 'p_ZL1x_82' is power-on initialization.
WARNING: [RTGEN 206-101] Register 'p_ZL1x_81' is power-on initialization.
WARNING: [RTGEN 206-101] Register 'p_ZL1x_80' is power-on initialization.
WARNING: [RTGEN 206-101] Register 'p_ZL1x_79' is power-on initialization.
WARNING: [RTGEN 206-101] Register 'p_ZL1x_78' is power-on initialization.
WARNING: [RTGEN 206-101] Register 'p_ZL1x_77' is power-on initialization.
WARNING: [RTGEN 206-101] Register 'p_ZL1x_76' is power-on initialization.
WARNING: [RTGEN 206-101] Register 'p_ZL1x_75' is power-on initialization.
WARNING: [RTGEN 206-101] Register 'p_ZL1x_74' is power-on initialization.
WARNING: [RTGEN 206-101] Register 'p_ZL1x_73' is power-on initialization.
WARNING: [RTGEN 206-101] Register 'p_ZL1x_72' is power-on initialization.
WARNING: [RTGEN 206-101] Register 'p_ZL1x_71' is power-on initialization.
WARNING: [RTGEN 206-101] Register 'p_ZL1x_70' is power-on initialization.
WARNING: [RTGEN 206-101] Register 'p_ZL1x_69' is power-on initialization.
WARNING: [RTGEN 206-101] Register 'p_ZL1x_68' is power-on initialization.
WARNING: [RTGEN 206-101] Register 'p_ZL1x_67' is power-on initialization.
WARNING: [RTGEN 206-101] Register 'p_ZL1x_66' is power-on initialization.
WARNING: [RTGEN 206-101] Register 'p_ZL1x_65' is power-on initialization.
WARNING: [RTGEN 206-101] Register 'p_ZL1x_64' is power-on initialization.
WARNING: [RTGEN 206-101] Register 'p_ZL1x_63' is power-on initialization.
WARNING: [RTGEN 206-101] Register 'p_ZL1x_62' is power-on initialization.
WARNING: [RTGEN 206-101] Register 'p_ZL1x_61' is power-on initialization.
WARNING: [RTGEN 206-101] Register 'p_ZL1x_60' is power-on initialization.
WARNING: [RTGEN 206-101] Register 'p_ZL1x_59' is power-on initialization.
WARNING: [RTGEN 206-101] Register 'p_ZL1x_58' is power-on initialization.
WARNING: [RTGEN 206-101] Register 'p_ZL1x_57' is power-on initialization.
WARNING: [RTGEN 206-101] Register 'p_ZL1x_56' is power-on initialization.
WARNING: [RTGEN 206-101] Register 'p_ZL1x_55' is power-on initialization.
WARNING: [RTGEN 206-101] Register 'p_ZL1x_54' is power-on initialization.
WARNING: [RTGEN 206-101] Register 'p_ZL1x_53' is power-on initialization.
WARNING: [RTGEN 206-101] Register 'p_ZL1x_52' is power-on initialization.
WARNING: [RTGEN 206-101] Register 'p_ZL1x_51' is power-on initialization.
WARNING: [RTGEN 206-101] Register 'p_ZL1x_50' is power-on initialization.
WARNING: [RTGEN 206-101] Register 'p_ZL1x_49' is power-on initialization.
WARNING: [RTGEN 206-101] Register 'p_ZL1x_48' is power-on initialization.
WARNING: [RTGEN 206-101] Register 'p_ZL1x_47' is power-on initialization.
WARNING: [RTGEN 206-101] Register 'p_ZL1x_46' is power-on initialization.
WARNING: [RTGEN 206-101] Register 'p_ZL1x_45' is power-on initialization.
WARNING: [RTGEN 206-101] Register 'p_ZL1x_44' is power-on initialization.
WARNING: [RTGEN 206-101] Register 'p_ZL1x_43' is power-on initialization.
WARNING: [RTGEN 206-101] Register 'p_ZL1x_42' is power-on initialization.
WARNING: [RTGEN 206-101] Register 'p_ZL1x_41' is power-on initialization.
WARNING: [RTGEN 206-101] Register 'p_ZL1x_40' is power-on initialization.
WARNING: [RTGEN 206-101] Register 'p_ZL1x_39' is power-on initialization.
WARNING: [RTGEN 206-101] Register 'p_ZL1x_38' is power-on initialization.
WARNING: [RTGEN 206-101] Register 'p_ZL1x_37' is power-on initialization.
WARNING: [RTGEN 206-101] Register 'p_ZL1x_36' is power-on initialization.
WARNING: [RTGEN 206-101] Register 'p_ZL1x_35' is power-on initialization.
WARNING: [RTGEN 206-101] Register 'p_ZL1x_34' is power-on initialization.
WARNING: [RTGEN 206-101] Register 'p_ZL1x_33' is power-on initialization.
WARNING: [RTGEN 206-101] Register 'p_ZL1x_32' is power-on initialization.
WARNING: [RTGEN 206-101] Register 'p_ZL1x_31' is power-on initialization.
WARNING: [RTGEN 206-101] Register 'p_ZL1x_30' is power-on initialization.
WARNING: [RTGEN 206-101] Register 'p_ZL1x_29' is power-on initialization.
WARNING: [RTGEN 206-101] Register 'p_ZL1x_28' is power-on initialization.
WARNING: [RTGEN 206-101] Register 'p_ZL1x_27' is power-on initialization.
WARNING: [RTGEN 206-101] Register 'p_ZL1x_26' is power-on initialization.
WARNING: [RTGEN 206-101] Register 'p_ZL1x_25' is power-on initialization.
WARNING: [RTGEN 206-101] Register 'p_ZL1x_24' is power-on initialization.
WARNING: [RTGEN 206-101] Register 'p_ZL1x_23' is power-on initialization.
WARNING: [RTGEN 206-101] Register 'p_ZL1x_22' is power-on initialization.
WARNING: [RTGEN 206-101] Register 'p_ZL1x_21' is power-on initialization.
WARNING: [RTGEN 206-101] Register 'p_ZL1x_20' is power-on initialization.
WARNING: [RTGEN 206-101] Register 'p_ZL1x_19' is power-on initialization.
WARNING: [RTGEN 206-101] Register 'p_ZL1x_18' is power-on initialization.
WARNING: [RTGEN 206-101] Register 'p_ZL1x_17' is power-on initialization.
WARNING: [RTGEN 206-101] Register 'p_ZL1x_16' is power-on initialization.
WARNING: [RTGEN 206-101] Register 'p_ZL1x_15' is power-on initialization.
WARNING: [RTGEN 206-101] Register 'p_ZL1x_14' is power-on initialization.
WARNING: [RTGEN 206-101] Register 'p_ZL1x_13' is power-on initialization.
WARNING: [RTGEN 206-101] Register 'p_ZL1x_12' is power-on initialization.
WARNING: [RTGEN 206-101] Register 'p_ZL1x_11' is power-on initialization.
WARNING: [RTGEN 206-101] Register 'p_ZL1x_10' is power-on initialization.
WARNING: [RTGEN 206-101] Register 'p_ZL1x_9' is power-on initialization.
WARNING: [RTGEN 206-101] Register 'p_ZL1x_8' is power-on initialization.
WARNING: [RTGEN 206-101] Register 'p_ZL1x_7' is power-on initialization.
WARNING: [RTGEN 206-101] Register 'p_ZL1x_6' is power-on initialization.
WARNING: [RTGEN 206-101] Register 'p_ZL1x_5' is power-on initialization.
WARNING: [RTGEN 206-101] Register 'p_ZL1x_4' is power-on initialization.
WARNING: [RTGEN 206-101] Register 'p_ZL1x_3' is power-on initialization.
WARNING: [RTGEN 206-101] Register 'p_ZL1x_2' is power-on initialization.
WARNING: [RTGEN 206-101] Register 'p_ZL1x_1' is power-on initialization.
WARNING: [RTGEN 206-101] Register 'p_ZL1x_0' is power-on initialization.
INFO: [HLS 200-1030] Apply Unified Pipeline Control on module 'hilbert_envelope_axis' pipeline 'VITIS_LOOP_69_1' pipeline type 'loop pipeline'
INFO: [RTGEN 206-104] Estimated max fanout for 'hilbert_envelope_axis' is 9569 from HDL expression: ((1'b0 == ap_block_pp0_stage0_11001) & (1'b1 == 1'b1) & (1'b1 == ap_CS_fsm_pp0_stage0))
INFO: [RTGEN 206-100] Generating core module 'fsqrt_32ns_32ns_32_8_no_dsp_1': 1 instance(s).
INFO: [RTGEN 206-100] Generating core module 'mul_32s_32s_64_1_1': 2 instance(s).
INFO: [RTGEN 206-100] Generating core module 'sitofp_64ns_32_4_no_dsp_1': 1 instance(s).
INFO: [RTGEN 206-100] Finished creating RTL model for 'hilbert_envelope_axis'.
INFO: [HLS 200-111] Finished Creating RTL model: CPU user time: 1 seconds. CPU system time: 0 seconds. Elapsed time: 12.298 seconds; current allocated memory: 264.672 MB.
INFO: [HLS 200-111] Finished Generating all RTL models: CPU user time: 1 seconds. CPU system time: 2 seconds. Elapsed time: 2.92 seconds; current allocated memory: 291.887 MB.
INFO: [HLS 200-111] Finished Updating report files: CPU user time: 1 seconds. CPU system time: 0 seconds. Elapsed time: 1.079 seconds; current allocated memory: 294.414 MB.
INFO: [VHDL 208-304] Generating VHDL RTL for hilbert_envelope_axis.
INFO: [VLOG 209-307] Generating Verilog RTL for hilbert_envelope_axis.
INFO: [HLS 200-790] **** Loop Constraint Status: All loop constraints were satisfied.
INFO: [HLS 200-789] **** Estimated Fmax: 137.35 MHz
INFO: [HLS 200-112] Total CPU user time: 9 seconds. Total CPU system time: 4 seconds. Total elapsed time: 59.805 seconds; peak allocated memory: 295.156 MB.
INFO: [v++ 60-791] Total elapsed time: 0h 1m 4s
